[4.386s] Invoking command in '/home/ctk/element_ws/src/elementbot_navigation': PYTHONPATH=/home/ctk/element_ws/build/elementbot_navigation/prefix_override:/usr/lib/python3/dist-packages/colcon_core/task/python/colcon_distutils_commands:/home/ctk/element_ws/install/elementbot_navigation/lib/python3.10/site-packages:${PYTHONPATH} /usr/bin/python3 -W ignore:setup.py install is deprecated -W ignore:easy_install command is deprecated setup.py egg_info --egg-base ../../build/elementbot_navigation build --build-base /home/ctk/element_ws/build/elementbot_navigation/build install --record /home/ctk/element_ws/build/elementbot_navigation/install.log --single-version-externally-managed install_data
[5.249s] running egg_info
[5.291s] writing ../../build/elementbot_navigation/elementbot_navigation.egg-info/PKG-INFO
[5.292s] writing dependency_links to ../../build/elementbot_navigation/elementbot_navigation.egg-info/dependency_links.txt
[5.292s] writing entry points to ../../build/elementbot_navigation/elementbot_navigation.egg-info/entry_points.txt
[5.292s] writing requirements to ../../build/elementbot_navigation/elementbot_navigation.egg-info/requires.txt
[5.292s] writing top-level names to ../../build/elementbot_navigation/elementbot_navigation.egg-info/top_level.txt
[5.387s] reading manifest file '../../build/elementbot_navigation/elementbot_navigation.egg-info/SOURCES.txt'
[5.390s] writing manifest file '../../build/elementbot_navigation/elementbot_navigation.egg-info/SOURCES.txt'
[5.395s] running build
[5.395s] running build_py
[5.395s] copying elementbot_navigation/depth_filter.py -> /home/ctk/element_ws/build/elementbot_navigation/build/lib/elementbot_navigation
[5.395s] copying elementbot_navigation/__init__.py -> /home/ctk/element_ws/build/elementbot_navigation/build/lib/elementbot_navigation
[5.396s] copying elementbot_navigation/check_depth.py -> /home/ctk/element_ws/build/elementbot_navigation/build/lib/elementbot_navigation
[5.396s] running install
[5.413s] running install_lib
[5.464s] running install_data
[5.468s] copying resource/elementbot_navigation -> /home/ctk/element_ws/install/elementbot_navigation/share/ament_index/resource_index/packages
[5.469s] copying package.xml -> /home/ctk/element_ws/install/elementbot_navigation/share/elementbot_navigation
[5.469s] copying launch/cartograph_gz.launch.py -> /home/ctk/element_ws/install/elementbot_navigation/share/elementbot_navigation/launch
[5.469s] copying launch/rtab_rgbd_gz.launch.py -> /home/ctk/element_ws/install/elementbot_navigation/share/elementbot_navigation/launch
[5.469s] copying launch/rtab_scan_gz.launch.py -> /home/ctk/element_ws/install/elementbot_navigation/share/elementbot_navigation/launch
[5.472s] copying launch/nav2_bringup_gz.launch.py -> /home/ctk/element_ws/install/elementbot_navigation/share/elementbot_navigation/launch
[5.473s] copying maps/cloister.yaml -> /home/ctk/element_ws/install/elementbot_navigation/share/elementbot_navigation/maps
[5.473s] copying param/elementbot_nav2.yaml -> /home/ctk/element_ws/install/elementbot_navigation/share/elementbot_navigation/param
[5.473s] running install_egg_info
[5.525s] removing '/home/ctk/element_ws/install/elementbot_navigation/lib/python3.10/site-packages/elementbot_navigation-0.0.0-py3.10.egg-info' (and everything under it)
[5.533s] Copying ../../build/elementbot_navigation/elementbot_navigation.egg-info to /home/ctk/element_ws/install/elementbot_navigation/lib/python3.10/site-packages/elementbot_navigation-0.0.0-py3.10.egg-info
[5.541s] running install_scripts
[5.936s] Installing check_depth script to /home/ctk/element_ws/install/elementbot_navigation/lib/elementbot_navigation
[5.937s] Installing depth_filter script to /home/ctk/element_ws/install/elementbot_navigation/lib/elementbot_navigation
[5.938s] writing list of installed files to '/home/ctk/element_ws/build/elementbot_navigation/install.log'
[6.079s] Invoked command in '/home/ctk/element_ws/src/elementbot_navigation' returned '0': PYTHONPATH=/home/ctk/element_ws/build/elementbot_navigation/prefix_override:/usr/lib/python3/dist-packages/colcon_core/task/python/colcon_distutils_commands:/home/ctk/element_ws/install/elementbot_navigation/lib/python3.10/site-packages:${PYTHONPATH} /usr/bin/python3 -W ignore:setup.py install is deprecated -W ignore:easy_install command is deprecated setup.py egg_info --egg-base ../../build/elementbot_navigation build --build-base /home/ctk/element_ws/build/elementbot_navigation/build install --record /home/ctk/element_ws/build/elementbot_navigation/install.log --single-version-externally-managed install_data
