[8.058s] Invoking command in '/home/ctk/element_ws/src/elementbot_gazebo': PYTHONPATH=/home/ctk/element_ws/build/elementbot_gazebo/prefix_override:/usr/lib/python3/dist-packages/colcon_core/task/python/colcon_distutils_commands:/home/ctk/element_ws/install/elementbot_gazebo/lib/python3.10/site-packages:${PYTHONPATH} /usr/bin/python3 -W ignore:setup.py install is deprecated -W ignore:easy_install command is deprecated setup.py egg_info --egg-base ../../build/elementbot_gazebo build --build-base /home/ctk/element_ws/build/elementbot_gazebo/build install --record /home/ctk/element_ws/build/elementbot_gazebo/install.log --single-version-externally-managed install_data
[9.022s] running egg_info
[9.070s] writing ../../build/elementbot_gazebo/elementbot_gazebo.egg-info/PKG-INFO
[9.072s] writing dependency_links to ../../build/elementbot_gazebo/elementbot_gazebo.egg-info/dependency_links.txt
[9.074s] writing requirements to ../../build/elementbot_gazebo/elementbot_gazebo.egg-info/requires.txt
[9.078s] writing top-level names to ../../build/elementbot_gazebo/elementbot_gazebo.egg-info/top_level.txt
[9.207s] reading manifest file '../../build/elementbot_gazebo/elementbot_gazebo.egg-info/SOURCES.txt'
[9.218s] writing manifest file '../../build/elementbot_gazebo/elementbot_gazebo.egg-info/SOURCES.txt'
[9.221s] running build
[9.223s] running build_py
[9.223s] copying elementbot_gazebo/__init__.py -> /home/ctk/element_ws/build/elementbot_gazebo/build/lib/elementbot_gazebo
[9.229s] running install
[9.252s] running install_lib
[9.314s] running install_data
[9.314s] copying resource/elementbot_gazebo -> /home/ctk/element_ws/install/elementbot_gazebo/share/ament_index/resource_index/packages
[9.315s] copying package.xml -> /home/ctk/element_ws/install/elementbot_gazebo/share/elementbot_gazebo
[9.315s] copying launch/cartograph_4w_diff_urdf.launch.py -> /home/ctk/element_ws/install/elementbot_gazebo/share/elementbot_gazebo/launch
[9.317s] copying launch/slamtoolbox_4w_diff_urdf_gz.launch.py -> /home/ctk/element_ws/install/elementbot_gazebo/share/elementbot_gazebo/launch
[9.320s] copying launch/display_2w_diff_urdf_into_gz.launch.py -> /home/ctk/element_ws/install/elementbot_gazebo/share/elementbot_gazebo/launch
[9.321s] copying launch/display_4w_diff_urdf_into_gz.launch.py -> /home/ctk/element_ws/install/elementbot_gazebo/share/elementbot_gazebo/launch
[9.325s] copying launch/yolo_4w_diff_urdf_into_gz.launch.py -> /home/ctk/element_ws/install/elementbot_gazebo/share/elementbot_gazebo/launch
[9.332s] copying launch/yolo_falldown_4w_diff_urdf_into_gz.launch.py -> /home/ctk/element_ws/install/elementbot_gazebo/share/elementbot_gazebo/launch
[9.332s] copying urdf/elementbot_base.xacro -> /home/ctk/element_ws/install/elementbot_gazebo/share/elementbot_gazebo/urdf
[9.333s] copying urdf/elementbot_4w_diff.xacro -> /home/ctk/element_ws/install/elementbot_gazebo/share/elementbot_gazebo/urdf
[9.333s] copying urdf/elementbot_base.urdf -> /home/ctk/element_ws/install/elementbot_gazebo/share/elementbot_gazebo/urdf
[9.333s] copying urdf/sensors/rgbd_gazebo_harmonic.xacro -> /home/ctk/element_ws/install/elementbot_gazebo/share/elementbot_gazebo/urdf/sensors
[9.337s] copying urdf/sensors/lidar_gazebo_harmonic.xacro -> /home/ctk/element_ws/install/elementbot_gazebo/share/elementbot_gazebo/urdf/sensors
[9.337s] copying config/ros_gz_bridge_mbot.yaml -> /home/ctk/element_ws/install/elementbot_gazebo/share/elementbot_gazebo/config
[9.338s] copying config/ros_gz_bridge_elementbot_integrate.yaml -> /home/ctk/element_ws/install/elementbot_gazebo/share/elementbot_gazebo/config
[9.338s] copying config/ros_gz_bridge_elementbot_4w_integrate.yaml -> /home/ctk/element_ws/install/elementbot_gazebo/share/elementbot_gazebo/config
[9.338s] copying world/actor_falldown.sdf -> /home/ctk/element_ws/install/elementbot_gazebo/share/elementbot_gazebo/world
[9.339s] copying world/empty.sdf -> /home/ctk/element_ws/install/elementbot_gazebo/share/elementbot_gazebo/world
[9.339s] copying world/depot.sdf -> /home/ctk/element_ws/install/elementbot_gazebo/share/elementbot_gazebo/world
[9.339s] copying world/actor_demo.sdf -> /home/ctk/element_ws/install/elementbot_gazebo/share/elementbot_gazebo/world
[9.339s] copying world/line_follower.sdf -> /home/ctk/element_ws/install/elementbot_gazebo/share/elementbot_gazebo/world
[9.339s] running install_egg_info
[9.414s] removing '/home/ctk/element_ws/install/elementbot_gazebo/lib/python3.10/site-packages/elementbot_gazebo-0.0.0-py3.10.egg-info' (and everything under it)
[9.417s] Copying ../../build/elementbot_gazebo/elementbot_gazebo.egg-info to /home/ctk/element_ws/install/elementbot_gazebo/lib/python3.10/site-packages/elementbot_gazebo-0.0.0-py3.10.egg-info
[9.422s] running install_scripts
[10.493s] writing list of installed files to '/home/ctk/element_ws/build/elementbot_gazebo/install.log'
[10.915s] Invoked command in '/home/ctk/element_ws/src/elementbot_gazebo' returned '0': PYTHONPATH=/home/ctk/element_ws/build/elementbot_gazebo/prefix_override:/usr/lib/python3/dist-packages/colcon_core/task/python/colcon_distutils_commands:/home/ctk/element_ws/install/elementbot_gazebo/lib/python3.10/site-packages:${PYTHONPATH} /usr/bin/python3 -W ignore:setup.py install is deprecated -W ignore:easy_install command is deprecated setup.py egg_info --egg-base ../../build/elementbot_gazebo build --build-base /home/ctk/element_ws/build/elementbot_gazebo/build install --record /home/ctk/element_ws/build/elementbot_gazebo/install.log --single-version-externally-managed install_data
