[10.153s] Invoking command in '/home/ctk/element_ws/src/line_follower': PYTHONPATH=/home/ctk/element_ws/build/line_follower/prefix_override:/usr/lib/python3/dist-packages/colcon_core/task/python/colcon_distutils_commands:/home/ctk/element_ws/install/line_follower/lib/python3.10/site-packages:${PYTHONPATH} /usr/bin/python3 -W ignore:setup.py install is deprecated -W ignore:easy_install command is deprecated setup.py egg_info --egg-base ../../build/line_follower build --build-base /home/ctk/element_ws/build/line_follower/build install --record /home/ctk/element_ws/build/line_follower/install.log --single-version-externally-managed install_data
[11.007s] running egg_info
[11.058s] writing ../../build/line_follower/line_follower.egg-info/PKG-INFO
[11.064s] writing dependency_links to ../../build/line_follower/line_follower.egg-info/dependency_links.txt
[11.067s] writing entry points to ../../build/line_follower/line_follower.egg-info/entry_points.txt
[11.068s] writing requirements to ../../build/line_follower/line_follower.egg-info/requires.txt
[11.068s] writing top-level names to ../../build/line_follower/line_follower.egg-info/top_level.txt
[11.179s] reading manifest file '../../build/line_follower/line_follower.egg-info/SOURCES.txt'
[11.189s] writing manifest file '../../build/line_follower/line_follower.egg-info/SOURCES.txt'
[11.189s] running build
[11.189s] running build_py
[11.189s] copying line_follower/__init__.py -> /home/ctk/element_ws/build/line_follower/build/lib/line_follower
[11.189s] copying line_follower/line_follower.py -> /home/ctk/element_ws/build/line_follower/build/lib/line_follower
[11.189s] running install
[11.204s] running install_lib
[11.256s] running install_data
[11.257s] copying resource/line_follower -> /home/ctk/element_ws/install/line_follower/share/ament_index/resource_index/packages
[11.257s] copying package.xml -> /home/ctk/element_ws/install/line_follower/share/line_follower
[11.257s] copying launch/elementbot_gz_line_follower.launch.py -> /home/ctk/element_ws/install/line_follower/share/line_follower/launch
[11.257s] running install_egg_info
[11.308s] removing '/home/ctk/element_ws/install/line_follower/lib/python3.10/site-packages/line_follower-0.0.0-py3.10.egg-info' (and everything under it)
[11.308s] Copying ../../build/line_follower/line_follower.egg-info to /home/ctk/element_ws/install/line_follower/lib/python3.10/site-packages/line_follower-0.0.0-py3.10.egg-info
[11.310s] running install_scripts
[11.916s] Installing line_follower script to /home/ctk/element_ws/install/line_follower/lib/line_follower
[11.918s] writing list of installed files to '/home/ctk/element_ws/build/line_follower/install.log'
[12.341s] Invoked command in '/home/ctk/element_ws/src/line_follower' returned '0': PYTHONPATH=/home/ctk/element_ws/build/line_follower/prefix_override:/usr/lib/python3/dist-packages/colcon_core/task/python/colcon_distutils_commands:/home/ctk/element_ws/install/line_follower/lib/python3.10/site-packages:${PYTHONPATH} /usr/bin/python3 -W ignore:setup.py install is deprecated -W ignore:easy_install command is deprecated setup.py egg_info --egg-base ../../build/line_follower build --build-base /home/ctk/element_ws/build/line_follower/build install --record /home/ctk/element_ws/build/line_follower/install.log --single-version-externally-managed install_data
