[0.535s] [34mcolcon[0m [1;30mDEBUG[0m [32mCommand line arguments: ['/usr/bin/colcon', 'build'][0m
[0.537s] [34mcolcon[0m [1;30mDEBUG[0m [32mParsed command line arguments: Namespace(log_base=None, log_level=None, verb_name='build', build_base='build', install_base='install', merge_install=False, symlink_install=False, test_result_base=None, continue_on_error=False, executor='parallel', parallel_workers=8, event_handlers=None, ignore_user_meta=False, metas=['./colcon.meta'], base_paths=['.'], packages_ignore=None, packages_ignore_regex=None, paths=None, packages_up_to=None, packages_up_to_regex=None, packages_above=None, packages_above_and_dependencies=None, packages_above_depth=None, packages_select_by_dep=None, packages_skip_by_dep=None, packages_skip_up_to=None, packages_select_build_failed=False, packages_skip_build_finished=False, packages_select_test_failures=False, packages_skip_test_passed=False, packages_select=None, packages_skip=None, packages_select_regex=None, packages_skip_regex=None, packages_start=None, packages_end=None, allow_overriding=[], cmake_args=None, cmake_target=None, cmake_target_skip_unavailable=False, cmake_clean_cache=False, cmake_clean_first=False, cmake_force_configure=False, ament_cmake_args=None, catkin_cmake_args=None, catkin_skip_building_tests=False, verb_parser=<colcon_defaults.argument_parser.defaults.DefaultArgumentsDecorator object at 0x78a8849046a0>, verb_extension=<colcon_core.verb.build.BuildVerb object at 0x78a884a05b10>, main=<bound method BuildVerb.main of <colcon_core.verb.build.BuildVerb object at 0x78a884a05b10>>)[0m
[0.733s] [34mcolcon.colcon_core.package_discovery[0m [1;30mLevel 1[0m discover_packages(colcon_meta) check parameters
[0.734s] [34mcolcon.colcon_core.package_discovery[0m [1;30mLevel 1[0m discover_packages(recursive) check parameters
[0.734s] [34mcolcon.colcon_core.package_discovery[0m [1;30mLevel 1[0m discover_packages(ignore) check parameters
[0.734s] [34mcolcon.colcon_core.package_discovery[0m [1;30mLevel 1[0m discover_packages(path) check parameters
[0.734s] [34mcolcon.colcon_core.package_discovery[0m [1;30mLevel 1[0m discover_packages(colcon_meta) discover
[0.735s] [34mcolcon.colcon_core.package_discovery[0m [1;30mLevel 1[0m discover_packages(recursive) discover
[0.735s] [34mcolcon.colcon_core.package_discovery[0m [1;30mINFO[0m Crawling recursively for packages in '/home/ctk/element_ws'
[0.736s] [34mcolcon.colcon_core.package_identification[0m [1;30mLevel 1[0m _identify(.) by extensions ['ignore', 'ignore_ament_install']
[0.736s] [34mcolcon.colcon_core.package_identification[0m [1;30mLevel 1[0m _identify(.) by extension 'ignore'
[0.736s] [34mcolcon.colcon_core.package_identification[0m [1;30mLevel 1[0m _identify(.) by extension 'ignore_ament_install'
[0.737s] [34mcolcon.colcon_core.package_identification[0m [1;30mLevel 1[0m _identify(.) by extensions ['colcon_pkg']
[0.737s] [34mcolcon.colcon_core.package_identification[0m [1;30mLevel 1[0m _identify(.) by extension 'colcon_pkg'
[0.737s] [34mcolcon.colcon_core.package_identification[0m [1;30mLevel 1[0m _identify(.) by extensions ['colcon_meta']
[0.737s] [34mcolcon.colcon_core.package_identification[0m [1;30mLevel 1[0m _identify(.) by extension 'colcon_meta'
[0.737s] [34mcolcon.colcon_core.package_identification[0m [1;30mLevel 1[0m _identify(.) by extensions ['ros']
[0.737s] [34mcolcon.colcon_core.package_identification[0m [1;30mLevel 1[0m _identify(.) by extension 'ros'
[0.799s] [34mcolcon.colcon_core.package_identification[0m [1;30mLevel 1[0m _identify(.) by extensions ['cmake', 'python']
[0.800s] [34mcolcon.colcon_core.package_identification[0m [1;30mLevel 1[0m _identify(.) by extension 'cmake'
[0.800s] [34mcolcon.colcon_core.package_identification[0m [1;30mLevel 1[0m _identify(.) by extension 'python'
[0.800s] [34mcolcon.colcon_core.package_identification[0m [1;30mLevel 1[0m _identify(.) by extensions ['python_setup_py']
[0.800s] [34mcolcon.colcon_core.package_identification[0m [1;30mLevel 1[0m _identify(.) by extension 'python_setup_py'
[0.801s] [34mcolcon.colcon_core.package_identification[0m [1;30mLevel 1[0m _identify(build) by extensions ['ignore', 'ignore_ament_install']
[0.802s] [34mcolcon.colcon_core.package_identification[0m [1;30mLevel 1[0m _identify(build) by extension 'ignore'
[0.802s] [34mcolcon.colcon_core.package_identification[0m [1;30mLevel 1[0m _identify(build) ignored
[0.803s] [34mcolcon.colcon_core.package_identification[0m [1;30mLevel 1[0m _identify(images) by extensions ['ignore', 'ignore_ament_install']
[0.804s] [34mcolcon.colcon_core.package_identification[0m [1;30mLevel 1[0m _identify(images) by extension 'ignore'
[0.804s] [34mcolcon.colcon_core.package_identification[0m [1;30mLevel 1[0m _identify(images) by extension 'ignore_ament_install'
[0.804s] [34mcolcon.colcon_core.package_identification[0m [1;30mLevel 1[0m _identify(images) by extensions ['colcon_pkg']
[0.804s] [34mcolcon.colcon_core.package_identification[0m [1;30mLevel 1[0m _identify(images) by extension 'colcon_pkg'
[0.804s] [34mcolcon.colcon_core.package_identification[0m [1;30mLevel 1[0m _identify(images) by extensions ['colcon_meta']
[0.804s] [34mcolcon.colcon_core.package_identification[0m [1;30mLevel 1[0m _identify(images) by extension 'colcon_meta'
[0.804s] [34mcolcon.colcon_core.package_identification[0m [1;30mLevel 1[0m _identify(images) by extensions ['ros']
[0.804s] [34mcolcon.colcon_core.package_identification[0m [1;30mLevel 1[0m _identify(images) by extension 'ros'
[0.804s] [34mcolcon.colcon_core.package_identification[0m [1;30mLevel 1[0m _identify(images) by extensions ['cmake', 'python']
[0.805s] [34mcolcon.colcon_core.package_identification[0m [1;30mLevel 1[0m _identify(images) by extension 'cmake'
[0.805s] [34mcolcon.colcon_core.package_identification[0m [1;30mLevel 1[0m _identify(images) by extension 'python'
[0.805s] [34mcolcon.colcon_core.package_identification[0m [1;30mLevel 1[0m _identify(images) by extensions ['python_setup_py']
[0.805s] [34mcolcon.colcon_core.package_identification[0m [1;30mLevel 1[0m _identify(images) by extension 'python_setup_py'
[0.805s] [34mcolcon.colcon_core.package_identification[0m [1;30mLevel 1[0m _identify(images/README) by extensions ['ignore', 'ignore_ament_install']
[0.805s] [34mcolcon.colcon_core.package_identification[0m [1;30mLevel 1[0m _identify(images/README) by extension 'ignore'
[0.805s] [34mcolcon.colcon_core.package_identification[0m [1;30mLevel 1[0m _identify(images/README) by extension 'ignore_ament_install'
[0.806s] [34mcolcon.colcon_core.package_identification[0m [1;30mLevel 1[0m _identify(images/README) by extensions ['colcon_pkg']
[0.806s] [34mcolcon.colcon_core.package_identification[0m [1;30mLevel 1[0m _identify(images/README) by extension 'colcon_pkg'
[0.806s] [34mcolcon.colcon_core.package_identification[0m [1;30mLevel 1[0m _identify(images/README) by extensions ['colcon_meta']
[0.806s] [34mcolcon.colcon_core.package_identification[0m [1;30mLevel 1[0m _identify(images/README) by extension 'colcon_meta'
[0.806s] [34mcolcon.colcon_core.package_identification[0m [1;30mLevel 1[0m _identify(images/README) by extensions ['ros']
[0.806s] [34mcolcon.colcon_core.package_identification[0m [1;30mLevel 1[0m _identify(images/README) by extension 'ros'
[0.807s] [34mcolcon.colcon_core.package_identification[0m [1;30mLevel 1[0m _identify(images/README) by extensions ['cmake', 'python']
[0.807s] [34mcolcon.colcon_core.package_identification[0m [1;30mLevel 1[0m _identify(images/README) by extension 'cmake'
[0.807s] [34mcolcon.colcon_core.package_identification[0m [1;30mLevel 1[0m _identify(images/README) by extension 'python'
[0.807s] [34mcolcon.colcon_core.package_identification[0m [1;30mLevel 1[0m _identify(images/README) by extensions ['python_setup_py']
[0.807s] [34mcolcon.colcon_core.package_identification[0m [1;30mLevel 1[0m _identify(images/README) by extension 'python_setup_py'
[0.808s] [34mcolcon.colcon_core.package_identification[0m [1;30mLevel 1[0m _identify(install) by extensions ['ignore', 'ignore_ament_install']
[0.808s] [34mcolcon.colcon_core.package_identification[0m [1;30mLevel 1[0m _identify(install) by extension 'ignore'
[0.808s] [34mcolcon.colcon_core.package_identification[0m [1;30mLevel 1[0m _identify(install) ignored
[0.808s] [34mcolcon.colcon_core.package_identification[0m [1;30mLevel 1[0m _identify(log) by extensions ['ignore', 'ignore_ament_install']
[0.808s] [34mcolcon.colcon_core.package_identification[0m [1;30mLevel 1[0m _identify(log) by extension 'ignore'
[0.809s] [34mcolcon.colcon_core.package_identification[0m [1;30mLevel 1[0m _identify(log) ignored
[0.809s] [34mcolcon.colcon_core.package_identification[0m [1;30mLevel 1[0m _identify(src) by extensions ['ignore', 'ignore_ament_install']
[0.809s] [34mcolcon.colcon_core.package_identification[0m [1;30mLevel 1[0m _identify(src) by extension 'ignore'
[0.809s] [34mcolcon.colcon_core.package_identification[0m [1;30mLevel 1[0m _identify(src) by extension 'ignore_ament_install'
[0.809s] [34mcolcon.colcon_core.package_identification[0m [1;30mLevel 1[0m _identify(src) by extensions ['colcon_pkg']
[0.809s] [34mcolcon.colcon_core.package_identification[0m [1;30mLevel 1[0m _identify(src) by extension 'colcon_pkg'
[0.809s] [34mcolcon.colcon_core.package_identification[0m [1;30mLevel 1[0m _identify(src) by extensions ['colcon_meta']
[0.809s] [34mcolcon.colcon_core.package_identification[0m [1;30mLevel 1[0m _identify(src) by extension 'colcon_meta'
[0.809s] [34mcolcon.colcon_core.package_identification[0m [1;30mLevel 1[0m _identify(src) by extensions ['ros']
[0.809s] [34mcolcon.colcon_core.package_identification[0m [1;30mLevel 1[0m _identify(src) by extension 'ros'
[0.809s] [34mcolcon.colcon_core.package_identification[0m [1;30mLevel 1[0m _identify(src) by extensions ['cmake', 'python']
[0.809s] [34mcolcon.colcon_core.package_identification[0m [1;30mLevel 1[0m _identify(src) by extension 'cmake'
[0.809s] [34mcolcon.colcon_core.package_identification[0m [1;30mLevel 1[0m _identify(src) by extension 'python'
[0.809s] [34mcolcon.colcon_core.package_identification[0m [1;30mLevel 1[0m _identify(src) by extensions ['python_setup_py']
[0.809s] [34mcolcon.colcon_core.package_identification[0m [1;30mLevel 1[0m _identify(src) by extension 'python_setup_py'
[0.809s] [34mcolcon.colcon_core.package_identification[0m [1;30mLevel 1[0m _identify(src/elementbot_gazebo) by extensions ['ignore', 'ignore_ament_install']
[0.810s] [34mcolcon.colcon_core.package_identification[0m [1;30mLevel 1[0m _identify(src/elementbot_gazebo) by extension 'ignore'
[0.810s] [34mcolcon.colcon_core.package_identification[0m [1;30mLevel 1[0m _identify(src/elementbot_gazebo) by extension 'ignore_ament_install'
[0.810s] [34mcolcon.colcon_core.package_identification[0m [1;30mLevel 1[0m _identify(src/elementbot_gazebo) by extensions ['colcon_pkg']
[0.810s] [34mcolcon.colcon_core.package_identification[0m [1;30mLevel 1[0m _identify(src/elementbot_gazebo) by extension 'colcon_pkg'
[0.810s] [34mcolcon.colcon_core.package_identification[0m [1;30mLevel 1[0m _identify(src/elementbot_gazebo) by extensions ['colcon_meta']
[0.810s] [34mcolcon.colcon_core.package_identification[0m [1;30mLevel 1[0m _identify(src/elementbot_gazebo) by extension 'colcon_meta'
[0.810s] [34mcolcon.colcon_core.package_identification[0m [1;30mLevel 1[0m _identify(src/elementbot_gazebo) by extensions ['ros']
[0.810s] [34mcolcon.colcon_core.package_identification[0m [1;30mLevel 1[0m _identify(src/elementbot_gazebo) by extension 'ros'
[0.818s] [34mcolcon.colcon_core.package_identification[0m [1;30mDEBUG[0m [32mPackage 'src/elementbot_gazebo' with type 'ros.ament_python' and name 'elementbot_gazebo'[0m
[0.819s] [34mcolcon.colcon_core.package_identification[0m [1;30mLevel 1[0m _identify(src/elementbot_navigation) by extensions ['ignore', 'ignore_ament_install']
[0.819s] [34mcolcon.colcon_core.package_identification[0m [1;30mLevel 1[0m _identify(src/elementbot_navigation) by extension 'ignore'
[0.819s] [34mcolcon.colcon_core.package_identification[0m [1;30mLevel 1[0m _identify(src/elementbot_navigation) by extension 'ignore_ament_install'
[0.819s] [34mcolcon.colcon_core.package_identification[0m [1;30mLevel 1[0m _identify(src/elementbot_navigation) by extensions ['colcon_pkg']
[0.819s] [34mcolcon.colcon_core.package_identification[0m [1;30mLevel 1[0m _identify(src/elementbot_navigation) by extension 'colcon_pkg'
[0.819s] [34mcolcon.colcon_core.package_identification[0m [1;30mLevel 1[0m _identify(src/elementbot_navigation) by extensions ['colcon_meta']
[0.819s] [34mcolcon.colcon_core.package_identification[0m [1;30mLevel 1[0m _identify(src/elementbot_navigation) by extension 'colcon_meta'
[0.819s] [34mcolcon.colcon_core.package_identification[0m [1;30mLevel 1[0m _identify(src/elementbot_navigation) by extensions ['ros']
[0.819s] [34mcolcon.colcon_core.package_identification[0m [1;30mLevel 1[0m _identify(src/elementbot_navigation) by extension 'ros'
[0.822s] [34mcolcon.colcon_core.package_identification[0m [1;30mDEBUG[0m [32mPackage 'src/elementbot_navigation' with type 'ros.ament_python' and name 'elementbot_navigation'[0m
[0.824s] [34mcolcon.colcon_core.package_identification[0m [1;30mLevel 1[0m _identify(src/elementbot_urdf) by extensions ['ignore', 'ignore_ament_install']
[0.824s] [34mcolcon.colcon_core.package_identification[0m [1;30mLevel 1[0m _identify(src/elementbot_urdf) by extension 'ignore'
[0.825s] [34mcolcon.colcon_core.package_identification[0m [1;30mLevel 1[0m _identify(src/elementbot_urdf) by extension 'ignore_ament_install'
[0.825s] [34mcolcon.colcon_core.package_identification[0m [1;30mLevel 1[0m _identify(src/elementbot_urdf) by extensions ['colcon_pkg']
[0.825s] [34mcolcon.colcon_core.package_identification[0m [1;30mLevel 1[0m _identify(src/elementbot_urdf) by extension 'colcon_pkg'
[0.825s] [34mcolcon.colcon_core.package_identification[0m [1;30mLevel 1[0m _identify(src/elementbot_urdf) by extensions ['colcon_meta']
[0.825s] [34mcolcon.colcon_core.package_identification[0m [1;30mLevel 1[0m _identify(src/elementbot_urdf) by extension 'colcon_meta'
[0.825s] [34mcolcon.colcon_core.package_identification[0m [1;30mLevel 1[0m _identify(src/elementbot_urdf) by extensions ['ros']
[0.825s] [34mcolcon.colcon_core.package_identification[0m [1;30mLevel 1[0m _identify(src/elementbot_urdf) by extension 'ros'
[0.827s] [34mcolcon.colcon_core.package_identification[0m [1;30mDEBUG[0m [32mPackage 'src/elementbot_urdf' with type 'ros.ament_python' and name 'elementbot_urdf'[0m
[0.827s] [34mcolcon.colcon_core.package_identification[0m [1;30mLevel 1[0m _identify(src/fall_down_yolov5) by extensions ['ignore', 'ignore_ament_install']
[0.828s] [34mcolcon.colcon_core.package_identification[0m [1;30mLevel 1[0m _identify(src/fall_down_yolov5) by extension 'ignore'
[0.829s] [34mcolcon.colcon_core.package_identification[0m [1;30mLevel 1[0m _identify(src/fall_down_yolov5) by extension 'ignore_ament_install'
[0.829s] [34mcolcon.colcon_core.package_identification[0m [1;30mLevel 1[0m _identify(src/fall_down_yolov5) by extensions ['colcon_pkg']
[0.829s] [34mcolcon.colcon_core.package_identification[0m [1;30mLevel 1[0m _identify(src/fall_down_yolov5) by extension 'colcon_pkg'
[0.830s] [34mcolcon.colcon_core.package_identification[0m [1;30mLevel 1[0m _identify(src/fall_down_yolov5) by extensions ['colcon_meta']
[0.830s] [34mcolcon.colcon_core.package_identification[0m [1;30mLevel 1[0m _identify(src/fall_down_yolov5) by extension 'colcon_meta'
[0.830s] [34mcolcon.colcon_core.package_identification[0m [1;30mLevel 1[0m _identify(src/fall_down_yolov5) by extensions ['ros']
[0.830s] [34mcolcon.colcon_core.package_identification[0m [1;30mLevel 1[0m _identify(src/fall_down_yolov5) by extension 'ros'
[0.834s] [34mcolcon.colcon_core.package_identification[0m [1;30mDEBUG[0m [32mPackage 'src/fall_down_yolov5' with type 'ros.ament_python' and name 'fall_down_yolov5'[0m
[0.835s] [34mcolcon.colcon_core.package_identification[0m [1;30mLevel 1[0m _identify(src/line_follower) by extensions ['ignore', 'ignore_ament_install']
[0.835s] [34mcolcon.colcon_core.package_identification[0m [1;30mLevel 1[0m _identify(src/line_follower) by extension 'ignore'
[0.836s] [34mcolcon.colcon_core.package_identification[0m [1;30mLevel 1[0m _identify(src/line_follower) by extension 'ignore_ament_install'
[0.836s] [34mcolcon.colcon_core.package_identification[0m [1;30mLevel 1[0m _identify(src/line_follower) by extensions ['colcon_pkg']
[0.836s] [34mcolcon.colcon_core.package_identification[0m [1;30mLevel 1[0m _identify(src/line_follower) by extension 'colcon_pkg'
[0.836s] [34mcolcon.colcon_core.package_identification[0m [1;30mLevel 1[0m _identify(src/line_follower) by extensions ['colcon_meta']
[0.836s] [34mcolcon.colcon_core.package_identification[0m [1;30mLevel 1[0m _identify(src/line_follower) by extension 'colcon_meta'
[0.836s] [34mcolcon.colcon_core.package_identification[0m [1;30mLevel 1[0m _identify(src/line_follower) by extensions ['ros']
[0.836s] [34mcolcon.colcon_core.package_identification[0m [1;30mLevel 1[0m _identify(src/line_follower) by extension 'ros'
[0.839s] [34mcolcon.colcon_core.package_identification[0m [1;30mDEBUG[0m [32mPackage 'src/line_follower' with type 'ros.ament_python' and name 'line_follower'[0m
[0.841s] [34mcolcon.colcon_core.package_identification[0m [1;30mLevel 1[0m _identify(src/yolo5_sim) by extensions ['ignore', 'ignore_ament_install']
[0.843s] [34mcolcon.colcon_core.package_identification[0m [1;30mLevel 1[0m _identify(src/yolo5_sim) by extension 'ignore'
[0.843s] [34mcolcon.colcon_core.package_identification[0m [1;30mLevel 1[0m _identify(src/yolo5_sim) by extension 'ignore_ament_install'
[0.844s] [34mcolcon.colcon_core.package_identification[0m [1;30mLevel 1[0m _identify(src/yolo5_sim) by extensions ['colcon_pkg']
[0.845s] [34mcolcon.colcon_core.package_identification[0m [1;30mLevel 1[0m _identify(src/yolo5_sim) by extension 'colcon_pkg'
[0.845s] [34mcolcon.colcon_core.package_identification[0m [1;30mLevel 1[0m _identify(src/yolo5_sim) by extensions ['colcon_meta']
[0.845s] [34mcolcon.colcon_core.package_identification[0m [1;30mLevel 1[0m _identify(src/yolo5_sim) by extension 'colcon_meta'
[0.846s] [34mcolcon.colcon_core.package_identification[0m [1;30mLevel 1[0m _identify(src/yolo5_sim) by extensions ['ros']
[0.846s] [34mcolcon.colcon_core.package_identification[0m [1;30mLevel 1[0m _identify(src/yolo5_sim) by extension 'ros'
[0.846s] [34mcolcon.colcon_core.package_identification[0m [1;30mLevel 1[0m _identify(src/yolo5_sim) by extensions ['cmake', 'python']
[0.846s] [34mcolcon.colcon_core.package_identification[0m [1;30mLevel 1[0m _identify(src/yolo5_sim) by extension 'cmake'
[0.846s] [34mcolcon.colcon_core.package_identification[0m [1;30mLevel 1[0m _identify(src/yolo5_sim) by extension 'python'
[0.846s] [34mcolcon.colcon_core.package_identification[0m [1;30mLevel 1[0m _identify(src/yolo5_sim) by extensions ['python_setup_py']
[0.846s] [34mcolcon.colcon_core.package_identification[0m [1;30mLevel 1[0m _identify(src/yolo5_sim) by extension 'python_setup_py'
[0.847s] [34mcolcon.colcon_core.package_identification[0m [1;30mLevel 1[0m _identify(src/yolo5_sim/yolov5_ros2) by extensions ['ignore', 'ignore_ament_install']
[0.849s] [34mcolcon.colcon_core.package_identification[0m [1;30mLevel 1[0m _identify(src/yolo5_sim/yolov5_ros2) by extension 'ignore'
[0.851s] [34mcolcon.colcon_core.package_identification[0m [1;30mLevel 1[0m _identify(src/yolo5_sim/yolov5_ros2) by extension 'ignore_ament_install'
[0.852s] [34mcolcon.colcon_core.package_identification[0m [1;30mLevel 1[0m _identify(src/yolo5_sim/yolov5_ros2) by extensions ['colcon_pkg']
[0.854s] [34mcolcon.colcon_core.package_identification[0m [1;30mLevel 1[0m _identify(src/yolo5_sim/yolov5_ros2) by extension 'colcon_pkg'
[0.854s] [34mcolcon.colcon_core.package_identification[0m [1;30mLevel 1[0m _identify(src/yolo5_sim/yolov5_ros2) by extensions ['colcon_meta']
[0.855s] [34mcolcon.colcon_core.package_identification[0m [1;30mLevel 1[0m _identify(src/yolo5_sim/yolov5_ros2) by extension 'colcon_meta'
[0.855s] [34mcolcon.colcon_core.package_identification[0m [1;30mLevel 1[0m _identify(src/yolo5_sim/yolov5_ros2) by extensions ['ros']
[0.855s] [34mcolcon.colcon_core.package_identification[0m [1;30mLevel 1[0m _identify(src/yolo5_sim/yolov5_ros2) by extension 'ros'
[0.858s] [34mcolcon.colcon_core.package_identification[0m [1;30mDEBUG[0m [32mPackage 'src/yolo5_sim/yolov5_ros2' with type 'ros.ament_python' and name 'yolov5_ros2'[0m
[0.859s] [34mcolcon.colcon_core.package_discovery[0m [1;30mLevel 1[0m discover_packages(recursive) using defaults
[0.860s] [34mcolcon.colcon_core.package_discovery[0m [1;30mLevel 1[0m discover_packages(ignore) discover
[0.860s] [34mcolcon.colcon_core.package_discovery[0m [1;30mLevel 1[0m discover_packages(ignore) using defaults
[0.860s] [34mcolcon.colcon_core.package_discovery[0m [1;30mLevel 1[0m discover_packages(path) discover
[0.860s] [34mcolcon.colcon_core.package_discovery[0m [1;30mLevel 1[0m discover_packages(path) using defaults
[0.938s] [34mcolcon.colcon_core.package_discovery[0m [1;30mLevel 1[0m discover_packages(prefix_path) check parameters
[0.938s] [34mcolcon.colcon_core.package_discovery[0m [1;30mLevel 1[0m discover_packages(prefix_path) discover
[0.947s] [34mcolcon.colcon_installed_package_information.package_discovery[0m [1;30mDEBUG[0m [32mFound 6 installed packages in /home/ctk/element_ws/install[0m
[0.951s] [34mcolcon.colcon_installed_package_information.package_discovery[0m [1;30mDEBUG[0m [32mFound 430 installed packages in /opt/ros/humble[0m
[0.957s] [34mcolcon.colcon_core.package_discovery[0m [1;30mLevel 1[0m discover_packages(prefix_path) using defaults
[1.114s] [34mcolcon.colcon_core.verb[0m [1;30mLevel 5[0m set package 'elementbot_gazebo' build argument 'cmake_args' from command line to 'None'
[1.115s] [34mcolcon.colcon_core.verb[0m [1;30mLevel 5[0m set package 'elementbot_gazebo' build argument 'cmake_target' from command line to 'None'
[1.115s] [34mcolcon.colcon_core.verb[0m [1;30mLevel 5[0m set package 'elementbot_gazebo' build argument 'cmake_target_skip_unavailable' from command line to 'False'
[1.115s] [34mcolcon.colcon_core.verb[0m [1;30mLevel 5[0m set package 'elementbot_gazebo' build argument 'cmake_clean_cache' from command line to 'False'
[1.115s] [34mcolcon.colcon_core.verb[0m [1;30mLevel 5[0m set package 'elementbot_gazebo' build argument 'cmake_clean_first' from command line to 'False'
[1.115s] [34mcolcon.colcon_core.verb[0m [1;30mLevel 5[0m set package 'elementbot_gazebo' build argument 'cmake_force_configure' from command line to 'False'
[1.115s] [34mcolcon.colcon_core.verb[0m [1;30mLevel 5[0m set package 'elementbot_gazebo' build argument 'ament_cmake_args' from command line to 'None'
[1.115s] [34mcolcon.colcon_core.verb[0m [1;30mLevel 5[0m set package 'elementbot_gazebo' build argument 'catkin_cmake_args' from command line to 'None'
[1.115s] [34mcolcon.colcon_core.verb[0m [1;30mLevel 5[0m set package 'elementbot_gazebo' build argument 'catkin_skip_building_tests' from command line to 'False'
[1.115s] [34mcolcon.colcon_core.verb[0m [1;30mDEBUG[0m [32mBuilding package 'elementbot_gazebo' with the following arguments: {'ament_cmake_args': None, 'build_base': '/home/ctk/element_ws/build/elementbot_gazebo', 'catkin_cmake_args': None, 'catkin_skip_building_tests': False, 'cmake_args': None, 'cmake_clean_cache': False, 'cmake_clean_first': False, 'cmake_force_configure': False, 'cmake_target': None, 'cmake_target_skip_unavailable': False, 'install_base': '/home/ctk/element_ws/install/elementbot_gazebo', 'merge_install': False, 'path': '/home/ctk/element_ws/src/elementbot_gazebo', 'symlink_install': False, 'test_result_base': None}[0m
[1.116s] [34mcolcon.colcon_core.verb[0m [1;30mLevel 5[0m set package 'elementbot_navigation' build argument 'cmake_args' from command line to 'None'
[1.117s] [34mcolcon.colcon_core.verb[0m [1;30mLevel 5[0m set package 'elementbot_navigation' build argument 'cmake_target' from command line to 'None'
[1.117s] [34mcolcon.colcon_core.verb[0m [1;30mLevel 5[0m set package 'elementbot_navigation' build argument 'cmake_target_skip_unavailable' from command line to 'False'
[1.117s] [34mcolcon.colcon_core.verb[0m [1;30mLevel 5[0m set package 'elementbot_navigation' build argument 'cmake_clean_cache' from command line to 'False'
[1.117s] [34mcolcon.colcon_core.verb[0m [1;30mLevel 5[0m set package 'elementbot_navigation' build argument 'cmake_clean_first' from command line to 'False'
[1.117s] [34mcolcon.colcon_core.verb[0m [1;30mLevel 5[0m set package 'elementbot_navigation' build argument 'cmake_force_configure' from command line to 'False'
[1.117s] [34mcolcon.colcon_core.verb[0m [1;30mLevel 5[0m set package 'elementbot_navigation' build argument 'ament_cmake_args' from command line to 'None'
[1.117s] [34mcolcon.colcon_core.verb[0m [1;30mLevel 5[0m set package 'elementbot_navigation' build argument 'catkin_cmake_args' from command line to 'None'
[1.117s] [34mcolcon.colcon_core.verb[0m [1;30mLevel 5[0m set package 'elementbot_navigation' build argument 'catkin_skip_building_tests' from command line to 'False'
[1.117s] [34mcolcon.colcon_core.verb[0m [1;30mDEBUG[0m [32mBuilding package 'elementbot_navigation' with the following arguments: {'ament_cmake_args': None, 'build_base': '/home/ctk/element_ws/build/elementbot_navigation', 'catkin_cmake_args': None, 'catkin_skip_building_tests': False, 'cmake_args': None, 'cmake_clean_cache': False, 'cmake_clean_first': False, 'cmake_force_configure': False, 'cmake_target': None, 'cmake_target_skip_unavailable': False, 'install_base': '/home/ctk/element_ws/install/elementbot_navigation', 'merge_install': False, 'path': '/home/ctk/element_ws/src/elementbot_navigation', 'symlink_install': False, 'test_result_base': None}[0m
[1.118s] [34mcolcon.colcon_core.verb[0m [1;30mLevel 5[0m set package 'elementbot_urdf' build argument 'cmake_args' from command line to 'None'
[1.118s] [34mcolcon.colcon_core.verb[0m [1;30mLevel 5[0m set package 'elementbot_urdf' build argument 'cmake_target' from command line to 'None'
[1.118s] [34mcolcon.colcon_core.verb[0m [1;30mLevel 5[0m set package 'elementbot_urdf' build argument 'cmake_target_skip_unavailable' from command line to 'False'
[1.119s] [34mcolcon.colcon_core.verb[0m [1;30mLevel 5[0m set package 'elementbot_urdf' build argument 'cmake_clean_cache' from command line to 'False'
[1.119s] [34mcolcon.colcon_core.verb[0m [1;30mLevel 5[0m set package 'elementbot_urdf' build argument 'cmake_clean_first' from command line to 'False'
[1.119s] [34mcolcon.colcon_core.verb[0m [1;30mLevel 5[0m set package 'elementbot_urdf' build argument 'cmake_force_configure' from command line to 'False'
[1.119s] [34mcolcon.colcon_core.verb[0m [1;30mLevel 5[0m set package 'elementbot_urdf' build argument 'ament_cmake_args' from command line to 'None'
[1.119s] [34mcolcon.colcon_core.verb[0m [1;30mLevel 5[0m set package 'elementbot_urdf' build argument 'catkin_cmake_args' from command line to 'None'
[1.119s] [34mcolcon.colcon_core.verb[0m [1;30mLevel 5[0m set package 'elementbot_urdf' build argument 'catkin_skip_building_tests' from command line to 'False'
[1.119s] [34mcolcon.colcon_core.verb[0m [1;30mDEBUG[0m [32mBuilding package 'elementbot_urdf' with the following arguments: {'ament_cmake_args': None, 'build_base': '/home/ctk/element_ws/build/elementbot_urdf', 'catkin_cmake_args': None, 'catkin_skip_building_tests': False, 'cmake_args': None, 'cmake_clean_cache': False, 'cmake_clean_first': False, 'cmake_force_configure': False, 'cmake_target': None, 'cmake_target_skip_unavailable': False, 'install_base': '/home/ctk/element_ws/install/elementbot_urdf', 'merge_install': False, 'path': '/home/ctk/element_ws/src/elementbot_urdf', 'symlink_install': False, 'test_result_base': None}[0m
[1.119s] [34mcolcon.colcon_core.verb[0m [1;30mLevel 5[0m set package 'fall_down_yolov5' build argument 'cmake_args' from command line to 'None'
[1.119s] [34mcolcon.colcon_core.verb[0m [1;30mLevel 5[0m set package 'fall_down_yolov5' build argument 'cmake_target' from command line to 'None'
[1.119s] [34mcolcon.colcon_core.verb[0m [1;30mLevel 5[0m set package 'fall_down_yolov5' build argument 'cmake_target_skip_unavailable' from command line to 'False'
[1.119s] [34mcolcon.colcon_core.verb[0m [1;30mLevel 5[0m set package 'fall_down_yolov5' build argument 'cmake_clean_cache' from command line to 'False'
[1.120s] [34mcolcon.colcon_core.verb[0m [1;30mLevel 5[0m set package 'fall_down_yolov5' build argument 'cmake_clean_first' from command line to 'False'
[1.120s] [34mcolcon.colcon_core.verb[0m [1;30mLevel 5[0m set package 'fall_down_yolov5' build argument 'cmake_force_configure' from command line to 'False'
[1.120s] [34mcolcon.colcon_core.verb[0m [1;30mLevel 5[0m set package 'fall_down_yolov5' build argument 'ament_cmake_args' from command line to 'None'
[1.120s] [34mcolcon.colcon_core.verb[0m [1;30mLevel 5[0m set package 'fall_down_yolov5' build argument 'catkin_cmake_args' from command line to 'None'
[1.120s] [34mcolcon.colcon_core.verb[0m [1;30mLevel 5[0m set package 'fall_down_yolov5' build argument 'catkin_skip_building_tests' from command line to 'False'
[1.120s] [34mcolcon.colcon_core.verb[0m [1;30mDEBUG[0m [32mBuilding package 'fall_down_yolov5' with the following arguments: {'ament_cmake_args': None, 'build_base': '/home/ctk/element_ws/build/fall_down_yolov5', 'catkin_cmake_args': None, 'catkin_skip_building_tests': False, 'cmake_args': None, 'cmake_clean_cache': False, 'cmake_clean_first': False, 'cmake_force_configure': False, 'cmake_target': None, 'cmake_target_skip_unavailable': False, 'install_base': '/home/ctk/element_ws/install/fall_down_yolov5', 'merge_install': False, 'path': '/home/ctk/element_ws/src/fall_down_yolov5', 'symlink_install': False, 'test_result_base': None}[0m
[1.121s] [34mcolcon.colcon_core.verb[0m [1;30mLevel 5[0m set package 'line_follower' build argument 'cmake_args' from command line to 'None'
[1.121s] [34mcolcon.colcon_core.verb[0m [1;30mLevel 5[0m set package 'line_follower' build argument 'cmake_target' from command line to 'None'
[1.121s] [34mcolcon.colcon_core.verb[0m [1;30mLevel 5[0m set package 'line_follower' build argument 'cmake_target_skip_unavailable' from command line to 'False'
[1.121s] [34mcolcon.colcon_core.verb[0m [1;30mLevel 5[0m set package 'line_follower' build argument 'cmake_clean_cache' from command line to 'False'
[1.121s] [34mcolcon.colcon_core.verb[0m [1;30mLevel 5[0m set package 'line_follower' build argument 'cmake_clean_first' from command line to 'False'
[1.121s] [34mcolcon.colcon_core.verb[0m [1;30mLevel 5[0m set package 'line_follower' build argument 'cmake_force_configure' from command line to 'False'
[1.121s] [34mcolcon.colcon_core.verb[0m [1;30mLevel 5[0m set package 'line_follower' build argument 'ament_cmake_args' from command line to 'None'
[1.121s] [34mcolcon.colcon_core.verb[0m [1;30mLevel 5[0m set package 'line_follower' build argument 'catkin_cmake_args' from command line to 'None'
[1.121s] [34mcolcon.colcon_core.verb[0m [1;30mLevel 5[0m set package 'line_follower' build argument 'catkin_skip_building_tests' from command line to 'False'
[1.121s] [34mcolcon.colcon_core.verb[0m [1;30mDEBUG[0m [32mBuilding package 'line_follower' with the following arguments: {'ament_cmake_args': None, 'build_base': '/home/ctk/element_ws/build/line_follower', 'catkin_cmake_args': None, 'catkin_skip_building_tests': False, 'cmake_args': None, 'cmake_clean_cache': False, 'cmake_clean_first': False, 'cmake_force_configure': False, 'cmake_target': None, 'cmake_target_skip_unavailable': False, 'install_base': '/home/ctk/element_ws/install/line_follower', 'merge_install': False, 'path': '/home/ctk/element_ws/src/line_follower', 'symlink_install': False, 'test_result_base': None}[0m
[1.123s] [34mcolcon.colcon_core.verb[0m [1;30mLevel 5[0m set package 'yolov5_ros2' build argument 'cmake_args' from command line to 'None'
[1.123s] [34mcolcon.colcon_core.verb[0m [1;30mLevel 5[0m set package 'yolov5_ros2' build argument 'cmake_target' from command line to 'None'
[1.123s] [34mcolcon.colcon_core.verb[0m [1;30mLevel 5[0m set package 'yolov5_ros2' build argument 'cmake_target_skip_unavailable' from command line to 'False'
[1.123s] [34mcolcon.colcon_core.verb[0m [1;30mLevel 5[0m set package 'yolov5_ros2' build argument 'cmake_clean_cache' from command line to 'False'
[1.123s] [34mcolcon.colcon_core.verb[0m [1;30mLevel 5[0m set package 'yolov5_ros2' build argument 'cmake_clean_first' from command line to 'False'
[1.123s] [34mcolcon.colcon_core.verb[0m [1;30mLevel 5[0m set package 'yolov5_ros2' build argument 'cmake_force_configure' from command line to 'False'
[1.123s] [34mcolcon.colcon_core.verb[0m [1;30mLevel 5[0m set package 'yolov5_ros2' build argument 'ament_cmake_args' from command line to 'None'
[1.123s] [34mcolcon.colcon_core.verb[0m [1;30mLevel 5[0m set package 'yolov5_ros2' build argument 'catkin_cmake_args' from command line to 'None'
[1.123s] [34mcolcon.colcon_core.verb[0m [1;30mLevel 5[0m set package 'yolov5_ros2' build argument 'catkin_skip_building_tests' from command line to 'False'
[1.124s] [34mcolcon.colcon_core.verb[0m [1;30mDEBUG[0m [32mBuilding package 'yolov5_ros2' with the following arguments: {'ament_cmake_args': None, 'build_base': '/home/ctk/element_ws/build/yolov5_ros2', 'catkin_cmake_args': None, 'catkin_skip_building_tests': False, 'cmake_args': None, 'cmake_clean_cache': False, 'cmake_clean_first': False, 'cmake_force_configure': False, 'cmake_target': None, 'cmake_target_skip_unavailable': False, 'install_base': '/home/ctk/element_ws/install/yolov5_ros2', 'merge_install': False, 'path': '/home/ctk/element_ws/src/yolo5_sim/yolov5_ros2', 'symlink_install': False, 'test_result_base': None}[0m
[1.124s] [34mcolcon.colcon_core.executor[0m [1;30mINFO[0m Executing jobs using 'parallel' executor
[1.125s] [34mcolcon.colcon_parallel_executor.executor.parallel[0m [1;30mDEBUG[0m [32mrun_until_complete[0m
[1.126s] [34mcolcon.colcon_ros.task.ament_python.build[0m [1;30mINFO[0m Building ROS package in '/home/ctk/element_ws/src/elementbot_gazebo' with build type 'ament_python'
[1.126s] [34mcolcon.colcon_core.shell[0m [1;30mLevel 1[0m create_environment_hook('elementbot_gazebo', 'ament_prefix_path')
[1.137s] [34mcolcon.colcon_core.plugin_system[0m [1;30mINFO[0m Skipping extension 'colcon_core.shell.bat': Not used on non-Windows systems
[1.138s] [34mcolcon.colcon_core.shell[0m [1;30mINFO[0m Creating environment hook '/home/ctk/element_ws/install/elementbot_gazebo/share/elementbot_gazebo/hook/ament_prefix_path.ps1'
[1.142s] [34mcolcon.colcon_core.shell[0m [1;30mINFO[0m Creating environment descriptor '/home/ctk/element_ws/install/elementbot_gazebo/share/elementbot_gazebo/hook/ament_prefix_path.dsv'
[1.146s] [34mcolcon.colcon_core.shell[0m [1;30mINFO[0m Creating environment hook '/home/ctk/element_ws/install/elementbot_gazebo/share/elementbot_gazebo/hook/ament_prefix_path.sh'
[1.153s] [34mcolcon.colcon_core.shell[0m [1;30mINFO[0m Skip shell extension 'powershell' for command environment: Not usable outside of PowerShell
[1.154s] [34mcolcon.colcon_core.shell[0m [1;30mDEBUG[0m [32mSkip shell extension 'dsv' for command environment[0m
[1.182s] [34mcolcon.colcon_ros.task.ament_python.build[0m [1;30mINFO[0m Building ROS package in '/home/ctk/element_ws/src/elementbot_navigation' with build type 'ament_python'
[1.183s] [34mcolcon.colcon_core.shell[0m [1;30mLevel 1[0m create_environment_hook('elementbot_navigation', 'ament_prefix_path')
[1.186s] [34mcolcon.colcon_core.shell[0m [1;30mINFO[0m Creating environment hook '/home/ctk/element_ws/install/elementbot_navigation/share/elementbot_navigation/hook/ament_prefix_path.ps1'
[1.189s] [34mcolcon.colcon_core.shell[0m [1;30mINFO[0m Creating environment descriptor '/home/ctk/element_ws/install/elementbot_navigation/share/elementbot_navigation/hook/ament_prefix_path.dsv'
[1.190s] [34mcolcon.colcon_core.shell[0m [1;30mINFO[0m Creating environment hook '/home/ctk/element_ws/install/elementbot_navigation/share/elementbot_navigation/hook/ament_prefix_path.sh'
[1.191s] [34mcolcon.colcon_core.shell[0m [1;30mINFO[0m Skip shell extension 'powershell' for command environment: Not usable outside of PowerShell
[1.192s] [34mcolcon.colcon_core.shell[0m [1;30mDEBUG[0m [32mSkip shell extension 'dsv' for command environment[0m
[1.209s] [34mcolcon.colcon_ros.task.ament_python.build[0m [1;30mINFO[0m Building ROS package in '/home/ctk/element_ws/src/elementbot_urdf' with build type 'ament_python'
[1.211s] [34mcolcon.colcon_core.shell[0m [1;30mLevel 1[0m create_environment_hook('elementbot_urdf', 'ament_prefix_path')
[1.213s] [34mcolcon.colcon_core.shell[0m [1;30mINFO[0m Creating environment hook '/home/ctk/element_ws/install/elementbot_urdf/share/elementbot_urdf/hook/ament_prefix_path.ps1'
[1.220s] [34mcolcon.colcon_core.shell[0m [1;30mINFO[0m Creating environment descriptor '/home/ctk/element_ws/install/elementbot_urdf/share/elementbot_urdf/hook/ament_prefix_path.dsv'
[1.223s] [34mcolcon.colcon_core.shell[0m [1;30mINFO[0m Creating environment hook '/home/ctk/element_ws/install/elementbot_urdf/share/elementbot_urdf/hook/ament_prefix_path.sh'
[1.226s] [34mcolcon.colcon_core.shell[0m [1;30mINFO[0m Skip shell extension 'powershell' for command environment: Not usable outside of PowerShell
[1.228s] [34mcolcon.colcon_core.shell[0m [1;30mDEBUG[0m [32mSkip shell extension 'dsv' for command environment[0m
[1.248s] [34mcolcon.colcon_ros.task.ament_python.build[0m [1;30mINFO[0m Building ROS package in '/home/ctk/element_ws/src/fall_down_yolov5' with build type 'ament_python'
[1.250s] [34mcolcon.colcon_core.shell[0m [1;30mLevel 1[0m create_environment_hook('fall_down_yolov5', 'ament_prefix_path')
[1.250s] [34mcolcon.colcon_core.shell[0m [1;30mINFO[0m Creating environment hook '/home/ctk/element_ws/install/fall_down_yolov5/share/fall_down_yolov5/hook/ament_prefix_path.ps1'
[1.252s] [34mcolcon.colcon_core.shell[0m [1;30mINFO[0m Creating environment descriptor '/home/ctk/element_ws/install/fall_down_yolov5/share/fall_down_yolov5/hook/ament_prefix_path.dsv'
[1.254s] [34mcolcon.colcon_core.shell[0m [1;30mINFO[0m Creating environment hook '/home/ctk/element_ws/install/fall_down_yolov5/share/fall_down_yolov5/hook/ament_prefix_path.sh'
[1.259s] [34mcolcon.colcon_core.shell[0m [1;30mINFO[0m Skip shell extension 'powershell' for command environment: Not usable outside of PowerShell
[1.260s] [34mcolcon.colcon_core.shell[0m [1;30mDEBUG[0m [32mSkip shell extension 'dsv' for command environment[0m
[1.279s] [34mcolcon.colcon_ros.task.ament_python.build[0m [1;30mINFO[0m Building ROS package in '/home/ctk/element_ws/src/line_follower' with build type 'ament_python'
[1.284s] [34mcolcon.colcon_core.shell[0m [1;30mLevel 1[0m create_environment_hook('line_follower', 'ament_prefix_path')
[1.288s] [34mcolcon.colcon_core.shell[0m [1;30mINFO[0m Creating environment hook '/home/ctk/element_ws/install/line_follower/share/line_follower/hook/ament_prefix_path.ps1'
[1.294s] [34mcolcon.colcon_core.shell[0m [1;30mINFO[0m Creating environment descriptor '/home/ctk/element_ws/install/line_follower/share/line_follower/hook/ament_prefix_path.dsv'
[1.297s] [34mcolcon.colcon_core.shell[0m [1;30mINFO[0m Creating environment hook '/home/ctk/element_ws/install/line_follower/share/line_follower/hook/ament_prefix_path.sh'
[1.301s] [34mcolcon.colcon_core.shell[0m [1;30mINFO[0m Skip shell extension 'powershell' for command environment: Not usable outside of PowerShell
[1.301s] [34mcolcon.colcon_core.shell[0m [1;30mDEBUG[0m [32mSkip shell extension 'dsv' for command environment[0m
[1.322s] [34mcolcon.colcon_ros.task.ament_python.build[0m [1;30mINFO[0m Building ROS package in '/home/ctk/element_ws/src/yolo5_sim/yolov5_ros2' with build type 'ament_python'
[1.323s] [34mcolcon.colcon_core.shell[0m [1;30mLevel 1[0m create_environment_hook('yolov5_ros2', 'ament_prefix_path')
[1.326s] [34mcolcon.colcon_core.shell[0m [1;30mINFO[0m Creating environment hook '/home/ctk/element_ws/install/yolov5_ros2/share/yolov5_ros2/hook/ament_prefix_path.ps1'
[1.332s] [34mcolcon.colcon_core.shell[0m [1;30mINFO[0m Creating environment descriptor '/home/ctk/element_ws/install/yolov5_ros2/share/yolov5_ros2/hook/ament_prefix_path.dsv'
[1.333s] [34mcolcon.colcon_core.shell[0m [1;30mINFO[0m Creating environment hook '/home/ctk/element_ws/install/yolov5_ros2/share/yolov5_ros2/hook/ament_prefix_path.sh'
[1.336s] [34mcolcon.colcon_core.shell[0m [1;30mINFO[0m Skip shell extension 'powershell' for command environment: Not usable outside of PowerShell
[1.337s] [34mcolcon.colcon_core.shell[0m [1;30mDEBUG[0m [32mSkip shell extension 'dsv' for command environment[0m
[2.548s] [34mcolcon.colcon_core.task.python.build[0m [1;30mINFO[0m Building Python package in '/home/ctk/element_ws/src/elementbot_gazebo'
[2.548s] [34mcolcon.colcon_core.shell[0m [1;30mINFO[0m Skip shell extension 'powershell' for command environment: Not usable outside of PowerShell
[2.548s] [34mcolcon.colcon_core.shell[0m [1;30mDEBUG[0m [32mSkip shell extension 'dsv' for command environment[0m
[3.690s] [34mcolcon.colcon_core.task.python.build[0m [1;30mINFO[0m Building Python package in '/home/ctk/element_ws/src/elementbot_navigation'
[3.700s] [34mcolcon.colcon_core.shell[0m [1;30mINFO[0m Skip shell extension 'powershell' for command environment: Not usable outside of PowerShell
[3.705s] [34mcolcon.colcon_core.shell[0m [1;30mDEBUG[0m [32mSkip shell extension 'dsv' for command environment[0m
[4.780s] [34mcolcon.colcon_core.task.python.build[0m [1;30mINFO[0m Building Python package in '/home/ctk/element_ws/src/elementbot_urdf'
[4.783s] [34mcolcon.colcon_core.shell[0m [1;30mINFO[0m Skip shell extension 'powershell' for command environment: Not usable outside of PowerShell
[4.784s] [34mcolcon.colcon_core.shell[0m [1;30mDEBUG[0m [32mSkip shell extension 'dsv' for command environment[0m
[5.806s] [34mcolcon.colcon_ros.task.ament_python.build[0m [1;30mWARNING[0m [33mPackage 'fall_down_yolov5' doesn't explicitly install a marker in the package index (colcon-ros currently does it implicitly but that fallback will be removed in the future)[0m
[5.808s] [34mcolcon.colcon_core.task.python.build[0m [1;30mINFO[0m Building Python package in '/home/ctk/element_ws/src/fall_down_yolov5'
[5.811s] [34mcolcon.colcon_core.shell[0m [1;30mINFO[0m Skip shell extension 'powershell' for command environment: Not usable outside of PowerShell
[5.812s] [34mcolcon.colcon_core.shell[0m [1;30mDEBUG[0m [32mSkip shell extension 'dsv' for command environment[0m
[6.914s] [34mcolcon.colcon_core.task.python.build[0m [1;30mINFO[0m Building Python package in '/home/ctk/element_ws/src/line_follower'
[6.916s] [34mcolcon.colcon_core.shell[0m [1;30mINFO[0m Skip shell extension 'powershell' for command environment: Not usable outside of PowerShell
[6.916s] [34mcolcon.colcon_core.shell[0m [1;30mDEBUG[0m [32mSkip shell extension 'dsv' for command environment[0m
[7.994s] [34mcolcon.colcon_ros.task.ament_python.build[0m [1;30mWARNING[0m [33mPackage 'yolov5_ros2' doesn't explicitly install a marker in the package index (colcon-ros currently does it implicitly but that fallback will be removed in the future)[0m
[7.996s] [34mcolcon.colcon_core.task.python.build[0m [1;30mINFO[0m Building Python package in '/home/ctk/element_ws/src/yolo5_sim/yolov5_ros2'
[7.999s] [34mcolcon.colcon_core.shell[0m [1;30mINFO[0m Skip shell extension 'powershell' for command environment: Not usable outside of PowerShell
[7.999s] [34mcolcon.colcon_core.shell[0m [1;30mDEBUG[0m [32mSkip shell extension 'dsv' for command environment[0m
[11.310s] [34mcolcon.colcon_core.event_handler.log_command[0m [1;30mDEBUG[0m [32mInvoking command in '/home/ctk/element_ws/src/elementbot_urdf': PYTHONPATH=/home/ctk/element_ws/build/elementbot_urdf/prefix_override:/usr/lib/python3/dist-packages/colcon_core/task/python/colcon_distutils_commands:/home/ctk/element_ws/install/elementbot_urdf/lib/python3.10/site-packages:${PYTHONPATH} /usr/bin/python3 -W ignore:setup.py install is deprecated -W ignore:easy_install command is deprecated setup.py egg_info --egg-base ../../build/elementbot_urdf build --build-base /home/ctk/element_ws/build/elementbot_urdf/build install --record /home/ctk/element_ws/build/elementbot_urdf/install.log --single-version-externally-managed install_data[0m
[11.337s] [34mcolcon.colcon_core.event_handler.log_command[0m [1;30mDEBUG[0m [32mInvoking command in '/home/ctk/element_ws/src/fall_down_yolov5': PYTHONPATH=/home/ctk/element_ws/build/fall_down_yolov5/prefix_override:/usr/lib/python3/dist-packages/colcon_core/task/python/colcon_distutils_commands:/home/ctk/element_ws/install/fall_down_yolov5/lib/python3.10/site-packages:${PYTHONPATH} /usr/bin/python3 -W ignore:setup.py install is deprecated -W ignore:easy_install command is deprecated setup.py egg_info --egg-base ../../build/fall_down_yolov5 build --build-base /home/ctk/element_ws/build/fall_down_yolov5/build install --record /home/ctk/element_ws/build/fall_down_yolov5/install.log --single-version-externally-managed install_data[0m
[12.137s] [34mcolcon.colcon_core.event_handler.log_command[0m [1;30mDEBUG[0m [32mInvoking command in '/home/ctk/element_ws/src/yolo5_sim/yolov5_ros2': PYTHONPATH=/home/ctk/element_ws/build/yolov5_ros2/prefix_override:/usr/lib/python3/dist-packages/colcon_core/task/python/colcon_distutils_commands:/home/ctk/element_ws/install/yolov5_ros2/lib/python3.10/site-packages:${PYTHONPATH} /usr/bin/python3 -W ignore:setup.py install is deprecated -W ignore:easy_install command is deprecated setup.py egg_info --egg-base ../../../build/yolov5_ros2 build --build-base /home/ctk/element_ws/build/yolov5_ros2/build install --record /home/ctk/element_ws/build/yolov5_ros2/install.log --single-version-externally-managed install_data[0m
[12.165s] [34mcolcon.colcon_core.event_handler.log_command[0m [1;30mDEBUG[0m [32mInvoking command in '/home/ctk/element_ws/src/elementbot_navigation': PYTHONPATH=/home/ctk/element_ws/build/elementbot_navigation/prefix_override:/usr/lib/python3/dist-packages/colcon_core/task/python/colcon_distutils_commands:/home/ctk/element_ws/install/elementbot_navigation/lib/python3.10/site-packages:${PYTHONPATH} /usr/bin/python3 -W ignore:setup.py install is deprecated -W ignore:easy_install command is deprecated setup.py egg_info --egg-base ../../build/elementbot_navigation build --build-base /home/ctk/element_ws/build/elementbot_navigation/build install --record /home/ctk/element_ws/build/elementbot_navigation/install.log --single-version-externally-managed install_data[0m
[12.379s] [34mcolcon.colcon_core.event_handler.log_command[0m [1;30mDEBUG[0m [32mInvoking command in '/home/ctk/element_ws/src/elementbot_gazebo': PYTHONPATH=/home/ctk/element_ws/build/elementbot_gazebo/prefix_override:/usr/lib/python3/dist-packages/colcon_core/task/python/colcon_distutils_commands:/home/ctk/element_ws/install/elementbot_gazebo/lib/python3.10/site-packages:${PYTHONPATH} /usr/bin/python3 -W ignore:setup.py install is deprecated -W ignore:easy_install command is deprecated setup.py egg_info --egg-base ../../build/elementbot_gazebo build --build-base /home/ctk/element_ws/build/elementbot_gazebo/build install --record /home/ctk/element_ws/build/elementbot_gazebo/install.log --single-version-externally-managed install_data[0m
[12.607s] [34mcolcon.colcon_core.event_handler.log_command[0m [1;30mDEBUG[0m [32mInvoking command in '/home/ctk/element_ws/src/line_follower': PYTHONPATH=/home/ctk/element_ws/build/line_follower/prefix_override:/usr/lib/python3/dist-packages/colcon_core/task/python/colcon_distutils_commands:/home/ctk/element_ws/install/line_follower/lib/python3.10/site-packages:${PYTHONPATH} /usr/bin/python3 -W ignore:setup.py install is deprecated -W ignore:easy_install command is deprecated setup.py egg_info --egg-base ../../build/line_follower build --build-base /home/ctk/element_ws/build/line_follower/build install --record /home/ctk/element_ws/build/line_follower/install.log --single-version-externally-managed install_data[0m
[15.085s] [34mcolcon.colcon_core.event_handler.log_command[0m [1;30mDEBUG[0m [32mInvoked command in '/home/ctk/element_ws/src/elementbot_navigation' returned '0': PYTHONPATH=/home/ctk/element_ws/build/elementbot_navigation/prefix_override:/usr/lib/python3/dist-packages/colcon_core/task/python/colcon_distutils_commands:/home/ctk/element_ws/install/elementbot_navigation/lib/python3.10/site-packages:${PYTHONPATH} /usr/bin/python3 -W ignore:setup.py install is deprecated -W ignore:easy_install command is deprecated setup.py egg_info --egg-base ../../build/elementbot_navigation build --build-base /home/ctk/element_ws/build/elementbot_navigation/build install --record /home/ctk/element_ws/build/elementbot_navigation/install.log --single-version-externally-managed install_data[0m
[15.090s] [34mcolcon.colcon_core.environment[0m [1;30mLevel 1[0m checking '/home/ctk/element_ws/install/elementbot_navigation' for CMake module files
[15.091s] [34mcolcon.colcon_core.environment[0m [1;30mLevel 1[0m checking '/home/ctk/element_ws/install/elementbot_navigation' for CMake config files
[15.098s] [34mcolcon.colcon_core.environment[0m [1;30mLevel 1[0m checking '/home/ctk/element_ws/install/elementbot_navigation/lib'
[15.102s] [34mcolcon.colcon_core.environment[0m [1;30mLevel 1[0m checking '/home/ctk/element_ws/install/elementbot_navigation/bin'
[15.103s] [34mcolcon.colcon_core.environment[0m [1;30mLevel 1[0m checking '/home/ctk/element_ws/install/elementbot_navigation/lib/pkgconfig/elementbot_navigation.pc'
[15.104s] [34mcolcon.colcon_core.environment[0m [1;30mLevel 1[0m checking '/home/ctk/element_ws/install/elementbot_navigation/lib/python3.10/site-packages'
[15.104s] [34mcolcon.colcon_core.shell[0m [1;30mLevel 1[0m create_environment_hook('elementbot_navigation', 'pythonpath')
[15.105s] [34mcolcon.colcon_core.shell[0m [1;30mINFO[0m Creating environment hook '/home/ctk/element_ws/install/elementbot_navigation/share/elementbot_navigation/hook/pythonpath.ps1'
[15.112s] [34mcolcon.colcon_core.shell[0m [1;30mINFO[0m Creating environment descriptor '/home/ctk/element_ws/install/elementbot_navigation/share/elementbot_navigation/hook/pythonpath.dsv'
[15.113s] [34mcolcon.colcon_core.shell[0m [1;30mINFO[0m Creating environment hook '/home/ctk/element_ws/install/elementbot_navigation/share/elementbot_navigation/hook/pythonpath.sh'
[15.115s] [34mcolcon.colcon_core.environment[0m [1;30mLevel 1[0m checking '/home/ctk/element_ws/install/elementbot_navigation/bin'
[15.116s] [34mcolcon.colcon_core.environment[0m [1;30mLevel 1[0m create_environment_scripts_only(elementbot_navigation)
[15.116s] [34mcolcon.colcon_core.shell[0m [1;30mINFO[0m Creating package script '/home/ctk/element_ws/install/elementbot_navigation/share/elementbot_navigation/package.ps1'
[15.126s] [34mcolcon.colcon_core.shell[0m [1;30mINFO[0m Creating package descriptor '/home/ctk/element_ws/install/elementbot_navigation/share/elementbot_navigation/package.dsv'
[15.136s] [34mcolcon.colcon_core.shell[0m [1;30mINFO[0m Creating package script '/home/ctk/element_ws/install/elementbot_navigation/share/elementbot_navigation/package.sh'
[15.146s] [34mcolcon.colcon_core.shell[0m [1;30mINFO[0m Creating package script '/home/ctk/element_ws/install/elementbot_navigation/share/elementbot_navigation/package.bash'
[15.153s] [34mcolcon.colcon_core.shell[0m [1;30mINFO[0m Creating package script '/home/ctk/element_ws/install/elementbot_navigation/share/elementbot_navigation/package.zsh'
[15.167s] [34mcolcon.colcon_core.environment[0m [1;30mLevel 1[0m create_file_with_runtime_dependencies(/home/ctk/element_ws/install/elementbot_navigation/share/colcon-core/packages/elementbot_navigation)
[15.245s] [34mcolcon.colcon_core.environment[0m [1;30mLevel 1[0m checking '/home/ctk/element_ws/install/fall_down_yolov5' for CMake module files
[15.262s] [34mcolcon.colcon_core.event_handler.log_command[0m [1;30mDEBUG[0m [32mInvoked command in '/home/ctk/element_ws/src/fall_down_yolov5' returned '0': PYTHONPATH=/home/ctk/element_ws/build/fall_down_yolov5/prefix_override:/usr/lib/python3/dist-packages/colcon_core/task/python/colcon_distutils_commands:/home/ctk/element_ws/install/fall_down_yolov5/lib/python3.10/site-packages:${PYTHONPATH} /usr/bin/python3 -W ignore:setup.py install is deprecated -W ignore:easy_install command is deprecated setup.py egg_info --egg-base ../../build/fall_down_yolov5 build --build-base /home/ctk/element_ws/build/fall_down_yolov5/build install --record /home/ctk/element_ws/build/fall_down_yolov5/install.log --single-version-externally-managed install_data[0m
[15.263s] [34mcolcon.colcon_core.environment[0m [1;30mLevel 1[0m checking '/home/ctk/element_ws/install/fall_down_yolov5' for CMake config files
[15.265s] [34mcolcon.colcon_core.environment[0m [1;30mLevel 1[0m checking '/home/ctk/element_ws/install/fall_down_yolov5/lib'
[15.265s] [34mcolcon.colcon_core.environment[0m [1;30mLevel 1[0m checking '/home/ctk/element_ws/install/fall_down_yolov5/bin'
[15.265s] [34mcolcon.colcon_core.environment[0m [1;30mLevel 1[0m checking '/home/ctk/element_ws/install/fall_down_yolov5/lib/pkgconfig/fall_down_yolov5.pc'
[15.274s] [34mcolcon.colcon_core.environment[0m [1;30mLevel 1[0m checking '/home/ctk/element_ws/install/fall_down_yolov5/lib/python3.10/site-packages'
[15.274s] [34mcolcon.colcon_core.shell[0m [1;30mLevel 1[0m create_environment_hook('fall_down_yolov5', 'pythonpath')
[15.278s] [34mcolcon.colcon_core.shell[0m [1;30mINFO[0m Creating environment hook '/home/ctk/element_ws/install/fall_down_yolov5/share/fall_down_yolov5/hook/pythonpath.ps1'
[15.292s] [34mcolcon.colcon_core.shell[0m [1;30mINFO[0m Creating environment descriptor '/home/ctk/element_ws/install/fall_down_yolov5/share/fall_down_yolov5/hook/pythonpath.dsv'
[15.298s] [34mcolcon.colcon_core.shell[0m [1;30mINFO[0m Creating environment hook '/home/ctk/element_ws/install/fall_down_yolov5/share/fall_down_yolov5/hook/pythonpath.sh'
[15.305s] [34mcolcon.colcon_core.environment[0m [1;30mLevel 1[0m checking '/home/ctk/element_ws/install/fall_down_yolov5/bin'
[15.305s] [34mcolcon.colcon_core.environment[0m [1;30mLevel 1[0m create_environment_scripts_only(fall_down_yolov5)
[15.306s] [34mcolcon.colcon_core.shell[0m [1;30mINFO[0m Creating package script '/home/ctk/element_ws/install/fall_down_yolov5/share/fall_down_yolov5/package.ps1'
[15.325s] [34mcolcon.colcon_core.shell[0m [1;30mINFO[0m Creating package descriptor '/home/ctk/element_ws/install/fall_down_yolov5/share/fall_down_yolov5/package.dsv'
[15.326s] [34mcolcon.colcon_core.shell[0m [1;30mINFO[0m Creating package script '/home/ctk/element_ws/install/fall_down_yolov5/share/fall_down_yolov5/package.sh'
[15.327s] [34mcolcon.colcon_core.shell[0m [1;30mINFO[0m Creating package script '/home/ctk/element_ws/install/fall_down_yolov5/share/fall_down_yolov5/package.bash'
[15.328s] [34mcolcon.colcon_core.shell[0m [1;30mINFO[0m Creating package script '/home/ctk/element_ws/install/fall_down_yolov5/share/fall_down_yolov5/package.zsh'
[15.346s] [34mcolcon.colcon_core.environment[0m [1;30mLevel 1[0m create_file_with_runtime_dependencies(/home/ctk/element_ws/install/fall_down_yolov5/share/colcon-core/packages/fall_down_yolov5)
[15.386s] [34mcolcon.colcon_core.event_handler.log_command[0m [1;30mDEBUG[0m [32mInvoked command in '/home/ctk/element_ws/src/elementbot_urdf' returned '0': PYTHONPATH=/home/ctk/element_ws/build/elementbot_urdf/prefix_override:/usr/lib/python3/dist-packages/colcon_core/task/python/colcon_distutils_commands:/home/ctk/element_ws/install/elementbot_urdf/lib/python3.10/site-packages:${PYTHONPATH} /usr/bin/python3 -W ignore:setup.py install is deprecated -W ignore:easy_install command is deprecated setup.py egg_info --egg-base ../../build/elementbot_urdf build --build-base /home/ctk/element_ws/build/elementbot_urdf/build install --record /home/ctk/element_ws/build/elementbot_urdf/install.log --single-version-externally-managed install_data[0m
[15.387s] [34mcolcon.colcon_core.environment[0m [1;30mLevel 1[0m checking '/home/ctk/element_ws/install/elementbot_urdf' for CMake module files
[15.389s] [34mcolcon.colcon_core.environment[0m [1;30mLevel 1[0m checking '/home/ctk/element_ws/install/elementbot_urdf' for CMake config files
[15.390s] [34mcolcon.colcon_core.environment[0m [1;30mLevel 1[0m checking '/home/ctk/element_ws/install/elementbot_urdf/lib'
[15.391s] [34mcolcon.colcon_core.environment[0m [1;30mLevel 1[0m checking '/home/ctk/element_ws/install/elementbot_urdf/bin'
[15.391s] [34mcolcon.colcon_core.environment[0m [1;30mLevel 1[0m checking '/home/ctk/element_ws/install/elementbot_urdf/lib/pkgconfig/elementbot_urdf.pc'
[15.392s] [34mcolcon.colcon_core.environment[0m [1;30mLevel 1[0m checking '/home/ctk/element_ws/install/elementbot_urdf/lib/python3.10/site-packages'
[15.392s] [34mcolcon.colcon_core.shell[0m [1;30mLevel 1[0m create_environment_hook('elementbot_urdf', 'pythonpath')
[15.393s] [34mcolcon.colcon_core.shell[0m [1;30mINFO[0m Creating environment hook '/home/ctk/element_ws/install/elementbot_urdf/share/elementbot_urdf/hook/pythonpath.ps1'
[15.396s] [34mcolcon.colcon_core.shell[0m [1;30mINFO[0m Creating environment descriptor '/home/ctk/element_ws/install/elementbot_urdf/share/elementbot_urdf/hook/pythonpath.dsv'
[15.398s] [34mcolcon.colcon_core.shell[0m [1;30mINFO[0m Creating environment hook '/home/ctk/element_ws/install/elementbot_urdf/share/elementbot_urdf/hook/pythonpath.sh'
[15.399s] [34mcolcon.colcon_core.environment[0m [1;30mLevel 1[0m checking '/home/ctk/element_ws/install/elementbot_urdf/bin'
[15.399s] [34mcolcon.colcon_core.environment[0m [1;30mLevel 1[0m create_environment_scripts_only(elementbot_urdf)
[15.400s] [34mcolcon.colcon_core.shell[0m [1;30mINFO[0m Creating package script '/home/ctk/element_ws/install/elementbot_urdf/share/elementbot_urdf/package.ps1'
[15.402s] [34mcolcon.colcon_core.shell[0m [1;30mINFO[0m Creating package descriptor '/home/ctk/element_ws/install/elementbot_urdf/share/elementbot_urdf/package.dsv'
[15.404s] [34mcolcon.colcon_core.shell[0m [1;30mINFO[0m Creating package script '/home/ctk/element_ws/install/elementbot_urdf/share/elementbot_urdf/package.sh'
[15.406s] [34mcolcon.colcon_core.shell[0m [1;30mINFO[0m Creating package script '/home/ctk/element_ws/install/elementbot_urdf/share/elementbot_urdf/package.bash'
[15.419s] [34mcolcon.colcon_core.shell[0m [1;30mINFO[0m Creating package script '/home/ctk/element_ws/install/elementbot_urdf/share/elementbot_urdf/package.zsh'
[15.430s] [34mcolcon.colcon_core.environment[0m [1;30mLevel 1[0m create_file_with_runtime_dependencies(/home/ctk/element_ws/install/elementbot_urdf/share/colcon-core/packages/elementbot_urdf)
[16.431s] [34mcolcon.colcon_core.environment[0m [1;30mLevel 1[0m checking '/home/ctk/element_ws/install/elementbot_gazebo' for CMake module files
[16.437s] [34mcolcon.colcon_core.environment[0m [1;30mLevel 1[0m checking '/home/ctk/element_ws/install/elementbot_gazebo' for CMake config files
[16.441s] [34mcolcon.colcon_core.event_handler.log_command[0m [1;30mDEBUG[0m [32mInvoked command in '/home/ctk/element_ws/src/elementbot_gazebo' returned '0': PYTHONPATH=/home/ctk/element_ws/build/elementbot_gazebo/prefix_override:/usr/lib/python3/dist-packages/colcon_core/task/python/colcon_distutils_commands:/home/ctk/element_ws/install/elementbot_gazebo/lib/python3.10/site-packages:${PYTHONPATH} /usr/bin/python3 -W ignore:setup.py install is deprecated -W ignore:easy_install command is deprecated setup.py egg_info --egg-base ../../build/elementbot_gazebo build --build-base /home/ctk/element_ws/build/elementbot_gazebo/build install --record /home/ctk/element_ws/build/elementbot_gazebo/install.log --single-version-externally-managed install_data[0m
[16.445s] [34mcolcon.colcon_core.environment[0m [1;30mLevel 1[0m checking '/home/ctk/element_ws/install/elementbot_gazebo/lib'
[16.447s] [34mcolcon.colcon_core.environment[0m [1;30mLevel 1[0m checking '/home/ctk/element_ws/install/elementbot_gazebo/bin'
[16.447s] [34mcolcon.colcon_core.environment[0m [1;30mLevel 1[0m checking '/home/ctk/element_ws/install/elementbot_gazebo/lib/pkgconfig/elementbot_gazebo.pc'
[16.448s] [34mcolcon.colcon_core.environment[0m [1;30mLevel 1[0m checking '/home/ctk/element_ws/install/elementbot_gazebo/lib/python3.10/site-packages'
[16.449s] [34mcolcon.colcon_core.shell[0m [1;30mLevel 1[0m create_environment_hook('elementbot_gazebo', 'pythonpath')
[16.449s] [34mcolcon.colcon_core.shell[0m [1;30mINFO[0m Creating environment hook '/home/ctk/element_ws/install/elementbot_gazebo/share/elementbot_gazebo/hook/pythonpath.ps1'
[16.451s] [34mcolcon.colcon_core.shell[0m [1;30mINFO[0m Creating environment descriptor '/home/ctk/element_ws/install/elementbot_gazebo/share/elementbot_gazebo/hook/pythonpath.dsv'
[16.454s] [34mcolcon.colcon_core.shell[0m [1;30mINFO[0m Creating environment hook '/home/ctk/element_ws/install/elementbot_gazebo/share/elementbot_gazebo/hook/pythonpath.sh'
[16.456s] [34mcolcon.colcon_core.environment[0m [1;30mLevel 1[0m checking '/home/ctk/element_ws/install/elementbot_gazebo/bin'
[16.456s] [34mcolcon.colcon_core.environment[0m [1;30mLevel 1[0m create_environment_scripts_only(elementbot_gazebo)
[16.458s] [34mcolcon.colcon_core.shell[0m [1;30mINFO[0m Creating package script '/home/ctk/element_ws/install/elementbot_gazebo/share/elementbot_gazebo/package.ps1'
[16.462s] [34mcolcon.colcon_core.shell[0m [1;30mINFO[0m Creating package descriptor '/home/ctk/element_ws/install/elementbot_gazebo/share/elementbot_gazebo/package.dsv'
[16.466s] [34mcolcon.colcon_core.shell[0m [1;30mINFO[0m Creating package script '/home/ctk/element_ws/install/elementbot_gazebo/share/elementbot_gazebo/package.sh'
[16.470s] [34mcolcon.colcon_core.shell[0m [1;30mINFO[0m Creating package script '/home/ctk/element_ws/install/elementbot_gazebo/share/elementbot_gazebo/package.bash'
[16.474s] [34mcolcon.colcon_core.shell[0m [1;30mINFO[0m Creating package script '/home/ctk/element_ws/install/elementbot_gazebo/share/elementbot_gazebo/package.zsh'
[16.476s] [34mcolcon.colcon_core.environment[0m [1;30mLevel 1[0m create_file_with_runtime_dependencies(/home/ctk/element_ws/install/elementbot_gazebo/share/colcon-core/packages/elementbot_gazebo)
[16.492s] [34mcolcon.colcon_core.environment[0m [1;30mLevel 1[0m checking '/home/ctk/element_ws/install/yolov5_ros2' for CMake module files
[16.494s] [34mcolcon.colcon_core.environment[0m [1;30mLevel 1[0m checking '/home/ctk/element_ws/install/yolov5_ros2' for CMake config files
[16.498s] [34mcolcon.colcon_core.environment[0m [1;30mLevel 1[0m checking '/home/ctk/element_ws/install/yolov5_ros2/lib'
[16.499s] [34mcolcon.colcon_core.environment[0m [1;30mLevel 1[0m checking '/home/ctk/element_ws/install/yolov5_ros2/bin'
[16.499s] [34mcolcon.colcon_core.environment[0m [1;30mLevel 1[0m checking '/home/ctk/element_ws/install/yolov5_ros2/lib/pkgconfig/yolov5_ros2.pc'
[16.499s] [34mcolcon.colcon_core.environment[0m [1;30mLevel 1[0m checking '/home/ctk/element_ws/install/yolov5_ros2/lib/python3.10/site-packages'
[16.501s] [34mcolcon.colcon_core.event_handler.log_command[0m [1;30mDEBUG[0m [32mInvoked command in '/home/ctk/element_ws/src/yolo5_sim/yolov5_ros2' returned '0': PYTHONPATH=/home/ctk/element_ws/build/yolov5_ros2/prefix_override:/usr/lib/python3/dist-packages/colcon_core/task/python/colcon_distutils_commands:/home/ctk/element_ws/install/yolov5_ros2/lib/python3.10/site-packages:${PYTHONPATH} /usr/bin/python3 -W ignore:setup.py install is deprecated -W ignore:easy_install command is deprecated setup.py egg_info --egg-base ../../../build/yolov5_ros2 build --build-base /home/ctk/element_ws/build/yolov5_ros2/build install --record /home/ctk/element_ws/build/yolov5_ros2/install.log --single-version-externally-managed install_data[0m
[16.502s] [34mcolcon.colcon_core.shell[0m [1;30mLevel 1[0m create_environment_hook('yolov5_ros2', 'pythonpath')
[16.503s] [34mcolcon.colcon_core.shell[0m [1;30mINFO[0m Creating environment hook '/home/ctk/element_ws/install/yolov5_ros2/share/yolov5_ros2/hook/pythonpath.ps1'
[16.505s] [34mcolcon.colcon_core.shell[0m [1;30mINFO[0m Creating environment descriptor '/home/ctk/element_ws/install/yolov5_ros2/share/yolov5_ros2/hook/pythonpath.dsv'
[16.506s] [34mcolcon.colcon_core.shell[0m [1;30mINFO[0m Creating environment hook '/home/ctk/element_ws/install/yolov5_ros2/share/yolov5_ros2/hook/pythonpath.sh'
[16.509s] [34mcolcon.colcon_core.environment[0m [1;30mLevel 1[0m checking '/home/ctk/element_ws/install/yolov5_ros2/bin'
[16.510s] [34mcolcon.colcon_core.environment[0m [1;30mLevel 1[0m create_environment_scripts_only(yolov5_ros2)
[16.512s] [34mcolcon.colcon_core.shell[0m [1;30mINFO[0m Creating package script '/home/ctk/element_ws/install/yolov5_ros2/share/yolov5_ros2/package.ps1'
[16.515s] [34mcolcon.colcon_core.shell[0m [1;30mINFO[0m Creating package descriptor '/home/ctk/element_ws/install/yolov5_ros2/share/yolov5_ros2/package.dsv'
[16.522s] [34mcolcon.colcon_core.shell[0m [1;30mINFO[0m Creating package script '/home/ctk/element_ws/install/yolov5_ros2/share/yolov5_ros2/package.sh'
[16.530s] [34mcolcon.colcon_core.shell[0m [1;30mINFO[0m Creating package script '/home/ctk/element_ws/install/yolov5_ros2/share/yolov5_ros2/package.bash'
[16.533s] [34mcolcon.colcon_core.shell[0m [1;30mINFO[0m Creating package script '/home/ctk/element_ws/install/yolov5_ros2/share/yolov5_ros2/package.zsh'
[16.539s] [34mcolcon.colcon_core.environment[0m [1;30mLevel 1[0m create_file_with_runtime_dependencies(/home/ctk/element_ws/install/yolov5_ros2/share/colcon-core/packages/yolov5_ros2)
[16.611s] [34mcolcon.colcon_core.environment[0m [1;30mLevel 1[0m checking '/home/ctk/element_ws/install/line_follower' for CMake module files
[16.617s] [34mcolcon.colcon_core.event_handler.log_command[0m [1;30mDEBUG[0m [32mInvoked command in '/home/ctk/element_ws/src/line_follower' returned '0': PYTHONPATH=/home/ctk/element_ws/build/line_follower/prefix_override:/usr/lib/python3/dist-packages/colcon_core/task/python/colcon_distutils_commands:/home/ctk/element_ws/install/line_follower/lib/python3.10/site-packages:${PYTHONPATH} /usr/bin/python3 -W ignore:setup.py install is deprecated -W ignore:easy_install command is deprecated setup.py egg_info --egg-base ../../build/line_follower build --build-base /home/ctk/element_ws/build/line_follower/build install --record /home/ctk/element_ws/build/line_follower/install.log --single-version-externally-managed install_data[0m
[16.618s] [34mcolcon.colcon_core.environment[0m [1;30mLevel 1[0m checking '/home/ctk/element_ws/install/line_follower' for CMake config files
[16.621s] [34mcolcon.colcon_core.environment[0m [1;30mLevel 1[0m checking '/home/ctk/element_ws/install/line_follower/lib'
[16.623s] [34mcolcon.colcon_core.environment[0m [1;30mLevel 1[0m checking '/home/ctk/element_ws/install/line_follower/bin'
[16.623s] [34mcolcon.colcon_core.environment[0m [1;30mLevel 1[0m checking '/home/ctk/element_ws/install/line_follower/lib/pkgconfig/line_follower.pc'
[16.625s] [34mcolcon.colcon_core.environment[0m [1;30mLevel 1[0m checking '/home/ctk/element_ws/install/line_follower/lib/python3.10/site-packages'
[16.625s] [34mcolcon.colcon_core.shell[0m [1;30mLevel 1[0m create_environment_hook('line_follower', 'pythonpath')
[16.627s] [34mcolcon.colcon_core.shell[0m [1;30mINFO[0m Creating environment hook '/home/ctk/element_ws/install/line_follower/share/line_follower/hook/pythonpath.ps1'
[16.631s] [34mcolcon.colcon_core.shell[0m [1;30mINFO[0m Creating environment descriptor '/home/ctk/element_ws/install/line_follower/share/line_follower/hook/pythonpath.dsv'
[16.634s] [34mcolcon.colcon_core.shell[0m [1;30mINFO[0m Creating environment hook '/home/ctk/element_ws/install/line_follower/share/line_follower/hook/pythonpath.sh'
[16.637s] [34mcolcon.colcon_core.environment[0m [1;30mLevel 1[0m checking '/home/ctk/element_ws/install/line_follower/bin'
[16.638s] [34mcolcon.colcon_core.environment[0m [1;30mLevel 1[0m create_environment_scripts_only(line_follower)
[16.639s] [34mcolcon.colcon_core.shell[0m [1;30mINFO[0m Creating package script '/home/ctk/element_ws/install/line_follower/share/line_follower/package.ps1'
[16.644s] [34mcolcon.colcon_core.shell[0m [1;30mINFO[0m Creating package descriptor '/home/ctk/element_ws/install/line_follower/share/line_follower/package.dsv'
[16.647s] [34mcolcon.colcon_core.shell[0m [1;30mINFO[0m Creating package script '/home/ctk/element_ws/install/line_follower/share/line_follower/package.sh'
[16.648s] [34mcolcon.colcon_core.shell[0m [1;30mINFO[0m Creating package script '/home/ctk/element_ws/install/line_follower/share/line_follower/package.bash'
[16.651s] [34mcolcon.colcon_core.shell[0m [1;30mINFO[0m Creating package script '/home/ctk/element_ws/install/line_follower/share/line_follower/package.zsh'
[16.653s] [34mcolcon.colcon_core.environment[0m [1;30mLevel 1[0m create_file_with_runtime_dependencies(/home/ctk/element_ws/install/line_follower/share/colcon-core/packages/line_follower)
[16.656s] [34mcolcon.colcon_parallel_executor.executor.parallel[0m [1;30mDEBUG[0m [32mclosing loop[0m
[16.660s] [34mcolcon.colcon_parallel_executor.executor.parallel[0m [1;30mDEBUG[0m [32mloop closed[0m
[16.661s] [34mcolcon.colcon_parallel_executor.executor.parallel[0m [1;30mDEBUG[0m [32mrun_until_complete finished with '0'[0m
[16.669s] [34mcolcon.colcon_core.event_reactor[0m [1;30mDEBUG[0m [32mjoining thread[0m
[16.717s] [34mcolcon.colcon_core.plugin_system[0m [1;30mINFO[0m Skipping extension 'colcon_notification.desktop_notification.terminal_notifier': Not used on non-Darwin systems
[16.719s] [34mcolcon.colcon_core.plugin_system[0m [1;30mINFO[0m Skipping extension 'colcon_notification.desktop_notification.win32': Not used on non-Windows systems
[16.720s] [34mcolcon.colcon_notification.desktop_notification[0m [1;30mINFO[0m Sending desktop notification using 'notify2'
[16.775s] [34mcolcon.colcon_core.event_reactor[0m [1;30mDEBUG[0m [32mjoined thread[0m
[16.777s] [34mcolcon.colcon_core.shell[0m [1;30mINFO[0m Creating prefix script '/home/ctk/element_ws/install/local_setup.ps1'
[16.783s] [34mcolcon.colcon_core.shell[0m [1;30mINFO[0m Creating prefix util module '/home/ctk/element_ws/install/_local_setup_util_ps1.py'
[16.789s] [34mcolcon.colcon_core.shell[0m [1;30mINFO[0m Creating prefix chain script '/home/ctk/element_ws/install/setup.ps1'
[16.795s] [34mcolcon.colcon_core.shell[0m [1;30mINFO[0m Creating prefix script '/home/ctk/element_ws/install/local_setup.sh'
[16.802s] [34mcolcon.colcon_core.shell[0m [1;30mINFO[0m Creating prefix util module '/home/ctk/element_ws/install/_local_setup_util_sh.py'
[16.807s] [34mcolcon.colcon_core.shell[0m [1;30mINFO[0m Creating prefix chain script '/home/ctk/element_ws/install/setup.sh'
[16.817s] [34mcolcon.colcon_core.shell[0m [1;30mINFO[0m Creating prefix script '/home/ctk/element_ws/install/local_setup.bash'
[16.820s] [34mcolcon.colcon_core.shell[0m [1;30mINFO[0m Creating prefix chain script '/home/ctk/element_ws/install/setup.bash'
[16.827s] [34mcolcon.colcon_core.shell[0m [1;30mINFO[0m Creating prefix script '/home/ctk/element_ws/install/local_setup.zsh'
[16.832s] [34mcolcon.colcon_core.shell[0m [1;30mINFO[0m Creating prefix chain script '/home/ctk/element_ws/install/setup.zsh'
