[1.384s] Invoking command in '/home/ctk/element_ws/src/yolo5_sim/yolov5_ros2': PYTHONPATH=/home/ctk/element_ws/build/yolov5_ros2/prefix_override:/usr/lib/python3/dist-packages/colcon_core/task/python/colcon_distutils_commands:/home/ctk/element_ws/install/yolov5_ros2/lib/python3.10/site-packages:${PYTHONPATH} /usr/bin/python3 -W ignore:setup.py install is deprecated -W ignore:easy_install command is deprecated setup.py egg_info --egg-base ../../../build/yolov5_ros2 build --build-base /home/ctk/element_ws/build/yolov5_ros2/build install --record /home/ctk/element_ws/build/yolov5_ros2/install.log --single-version-externally-managed install_data
[1.609s] running egg_info
[1.609s] creating ../../../build/yolov5_ros2/yolov5_ros2.egg-info
[1.624s] writing ../../../build/yolov5_ros2/yolov5_ros2.egg-info/PKG-INFO
[1.624s] writing dependency_links to ../../../build/yolov5_ros2/yolov5_ros2.egg-info/dependency_links.txt
[1.624s] writing entry points to ../../../build/yolov5_ros2/yolov5_ros2.egg-info/entry_points.txt
[1.625s] writing requirements to ../../../build/yolov5_ros2/yolov5_ros2.egg-info/requires.txt
[1.625s] writing top-level names to ../../../build/yolov5_ros2/yolov5_ros2.egg-info/top_level.txt
[1.625s] writing manifest file '../../../build/yolov5_ros2/yolov5_ros2.egg-info/SOURCES.txt'
[1.652s] reading manifest file '../../../build/yolov5_ros2/yolov5_ros2.egg-info/SOURCES.txt'
[1.653s] writing manifest file '../../../build/yolov5_ros2/yolov5_ros2.egg-info/SOURCES.txt'
[1.653s] running build
[1.653s] running build_py
[1.654s] creating /home/ctk/element_ws/build/yolov5_ros2/build
[1.654s] creating /home/ctk/element_ws/build/yolov5_ros2/build/lib
[1.654s] creating /home/ctk/element_ws/build/yolov5_ros2/build/lib/yolov5_ros2
[1.654s] copying yolov5_ros2/__init__.py -> /home/ctk/element_ws/build/yolov5_ros2/build/lib/yolov5_ros2
[1.654s] copying yolov5_ros2/yolo_detect_2d.py -> /home/ctk/element_ws/build/yolov5_ros2/build/lib/yolov5_ros2
[1.654s] copying yolov5_ros2/cv_tool.py -> /home/ctk/element_ws/build/yolov5_ros2/build/lib/yolov5_ros2
[1.654s] running install
[1.658s] running install_lib
[1.671s] creating /home/ctk/element_ws/install/yolov5_ros2/lib/python3.10/site-packages/yolov5_ros2
[1.671s] copying /home/ctk/element_ws/build/yolov5_ros2/build/lib/yolov5_ros2/__init__.py -> /home/ctk/element_ws/install/yolov5_ros2/lib/python3.10/site-packages/yolov5_ros2
[1.671s] copying /home/ctk/element_ws/build/yolov5_ros2/build/lib/yolov5_ros2/yolo_detect_2d.py -> /home/ctk/element_ws/install/yolov5_ros2/lib/python3.10/site-packages/yolov5_ros2
[1.671s] copying /home/ctk/element_ws/build/yolov5_ros2/build/lib/yolov5_ros2/cv_tool.py -> /home/ctk/element_ws/install/yolov5_ros2/lib/python3.10/site-packages/yolov5_ros2
[1.672s] byte-compiling /home/ctk/element_ws/install/yolov5_ros2/lib/python3.10/site-packages/yolov5_ros2/__init__.py to __init__.cpython-310.pyc
[1.672s] byte-compiling /home/ctk/element_ws/install/yolov5_ros2/lib/python3.10/site-packages/yolov5_ros2/yolo_detect_2d.py to yolo_detect_2d.cpython-310.pyc
[1.673s] byte-compiling /home/ctk/element_ws/install/yolov5_ros2/lib/python3.10/site-packages/yolov5_ros2/cv_tool.py to cv_tool.cpython-310.pyc
[1.674s] running install_data
[1.674s] copying package.xml -> /home/ctk/element_ws/install/yolov5_ros2/share/yolov5_ros2
[1.674s] creating /home/ctk/element_ws/install/yolov5_ros2/share/yolov5_ros2/launch
[1.674s] copying launch/yolov5_ros2.launch.py -> /home/ctk/element_ws/install/yolov5_ros2/share/yolov5_ros2/launch
[1.674s] creating /home/ctk/element_ws/install/yolov5_ros2/share/yolov5_ros2/config
[1.674s] copying config/camera_info.yaml -> /home/ctk/element_ws/install/yolov5_ros2/share/yolov5_ros2/config
[1.674s] copying config/yolov5s.pt -> /home/ctk/element_ws/install/yolov5_ros2/share/yolov5_ros2/config
[1.682s] creating /home/ctk/element_ws/install/yolov5_ros2/share/yolov5_ros2/resource
[1.682s] copying resource/mouse.png -> /home/ctk/element_ws/install/yolov5_ros2/share/yolov5_ros2/resource
[1.682s] copying resource/fish.jpg -> /home/ctk/element_ws/install/yolov5_ros2/share/yolov5_ros2/resource
[1.682s] copying resource/yolov5_ros2 -> /home/ctk/element_ws/install/yolov5_ros2/share/yolov5_ros2/resource
[1.682s] running install_egg_info
[1.700s] Copying ../../../build/yolov5_ros2/yolov5_ros2.egg-info to /home/ctk/element_ws/install/yolov5_ros2/lib/python3.10/site-packages/yolov5_ros2-0.0.0-py3.10.egg-info
[1.701s] running install_scripts
[1.828s] Installing yolo_detect_2d script to /home/ctk/element_ws/install/yolov5_ros2/lib/yolov5_ros2
[1.830s] writing list of installed files to '/home/ctk/element_ws/build/yolov5_ros2/install.log'
[1.933s] Invoked command in '/home/ctk/element_ws/src/yolo5_sim/yolov5_ros2' returned '0': PYTHONPATH=/home/ctk/element_ws/build/yolov5_ros2/prefix_override:/usr/lib/python3/dist-packages/colcon_core/task/python/colcon_distutils_commands:/home/ctk/element_ws/install/yolov5_ros2/lib/python3.10/site-packages:${PYTHONPATH} /usr/bin/python3 -W ignore:setup.py install is deprecated -W ignore:easy_install command is deprecated setup.py egg_info --egg-base ../../../build/yolov5_ros2 build --build-base /home/ctk/element_ws/build/yolov5_ros2/build install --record /home/ctk/element_ws/build/yolov5_ros2/install.log --single-version-externally-managed install_data
