[0.307s] [34mcolcon[0m [1;30mDEBUG[0m [32mCommand line arguments: ['/usr/bin/colcon', 'build'][0m
[0.307s] [34mcolcon[0m [1;30mDEBUG[0m [32mParsed command line arguments: Namespace(log_base=None, log_level=None, verb_name='build', build_base='build', install_base='install', merge_install=False, symlink_install=False, test_result_base=None, continue_on_error=False, executor='parallel', parallel_workers=8, event_handlers=None, ignore_user_meta=False, metas=['./colcon.meta'], base_paths=['.'], packages_ignore=None, packages_ignore_regex=None, paths=None, packages_up_to=None, packages_up_to_regex=None, packages_above=None, packages_above_and_dependencies=None, packages_above_depth=None, packages_select_by_dep=None, packages_skip_by_dep=None, packages_skip_up_to=None, packages_select_build_failed=False, packages_skip_build_finished=False, packages_select_test_failures=False, packages_skip_test_passed=False, packages_select=None, packages_skip=None, packages_select_regex=None, packages_skip_regex=None, packages_start=None, packages_end=None, allow_overriding=[], cmake_args=None, cmake_target=None, cmake_target_skip_unavailable=False, cmake_clean_cache=False, cmake_clean_first=False, cmake_force_configure=False, ament_cmake_args=None, catkin_cmake_args=None, catkin_skip_building_tests=False, verb_parser=<colcon_defaults.argument_parser.defaults.DefaultArgumentsDecorator object at 0x7d39bf8142e0>, verb_extension=<colcon_core.verb.build.BuildVerb object at 0x7d39bf9e7cd0>, main=<bound method BuildVerb.main of <colcon_core.verb.build.BuildVerb object at 0x7d39bf9e7cd0>>)[0m
[0.424s] [34mcolcon.colcon_core.package_discovery[0m [1;30mLevel 1[0m discover_packages(colcon_meta) check parameters
[0.424s] [34mcolcon.colcon_core.package_discovery[0m [1;30mLevel 1[0m discover_packages(recursive) check parameters
[0.424s] [34mcolcon.colcon_core.package_discovery[0m [1;30mLevel 1[0m discover_packages(ignore) check parameters
[0.424s] [34mcolcon.colcon_core.package_discovery[0m [1;30mLevel 1[0m discover_packages(path) check parameters
[0.424s] [34mcolcon.colcon_core.package_discovery[0m [1;30mLevel 1[0m discover_packages(colcon_meta) discover
[0.424s] [34mcolcon.colcon_core.package_discovery[0m [1;30mLevel 1[0m discover_packages(recursive) discover
[0.424s] [34mcolcon.colcon_core.package_discovery[0m [1;30mINFO[0m Crawling recursively for packages in '/home/ctk/element_ws'
[0.424s] [34mcolcon.colcon_core.package_identification[0m [1;30mLevel 1[0m _identify(.) by extensions ['ignore', 'ignore_ament_install']
[0.425s] [34mcolcon.colcon_core.package_identification[0m [1;30mLevel 1[0m _identify(.) by extension 'ignore'
[0.425s] [34mcolcon.colcon_core.package_identification[0m [1;30mLevel 1[0m _identify(.) by extension 'ignore_ament_install'
[0.425s] [34mcolcon.colcon_core.package_identification[0m [1;30mLevel 1[0m _identify(.) by extensions ['colcon_pkg']
[0.425s] [34mcolcon.colcon_core.package_identification[0m [1;30mLevel 1[0m _identify(.) by extension 'colcon_pkg'
[0.425s] [34mcolcon.colcon_core.package_identification[0m [1;30mLevel 1[0m _identify(.) by extensions ['colcon_meta']
[0.425s] [34mcolcon.colcon_core.package_identification[0m [1;30mLevel 1[0m _identify(.) by extension 'colcon_meta'
[0.425s] [34mcolcon.colcon_core.package_identification[0m [1;30mLevel 1[0m _identify(.) by extensions ['ros']
[0.425s] [34mcolcon.colcon_core.package_identification[0m [1;30mLevel 1[0m _identify(.) by extension 'ros'
[0.466s] [34mcolcon.colcon_core.package_identification[0m [1;30mLevel 1[0m _identify(.) by extensions ['cmake', 'python']
[0.466s] [34mcolcon.colcon_core.package_identification[0m [1;30mLevel 1[0m _identify(.) by extension 'cmake'
[0.466s] [34mcolcon.colcon_core.package_identification[0m [1;30mLevel 1[0m _identify(.) by extension 'python'
[0.466s] [34mcolcon.colcon_core.package_identification[0m [1;30mLevel 1[0m _identify(.) by extensions ['python_setup_py']
[0.466s] [34mcolcon.colcon_core.package_identification[0m [1;30mLevel 1[0m _identify(.) by extension 'python_setup_py'
[0.467s] [34mcolcon.colcon_core.package_identification[0m [1;30mLevel 1[0m _identify(build) by extensions ['ignore', 'ignore_ament_install']
[0.468s] [34mcolcon.colcon_core.package_identification[0m [1;30mLevel 1[0m _identify(build) by extension 'ignore'
[0.468s] [34mcolcon.colcon_core.package_identification[0m [1;30mLevel 1[0m _identify(build) ignored
[0.469s] [34mcolcon.colcon_core.package_identification[0m [1;30mLevel 1[0m _identify(images) by extensions ['ignore', 'ignore_ament_install']
[0.469s] [34mcolcon.colcon_core.package_identification[0m [1;30mLevel 1[0m _identify(images) by extension 'ignore'
[0.469s] [34mcolcon.colcon_core.package_identification[0m [1;30mLevel 1[0m _identify(images) by extension 'ignore_ament_install'
[0.470s] [34mcolcon.colcon_core.package_identification[0m [1;30mLevel 1[0m _identify(images) by extensions ['colcon_pkg']
[0.470s] [34mcolcon.colcon_core.package_identification[0m [1;30mLevel 1[0m _identify(images) by extension 'colcon_pkg'
[0.470s] [34mcolcon.colcon_core.package_identification[0m [1;30mLevel 1[0m _identify(images) by extensions ['colcon_meta']
[0.470s] [34mcolcon.colcon_core.package_identification[0m [1;30mLevel 1[0m _identify(images) by extension 'colcon_meta'
[0.470s] [34mcolcon.colcon_core.package_identification[0m [1;30mLevel 1[0m _identify(images) by extensions ['ros']
[0.470s] [34mcolcon.colcon_core.package_identification[0m [1;30mLevel 1[0m _identify(images) by extension 'ros'
[0.470s] [34mcolcon.colcon_core.package_identification[0m [1;30mLevel 1[0m _identify(images) by extensions ['cmake', 'python']
[0.470s] [34mcolcon.colcon_core.package_identification[0m [1;30mLevel 1[0m _identify(images) by extension 'cmake'
[0.471s] [34mcolcon.colcon_core.package_identification[0m [1;30mLevel 1[0m _identify(images) by extension 'python'
[0.471s] [34mcolcon.colcon_core.package_identification[0m [1;30mLevel 1[0m _identify(images) by extensions ['python_setup_py']
[0.471s] [34mcolcon.colcon_core.package_identification[0m [1;30mLevel 1[0m _identify(images) by extension 'python_setup_py'
[0.471s] [34mcolcon.colcon_core.package_identification[0m [1;30mLevel 1[0m _identify(images/README) by extensions ['ignore', 'ignore_ament_install']
[0.471s] [34mcolcon.colcon_core.package_identification[0m [1;30mLevel 1[0m _identify(images/README) by extension 'ignore'
[0.471s] [34mcolcon.colcon_core.package_identification[0m [1;30mLevel 1[0m _identify(images/README) by extension 'ignore_ament_install'
[0.471s] [34mcolcon.colcon_core.package_identification[0m [1;30mLevel 1[0m _identify(images/README) by extensions ['colcon_pkg']
[0.471s] [34mcolcon.colcon_core.package_identification[0m [1;30mLevel 1[0m _identify(images/README) by extension 'colcon_pkg'
[0.471s] [34mcolcon.colcon_core.package_identification[0m [1;30mLevel 1[0m _identify(images/README) by extensions ['colcon_meta']
[0.471s] [34mcolcon.colcon_core.package_identification[0m [1;30mLevel 1[0m _identify(images/README) by extension 'colcon_meta'
[0.471s] [34mcolcon.colcon_core.package_identification[0m [1;30mLevel 1[0m _identify(images/README) by extensions ['ros']
[0.472s] [34mcolcon.colcon_core.package_identification[0m [1;30mLevel 1[0m _identify(images/README) by extension 'ros'
[0.472s] [34mcolcon.colcon_core.package_identification[0m [1;30mLevel 1[0m _identify(images/README) by extensions ['cmake', 'python']
[0.472s] [34mcolcon.colcon_core.package_identification[0m [1;30mLevel 1[0m _identify(images/README) by extension 'cmake'
[0.472s] [34mcolcon.colcon_core.package_identification[0m [1;30mLevel 1[0m _identify(images/README) by extension 'python'
[0.472s] [34mcolcon.colcon_core.package_identification[0m [1;30mLevel 1[0m _identify(images/README) by extensions ['python_setup_py']
[0.472s] [34mcolcon.colcon_core.package_identification[0m [1;30mLevel 1[0m _identify(images/README) by extension 'python_setup_py'
[0.472s] [34mcolcon.colcon_core.package_identification[0m [1;30mLevel 1[0m _identify(install) by extensions ['ignore', 'ignore_ament_install']
[0.472s] [34mcolcon.colcon_core.package_identification[0m [1;30mLevel 1[0m _identify(install) by extension 'ignore'
[0.472s] [34mcolcon.colcon_core.package_identification[0m [1;30mLevel 1[0m _identify(install) ignored
[0.473s] [34mcolcon.colcon_core.package_identification[0m [1;30mLevel 1[0m _identify(log) by extensions ['ignore', 'ignore_ament_install']
[0.473s] [34mcolcon.colcon_core.package_identification[0m [1;30mLevel 1[0m _identify(log) by extension 'ignore'
[0.473s] [34mcolcon.colcon_core.package_identification[0m [1;30mLevel 1[0m _identify(log) ignored
[0.473s] [34mcolcon.colcon_core.package_identification[0m [1;30mLevel 1[0m _identify(src) by extensions ['ignore', 'ignore_ament_install']
[0.474s] [34mcolcon.colcon_core.package_identification[0m [1;30mLevel 1[0m _identify(src) by extension 'ignore'
[0.474s] [34mcolcon.colcon_core.package_identification[0m [1;30mLevel 1[0m _identify(src) by extension 'ignore_ament_install'
[0.474s] [34mcolcon.colcon_core.package_identification[0m [1;30mLevel 1[0m _identify(src) by extensions ['colcon_pkg']
[0.474s] [34mcolcon.colcon_core.package_identification[0m [1;30mLevel 1[0m _identify(src) by extension 'colcon_pkg'
[0.474s] [34mcolcon.colcon_core.package_identification[0m [1;30mLevel 1[0m _identify(src) by extensions ['colcon_meta']
[0.474s] [34mcolcon.colcon_core.package_identification[0m [1;30mLevel 1[0m _identify(src) by extension 'colcon_meta'
[0.474s] [34mcolcon.colcon_core.package_identification[0m [1;30mLevel 1[0m _identify(src) by extensions ['ros']
[0.474s] [34mcolcon.colcon_core.package_identification[0m [1;30mLevel 1[0m _identify(src) by extension 'ros'
[0.474s] [34mcolcon.colcon_core.package_identification[0m [1;30mLevel 1[0m _identify(src) by extensions ['cmake', 'python']
[0.474s] [34mcolcon.colcon_core.package_identification[0m [1;30mLevel 1[0m _identify(src) by extension 'cmake'
[0.475s] [34mcolcon.colcon_core.package_identification[0m [1;30mLevel 1[0m _identify(src) by extension 'python'
[0.475s] [34mcolcon.colcon_core.package_identification[0m [1;30mLevel 1[0m _identify(src) by extensions ['python_setup_py']
[0.475s] [34mcolcon.colcon_core.package_identification[0m [1;30mLevel 1[0m _identify(src) by extension 'python_setup_py'
[0.475s] [34mcolcon.colcon_core.package_identification[0m [1;30mLevel 1[0m _identify(src/elementbot_gazebo) by extensions ['ignore', 'ignore_ament_install']
[0.475s] [34mcolcon.colcon_core.package_identification[0m [1;30mLevel 1[0m _identify(src/elementbot_gazebo) by extension 'ignore'
[0.475s] [34mcolcon.colcon_core.package_identification[0m [1;30mLevel 1[0m _identify(src/elementbot_gazebo) by extension 'ignore_ament_install'
[0.475s] [34mcolcon.colcon_core.package_identification[0m [1;30mLevel 1[0m _identify(src/elementbot_gazebo) by extensions ['colcon_pkg']
[0.475s] [34mcolcon.colcon_core.package_identification[0m [1;30mLevel 1[0m _identify(src/elementbot_gazebo) by extension 'colcon_pkg'
[0.475s] [34mcolcon.colcon_core.package_identification[0m [1;30mLevel 1[0m _identify(src/elementbot_gazebo) by extensions ['colcon_meta']
[0.476s] [34mcolcon.colcon_core.package_identification[0m [1;30mLevel 1[0m _identify(src/elementbot_gazebo) by extension 'colcon_meta'
[0.476s] [34mcolcon.colcon_core.package_identification[0m [1;30mLevel 1[0m _identify(src/elementbot_gazebo) by extensions ['ros']
[0.476s] [34mcolcon.colcon_core.package_identification[0m [1;30mLevel 1[0m _identify(src/elementbot_gazebo) by extension 'ros'
[0.483s] [34mcolcon.colcon_core.package_identification[0m [1;30mDEBUG[0m [32mPackage 'src/elementbot_gazebo' with type 'ros.ament_python' and name 'elementbot_gazebo'[0m
[0.483s] [34mcolcon.colcon_core.package_identification[0m [1;30mLevel 1[0m _identify(src/elementbot_navigation) by extensions ['ignore', 'ignore_ament_install']
[0.483s] [34mcolcon.colcon_core.package_identification[0m [1;30mLevel 1[0m _identify(src/elementbot_navigation) by extension 'ignore'
[0.484s] [34mcolcon.colcon_core.package_identification[0m [1;30mLevel 1[0m _identify(src/elementbot_navigation) by extension 'ignore_ament_install'
[0.484s] [34mcolcon.colcon_core.package_identification[0m [1;30mLevel 1[0m _identify(src/elementbot_navigation) by extensions ['colcon_pkg']
[0.484s] [34mcolcon.colcon_core.package_identification[0m [1;30mLevel 1[0m _identify(src/elementbot_navigation) by extension 'colcon_pkg'
[0.484s] [34mcolcon.colcon_core.package_identification[0m [1;30mLevel 1[0m _identify(src/elementbot_navigation) by extensions ['colcon_meta']
[0.484s] [34mcolcon.colcon_core.package_identification[0m [1;30mLevel 1[0m _identify(src/elementbot_navigation) by extension 'colcon_meta'
[0.484s] [34mcolcon.colcon_core.package_identification[0m [1;30mLevel 1[0m _identify(src/elementbot_navigation) by extensions ['ros']
[0.484s] [34mcolcon.colcon_core.package_identification[0m [1;30mLevel 1[0m _identify(src/elementbot_navigation) by extension 'ros'
[0.485s] [34mcolcon.colcon_core.package_identification[0m [1;30mDEBUG[0m [32mPackage 'src/elementbot_navigation' with type 'ros.ament_python' and name 'elementbot_navigation'[0m
[0.486s] [34mcolcon.colcon_core.package_identification[0m [1;30mLevel 1[0m _identify(src/elementbot_urdf) by extensions ['ignore', 'ignore_ament_install']
[0.486s] [34mcolcon.colcon_core.package_identification[0m [1;30mLevel 1[0m _identify(src/elementbot_urdf) by extension 'ignore'
[0.486s] [34mcolcon.colcon_core.package_identification[0m [1;30mLevel 1[0m _identify(src/elementbot_urdf) by extension 'ignore_ament_install'
[0.487s] [34mcolcon.colcon_core.package_identification[0m [1;30mLevel 1[0m _identify(src/elementbot_urdf) by extensions ['colcon_pkg']
[0.487s] [34mcolcon.colcon_core.package_identification[0m [1;30mLevel 1[0m _identify(src/elementbot_urdf) by extension 'colcon_pkg'
[0.487s] [34mcolcon.colcon_core.package_identification[0m [1;30mLevel 1[0m _identify(src/elementbot_urdf) by extensions ['colcon_meta']
[0.487s] [34mcolcon.colcon_core.package_identification[0m [1;30mLevel 1[0m _identify(src/elementbot_urdf) by extension 'colcon_meta'
[0.487s] [34mcolcon.colcon_core.package_identification[0m [1;30mLevel 1[0m _identify(src/elementbot_urdf) by extensions ['ros']
[0.487s] [34mcolcon.colcon_core.package_identification[0m [1;30mLevel 1[0m _identify(src/elementbot_urdf) by extension 'ros'
[0.489s] [34mcolcon.colcon_core.package_identification[0m [1;30mDEBUG[0m [32mPackage 'src/elementbot_urdf' with type 'ros.ament_python' and name 'elementbot_urdf'[0m
[0.490s] [34mcolcon.colcon_core.package_identification[0m [1;30mLevel 1[0m _identify(src/line_follower) by extensions ['ignore', 'ignore_ament_install']
[0.492s] [34mcolcon.colcon_core.package_identification[0m [1;30mLevel 1[0m _identify(src/line_follower) by extension 'ignore'
[0.493s] [34mcolcon.colcon_core.package_identification[0m [1;30mLevel 1[0m _identify(src/line_follower) by extension 'ignore_ament_install'
[0.494s] [34mcolcon.colcon_core.package_identification[0m [1;30mLevel 1[0m _identify(src/line_follower) by extensions ['colcon_pkg']
[0.494s] [34mcolcon.colcon_core.package_identification[0m [1;30mLevel 1[0m _identify(src/line_follower) by extension 'colcon_pkg'
[0.494s] [34mcolcon.colcon_core.package_identification[0m [1;30mLevel 1[0m _identify(src/line_follower) by extensions ['colcon_meta']
[0.494s] [34mcolcon.colcon_core.package_identification[0m [1;30mLevel 1[0m _identify(src/line_follower) by extension 'colcon_meta'
[0.494s] [34mcolcon.colcon_core.package_identification[0m [1;30mLevel 1[0m _identify(src/line_follower) by extensions ['ros']
[0.494s] [34mcolcon.colcon_core.package_identification[0m [1;30mLevel 1[0m _identify(src/line_follower) by extension 'ros'
[0.496s] [34mcolcon.colcon_core.package_identification[0m [1;30mDEBUG[0m [32mPackage 'src/line_follower' with type 'ros.ament_python' and name 'line_follower'[0m
[0.497s] [34mcolcon.colcon_core.package_identification[0m [1;30mLevel 1[0m _identify(src/yolo5_sim) by extensions ['ignore', 'ignore_ament_install']
[0.498s] [34mcolcon.colcon_core.package_identification[0m [1;30mLevel 1[0m _identify(src/yolo5_sim) by extension 'ignore'
[0.498s] [34mcolcon.colcon_core.package_identification[0m [1;30mLevel 1[0m _identify(src/yolo5_sim) by extension 'ignore_ament_install'
[0.499s] [34mcolcon.colcon_core.package_identification[0m [1;30mLevel 1[0m _identify(src/yolo5_sim) by extensions ['colcon_pkg']
[0.499s] [34mcolcon.colcon_core.package_identification[0m [1;30mLevel 1[0m _identify(src/yolo5_sim) by extension 'colcon_pkg'
[0.499s] [34mcolcon.colcon_core.package_identification[0m [1;30mLevel 1[0m _identify(src/yolo5_sim) by extensions ['colcon_meta']
[0.499s] [34mcolcon.colcon_core.package_identification[0m [1;30mLevel 1[0m _identify(src/yolo5_sim) by extension 'colcon_meta'
[0.499s] [34mcolcon.colcon_core.package_identification[0m [1;30mLevel 1[0m _identify(src/yolo5_sim) by extensions ['ros']
[0.499s] [34mcolcon.colcon_core.package_identification[0m [1;30mLevel 1[0m _identify(src/yolo5_sim) by extension 'ros'
[0.499s] [34mcolcon.colcon_core.package_identification[0m [1;30mLevel 1[0m _identify(src/yolo5_sim) by extensions ['cmake', 'python']
[0.499s] [34mcolcon.colcon_core.package_identification[0m [1;30mLevel 1[0m _identify(src/yolo5_sim) by extension 'cmake'
[0.499s] [34mcolcon.colcon_core.package_identification[0m [1;30mLevel 1[0m _identify(src/yolo5_sim) by extension 'python'
[0.500s] [34mcolcon.colcon_core.package_identification[0m [1;30mLevel 1[0m _identify(src/yolo5_sim) by extensions ['python_setup_py']
[0.500s] [34mcolcon.colcon_core.package_identification[0m [1;30mLevel 1[0m _identify(src/yolo5_sim) by extension 'python_setup_py'
[0.500s] [34mcolcon.colcon_core.package_identification[0m [1;30mLevel 1[0m _identify(src/yolo5_sim/yolov5_ros2) by extensions ['ignore', 'ignore_ament_install']
[0.500s] [34mcolcon.colcon_core.package_identification[0m [1;30mLevel 1[0m _identify(src/yolo5_sim/yolov5_ros2) by extension 'ignore'
[0.501s] [34mcolcon.colcon_core.package_identification[0m [1;30mLevel 1[0m _identify(src/yolo5_sim/yolov5_ros2) by extension 'ignore_ament_install'
[0.501s] [34mcolcon.colcon_core.package_identification[0m [1;30mLevel 1[0m _identify(src/yolo5_sim/yolov5_ros2) by extensions ['colcon_pkg']
[0.501s] [34mcolcon.colcon_core.package_identification[0m [1;30mLevel 1[0m _identify(src/yolo5_sim/yolov5_ros2) by extension 'colcon_pkg'
[0.501s] [34mcolcon.colcon_core.package_identification[0m [1;30mLevel 1[0m _identify(src/yolo5_sim/yolov5_ros2) by extensions ['colcon_meta']
[0.501s] [34mcolcon.colcon_core.package_identification[0m [1;30mLevel 1[0m _identify(src/yolo5_sim/yolov5_ros2) by extension 'colcon_meta'
[0.501s] [34mcolcon.colcon_core.package_identification[0m [1;30mLevel 1[0m _identify(src/yolo5_sim/yolov5_ros2) by extensions ['ros']
[0.501s] [34mcolcon.colcon_core.package_identification[0m [1;30mLevel 1[0m _identify(src/yolo5_sim/yolov5_ros2) by extension 'ros'
[0.502s] [34mcolcon.colcon_core.package_identification[0m [1;30mDEBUG[0m [32mPackage 'src/yolo5_sim/yolov5_ros2' with type 'ros.ament_python' and name 'yolov5_ros2'[0m
[0.503s] [34mcolcon.colcon_core.package_discovery[0m [1;30mLevel 1[0m discover_packages(recursive) using defaults
[0.503s] [34mcolcon.colcon_core.package_discovery[0m [1;30mLevel 1[0m discover_packages(ignore) discover
[0.503s] [34mcolcon.colcon_core.package_discovery[0m [1;30mLevel 1[0m discover_packages(ignore) using defaults
[0.503s] [34mcolcon.colcon_core.package_discovery[0m [1;30mLevel 1[0m discover_packages(path) discover
[0.503s] [34mcolcon.colcon_core.package_discovery[0m [1;30mLevel 1[0m discover_packages(path) using defaults
[0.553s] [34mcolcon.colcon_core.package_discovery[0m [1;30mLevel 1[0m discover_packages(prefix_path) check parameters
[0.553s] [34mcolcon.colcon_core.package_discovery[0m [1;30mLevel 1[0m discover_packages(prefix_path) discover
[0.556s] [34mcolcon.colcon_installed_package_information.package_discovery[0m [1;30mDEBUG[0m [32mFound 5 installed packages in /home/ctk/element_ws/install[0m
[0.559s] [34mcolcon.colcon_installed_package_information.package_discovery[0m [1;30mDEBUG[0m [32mFound 430 installed packages in /opt/ros/humble[0m
[0.563s] [34mcolcon.colcon_core.package_discovery[0m [1;30mLevel 1[0m discover_packages(prefix_path) using defaults
[0.637s] [34mcolcon.colcon_core.verb[0m [1;30mLevel 5[0m set package 'elementbot_gazebo' build argument 'cmake_args' from command line to 'None'
[0.638s] [34mcolcon.colcon_core.verb[0m [1;30mLevel 5[0m set package 'elementbot_gazebo' build argument 'cmake_target' from command line to 'None'
[0.638s] [34mcolcon.colcon_core.verb[0m [1;30mLevel 5[0m set package 'elementbot_gazebo' build argument 'cmake_target_skip_unavailable' from command line to 'False'
[0.638s] [34mcolcon.colcon_core.verb[0m [1;30mLevel 5[0m set package 'elementbot_gazebo' build argument 'cmake_clean_cache' from command line to 'False'
[0.638s] [34mcolcon.colcon_core.verb[0m [1;30mLevel 5[0m set package 'elementbot_gazebo' build argument 'cmake_clean_first' from command line to 'False'
[0.638s] [34mcolcon.colcon_core.verb[0m [1;30mLevel 5[0m set package 'elementbot_gazebo' build argument 'cmake_force_configure' from command line to 'False'
[0.638s] [34mcolcon.colcon_core.verb[0m [1;30mLevel 5[0m set package 'elementbot_gazebo' build argument 'ament_cmake_args' from command line to 'None'
[0.638s] [34mcolcon.colcon_core.verb[0m [1;30mLevel 5[0m set package 'elementbot_gazebo' build argument 'catkin_cmake_args' from command line to 'None'
[0.638s] [34mcolcon.colcon_core.verb[0m [1;30mLevel 5[0m set package 'elementbot_gazebo' build argument 'catkin_skip_building_tests' from command line to 'False'
[0.638s] [34mcolcon.colcon_core.verb[0m [1;30mDEBUG[0m [32mBuilding package 'elementbot_gazebo' with the following arguments: {'ament_cmake_args': None, 'build_base': '/home/ctk/element_ws/build/elementbot_gazebo', 'catkin_cmake_args': None, 'catkin_skip_building_tests': False, 'cmake_args': None, 'cmake_clean_cache': False, 'cmake_clean_first': False, 'cmake_force_configure': False, 'cmake_target': None, 'cmake_target_skip_unavailable': False, 'install_base': '/home/ctk/element_ws/install/elementbot_gazebo', 'merge_install': False, 'path': '/home/ctk/element_ws/src/elementbot_gazebo', 'symlink_install': False, 'test_result_base': None}[0m
[0.639s] [34mcolcon.colcon_core.verb[0m [1;30mLevel 5[0m set package 'elementbot_navigation' build argument 'cmake_args' from command line to 'None'
[0.639s] [34mcolcon.colcon_core.verb[0m [1;30mLevel 5[0m set package 'elementbot_navigation' build argument 'cmake_target' from command line to 'None'
[0.639s] [34mcolcon.colcon_core.verb[0m [1;30mLevel 5[0m set package 'elementbot_navigation' build argument 'cmake_target_skip_unavailable' from command line to 'False'
[0.639s] [34mcolcon.colcon_core.verb[0m [1;30mLevel 5[0m set package 'elementbot_navigation' build argument 'cmake_clean_cache' from command line to 'False'
[0.639s] [34mcolcon.colcon_core.verb[0m [1;30mLevel 5[0m set package 'elementbot_navigation' build argument 'cmake_clean_first' from command line to 'False'
[0.639s] [34mcolcon.colcon_core.verb[0m [1;30mLevel 5[0m set package 'elementbot_navigation' build argument 'cmake_force_configure' from command line to 'False'
[0.639s] [34mcolcon.colcon_core.verb[0m [1;30mLevel 5[0m set package 'elementbot_navigation' build argument 'ament_cmake_args' from command line to 'None'
[0.639s] [34mcolcon.colcon_core.verb[0m [1;30mLevel 5[0m set package 'elementbot_navigation' build argument 'catkin_cmake_args' from command line to 'None'
[0.639s] [34mcolcon.colcon_core.verb[0m [1;30mLevel 5[0m set package 'elementbot_navigation' build argument 'catkin_skip_building_tests' from command line to 'False'
[0.639s] [34mcolcon.colcon_core.verb[0m [1;30mDEBUG[0m [32mBuilding package 'elementbot_navigation' with the following arguments: {'ament_cmake_args': None, 'build_base': '/home/ctk/element_ws/build/elementbot_navigation', 'catkin_cmake_args': None, 'catkin_skip_building_tests': False, 'cmake_args': None, 'cmake_clean_cache': False, 'cmake_clean_first': False, 'cmake_force_configure': False, 'cmake_target': None, 'cmake_target_skip_unavailable': False, 'install_base': '/home/ctk/element_ws/install/elementbot_navigation', 'merge_install': False, 'path': '/home/ctk/element_ws/src/elementbot_navigation', 'symlink_install': False, 'test_result_base': None}[0m
[0.640s] [34mcolcon.colcon_core.verb[0m [1;30mLevel 5[0m set package 'elementbot_urdf' build argument 'cmake_args' from command line to 'None'
[0.640s] [34mcolcon.colcon_core.verb[0m [1;30mLevel 5[0m set package 'elementbot_urdf' build argument 'cmake_target' from command line to 'None'
[0.640s] [34mcolcon.colcon_core.verb[0m [1;30mLevel 5[0m set package 'elementbot_urdf' build argument 'cmake_target_skip_unavailable' from command line to 'False'
[0.640s] [34mcolcon.colcon_core.verb[0m [1;30mLevel 5[0m set package 'elementbot_urdf' build argument 'cmake_clean_cache' from command line to 'False'
[0.640s] [34mcolcon.colcon_core.verb[0m [1;30mLevel 5[0m set package 'elementbot_urdf' build argument 'cmake_clean_first' from command line to 'False'
[0.640s] [34mcolcon.colcon_core.verb[0m [1;30mLevel 5[0m set package 'elementbot_urdf' build argument 'cmake_force_configure' from command line to 'False'
[0.640s] [34mcolcon.colcon_core.verb[0m [1;30mLevel 5[0m set package 'elementbot_urdf' build argument 'ament_cmake_args' from command line to 'None'
[0.640s] [34mcolcon.colcon_core.verb[0m [1;30mLevel 5[0m set package 'elementbot_urdf' build argument 'catkin_cmake_args' from command line to 'None'
[0.640s] [34mcolcon.colcon_core.verb[0m [1;30mLevel 5[0m set package 'elementbot_urdf' build argument 'catkin_skip_building_tests' from command line to 'False'
[0.640s] [34mcolcon.colcon_core.verb[0m [1;30mDEBUG[0m [32mBuilding package 'elementbot_urdf' with the following arguments: {'ament_cmake_args': None, 'build_base': '/home/ctk/element_ws/build/elementbot_urdf', 'catkin_cmake_args': None, 'catkin_skip_building_tests': False, 'cmake_args': None, 'cmake_clean_cache': False, 'cmake_clean_first': False, 'cmake_force_configure': False, 'cmake_target': None, 'cmake_target_skip_unavailable': False, 'install_base': '/home/ctk/element_ws/install/elementbot_urdf', 'merge_install': False, 'path': '/home/ctk/element_ws/src/elementbot_urdf', 'symlink_install': False, 'test_result_base': None}[0m
[0.640s] [34mcolcon.colcon_core.verb[0m [1;30mLevel 5[0m set package 'line_follower' build argument 'cmake_args' from command line to 'None'
[0.640s] [34mcolcon.colcon_core.verb[0m [1;30mLevel 5[0m set package 'line_follower' build argument 'cmake_target' from command line to 'None'
[0.640s] [34mcolcon.colcon_core.verb[0m [1;30mLevel 5[0m set package 'line_follower' build argument 'cmake_target_skip_unavailable' from command line to 'False'
[0.640s] [34mcolcon.colcon_core.verb[0m [1;30mLevel 5[0m set package 'line_follower' build argument 'cmake_clean_cache' from command line to 'False'
[0.640s] [34mcolcon.colcon_core.verb[0m [1;30mLevel 5[0m set package 'line_follower' build argument 'cmake_clean_first' from command line to 'False'
[0.640s] [34mcolcon.colcon_core.verb[0m [1;30mLevel 5[0m set package 'line_follower' build argument 'cmake_force_configure' from command line to 'False'
[0.640s] [34mcolcon.colcon_core.verb[0m [1;30mLevel 5[0m set package 'line_follower' build argument 'ament_cmake_args' from command line to 'None'
[0.641s] [34mcolcon.colcon_core.verb[0m [1;30mLevel 5[0m set package 'line_follower' build argument 'catkin_cmake_args' from command line to 'None'
[0.641s] [34mcolcon.colcon_core.verb[0m [1;30mLevel 5[0m set package 'line_follower' build argument 'catkin_skip_building_tests' from command line to 'False'
[0.641s] [34mcolcon.colcon_core.verb[0m [1;30mDEBUG[0m [32mBuilding package 'line_follower' with the following arguments: {'ament_cmake_args': None, 'build_base': '/home/ctk/element_ws/build/line_follower', 'catkin_cmake_args': None, 'catkin_skip_building_tests': False, 'cmake_args': None, 'cmake_clean_cache': False, 'cmake_clean_first': False, 'cmake_force_configure': False, 'cmake_target': None, 'cmake_target_skip_unavailable': False, 'install_base': '/home/ctk/element_ws/install/line_follower', 'merge_install': False, 'path': '/home/ctk/element_ws/src/line_follower', 'symlink_install': False, 'test_result_base': None}[0m
[0.641s] [34mcolcon.colcon_core.verb[0m [1;30mLevel 5[0m set package 'yolov5_ros2' build argument 'cmake_args' from command line to 'None'
[0.641s] [34mcolcon.colcon_core.verb[0m [1;30mLevel 5[0m set package 'yolov5_ros2' build argument 'cmake_target' from command line to 'None'
[0.641s] [34mcolcon.colcon_core.verb[0m [1;30mLevel 5[0m set package 'yolov5_ros2' build argument 'cmake_target_skip_unavailable' from command line to 'False'
[0.642s] [34mcolcon.colcon_core.verb[0m [1;30mLevel 5[0m set package 'yolov5_ros2' build argument 'cmake_clean_cache' from command line to 'False'
[0.642s] [34mcolcon.colcon_core.verb[0m [1;30mLevel 5[0m set package 'yolov5_ros2' build argument 'cmake_clean_first' from command line to 'False'
[0.642s] [34mcolcon.colcon_core.verb[0m [1;30mLevel 5[0m set package 'yolov5_ros2' build argument 'cmake_force_configure' from command line to 'False'
[0.642s] [34mcolcon.colcon_core.verb[0m [1;30mLevel 5[0m set package 'yolov5_ros2' build argument 'ament_cmake_args' from command line to 'None'
[0.642s] [34mcolcon.colcon_core.verb[0m [1;30mLevel 5[0m set package 'yolov5_ros2' build argument 'catkin_cmake_args' from command line to 'None'
[0.642s] [34mcolcon.colcon_core.verb[0m [1;30mLevel 5[0m set package 'yolov5_ros2' build argument 'catkin_skip_building_tests' from command line to 'False'
[0.642s] [34mcolcon.colcon_core.verb[0m [1;30mDEBUG[0m [32mBuilding package 'yolov5_ros2' with the following arguments: {'ament_cmake_args': None, 'build_base': '/home/ctk/element_ws/build/yolov5_ros2', 'catkin_cmake_args': None, 'catkin_skip_building_tests': False, 'cmake_args': None, 'cmake_clean_cache': False, 'cmake_clean_first': False, 'cmake_force_configure': False, 'cmake_target': None, 'cmake_target_skip_unavailable': False, 'install_base': '/home/ctk/element_ws/install/yolov5_ros2', 'merge_install': False, 'path': '/home/ctk/element_ws/src/yolo5_sim/yolov5_ros2', 'symlink_install': False, 'test_result_base': None}[0m
[0.642s] [34mcolcon.colcon_core.executor[0m [1;30mINFO[0m Executing jobs using 'parallel' executor
[0.644s] [34mcolcon.colcon_parallel_executor.executor.parallel[0m [1;30mDEBUG[0m [32mrun_until_complete[0m
[0.645s] [34mcolcon.colcon_ros.task.ament_python.build[0m [1;30mINFO[0m Building ROS package in '/home/ctk/element_ws/src/elementbot_gazebo' with build type 'ament_python'
[0.646s] [34mcolcon.colcon_core.shell[0m [1;30mLevel 1[0m create_environment_hook('elementbot_gazebo', 'ament_prefix_path')
[0.650s] [34mcolcon.colcon_core.plugin_system[0m [1;30mINFO[0m Skipping extension 'colcon_core.shell.bat': Not used on non-Windows systems
[0.651s] [34mcolcon.colcon_core.shell[0m [1;30mINFO[0m Creating environment hook '/home/ctk/element_ws/install/elementbot_gazebo/share/elementbot_gazebo/hook/ament_prefix_path.ps1'
[0.652s] [34mcolcon.colcon_core.shell[0m [1;30mINFO[0m Creating environment descriptor '/home/ctk/element_ws/install/elementbot_gazebo/share/elementbot_gazebo/hook/ament_prefix_path.dsv'
[0.652s] [34mcolcon.colcon_core.shell[0m [1;30mINFO[0m Creating environment hook '/home/ctk/element_ws/install/elementbot_gazebo/share/elementbot_gazebo/hook/ament_prefix_path.sh'
[0.653s] [34mcolcon.colcon_core.shell[0m [1;30mINFO[0m Skip shell extension 'powershell' for command environment: Not usable outside of PowerShell
[0.654s] [34mcolcon.colcon_core.shell[0m [1;30mDEBUG[0m [32mSkip shell extension 'dsv' for command environment[0m
[0.660s] [34mcolcon.colcon_ros.task.ament_python.build[0m [1;30mINFO[0m Building ROS package in '/home/ctk/element_ws/src/elementbot_navigation' with build type 'ament_python'
[0.662s] [34mcolcon.colcon_core.shell[0m [1;30mLevel 1[0m create_environment_hook('elementbot_navigation', 'ament_prefix_path')
[0.663s] [34mcolcon.colcon_core.shell[0m [1;30mINFO[0m Creating environment hook '/home/ctk/element_ws/install/elementbot_navigation/share/elementbot_navigation/hook/ament_prefix_path.ps1'
[0.666s] [34mcolcon.colcon_core.shell[0m [1;30mINFO[0m Creating environment descriptor '/home/ctk/element_ws/install/elementbot_navigation/share/elementbot_navigation/hook/ament_prefix_path.dsv'
[0.668s] [34mcolcon.colcon_core.shell[0m [1;30mINFO[0m Creating environment hook '/home/ctk/element_ws/install/elementbot_navigation/share/elementbot_navigation/hook/ament_prefix_path.sh'
[0.670s] [34mcolcon.colcon_core.shell[0m [1;30mINFO[0m Skip shell extension 'powershell' for command environment: Not usable outside of PowerShell
[0.670s] [34mcolcon.colcon_core.shell[0m [1;30mDEBUG[0m [32mSkip shell extension 'dsv' for command environment[0m
[0.681s] [34mcolcon.colcon_ros.task.ament_python.build[0m [1;30mINFO[0m Building ROS package in '/home/ctk/element_ws/src/elementbot_urdf' with build type 'ament_python'
[0.682s] [34mcolcon.colcon_core.shell[0m [1;30mLevel 1[0m create_environment_hook('elementbot_urdf', 'ament_prefix_path')
[0.683s] [34mcolcon.colcon_core.shell[0m [1;30mINFO[0m Creating environment hook '/home/ctk/element_ws/install/elementbot_urdf/share/elementbot_urdf/hook/ament_prefix_path.ps1'
[0.685s] [34mcolcon.colcon_core.shell[0m [1;30mINFO[0m Creating environment descriptor '/home/ctk/element_ws/install/elementbot_urdf/share/elementbot_urdf/hook/ament_prefix_path.dsv'
[0.687s] [34mcolcon.colcon_core.shell[0m [1;30mINFO[0m Creating environment hook '/home/ctk/element_ws/install/elementbot_urdf/share/elementbot_urdf/hook/ament_prefix_path.sh'
[0.690s] [34mcolcon.colcon_core.shell[0m [1;30mINFO[0m Skip shell extension 'powershell' for command environment: Not usable outside of PowerShell
[0.691s] [34mcolcon.colcon_core.shell[0m [1;30mDEBUG[0m [32mSkip shell extension 'dsv' for command environment[0m
[0.705s] [34mcolcon.colcon_ros.task.ament_python.build[0m [1;30mINFO[0m Building ROS package in '/home/ctk/element_ws/src/line_follower' with build type 'ament_python'
[0.706s] [34mcolcon.colcon_core.shell[0m [1;30mLevel 1[0m create_environment_hook('line_follower', 'ament_prefix_path')
[0.708s] [34mcolcon.colcon_core.shell[0m [1;30mINFO[0m Creating environment hook '/home/ctk/element_ws/install/line_follower/share/line_follower/hook/ament_prefix_path.ps1'
[0.711s] [34mcolcon.colcon_core.shell[0m [1;30mINFO[0m Creating environment descriptor '/home/ctk/element_ws/install/line_follower/share/line_follower/hook/ament_prefix_path.dsv'
[0.712s] [34mcolcon.colcon_core.shell[0m [1;30mINFO[0m Creating environment hook '/home/ctk/element_ws/install/line_follower/share/line_follower/hook/ament_prefix_path.sh'
[0.714s] [34mcolcon.colcon_core.shell[0m [1;30mINFO[0m Skip shell extension 'powershell' for command environment: Not usable outside of PowerShell
[0.714s] [34mcolcon.colcon_core.shell[0m [1;30mDEBUG[0m [32mSkip shell extension 'dsv' for command environment[0m
[0.724s] [34mcolcon.colcon_ros.task.ament_python.build[0m [1;30mINFO[0m Building ROS package in '/home/ctk/element_ws/src/yolo5_sim/yolov5_ros2' with build type 'ament_python'
[0.725s] [34mcolcon.colcon_core.shell[0m [1;30mLevel 1[0m create_environment_hook('yolov5_ros2', 'ament_prefix_path')
[0.728s] [34mcolcon.colcon_core.shell[0m [1;30mINFO[0m Creating environment hook '/home/ctk/element_ws/install/yolov5_ros2/share/yolov5_ros2/hook/ament_prefix_path.ps1'
[0.733s] [34mcolcon.colcon_core.shell[0m [1;30mINFO[0m Creating environment descriptor '/home/ctk/element_ws/install/yolov5_ros2/share/yolov5_ros2/hook/ament_prefix_path.dsv'
[0.736s] [34mcolcon.colcon_core.shell[0m [1;30mINFO[0m Creating environment hook '/home/ctk/element_ws/install/yolov5_ros2/share/yolov5_ros2/hook/ament_prefix_path.sh'
[0.742s] [34mcolcon.colcon_core.shell[0m [1;30mINFO[0m Skip shell extension 'powershell' for command environment: Not usable outside of PowerShell
[0.745s] [34mcolcon.colcon_core.shell[0m [1;30mDEBUG[0m [32mSkip shell extension 'dsv' for command environment[0m
[1.580s] [34mcolcon.colcon_core.task.python.build[0m [1;30mINFO[0m Building Python package in '/home/ctk/element_ws/src/elementbot_gazebo'
[1.582s] [34mcolcon.colcon_core.shell[0m [1;30mINFO[0m Skip shell extension 'powershell' for command environment: Not usable outside of PowerShell
[1.582s] [34mcolcon.colcon_core.shell[0m [1;30mDEBUG[0m [32mSkip shell extension 'dsv' for command environment[0m
[2.381s] [34mcolcon.colcon_core.task.python.build[0m [1;30mINFO[0m Building Python package in '/home/ctk/element_ws/src/elementbot_navigation'
[2.383s] [34mcolcon.colcon_core.shell[0m [1;30mINFO[0m Skip shell extension 'powershell' for command environment: Not usable outside of PowerShell
[2.384s] [34mcolcon.colcon_core.shell[0m [1;30mDEBUG[0m [32mSkip shell extension 'dsv' for command environment[0m
[3.229s] [34mcolcon.colcon_core.task.python.build[0m [1;30mINFO[0m Building Python package in '/home/ctk/element_ws/src/elementbot_urdf'
[3.234s] [34mcolcon.colcon_core.shell[0m [1;30mINFO[0m Skip shell extension 'powershell' for command environment: Not usable outside of PowerShell
[3.236s] [34mcolcon.colcon_core.shell[0m [1;30mDEBUG[0m [32mSkip shell extension 'dsv' for command environment[0m
[4.100s] [34mcolcon.colcon_core.task.python.build[0m [1;30mINFO[0m Building Python package in '/home/ctk/element_ws/src/line_follower'
[4.101s] [34mcolcon.colcon_core.shell[0m [1;30mINFO[0m Skip shell extension 'powershell' for command environment: Not usable outside of PowerShell
[4.102s] [34mcolcon.colcon_core.shell[0m [1;30mDEBUG[0m [32mSkip shell extension 'dsv' for command environment[0m
[4.875s] [34mcolcon.colcon_ros.task.ament_python.build[0m [1;30mWARNING[0m [33mPackage 'yolov5_ros2' doesn't explicitly install a marker in the package index (colcon-ros currently does it implicitly but that fallback will be removed in the future)[0m
[4.876s] [34mcolcon.colcon_core.task.python.build[0m [1;30mINFO[0m Building Python package in '/home/ctk/element_ws/src/yolo5_sim/yolov5_ros2'
[4.876s] [34mcolcon.colcon_core.shell[0m [1;30mINFO[0m Skip shell extension 'powershell' for command environment: Not usable outside of PowerShell
[4.876s] [34mcolcon.colcon_core.shell[0m [1;30mDEBUG[0m [32mSkip shell extension 'dsv' for command environment[0m
[6.868s] [34mcolcon.colcon_core.event_handler.log_command[0m [1;30mDEBUG[0m [32mInvoking command in '/home/ctk/element_ws/src/elementbot_gazebo': PYTHONPATH=/home/ctk/element_ws/build/elementbot_gazebo/prefix_override:/usr/lib/python3/dist-packages/colcon_core/task/python/colcon_distutils_commands:/home/ctk/element_ws/install/elementbot_gazebo/lib/python3.10/site-packages:${PYTHONPATH} /usr/bin/python3 -W ignore:setup.py install is deprecated -W ignore:easy_install command is deprecated setup.py egg_info --egg-base ../../build/elementbot_gazebo build --build-base /home/ctk/element_ws/build/elementbot_gazebo/build install --record /home/ctk/element_ws/build/elementbot_gazebo/install.log --single-version-externally-managed install_data[0m
[7.066s] [34mcolcon.colcon_core.event_handler.log_command[0m [1;30mDEBUG[0m [32mInvoking command in '/home/ctk/element_ws/src/elementbot_navigation': PYTHONPATH=/home/ctk/element_ws/build/elementbot_navigation/prefix_override:/usr/lib/python3/dist-packages/colcon_core/task/python/colcon_distutils_commands:/home/ctk/element_ws/install/elementbot_navigation/lib/python3.10/site-packages:${PYTHONPATH} /usr/bin/python3 -W ignore:setup.py install is deprecated -W ignore:easy_install command is deprecated setup.py egg_info --egg-base ../../build/elementbot_navigation build --build-base /home/ctk/element_ws/build/elementbot_navigation/build install --record /home/ctk/element_ws/build/elementbot_navigation/install.log --single-version-externally-managed install_data[0m
[7.166s] [34mcolcon.colcon_core.event_handler.log_command[0m [1;30mDEBUG[0m [32mInvoking command in '/home/ctk/element_ws/src/elementbot_urdf': PYTHONPATH=/home/ctk/element_ws/build/elementbot_urdf/prefix_override:/usr/lib/python3/dist-packages/colcon_core/task/python/colcon_distutils_commands:/home/ctk/element_ws/install/elementbot_urdf/lib/python3.10/site-packages:${PYTHONPATH} /usr/bin/python3 -W ignore:setup.py install is deprecated -W ignore:easy_install command is deprecated setup.py egg_info --egg-base ../../build/elementbot_urdf build --build-base /home/ctk/element_ws/build/elementbot_urdf/build install --record /home/ctk/element_ws/build/elementbot_urdf/install.log --single-version-externally-managed install_data[0m
[7.190s] [34mcolcon.colcon_core.event_handler.log_command[0m [1;30mDEBUG[0m [32mInvoking command in '/home/ctk/element_ws/src/line_follower': PYTHONPATH=/home/ctk/element_ws/build/line_follower/prefix_override:/usr/lib/python3/dist-packages/colcon_core/task/python/colcon_distutils_commands:/home/ctk/element_ws/install/line_follower/lib/python3.10/site-packages:${PYTHONPATH} /usr/bin/python3 -W ignore:setup.py install is deprecated -W ignore:easy_install command is deprecated setup.py egg_info --egg-base ../../build/line_follower build --build-base /home/ctk/element_ws/build/line_follower/build install --record /home/ctk/element_ws/build/line_follower/install.log --single-version-externally-managed install_data[0m
[7.730s] [34mcolcon.colcon_core.event_handler.log_command[0m [1;30mDEBUG[0m [32mInvoking command in '/home/ctk/element_ws/src/yolo5_sim/yolov5_ros2': PYTHONPATH=/home/ctk/element_ws/build/yolov5_ros2/prefix_override:/usr/lib/python3/dist-packages/colcon_core/task/python/colcon_distutils_commands:/home/ctk/element_ws/install/yolov5_ros2/lib/python3.10/site-packages:${PYTHONPATH} /usr/bin/python3 -W ignore:setup.py install is deprecated -W ignore:easy_install command is deprecated setup.py egg_info --egg-base ../../../build/yolov5_ros2 build --build-base /home/ctk/element_ws/build/yolov5_ros2/build install --record /home/ctk/element_ws/build/yolov5_ros2/install.log --single-version-externally-managed install_data[0m
[8.552s] [34mcolcon.colcon_core.event_handler.log_command[0m [1;30mDEBUG[0m [32mInvoked command in '/home/ctk/element_ws/src/elementbot_gazebo' returned '0': PYTHONPATH=/home/ctk/element_ws/build/elementbot_gazebo/prefix_override:/usr/lib/python3/dist-packages/colcon_core/task/python/colcon_distutils_commands:/home/ctk/element_ws/install/elementbot_gazebo/lib/python3.10/site-packages:${PYTHONPATH} /usr/bin/python3 -W ignore:setup.py install is deprecated -W ignore:easy_install command is deprecated setup.py egg_info --egg-base ../../build/elementbot_gazebo build --build-base /home/ctk/element_ws/build/elementbot_gazebo/build install --record /home/ctk/element_ws/build/elementbot_gazebo/install.log --single-version-externally-managed install_data[0m
[8.562s] [34mcolcon.colcon_core.environment[0m [1;30mLevel 1[0m checking '/home/ctk/element_ws/install/elementbot_gazebo' for CMake module files
[8.564s] [34mcolcon.colcon_core.environment[0m [1;30mLevel 1[0m checking '/home/ctk/element_ws/install/elementbot_gazebo' for CMake config files
[8.565s] [34mcolcon.colcon_core.environment[0m [1;30mLevel 1[0m checking '/home/ctk/element_ws/install/elementbot_gazebo/lib'
[8.565s] [34mcolcon.colcon_core.environment[0m [1;30mLevel 1[0m checking '/home/ctk/element_ws/install/elementbot_gazebo/bin'
[8.565s] [34mcolcon.colcon_core.environment[0m [1;30mLevel 1[0m checking '/home/ctk/element_ws/install/elementbot_gazebo/lib/pkgconfig/elementbot_gazebo.pc'
[8.566s] [34mcolcon.colcon_core.environment[0m [1;30mLevel 1[0m checking '/home/ctk/element_ws/install/elementbot_gazebo/lib/python3.10/site-packages'
[8.566s] [34mcolcon.colcon_core.shell[0m [1;30mLevel 1[0m create_environment_hook('elementbot_gazebo', 'pythonpath')
[8.566s] [34mcolcon.colcon_core.shell[0m [1;30mINFO[0m Creating environment hook '/home/ctk/element_ws/install/elementbot_gazebo/share/elementbot_gazebo/hook/pythonpath.ps1'
[8.568s] [34mcolcon.colcon_core.shell[0m [1;30mINFO[0m Creating environment descriptor '/home/ctk/element_ws/install/elementbot_gazebo/share/elementbot_gazebo/hook/pythonpath.dsv'
[8.568s] [34mcolcon.colcon_core.shell[0m [1;30mINFO[0m Creating environment hook '/home/ctk/element_ws/install/elementbot_gazebo/share/elementbot_gazebo/hook/pythonpath.sh'
[8.570s] [34mcolcon.colcon_core.environment[0m [1;30mLevel 1[0m checking '/home/ctk/element_ws/install/elementbot_gazebo/bin'
[8.570s] [34mcolcon.colcon_core.environment[0m [1;30mLevel 1[0m create_environment_scripts_only(elementbot_gazebo)
[8.572s] [34mcolcon.colcon_core.shell[0m [1;30mINFO[0m Creating package script '/home/ctk/element_ws/install/elementbot_gazebo/share/elementbot_gazebo/package.ps1'
[8.574s] [34mcolcon.colcon_core.shell[0m [1;30mINFO[0m Creating package descriptor '/home/ctk/element_ws/install/elementbot_gazebo/share/elementbot_gazebo/package.dsv'
[8.576s] [34mcolcon.colcon_core.shell[0m [1;30mINFO[0m Creating package script '/home/ctk/element_ws/install/elementbot_gazebo/share/elementbot_gazebo/package.sh'
[8.578s] [34mcolcon.colcon_core.shell[0m [1;30mINFO[0m Creating package script '/home/ctk/element_ws/install/elementbot_gazebo/share/elementbot_gazebo/package.bash'
[8.581s] [34mcolcon.colcon_core.shell[0m [1;30mINFO[0m Creating package script '/home/ctk/element_ws/install/elementbot_gazebo/share/elementbot_gazebo/package.zsh'
[8.585s] [34mcolcon.colcon_core.environment[0m [1;30mLevel 1[0m create_file_with_runtime_dependencies(/home/ctk/element_ws/install/elementbot_gazebo/share/colcon-core/packages/elementbot_gazebo)
[9.272s] [34mcolcon.colcon_core.environment[0m [1;30mLevel 1[0m checking '/home/ctk/element_ws/install/elementbot_navigation' for CMake module files
[9.274s] [34mcolcon.colcon_core.event_handler.log_command[0m [1;30mDEBUG[0m [32mInvoked command in '/home/ctk/element_ws/src/elementbot_navigation' returned '0': PYTHONPATH=/home/ctk/element_ws/build/elementbot_navigation/prefix_override:/usr/lib/python3/dist-packages/colcon_core/task/python/colcon_distutils_commands:/home/ctk/element_ws/install/elementbot_navigation/lib/python3.10/site-packages:${PYTHONPATH} /usr/bin/python3 -W ignore:setup.py install is deprecated -W ignore:easy_install command is deprecated setup.py egg_info --egg-base ../../build/elementbot_navigation build --build-base /home/ctk/element_ws/build/elementbot_navigation/build install --record /home/ctk/element_ws/build/elementbot_navigation/install.log --single-version-externally-managed install_data[0m
[9.275s] [34mcolcon.colcon_core.environment[0m [1;30mLevel 1[0m checking '/home/ctk/element_ws/install/elementbot_navigation' for CMake config files
[9.278s] [34mcolcon.colcon_core.environment[0m [1;30mLevel 1[0m checking '/home/ctk/element_ws/install/elementbot_navigation/lib'
[9.278s] [34mcolcon.colcon_core.environment[0m [1;30mLevel 1[0m checking '/home/ctk/element_ws/install/elementbot_navigation/bin'
[9.279s] [34mcolcon.colcon_core.environment[0m [1;30mLevel 1[0m checking '/home/ctk/element_ws/install/elementbot_navigation/lib/pkgconfig/elementbot_navigation.pc'
[9.279s] [34mcolcon.colcon_core.environment[0m [1;30mLevel 1[0m checking '/home/ctk/element_ws/install/elementbot_navigation/lib/python3.10/site-packages'
[9.279s] [34mcolcon.colcon_core.shell[0m [1;30mLevel 1[0m create_environment_hook('elementbot_navigation', 'pythonpath')
[9.280s] [34mcolcon.colcon_core.shell[0m [1;30mINFO[0m Creating environment hook '/home/ctk/element_ws/install/elementbot_navigation/share/elementbot_navigation/hook/pythonpath.ps1'
[9.283s] [34mcolcon.colcon_core.shell[0m [1;30mINFO[0m Creating environment descriptor '/home/ctk/element_ws/install/elementbot_navigation/share/elementbot_navigation/hook/pythonpath.dsv'
[9.287s] [34mcolcon.colcon_core.shell[0m [1;30mINFO[0m Creating environment hook '/home/ctk/element_ws/install/elementbot_navigation/share/elementbot_navigation/hook/pythonpath.sh'
[9.288s] [34mcolcon.colcon_core.environment[0m [1;30mLevel 1[0m checking '/home/ctk/element_ws/install/elementbot_navigation/bin'
[9.289s] [34mcolcon.colcon_core.environment[0m [1;30mLevel 1[0m create_environment_scripts_only(elementbot_navigation)
[9.291s] [34mcolcon.colcon_core.shell[0m [1;30mINFO[0m Creating package script '/home/ctk/element_ws/install/elementbot_navigation/share/elementbot_navigation/package.ps1'
[9.297s] [34mcolcon.colcon_core.shell[0m [1;30mINFO[0m Creating package descriptor '/home/ctk/element_ws/install/elementbot_navigation/share/elementbot_navigation/package.dsv'
[9.300s] [34mcolcon.colcon_core.shell[0m [1;30mINFO[0m Creating package script '/home/ctk/element_ws/install/elementbot_navigation/share/elementbot_navigation/package.sh'
[9.302s] [34mcolcon.colcon_core.shell[0m [1;30mINFO[0m Creating package script '/home/ctk/element_ws/install/elementbot_navigation/share/elementbot_navigation/package.bash'
[9.304s] [34mcolcon.colcon_core.shell[0m [1;30mINFO[0m Creating package script '/home/ctk/element_ws/install/elementbot_navigation/share/elementbot_navigation/package.zsh'
[9.306s] [34mcolcon.colcon_core.environment[0m [1;30mLevel 1[0m create_file_with_runtime_dependencies(/home/ctk/element_ws/install/elementbot_navigation/share/colcon-core/packages/elementbot_navigation)
[9.435s] [34mcolcon.colcon_core.environment[0m [1;30mLevel 1[0m checking '/home/ctk/element_ws/install/elementbot_urdf' for CMake module files
[9.436s] [34mcolcon.colcon_core.environment[0m [1;30mLevel 1[0m checking '/home/ctk/element_ws/install/elementbot_urdf' for CMake config files
[9.439s] [34mcolcon.colcon_core.environment[0m [1;30mLevel 1[0m checking '/home/ctk/element_ws/install/elementbot_urdf/lib'
[9.440s] [34mcolcon.colcon_core.environment[0m [1;30mLevel 1[0m checking '/home/ctk/element_ws/install/elementbot_urdf/bin'
[9.440s] [34mcolcon.colcon_core.environment[0m [1;30mLevel 1[0m checking '/home/ctk/element_ws/install/elementbot_urdf/lib/pkgconfig/elementbot_urdf.pc'
[9.440s] [34mcolcon.colcon_core.environment[0m [1;30mLevel 1[0m checking '/home/ctk/element_ws/install/elementbot_urdf/lib/python3.10/site-packages'
[9.440s] [34mcolcon.colcon_core.shell[0m [1;30mLevel 1[0m create_environment_hook('elementbot_urdf', 'pythonpath')
[9.441s] [34mcolcon.colcon_core.shell[0m [1;30mINFO[0m Creating environment hook '/home/ctk/element_ws/install/elementbot_urdf/share/elementbot_urdf/hook/pythonpath.ps1'
[9.446s] [34mcolcon.colcon_core.shell[0m [1;30mINFO[0m Creating environment descriptor '/home/ctk/element_ws/install/elementbot_urdf/share/elementbot_urdf/hook/pythonpath.dsv'
[9.452s] [34mcolcon.colcon_core.event_handler.log_command[0m [1;30mDEBUG[0m [32mInvoked command in '/home/ctk/element_ws/src/elementbot_urdf' returned '0': PYTHONPATH=/home/ctk/element_ws/build/elementbot_urdf/prefix_override:/usr/lib/python3/dist-packages/colcon_core/task/python/colcon_distutils_commands:/home/ctk/element_ws/install/elementbot_urdf/lib/python3.10/site-packages:${PYTHONPATH} /usr/bin/python3 -W ignore:setup.py install is deprecated -W ignore:easy_install command is deprecated setup.py egg_info --egg-base ../../build/elementbot_urdf build --build-base /home/ctk/element_ws/build/elementbot_urdf/build install --record /home/ctk/element_ws/build/elementbot_urdf/install.log --single-version-externally-managed install_data[0m
[9.454s] [34mcolcon.colcon_core.shell[0m [1;30mINFO[0m Creating environment hook '/home/ctk/element_ws/install/elementbot_urdf/share/elementbot_urdf/hook/pythonpath.sh'
[9.462s] [34mcolcon.colcon_core.environment[0m [1;30mLevel 1[0m checking '/home/ctk/element_ws/install/elementbot_urdf/bin'
[9.462s] [34mcolcon.colcon_core.environment[0m [1;30mLevel 1[0m create_environment_scripts_only(elementbot_urdf)
[9.469s] [34mcolcon.colcon_core.shell[0m [1;30mINFO[0m Creating package script '/home/ctk/element_ws/install/elementbot_urdf/share/elementbot_urdf/package.ps1'
[9.476s] [34mcolcon.colcon_core.shell[0m [1;30mINFO[0m Creating package descriptor '/home/ctk/element_ws/install/elementbot_urdf/share/elementbot_urdf/package.dsv'
[9.478s] [34mcolcon.colcon_core.shell[0m [1;30mINFO[0m Creating package script '/home/ctk/element_ws/install/elementbot_urdf/share/elementbot_urdf/package.sh'
[9.480s] [34mcolcon.colcon_core.shell[0m [1;30mINFO[0m Creating package script '/home/ctk/element_ws/install/elementbot_urdf/share/elementbot_urdf/package.bash'
[9.481s] [34mcolcon.colcon_core.shell[0m [1;30mINFO[0m Creating package script '/home/ctk/element_ws/install/elementbot_urdf/share/elementbot_urdf/package.zsh'
[9.483s] [34mcolcon.colcon_core.environment[0m [1;30mLevel 1[0m create_file_with_runtime_dependencies(/home/ctk/element_ws/install/elementbot_urdf/share/colcon-core/packages/elementbot_urdf)
[9.698s] [34mcolcon.colcon_core.environment[0m [1;30mLevel 1[0m checking '/home/ctk/element_ws/install/line_follower' for CMake module files
[9.706s] [34mcolcon.colcon_core.environment[0m [1;30mLevel 1[0m checking '/home/ctk/element_ws/install/line_follower' for CMake config files
[9.703s] [34mcolcon.colcon_core.event_handler.log_command[0m [1;30mDEBUG[0m [32mInvoked command in '/home/ctk/element_ws/src/line_follower' returned '0': PYTHONPATH=/home/ctk/element_ws/build/line_follower/prefix_override:/usr/lib/python3/dist-packages/colcon_core/task/python/colcon_distutils_commands:/home/ctk/element_ws/install/line_follower/lib/python3.10/site-packages:${PYTHONPATH} /usr/bin/python3 -W ignore:setup.py install is deprecated -W ignore:easy_install command is deprecated setup.py egg_info --egg-base ../../build/line_follower build --build-base /home/ctk/element_ws/build/line_follower/build install --record /home/ctk/element_ws/build/line_follower/install.log --single-version-externally-managed install_data[0m
[9.713s] [34mcolcon.colcon_core.environment[0m [1;30mLevel 1[0m checking '/home/ctk/element_ws/install/line_follower/lib'
[9.714s] [34mcolcon.colcon_core.environment[0m [1;30mLevel 1[0m checking '/home/ctk/element_ws/install/line_follower/bin'
[9.715s] [34mcolcon.colcon_core.environment[0m [1;30mLevel 1[0m checking '/home/ctk/element_ws/install/line_follower/lib/pkgconfig/line_follower.pc'
[9.716s] [34mcolcon.colcon_core.environment[0m [1;30mLevel 1[0m checking '/home/ctk/element_ws/install/line_follower/lib/python3.10/site-packages'
[9.716s] [34mcolcon.colcon_core.shell[0m [1;30mLevel 1[0m create_environment_hook('line_follower', 'pythonpath')
[9.717s] [34mcolcon.colcon_core.shell[0m [1;30mINFO[0m Creating environment hook '/home/ctk/element_ws/install/line_follower/share/line_follower/hook/pythonpath.ps1'
[9.719s] [34mcolcon.colcon_core.shell[0m [1;30mINFO[0m Creating environment descriptor '/home/ctk/element_ws/install/line_follower/share/line_follower/hook/pythonpath.dsv'
[9.721s] [34mcolcon.colcon_core.shell[0m [1;30mINFO[0m Creating environment hook '/home/ctk/element_ws/install/line_follower/share/line_follower/hook/pythonpath.sh'
[9.728s] [34mcolcon.colcon_core.environment[0m [1;30mLevel 1[0m checking '/home/ctk/element_ws/install/line_follower/bin'
[9.729s] [34mcolcon.colcon_core.environment[0m [1;30mLevel 1[0m create_environment_scripts_only(line_follower)
[9.730s] [34mcolcon.colcon_core.shell[0m [1;30mINFO[0m Creating package script '/home/ctk/element_ws/install/line_follower/share/line_follower/package.ps1'
[9.731s] [34mcolcon.colcon_core.shell[0m [1;30mINFO[0m Creating package descriptor '/home/ctk/element_ws/install/line_follower/share/line_follower/package.dsv'
[9.732s] [34mcolcon.colcon_core.shell[0m [1;30mINFO[0m Creating package script '/home/ctk/element_ws/install/line_follower/share/line_follower/package.sh'
[9.733s] [34mcolcon.colcon_core.shell[0m [1;30mINFO[0m Creating package script '/home/ctk/element_ws/install/line_follower/share/line_follower/package.bash'
[9.734s] [34mcolcon.colcon_core.shell[0m [1;30mINFO[0m Creating package script '/home/ctk/element_ws/install/line_follower/share/line_follower/package.zsh'
[9.734s] [34mcolcon.colcon_core.environment[0m [1;30mLevel 1[0m create_file_with_runtime_dependencies(/home/ctk/element_ws/install/line_follower/share/colcon-core/packages/line_follower)
[10.122s] [34mcolcon.colcon_core.environment[0m [1;30mLevel 1[0m checking '/home/ctk/element_ws/install/yolov5_ros2' for CMake module files
[10.125s] [34mcolcon.colcon_core.environment[0m [1;30mLevel 1[0m checking '/home/ctk/element_ws/install/yolov5_ros2' for CMake config files
[10.127s] [34mcolcon.colcon_core.event_handler.log_command[0m [1;30mDEBUG[0m [32mInvoked command in '/home/ctk/element_ws/src/yolo5_sim/yolov5_ros2' returned '0': PYTHONPATH=/home/ctk/element_ws/build/yolov5_ros2/prefix_override:/usr/lib/python3/dist-packages/colcon_core/task/python/colcon_distutils_commands:/home/ctk/element_ws/install/yolov5_ros2/lib/python3.10/site-packages:${PYTHONPATH} /usr/bin/python3 -W ignore:setup.py install is deprecated -W ignore:easy_install command is deprecated setup.py egg_info --egg-base ../../../build/yolov5_ros2 build --build-base /home/ctk/element_ws/build/yolov5_ros2/build install --record /home/ctk/element_ws/build/yolov5_ros2/install.log --single-version-externally-managed install_data[0m
[10.135s] [34mcolcon.colcon_core.environment[0m [1;30mLevel 1[0m checking '/home/ctk/element_ws/install/yolov5_ros2/lib'
[10.136s] [34mcolcon.colcon_core.environment[0m [1;30mLevel 1[0m checking '/home/ctk/element_ws/install/yolov5_ros2/bin'
[10.138s] [34mcolcon.colcon_core.environment[0m [1;30mLevel 1[0m checking '/home/ctk/element_ws/install/yolov5_ros2/lib/pkgconfig/yolov5_ros2.pc'
[10.140s] [34mcolcon.colcon_core.environment[0m [1;30mLevel 1[0m checking '/home/ctk/element_ws/install/yolov5_ros2/lib/python3.10/site-packages'
[10.141s] [34mcolcon.colcon_core.shell[0m [1;30mLevel 1[0m create_environment_hook('yolov5_ros2', 'pythonpath')
[10.143s] [34mcolcon.colcon_core.shell[0m [1;30mINFO[0m Creating environment hook '/home/ctk/element_ws/install/yolov5_ros2/share/yolov5_ros2/hook/pythonpath.ps1'
[10.149s] [34mcolcon.colcon_core.shell[0m [1;30mINFO[0m Creating environment descriptor '/home/ctk/element_ws/install/yolov5_ros2/share/yolov5_ros2/hook/pythonpath.dsv'
[10.155s] [34mcolcon.colcon_core.shell[0m [1;30mINFO[0m Creating environment hook '/home/ctk/element_ws/install/yolov5_ros2/share/yolov5_ros2/hook/pythonpath.sh'
[10.160s] [34mcolcon.colcon_core.environment[0m [1;30mLevel 1[0m checking '/home/ctk/element_ws/install/yolov5_ros2/bin'
[10.160s] [34mcolcon.colcon_core.environment[0m [1;30mLevel 1[0m create_environment_scripts_only(yolov5_ros2)
[10.161s] [34mcolcon.colcon_core.shell[0m [1;30mINFO[0m Creating package script '/home/ctk/element_ws/install/yolov5_ros2/share/yolov5_ros2/package.ps1'
[10.163s] [34mcolcon.colcon_core.shell[0m [1;30mINFO[0m Creating package descriptor '/home/ctk/element_ws/install/yolov5_ros2/share/yolov5_ros2/package.dsv'
[10.164s] [34mcolcon.colcon_core.shell[0m [1;30mINFO[0m Creating package script '/home/ctk/element_ws/install/yolov5_ros2/share/yolov5_ros2/package.sh'
[10.165s] [34mcolcon.colcon_core.shell[0m [1;30mINFO[0m Creating package script '/home/ctk/element_ws/install/yolov5_ros2/share/yolov5_ros2/package.bash'
[10.169s] [34mcolcon.colcon_core.shell[0m [1;30mINFO[0m Creating package script '/home/ctk/element_ws/install/yolov5_ros2/share/yolov5_ros2/package.zsh'
[10.177s] [34mcolcon.colcon_core.environment[0m [1;30mLevel 1[0m create_file_with_runtime_dependencies(/home/ctk/element_ws/install/yolov5_ros2/share/colcon-core/packages/yolov5_ros2)
[10.178s] [34mcolcon.colcon_parallel_executor.executor.parallel[0m [1;30mDEBUG[0m [32mclosing loop[0m
[10.179s] [34mcolcon.colcon_parallel_executor.executor.parallel[0m [1;30mDEBUG[0m [32mloop closed[0m
[10.179s] [34mcolcon.colcon_parallel_executor.executor.parallel[0m [1;30mDEBUG[0m [32mrun_until_complete finished with '0'[0m
[10.179s] [34mcolcon.colcon_core.event_reactor[0m [1;30mDEBUG[0m [32mjoining thread[0m
[10.195s] [34mcolcon.colcon_core.plugin_system[0m [1;30mINFO[0m Skipping extension 'colcon_notification.desktop_notification.terminal_notifier': Not used on non-Darwin systems
[10.196s] [34mcolcon.colcon_core.plugin_system[0m [1;30mINFO[0m Skipping extension 'colcon_notification.desktop_notification.win32': Not used on non-Windows systems
[10.196s] [34mcolcon.colcon_notification.desktop_notification[0m [1;30mINFO[0m Sending desktop notification using 'notify2'
[10.227s] [34mcolcon.colcon_core.event_reactor[0m [1;30mDEBUG[0m [32mjoined thread[0m
[10.232s] [34mcolcon.colcon_core.shell[0m [1;30mINFO[0m Creating prefix script '/home/ctk/element_ws/install/local_setup.ps1'
[10.240s] [34mcolcon.colcon_core.shell[0m [1;30mINFO[0m Creating prefix util module '/home/ctk/element_ws/install/_local_setup_util_ps1.py'
[10.253s] [34mcolcon.colcon_core.shell[0m [1;30mINFO[0m Creating prefix chain script '/home/ctk/element_ws/install/setup.ps1'
[10.257s] [34mcolcon.colcon_core.shell[0m [1;30mINFO[0m Creating prefix script '/home/ctk/element_ws/install/local_setup.sh'
[10.259s] [34mcolcon.colcon_core.shell[0m [1;30mINFO[0m Creating prefix util module '/home/ctk/element_ws/install/_local_setup_util_sh.py'
[10.262s] [34mcolcon.colcon_core.shell[0m [1;30mINFO[0m Creating prefix chain script '/home/ctk/element_ws/install/setup.sh'
[10.271s] [34mcolcon.colcon_core.shell[0m [1;30mINFO[0m Creating prefix script '/home/ctk/element_ws/install/local_setup.bash'
[10.273s] [34mcolcon.colcon_core.shell[0m [1;30mINFO[0m Creating prefix chain script '/home/ctk/element_ws/install/setup.bash'
[10.275s] [34mcolcon.colcon_core.shell[0m [1;30mINFO[0m Creating prefix script '/home/ctk/element_ws/install/local_setup.zsh'
[10.276s] [34mcolcon.colcon_core.shell[0m [1;30mINFO[0m Creating prefix chain script '/home/ctk/element_ws/install/setup.zsh'
