[7.912s] Invoking command in '/home/ctk/element_ws/src/line_follower': PYTHONPATH=/home/ctk/element_ws/build/line_follower/prefix_override:/usr/lib/python3/dist-packages/colcon_core/task/python/colcon_distutils_commands:/home/ctk/element_ws/install/line_follower/lib/python3.10/site-packages:${PYTHONPATH} /usr/bin/python3 -W ignore:setup.py install is deprecated -W ignore:easy_install command is deprecated setup.py egg_info --egg-base ../../build/line_follower build --build-base /home/ctk/element_ws/build/line_follower/build install --record /home/ctk/element_ws/build/line_follower/install.log --single-version-externally-managed install_data
[9.461s] running egg_info
[9.517s] writing ../../build/line_follower/line_follower.egg-info/PKG-INFO
[9.522s] writing dependency_links to ../../build/line_follower/line_follower.egg-info/dependency_links.txt
[9.530s] writing entry points to ../../build/line_follower/line_follower.egg-info/entry_points.txt
[9.536s] writing requirements to ../../build/line_follower/line_follower.egg-info/requires.txt
[9.540s] writing top-level names to ../../build/line_follower/line_follower.egg-info/top_level.txt
[9.740s] reading manifest file '../../build/line_follower/line_follower.egg-info/SOURCES.txt'
[9.745s] writing manifest file '../../build/line_follower/line_follower.egg-info/SOURCES.txt'
[9.751s] running build
[9.751s] running build_py
[9.751s] copying line_follower/__init__.py -> /home/ctk/element_ws/build/line_follower/build/lib/line_follower
[9.751s] copying line_follower/line_follower.py -> /home/ctk/element_ws/build/line_follower/build/lib/line_follower
[9.756s] running install
[9.791s] running install_lib
[9.884s] running install_data
[9.885s] copying resource/line_follower -> /home/ctk/element_ws/install/line_follower/share/ament_index/resource_index/packages
[9.900s] copying package.xml -> /home/ctk/element_ws/install/line_follower/share/line_follower
[9.901s] copying launch/elementbot_gz_line_follower.launch.py -> /home/ctk/element_ws/install/line_follower/share/line_follower/launch
[9.901s] running install_egg_info
[9.970s] removing '/home/ctk/element_ws/install/line_follower/lib/python3.10/site-packages/line_follower-0.0.0-py3.10.egg-info' (and everything under it)
[9.976s] Copying ../../build/line_follower/line_follower.egg-info to /home/ctk/element_ws/install/line_follower/lib/python3.10/site-packages/line_follower-0.0.0-py3.10.egg-info
[9.980s] running install_scripts
[10.914s] Installing line_follower script to /home/ctk/element_ws/install/line_follower/lib/line_follower
[10.915s] writing list of installed files to '/home/ctk/element_ws/build/line_follower/install.log'
[11.430s] Invoked command in '/home/ctk/element_ws/src/line_follower' returned '0': PYTHONPATH=/home/ctk/element_ws/build/line_follower/prefix_override:/usr/lib/python3/dist-packages/colcon_core/task/python/colcon_distutils_commands:/home/ctk/element_ws/install/line_follower/lib/python3.10/site-packages:${PYTHONPATH} /usr/bin/python3 -W ignore:setup.py install is deprecated -W ignore:easy_install command is deprecated setup.py egg_info --egg-base ../../build/line_follower build --build-base /home/ctk/element_ws/build/line_follower/build install --record /home/ctk/element_ws/build/line_follower/install.log --single-version-externally-managed install_data
