running egg_info
creating ../../build/line_follower/line_follower.egg-info
writing ../../build/line_follower/line_follower.egg-info/PKG-INFO
writing dependency_links to ../../build/line_follower/line_follower.egg-info/dependency_links.txt
writing entry points to ../../build/line_follower/line_follower.egg-info/entry_points.txt
writing requirements to ../../build/line_follower/line_follower.egg-info/requires.txt
writing top-level names to ../../build/line_follower/line_follower.egg-info/top_level.txt
writing manifest file '../../build/line_follower/line_follower.egg-info/SOURCES.txt'
reading manifest file '../../build/line_follower/line_follower.egg-info/SOURCES.txt'
writing manifest file '../../build/line_follower/line_follower.egg-info/SOURCES.txt'
running build
running build_py
creating /home/ctk/element_ws/build/line_follower/build
creating /home/ctk/element_ws/build/line_follower/build/lib
creating /home/ctk/element_ws/build/line_follower/build/lib/line_follower
copying line_follower/__init__.py -> /home/ctk/element_ws/build/line_follower/build/lib/line_follower
copying line_follower/line_follower.py -> /home/ctk/element_ws/build/line_follower/build/lib/line_follower
running install
running install_lib
creating /home/ctk/element_ws/install/line_follower/lib/python3.10/site-packages/line_follower
copying /home/ctk/element_ws/build/line_follower/build/lib/line_follower/__init__.py -> /home/ctk/element_ws/install/line_follower/lib/python3.10/site-packages/line_follower
copying /home/ctk/element_ws/build/line_follower/build/lib/line_follower/line_follower.py -> /home/ctk/element_ws/install/line_follower/lib/python3.10/site-packages/line_follower
byte-compiling /home/ctk/element_ws/install/line_follower/lib/python3.10/site-packages/line_follower/__init__.py to __init__.cpython-310.pyc
byte-compiling /home/ctk/element_ws/install/line_follower/lib/python3.10/site-packages/line_follower/line_follower.py to line_follower.cpython-310.pyc
running install_data
creating /home/ctk/element_ws/install/line_follower/share/ament_index
creating /home/ctk/element_ws/install/line_follower/share/ament_index/resource_index
creating /home/ctk/element_ws/install/line_follower/share/ament_index/resource_index/packages
copying resource/line_follower -> /home/ctk/element_ws/install/line_follower/share/ament_index/resource_index/packages
copying package.xml -> /home/ctk/element_ws/install/line_follower/share/line_follower
creating /home/ctk/element_ws/install/line_follower/share/line_follower/launch
copying launch/elementbot_gz_line_follower.launch.py -> /home/ctk/element_ws/install/line_follower/share/line_follower/launch
running install_egg_info
Copying ../../build/line_follower/line_follower.egg-info to /home/ctk/element_ws/install/line_follower/lib/python3.10/site-packages/line_follower-0.0.0-py3.10.egg-info
running install_scripts
Installing line_follower script to /home/ctk/element_ws/install/line_follower/lib/line_follower
writing list of installed files to '/home/ctk/element_ws/build/line_follower/install.log'
