[4.084s] Invoking command in '/home/ctk/element_ws/src/elementbot_urdf': PYTHONPATH=/home/ctk/element_ws/build/elementbot_urdf/prefix_override:/usr/lib/python3/dist-packages/colcon_core/task/python/colcon_distutils_commands:/home/ctk/element_ws/install/elementbot_urdf/lib/python3.10/site-packages:${PYTHONPATH} /usr/bin/python3 -W ignore:setup.py install is deprecated -W ignore:easy_install command is deprecated setup.py egg_info --egg-base ../../build/elementbot_urdf build --build-base /home/ctk/element_ws/build/elementbot_urdf/build install --record /home/ctk/element_ws/build/elementbot_urdf/install.log --single-version-externally-managed install_data
[4.604s] running egg_info
[4.637s] writing ../../build/elementbot_urdf/elementbot_urdf.egg-info/PKG-INFO
[4.642s] writing dependency_links to ../../build/elementbot_urdf/elementbot_urdf.egg-info/dependency_links.txt
[4.644s] writing requirements to ../../build/elementbot_urdf/elementbot_urdf.egg-info/requires.txt
[4.647s] writing top-level names to ../../build/elementbot_urdf/elementbot_urdf.egg-info/top_level.txt
[4.731s] reading manifest file '../../build/elementbot_urdf/elementbot_urdf.egg-info/SOURCES.txt'
[4.739s] writing manifest file '../../build/elementbot_urdf/elementbot_urdf.egg-info/SOURCES.txt'
[4.741s] running build
[4.743s] running build_py
[4.743s] copying elementbot_urdf/__init__.py -> /home/ctk/element_ws/build/elementbot_urdf/build/lib/elementbot_urdf
[4.744s] running install
[4.761s] running install_lib
[4.812s] running install_data
[4.813s] copying resource/elementbot_urdf -> /home/ctk/element_ws/install/elementbot_urdf/share/ament_index/resource_index/packages
[4.813s] copying package.xml -> /home/ctk/element_ws/install/elementbot_urdf/share/elementbot_urdf
[4.814s] copying launch/display_xacro.launch.py -> /home/ctk/element_ws/install/elementbot_urdf/share/elementbot_urdf/launch
[4.818s] copying launch/display.launch.py -> /home/ctk/element_ws/install/elementbot_urdf/share/elementbot_urdf/launch
[4.820s] copying urdf/elementbot_4w_diff.urdf -> /home/ctk/element_ws/install/elementbot_urdf/share/elementbot_urdf/urdf
[4.820s] copying urdf/elementbot_base.xacro -> /home/ctk/element_ws/install/elementbot_urdf/share/elementbot_urdf/urdf
[4.820s] copying urdf/elementbot_4w_diff.xacro -> /home/ctk/element_ws/install/elementbot_urdf/share/elementbot_urdf/urdf
[4.821s] copying urdf/elementbot_base.urdf -> /home/ctk/element_ws/install/elementbot_urdf/share/elementbot_urdf/urdf
[4.821s] copying meshes/kinect.tga -> /home/ctk/element_ws/install/elementbot_urdf/share/elementbot_urdf/meshes
[4.823s] copying meshes/kinect.dae -> /home/ctk/element_ws/install/elementbot_urdf/share/elementbot_urdf/meshes
[4.831s] copying meshes/kinect.jpg -> /home/ctk/element_ws/install/elementbot_urdf/share/elementbot_urdf/meshes
[4.833s] running install_egg_info
[4.945s] removing '/home/ctk/element_ws/install/elementbot_urdf/lib/python3.10/site-packages/elementbot_urdf-0.0.0-py3.10.egg-info' (and everything under it)
[4.949s] Copying ../../build/elementbot_urdf/elementbot_urdf.egg-info to /home/ctk/element_ws/install/elementbot_urdf/lib/python3.10/site-packages/elementbot_urdf-0.0.0-py3.10.egg-info
[4.960s] running install_scripts
[5.569s] writing list of installed files to '/home/ctk/element_ws/build/elementbot_urdf/install.log'
[5.737s] Invoked command in '/home/ctk/element_ws/src/elementbot_urdf' returned '0': PYTHONPATH=/home/ctk/element_ws/build/elementbot_urdf/prefix_override:/usr/lib/python3/dist-packages/colcon_core/task/python/colcon_distutils_commands:/home/ctk/element_ws/install/elementbot_urdf/lib/python3.10/site-packages:${PYTHONPATH} /usr/bin/python3 -W ignore:setup.py install is deprecated -W ignore:easy_install command is deprecated setup.py egg_info --egg-base ../../build/elementbot_urdf build --build-base /home/ctk/element_ws/build/elementbot_urdf/build install --record /home/ctk/element_ws/build/elementbot_urdf/install.log --single-version-externally-managed install_data
