[7.844s] Invoking command in '/home/ctk/element_ws/src/yolo5_sim/yolov5_ros2': PYTHONPATH=/home/ctk/element_ws/build/yolov5_ros2/prefix_override:/usr/lib/python3/dist-packages/colcon_core/task/python/colcon_distutils_commands:/home/ctk/element_ws/install/yolov5_ros2/lib/python3.10/site-packages:${PYTHONPATH} /usr/bin/python3 -W ignore:setup.py install is deprecated -W ignore:easy_install command is deprecated setup.py egg_info --egg-base ../../../build/yolov5_ros2 build --build-base /home/ctk/element_ws/build/yolov5_ros2/build install --record /home/ctk/element_ws/build/yolov5_ros2/install.log --single-version-externally-managed install_data
[8.657s] running egg_info
[8.697s] writing ../../../build/yolov5_ros2/yolov5_ros2.egg-info/PKG-INFO
[8.699s] writing dependency_links to ../../../build/yolov5_ros2/yolov5_ros2.egg-info/dependency_links.txt
[8.699s] writing entry points to ../../../build/yolov5_ros2/yolov5_ros2.egg-info/entry_points.txt
[8.699s] writing requirements to ../../../build/yolov5_ros2/yolov5_ros2.egg-info/requires.txt
[8.699s] writing top-level names to ../../../build/yolov5_ros2/yolov5_ros2.egg-info/top_level.txt
[8.866s] reading manifest file '../../../build/yolov5_ros2/yolov5_ros2.egg-info/SOURCES.txt'
[8.875s] writing manifest file '../../../build/yolov5_ros2/yolov5_ros2.egg-info/SOURCES.txt'
[8.883s] running build
[8.883s] running build_py
[8.883s] copying yolov5_ros2/__init__.py -> /home/ctk/element_ws/build/yolov5_ros2/build/lib/yolov5_ros2
[8.883s] copying yolov5_ros2/fall_down_yolov8.py -> /home/ctk/element_ws/build/yolov5_ros2/build/lib/yolov5_ros2
[8.884s] copying yolov5_ros2/yolo_detect_2d.py -> /home/ctk/element_ws/build/yolov5_ros2/build/lib/yolov5_ros2
[8.889s] copying yolov5_ros2/cv_tool.py -> /home/ctk/element_ws/build/yolov5_ros2/build/lib/yolov5_ros2
[8.897s] running install
[8.920s] running install_lib
[8.994s] running install_data
[8.995s] copying package.xml -> /home/ctk/element_ws/install/yolov5_ros2/share/yolov5_ros2
[8.995s] copying launch/fall_down_yolov8.launch.py -> /home/ctk/element_ws/install/yolov5_ros2/share/yolov5_ros2/launch
[8.995s] copying launch/yolov5_ros2.launch.py -> /home/ctk/element_ws/install/yolov5_ros2/share/yolov5_ros2/launch
[8.995s] copying config/best.pt -> /home/ctk/element_ws/install/yolov5_ros2/share/yolov5_ros2/config
[9.074s] copying config/camera_info.yaml -> /home/ctk/element_ws/install/yolov5_ros2/share/yolov5_ros2/config
[9.077s] copying config/yolov5s.pt -> /home/ctk/element_ws/install/yolov5_ros2/share/yolov5_ros2/config
[9.140s] copying resource/mouse.png -> /home/ctk/element_ws/install/yolov5_ros2/share/yolov5_ros2/resource
[9.146s] copying resource/fish.jpg -> /home/ctk/element_ws/install/yolov5_ros2/share/yolov5_ros2/resource
[9.150s] copying resource/yolov5_ros2 -> /home/ctk/element_ws/install/yolov5_ros2/share/yolov5_ros2/resource
[9.150s] running install_egg_info
[9.262s] removing '/home/ctk/element_ws/install/yolov5_ros2/lib/python3.10/site-packages/yolov5_ros2-0.0.0-py3.10.egg-info' (and everything under it)
[9.264s] Copying ../../../build/yolov5_ros2/yolov5_ros2.egg-info to /home/ctk/element_ws/install/yolov5_ros2/lib/python3.10/site-packages/yolov5_ros2-0.0.0-py3.10.egg-info
[9.269s] running install_scripts
[9.988s] Installing fall_down_yolov8 script to /home/ctk/element_ws/install/yolov5_ros2/lib/yolov5_ros2
[9.989s] Installing yolo_detect_2d script to /home/ctk/element_ws/install/yolov5_ros2/lib/yolov5_ros2
[9.989s] writing list of installed files to '/home/ctk/element_ws/build/yolov5_ros2/install.log'
[10.204s] Invoked command in '/home/ctk/element_ws/src/yolo5_sim/yolov5_ros2' returned '0': PYTHONPATH=/home/ctk/element_ws/build/yolov5_ros2/prefix_override:/usr/lib/python3/dist-packages/colcon_core/task/python/colcon_distutils_commands:/home/ctk/element_ws/install/yolov5_ros2/lib/python3.10/site-packages:${PYTHONPATH} /usr/bin/python3 -W ignore:setup.py install is deprecated -W ignore:easy_install command is deprecated setup.py egg_info --egg-base ../../../build/yolov5_ros2 build --build-base /home/ctk/element_ws/build/yolov5_ros2/build install --record /home/ctk/element_ws/build/yolov5_ros2/install.log --single-version-externally-managed install_data
