[2.756s] Invoking command in '/home/ctk/element_ws/src/line_follower': PYTHONPATH=/home/ctk/element_ws/build/line_follower/prefix_override:/usr/lib/python3/dist-packages/colcon_core/task/python/colcon_distutils_commands:/home/ctk/element_ws/install/line_follower/lib/python3.10/site-packages:${PYTHONPATH} /usr/bin/python3 -W ignore:setup.py install is deprecated -W ignore:easy_install command is deprecated setup.py egg_info --egg-base ../../build/line_follower build --build-base /home/ctk/element_ws/build/line_follower/build install --record /home/ctk/element_ws/build/line_follower/install.log --single-version-externally-managed install_data
[3.199s] running egg_info
[3.215s] writing ../../build/line_follower/line_follower.egg-info/PKG-INFO
[3.215s] writing dependency_links to ../../build/line_follower/line_follower.egg-info/dependency_links.txt
[3.215s] writing entry points to ../../build/line_follower/line_follower.egg-info/entry_points.txt
[3.215s] writing requirements to ../../build/line_follower/line_follower.egg-info/requires.txt
[3.215s] writing top-level names to ../../build/line_follower/line_follower.egg-info/top_level.txt
[3.259s] reading manifest file '../../build/line_follower/line_follower.egg-info/SOURCES.txt'
[3.261s] writing manifest file '../../build/line_follower/line_follower.egg-info/SOURCES.txt'
[3.261s] running build
[3.261s] running build_py
[3.262s] copying line_follower/__init__.py -> /home/ctk/element_ws/build/line_follower/build/lib/line_follower
[3.262s] copying line_follower/line_follower.py -> /home/ctk/element_ws/build/line_follower/build/lib/line_follower
[3.264s] running install
[3.268s] running install_lib
[3.289s] running install_data
[3.290s] copying resource/line_follower -> /home/ctk/element_ws/install/line_follower/share/ament_index/resource_index/packages
[3.290s] copying package.xml -> /home/ctk/element_ws/install/line_follower/share/line_follower
[3.291s] copying launch/elementbot_gz_line_follower.launch.py -> /home/ctk/element_ws/install/line_follower/share/line_follower/launch
[3.291s] running install_egg_info
[3.324s] removing '/home/ctk/element_ws/install/line_follower/lib/python3.10/site-packages/line_follower-0.0.0-py3.10.egg-info' (and everything under it)
[3.329s] Copying ../../build/line_follower/line_follower.egg-info to /home/ctk/element_ws/install/line_follower/lib/python3.10/site-packages/line_follower-0.0.0-py3.10.egg-info
[3.329s] running install_scripts
[3.503s] Installing line_follower script to /home/ctk/element_ws/install/line_follower/lib/line_follower
[3.504s] writing list of installed files to '/home/ctk/element_ws/build/line_follower/install.log'
[3.617s] Invoked command in '/home/ctk/element_ws/src/line_follower' returned '0': PYTHONPATH=/home/ctk/element_ws/build/line_follower/prefix_override:/usr/lib/python3/dist-packages/colcon_core/task/python/colcon_distutils_commands:/home/ctk/element_ws/install/line_follower/lib/python3.10/site-packages:${PYTHONPATH} /usr/bin/python3 -W ignore:setup.py install is deprecated -W ignore:easy_install command is deprecated setup.py egg_info --egg-base ../../build/line_follower build --build-base /home/ctk/element_ws/build/line_follower/build install --record /home/ctk/element_ws/build/line_follower/install.log --single-version-externally-managed install_data
