[4.039s] Invoking command in '/home/ctk/element_ws/src/line_follower': PYTHONPATH=/home/ctk/element_ws/build/line_follower/prefix_override:/usr/lib/python3/dist-packages/colcon_core/task/python/colcon_distutils_commands:/home/ctk/element_ws/install/line_follower/lib/python3.10/site-packages:${PYTHONPATH} /usr/bin/python3 -W ignore:setup.py install is deprecated -W ignore:easy_install command is deprecated setup.py egg_info --egg-base ../../build/line_follower build --build-base /home/ctk/element_ws/build/line_follower/build install --record /home/ctk/element_ws/build/line_follower/install.log --single-version-externally-managed install_data
[4.668s] running egg_info
[4.709s] writing ../../build/line_follower/line_follower.egg-info/PKG-INFO
[4.713s] writing dependency_links to ../../build/line_follower/line_follower.egg-info/dependency_links.txt
[4.716s] writing entry points to ../../build/line_follower/line_follower.egg-info/entry_points.txt
[4.716s] writing requirements to ../../build/line_follower/line_follower.egg-info/requires.txt
[4.716s] writing top-level names to ../../build/line_follower/line_follower.egg-info/top_level.txt
[4.806s] reading manifest file '../../build/line_follower/line_follower.egg-info/SOURCES.txt'
[4.806s] writing manifest file '../../build/line_follower/line_follower.egg-info/SOURCES.txt'
[4.807s] running build
[4.807s] running build_py
[4.807s] copying line_follower/__init__.py -> /home/ctk/element_ws/build/line_follower/build/lib/line_follower
[4.808s] copying line_follower/line_follower.py -> /home/ctk/element_ws/build/line_follower/build/lib/line_follower
[4.812s] running install
[4.836s] running install_lib
[4.878s] running install_data
[4.879s] copying resource/line_follower -> /home/ctk/element_ws/install/line_follower/share/ament_index/resource_index/packages
[4.879s] copying package.xml -> /home/ctk/element_ws/install/line_follower/share/line_follower
[4.879s] copying launch/elementbot_gz_line_follower.launch.py -> /home/ctk/element_ws/install/line_follower/share/line_follower/launch
[4.879s] running install_egg_info
[4.924s] removing '/home/ctk/element_ws/install/line_follower/lib/python3.10/site-packages/line_follower-0.0.0-py3.10.egg-info' (and everything under it)
[4.925s] Copying ../../build/line_follower/line_follower.egg-info to /home/ctk/element_ws/install/line_follower/lib/python3.10/site-packages/line_follower-0.0.0-py3.10.egg-info
[4.929s] running install_scripts
[5.302s] Installing line_follower script to /home/ctk/element_ws/install/line_follower/lib/line_follower
[5.303s] writing list of installed files to '/home/ctk/element_ws/build/line_follower/install.log'
[5.431s] Invoked command in '/home/ctk/element_ws/src/line_follower' returned '0': PYTHONPATH=/home/ctk/element_ws/build/line_follower/prefix_override:/usr/lib/python3/dist-packages/colcon_core/task/python/colcon_distutils_commands:/home/ctk/element_ws/install/line_follower/lib/python3.10/site-packages:${PYTHONPATH} /usr/bin/python3 -W ignore:setup.py install is deprecated -W ignore:easy_install command is deprecated setup.py egg_info --egg-base ../../build/line_follower build --build-base /home/ctk/element_ws/build/line_follower/build install --record /home/ctk/element_ws/build/line_follower/install.log --single-version-externally-managed install_data
