[7.628s] Invoking command in '/home/ctk/element_ws/src/fall_down_yolov5': PYTHONPATH=/home/ctk/element_ws/build/fall_down_yolov5/prefix_override:/usr/lib/python3/dist-packages/colcon_core/task/python/colcon_distutils_commands:/home/ctk/element_ws/install/fall_down_yolov5/lib/python3.10/site-packages:${PYTHONPATH} /usr/bin/python3 -W ignore:setup.py install is deprecated -W ignore:easy_install command is deprecated setup.py egg_info --egg-base ../../build/fall_down_yolov5 build --build-base /home/ctk/element_ws/build/fall_down_yolov5/build install --record /home/ctk/element_ws/build/fall_down_yolov5/install.log --single-version-externally-managed install_data
[8.818s] running egg_info
[8.872s] writing ../../build/fall_down_yolov5/fall_down_yolov5.egg-info/PKG-INFO
[8.880s] writing dependency_links to ../../build/fall_down_yolov5/fall_down_yolov5.egg-info/dependency_links.txt
[8.880s] writing entry points to ../../build/fall_down_yolov5/fall_down_yolov5.egg-info/entry_points.txt
[8.880s] writing requirements to ../../build/fall_down_yolov5/fall_down_yolov5.egg-info/requires.txt
[8.880s] writing top-level names to ../../build/fall_down_yolov5/fall_down_yolov5.egg-info/top_level.txt
[8.974s] reading manifest file '../../build/fall_down_yolov5/fall_down_yolov5.egg-info/SOURCES.txt'
[8.974s] writing manifest file '../../build/fall_down_yolov5/fall_down_yolov5.egg-info/SOURCES.txt'
[8.975s] running build
[8.975s] running build_py
[8.975s] copying fall_down_yolov5/fall_down_detect_yolov5.py -> /home/ctk/element_ws/build/fall_down_yolov5/build/lib/fall_down_yolov5
[8.976s] copying fall_down_yolov5/__init__.py -> /home/ctk/element_ws/build/fall_down_yolov5/build/lib/fall_down_yolov5
[8.976s] copying fall_down_yolov5/cv_tool.py -> /home/ctk/element_ws/build/fall_down_yolov5/build/lib/fall_down_yolov5
[8.977s] running install
[8.994s] running install_lib
[9.043s] running install_data
[9.043s] copying package.xml -> /home/ctk/element_ws/install/fall_down_yolov5/share/fall_down_yolov5
[9.043s] copying config/best.pt -> /home/ctk/element_ws/install/fall_down_yolov5/share/fall_down_yolov5/config
[9.146s] copying config/camera_info.yaml -> /home/ctk/element_ws/install/fall_down_yolov5/share/fall_down_yolov5/config
[9.146s] copying config/yolov5s.pt -> /home/ctk/element_ws/install/fall_down_yolov5/share/fall_down_yolov5/config
[9.246s] copying resource/fall_down_yolov5 -> /home/ctk/element_ws/install/fall_down_yolov5/share/fall_down_yolov5/resource
[9.246s] running install_egg_info
[9.411s] removing '/home/ctk/element_ws/install/fall_down_yolov5/lib/python3.10/site-packages/fall_down_yolov5-0.0.0-py3.10.egg-info' (and everything under it)
[9.415s] Copying ../../build/fall_down_yolov5/fall_down_yolov5.egg-info to /home/ctk/element_ws/install/fall_down_yolov5/lib/python3.10/site-packages/fall_down_yolov5-0.0.0-py3.10.egg-info
[9.419s] running install_scripts
[10.373s] Installing fall_down_detect_yolov5 script to /home/ctk/element_ws/install/fall_down_yolov5/lib/fall_down_yolov5
[10.383s] writing list of installed files to '/home/ctk/element_ws/build/fall_down_yolov5/install.log'
[10.631s] Invoked command in '/home/ctk/element_ws/src/fall_down_yolov5' returned '0': PYTHONPATH=/home/ctk/element_ws/build/fall_down_yolov5/prefix_override:/usr/lib/python3/dist-packages/colcon_core/task/python/colcon_distutils_commands:/home/ctk/element_ws/install/fall_down_yolov5/lib/python3.10/site-packages:${PYTHONPATH} /usr/bin/python3 -W ignore:setup.py install is deprecated -W ignore:easy_install command is deprecated setup.py egg_info --egg-base ../../build/fall_down_yolov5 build --build-base /home/ctk/element_ws/build/fall_down_yolov5/build install --record /home/ctk/element_ws/build/fall_down_yolov5/install.log --single-version-externally-managed install_data
