[1.128s] Invoking command in '/home/ctk/element_ws/src/line_follower': PYTHONPATH=/home/ctk/element_ws/build/line_follower/prefix_override:/usr/lib/python3/dist-packages/colcon_core/task/python/colcon_distutils_commands:/home/ctk/element_ws/install/line_follower/lib/python3.10/site-packages:${PYTHONPATH} /usr/bin/python3 -W ignore:setup.py install is deprecated -W ignore:easy_install command is deprecated setup.py egg_info --egg-base ../../build/line_follower build --build-base /home/ctk/element_ws/build/line_follower/build install --record /home/ctk/element_ws/build/line_follower/install.log --single-version-externally-managed install_data
[1.341s] running egg_info
[1.353s] writing ../../build/line_follower/line_follower.egg-info/PKG-INFO
[1.354s] writing dependency_links to ../../build/line_follower/line_follower.egg-info/dependency_links.txt
[1.354s] writing entry points to ../../build/line_follower/line_follower.egg-info/entry_points.txt
[1.354s] writing requirements to ../../build/line_follower/line_follower.egg-info/requires.txt
[1.354s] writing top-level names to ../../build/line_follower/line_follower.egg-info/top_level.txt
[1.380s] reading manifest file '../../build/line_follower/line_follower.egg-info/SOURCES.txt'
[1.381s] writing manifest file '../../build/line_follower/line_follower.egg-info/SOURCES.txt'
[1.381s] running build
[1.381s] running build_py
[1.381s] copying line_follower/__init__.py -> /home/ctk/element_ws/build/line_follower/build/lib/line_follower
[1.381s] copying line_follower/line_follower.py -> /home/ctk/element_ws/build/line_follower/build/lib/line_follower
[1.382s] running install
[1.385s] running install_lib
[1.401s] running install_data
[1.401s] copying resource/line_follower -> /home/ctk/element_ws/install/line_follower/share/ament_index/resource_index/packages
[1.401s] copying package.xml -> /home/ctk/element_ws/install/line_follower/share/line_follower
[1.401s] copying launch/elementbot_gz_line_follower.launch.py -> /home/ctk/element_ws/install/line_follower/share/line_follower/launch
[1.401s] running install_egg_info
[1.419s] removing '/home/ctk/element_ws/install/line_follower/lib/python3.10/site-packages/line_follower-0.0.0-py3.10.egg-info' (and everything under it)
[1.419s] Copying ../../build/line_follower/line_follower.egg-info to /home/ctk/element_ws/install/line_follower/lib/python3.10/site-packages/line_follower-0.0.0-py3.10.egg-info
[1.419s] running install_scripts
[1.540s] Installing line_follower script to /home/ctk/element_ws/install/line_follower/lib/line_follower
[1.540s] writing list of installed files to '/home/ctk/element_ws/build/line_follower/install.log'
[1.634s] Invoked command in '/home/ctk/element_ws/src/line_follower' returned '0': PYTHONPATH=/home/ctk/element_ws/build/line_follower/prefix_override:/usr/lib/python3/dist-packages/colcon_core/task/python/colcon_distutils_commands:/home/ctk/element_ws/install/line_follower/lib/python3.10/site-packages:${PYTHONPATH} /usr/bin/python3 -W ignore:setup.py install is deprecated -W ignore:easy_install command is deprecated setup.py egg_info --egg-base ../../build/line_follower build --build-base /home/ctk/element_ws/build/line_follower/build install --record /home/ctk/element_ws/build/line_follower/install.log --single-version-externally-managed install_data
