[9.012s] Invoking command in '/home/ctk/element_ws/src/elementbot_navigation': PYTHONPATH=/home/ctk/element_ws/build/elementbot_navigation/prefix_override:/usr/lib/python3/dist-packages/colcon_core/task/python/colcon_distutils_commands:/home/ctk/element_ws/install/elementbot_navigation/lib/python3.10/site-packages:${PYTHONPATH} /usr/bin/python3 -W ignore:setup.py install is deprecated -W ignore:easy_install command is deprecated setup.py egg_info --egg-base ../../build/elementbot_navigation build --build-base /home/ctk/element_ws/build/elementbot_navigation/build install --record /home/ctk/element_ws/build/elementbot_navigation/install.log --single-version-externally-managed install_data
[9.916s] running egg_info
[9.959s] writing ../../build/elementbot_navigation/elementbot_navigation.egg-info/PKG-INFO
[9.959s] writing dependency_links to ../../build/elementbot_navigation/elementbot_navigation.egg-info/dependency_links.txt
[9.960s] writing requirements to ../../build/elementbot_navigation/elementbot_navigation.egg-info/requires.txt
[9.960s] writing top-level names to ../../build/elementbot_navigation/elementbot_navigation.egg-info/top_level.txt
[10.061s] reading manifest file '../../build/elementbot_navigation/elementbot_navigation.egg-info/SOURCES.txt'
[10.066s] writing manifest file '../../build/elementbot_navigation/elementbot_navigation.egg-info/SOURCES.txt'
[10.066s] running build
[10.066s] running build_py
[10.071s] copying elementbot_navigation/__init__.py -> /home/ctk/element_ws/build/elementbot_navigation/build/lib/elementbot_navigation
[10.072s] running install
[10.088s] running install_lib
[10.148s] running install_data
[10.149s] copying resource/elementbot_navigation -> /home/ctk/element_ws/install/elementbot_navigation/share/ament_index/resource_index/packages
[10.149s] copying package.xml -> /home/ctk/element_ws/install/elementbot_navigation/share/elementbot_navigation
[10.149s] copying launch/cartograph_gz.launch.py -> /home/ctk/element_ws/install/elementbot_navigation/share/elementbot_navigation/launch
[10.149s] copying launch/rtab_rgbd_gz.launch.py -> /home/ctk/element_ws/install/elementbot_navigation/share/elementbot_navigation/launch
[10.150s] copying launch/rtab_scan_gz.launch.py -> /home/ctk/element_ws/install/elementbot_navigation/share/elementbot_navigation/launch
[10.150s] copying launch/nav2_bringup_gz.launch.py -> /home/ctk/element_ws/install/elementbot_navigation/share/elementbot_navigation/launch
[10.150s] copying maps/cloister.yaml -> /home/ctk/element_ws/install/elementbot_navigation/share/elementbot_navigation/maps
[10.151s] copying param/elementbot_nav2.yaml -> /home/ctk/element_ws/install/elementbot_navigation/share/elementbot_navigation/param
[10.151s] running install_egg_info
[10.224s] removing '/home/ctk/element_ws/install/elementbot_navigation/lib/python3.10/site-packages/elementbot_navigation-0.0.0-py3.10.egg-info' (and everything under it)
[10.226s] Copying ../../build/elementbot_navigation/elementbot_navigation.egg-info to /home/ctk/element_ws/install/elementbot_navigation/lib/python3.10/site-packages/elementbot_navigation-0.0.0-py3.10.egg-info
[10.229s] running install_scripts
[10.870s] writing list of installed files to '/home/ctk/element_ws/build/elementbot_navigation/install.log'
[11.202s] Invoked command in '/home/ctk/element_ws/src/elementbot_navigation' returned '0': PYTHONPATH=/home/ctk/element_ws/build/elementbot_navigation/prefix_override:/usr/lib/python3/dist-packages/colcon_core/task/python/colcon_distutils_commands:/home/ctk/element_ws/install/elementbot_navigation/lib/python3.10/site-packages:${PYTHONPATH} /usr/bin/python3 -W ignore:setup.py install is deprecated -W ignore:easy_install command is deprecated setup.py egg_info --egg-base ../../build/elementbot_navigation build --build-base /home/ctk/element_ws/build/elementbot_navigation/build install --record /home/ctk/element_ws/build/elementbot_navigation/install.log --single-version-externally-managed install_data
