[9.971s] Invoking command in '/home/ctk/element_ws/src/elementbot_urdf': PYTHONPATH=/home/ctk/element_ws/build/elementbot_urdf/prefix_override:/usr/lib/python3/dist-packages/colcon_core/task/python/colcon_distutils_commands:/home/ctk/element_ws/install/elementbot_urdf/lib/python3.10/site-packages:${PYTHONPATH} /usr/bin/python3 -W ignore:setup.py install is deprecated -W ignore:easy_install command is deprecated setup.py egg_info --egg-base ../../build/elementbot_urdf build --build-base /home/ctk/element_ws/build/elementbot_urdf/build install --record /home/ctk/element_ws/build/elementbot_urdf/install.log --single-version-externally-managed install_data
[11.867s] running egg_info
[12.002s] writing ../../build/elementbot_urdf/elementbot_urdf.egg-info/PKG-INFO
[12.008s] writing dependency_links to ../../build/elementbot_urdf/elementbot_urdf.egg-info/dependency_links.txt
[12.010s] writing requirements to ../../build/elementbot_urdf/elementbot_urdf.egg-info/requires.txt
[12.010s] writing top-level names to ../../build/elementbot_urdf/elementbot_urdf.egg-info/top_level.txt
[12.241s] reading manifest file '../../build/elementbot_urdf/elementbot_urdf.egg-info/SOURCES.txt'
[12.249s] writing manifest file '../../build/elementbot_urdf/elementbot_urdf.egg-info/SOURCES.txt'
[12.249s] running build
[12.250s] running build_py
[12.252s] copying elementbot_urdf/__init__.py -> /home/ctk/element_ws/build/elementbot_urdf/build/lib/elementbot_urdf
[12.253s] running install
[12.316s] running install_lib
[12.485s] running install_data
[12.485s] copying resource/elementbot_urdf -> /home/ctk/element_ws/install/elementbot_urdf/share/ament_index/resource_index/packages
[12.486s] copying package.xml -> /home/ctk/element_ws/install/elementbot_urdf/share/elementbot_urdf
[12.499s] copying launch/display_xacro.launch.py -> /home/ctk/element_ws/install/elementbot_urdf/share/elementbot_urdf/launch
[12.502s] copying launch/display.launch.py -> /home/ctk/element_ws/install/elementbot_urdf/share/elementbot_urdf/launch
[12.503s] copying urdf/elementbot_4w_diff.urdf -> /home/ctk/element_ws/install/elementbot_urdf/share/elementbot_urdf/urdf
[12.504s] copying urdf/elementbot_base.xacro -> /home/ctk/element_ws/install/elementbot_urdf/share/elementbot_urdf/urdf
[12.504s] copying urdf/elementbot_4w_diff.xacro -> /home/ctk/element_ws/install/elementbot_urdf/share/elementbot_urdf/urdf
[12.504s] copying urdf/elementbot_base.urdf -> /home/ctk/element_ws/install/elementbot_urdf/share/elementbot_urdf/urdf
[12.504s] copying meshes/kinect.tga -> /home/ctk/element_ws/install/elementbot_urdf/share/elementbot_urdf/meshes
[12.513s] copying meshes/kinect.dae -> /home/ctk/element_ws/install/elementbot_urdf/share/elementbot_urdf/meshes
[12.520s] copying meshes/kinect.jpg -> /home/ctk/element_ws/install/elementbot_urdf/share/elementbot_urdf/meshes
[12.521s] running install_egg_info
[12.681s] removing '/home/ctk/element_ws/install/elementbot_urdf/lib/python3.10/site-packages/elementbot_urdf-0.0.0-py3.10.egg-info' (and everything under it)
[12.704s] Copying ../../build/elementbot_urdf/elementbot_urdf.egg-info to /home/ctk/element_ws/install/elementbot_urdf/lib/python3.10/site-packages/elementbot_urdf-0.0.0-py3.10.egg-info
[12.708s] running install_scripts
[13.502s] writing list of installed files to '/home/ctk/element_ws/build/elementbot_urdf/install.log'
[13.663s] Invoked command in '/home/ctk/element_ws/src/elementbot_urdf' returned '0': PYTHONPATH=/home/ctk/element_ws/build/elementbot_urdf/prefix_override:/usr/lib/python3/dist-packages/colcon_core/task/python/colcon_distutils_commands:/home/ctk/element_ws/install/elementbot_urdf/lib/python3.10/site-packages:${PYTHONPATH} /usr/bin/python3 -W ignore:setup.py install is deprecated -W ignore:easy_install command is deprecated setup.py egg_info --egg-base ../../build/elementbot_urdf build --build-base /home/ctk/element_ws/build/elementbot_urdf/build install --record /home/ctk/element_ws/build/elementbot_urdf/install.log --single-version-externally-managed install_data
