[11.174s] Invoking command in '/home/ctk/element_ws/src/fall_down_yolov5': PYTHONPATH=/home/ctk/element_ws/build/fall_down_yolov5/prefix_override:/usr/lib/python3/dist-packages/colcon_core/task/python/colcon_distutils_commands:/home/ctk/element_ws/install/fall_down_yolov5/lib/python3.10/site-packages:${PYTHONPATH} /usr/bin/python3 -W ignore:setup.py install is deprecated -W ignore:easy_install command is deprecated setup.py egg_info --egg-base ../../build/fall_down_yolov5 build --build-base /home/ctk/element_ws/build/fall_down_yolov5/build install --record /home/ctk/element_ws/build/fall_down_yolov5/install.log --single-version-externally-managed install_data
[12.913s] running egg_info
[12.973s] writing ../../build/fall_down_yolov5/fall_down_yolov5.egg-info/PKG-INFO
[12.982s] writing dependency_links to ../../build/fall_down_yolov5/fall_down_yolov5.egg-info/dependency_links.txt
[12.983s] writing entry points to ../../build/fall_down_yolov5/fall_down_yolov5.egg-info/entry_points.txt
[12.983s] writing requirements to ../../build/fall_down_yolov5/fall_down_yolov5.egg-info/requires.txt
[12.983s] writing top-level names to ../../build/fall_down_yolov5/fall_down_yolov5.egg-info/top_level.txt
[13.166s] reading manifest file '../../build/fall_down_yolov5/fall_down_yolov5.egg-info/SOURCES.txt'
[13.176s] writing manifest file '../../build/fall_down_yolov5/fall_down_yolov5.egg-info/SOURCES.txt'
[13.184s] running build
[13.184s] running build_py
[13.184s] copying fall_down_yolov5/fall_down_detect_yolov5.py -> /home/ctk/element_ws/build/fall_down_yolov5/build/lib/fall_down_yolov5
[13.190s] copying fall_down_yolov5/__init__.py -> /home/ctk/element_ws/build/fall_down_yolov5/build/lib/fall_down_yolov5
[13.190s] copying fall_down_yolov5/cv_tool.py -> /home/ctk/element_ws/build/fall_down_yolov5/build/lib/fall_down_yolov5
[13.191s] running install
[13.231s] running install_lib
[13.387s] running install_data
[13.390s] copying package.xml -> /home/ctk/element_ws/install/fall_down_yolov5/share/fall_down_yolov5
[13.391s] copying config/best.pt -> /home/ctk/element_ws/install/fall_down_yolov5/share/fall_down_yolov5/config
[13.535s] copying config/camera_info.yaml -> /home/ctk/element_ws/install/fall_down_yolov5/share/fall_down_yolov5/config
[13.538s] copying config/yolov5s.pt -> /home/ctk/element_ws/install/fall_down_yolov5/share/fall_down_yolov5/config
[13.637s] copying resource/fall_down_yolov5 -> /home/ctk/element_ws/install/fall_down_yolov5/share/fall_down_yolov5/resource
[13.638s] running install_egg_info
[13.759s] removing '/home/ctk/element_ws/install/fall_down_yolov5/lib/python3.10/site-packages/fall_down_yolov5-0.0.0-py3.10.egg-info' (and everything under it)
[13.773s] Copying ../../build/fall_down_yolov5/fall_down_yolov5.egg-info to /home/ctk/element_ws/install/fall_down_yolov5/lib/python3.10/site-packages/fall_down_yolov5-0.0.0-py3.10.egg-info
[13.796s] running install_scripts
[14.766s] Installing fall_down_detect_yolov5 script to /home/ctk/element_ws/install/fall_down_yolov5/lib/fall_down_yolov5
[14.772s] writing list of installed files to '/home/ctk/element_ws/build/fall_down_yolov5/install.log'
[15.272s] Invoked command in '/home/ctk/element_ws/src/fall_down_yolov5' returned '0': PYTHONPATH=/home/ctk/element_ws/build/fall_down_yolov5/prefix_override:/usr/lib/python3/dist-packages/colcon_core/task/python/colcon_distutils_commands:/home/ctk/element_ws/install/fall_down_yolov5/lib/python3.10/site-packages:${PYTHONPATH} /usr/bin/python3 -W ignore:setup.py install is deprecated -W ignore:easy_install command is deprecated setup.py egg_info --egg-base ../../build/fall_down_yolov5 build --build-base /home/ctk/element_ws/build/fall_down_yolov5/build install --record /home/ctk/element_ws/build/fall_down_yolov5/install.log --single-version-externally-managed install_data
