[6.626s] Invoking command in '/home/ctk/element_ws/src/elementbot_gazebo': PYTHONPATH=/home/ctk/element_ws/build/elementbot_gazebo/prefix_override:/usr/lib/python3/dist-packages/colcon_core/task/python/colcon_distutils_commands:/home/ctk/element_ws/install/elementbot_gazebo/lib/python3.10/site-packages:${PYTHONPATH} /usr/bin/python3 -W ignore:setup.py install is deprecated -W ignore:easy_install command is deprecated setup.py egg_info --egg-base ../../build/elementbot_gazebo build --build-base /home/ctk/element_ws/build/elementbot_gazebo/build install --record /home/ctk/element_ws/build/elementbot_gazebo/install.log --single-version-externally-managed install_data
[7.875s] running egg_info
[7.945s] writing ../../build/elementbot_gazebo/elementbot_gazebo.egg-info/PKG-INFO
[7.948s] writing dependency_links to ../../build/elementbot_gazebo/elementbot_gazebo.egg-info/dependency_links.txt
[7.954s] writing requirements to ../../build/elementbot_gazebo/elementbot_gazebo.egg-info/requires.txt
[7.963s] writing top-level names to ../../build/elementbot_gazebo/elementbot_gazebo.egg-info/top_level.txt
[8.182s] reading manifest file '../../build/elementbot_gazebo/elementbot_gazebo.egg-info/SOURCES.txt'
[8.191s] writing manifest file '../../build/elementbot_gazebo/elementbot_gazebo.egg-info/SOURCES.txt'
[8.195s] running build
[8.195s] running build_py
[8.199s] copying elementbot_gazebo/__init__.py -> /home/ctk/element_ws/build/elementbot_gazebo/build/lib/elementbot_gazebo
[8.199s] running install
[8.230s] running install_lib
[8.367s] running install_data
[8.367s] copying resource/elementbot_gazebo -> /home/ctk/element_ws/install/elementbot_gazebo/share/ament_index/resource_index/packages
[8.368s] copying package.xml -> /home/ctk/element_ws/install/elementbot_gazebo/share/elementbot_gazebo
[8.372s] copying launch/cartograph_4w_diff_urdf.launch.py -> /home/ctk/element_ws/install/elementbot_gazebo/share/elementbot_gazebo/launch
[8.375s] copying launch/slamtoolbox_4w_diff_urdf_gz.launch.py -> /home/ctk/element_ws/install/elementbot_gazebo/share/elementbot_gazebo/launch
[8.375s] copying launch/display_2w_diff_urdf_into_gz.launch.py -> /home/ctk/element_ws/install/elementbot_gazebo/share/elementbot_gazebo/launch
[8.377s] copying launch/display_4w_diff_urdf_into_gz.launch.py -> /home/ctk/element_ws/install/elementbot_gazebo/share/elementbot_gazebo/launch
[8.377s] copying launch/yolo_4w_diff_urdf_into_gz.launch.py -> /home/ctk/element_ws/install/elementbot_gazebo/share/elementbot_gazebo/launch
[8.377s] copying launch/yolo_falldown_4w_diff_urdf_into_gz.launch.py -> /home/ctk/element_ws/install/elementbot_gazebo/share/elementbot_gazebo/launch
[8.382s] copying urdf/elementbot_base.xacro -> /home/ctk/element_ws/install/elementbot_gazebo/share/elementbot_gazebo/urdf
[8.382s] copying urdf/elementbot_4w_diff.xacro -> /home/ctk/element_ws/install/elementbot_gazebo/share/elementbot_gazebo/urdf
[8.393s] copying urdf/elementbot_base.urdf -> /home/ctk/element_ws/install/elementbot_gazebo/share/elementbot_gazebo/urdf
[8.396s] copying urdf/sensors/rgbd_gazebo_harmonic.xacro -> /home/ctk/element_ws/install/elementbot_gazebo/share/elementbot_gazebo/urdf/sensors
[8.397s] copying urdf/sensors/lidar_gazebo_harmonic.xacro -> /home/ctk/element_ws/install/elementbot_gazebo/share/elementbot_gazebo/urdf/sensors
[8.397s] copying config/ros_gz_bridge_mbot.yaml -> /home/ctk/element_ws/install/elementbot_gazebo/share/elementbot_gazebo/config
[8.397s] copying config/ros_gz_bridge_elementbot_integrate.yaml -> /home/ctk/element_ws/install/elementbot_gazebo/share/elementbot_gazebo/config
[8.397s] copying config/ros_gz_bridge_elementbot_4w_integrate.yaml -> /home/ctk/element_ws/install/elementbot_gazebo/share/elementbot_gazebo/config
[8.397s] copying world/actor_falldown.sdf -> /home/ctk/element_ws/install/elementbot_gazebo/share/elementbot_gazebo/world
[8.402s] copying world/empty.sdf -> /home/ctk/element_ws/install/elementbot_gazebo/share/elementbot_gazebo/world
[8.402s] copying world/depot.sdf -> /home/ctk/element_ws/install/elementbot_gazebo/share/elementbot_gazebo/world
[8.404s] copying world/actor_demo.sdf -> /home/ctk/element_ws/install/elementbot_gazebo/share/elementbot_gazebo/world
[8.406s] copying world/line_follower.sdf -> /home/ctk/element_ws/install/elementbot_gazebo/share/elementbot_gazebo/world
[8.406s] running install_egg_info
[8.504s] removing '/home/ctk/element_ws/install/elementbot_gazebo/lib/python3.10/site-packages/elementbot_gazebo-0.0.0-py3.10.egg-info' (and everything under it)
[8.509s] Copying ../../build/elementbot_gazebo/elementbot_gazebo.egg-info to /home/ctk/element_ws/install/elementbot_gazebo/lib/python3.10/site-packages/elementbot_gazebo-0.0.0-py3.10.egg-info
[8.512s] running install_scripts
[9.356s] writing list of installed files to '/home/ctk/element_ws/build/elementbot_gazebo/install.log'
[9.556s] Invoked command in '/home/ctk/element_ws/src/elementbot_gazebo' returned '0': PYTHONPATH=/home/ctk/element_ws/build/elementbot_gazebo/prefix_override:/usr/lib/python3/dist-packages/colcon_core/task/python/colcon_distutils_commands:/home/ctk/element_ws/install/elementbot_gazebo/lib/python3.10/site-packages:${PYTHONPATH} /usr/bin/python3 -W ignore:setup.py install is deprecated -W ignore:easy_install command is deprecated setup.py egg_info --egg-base ../../build/elementbot_gazebo build --build-base /home/ctk/element_ws/build/elementbot_gazebo/build install --record /home/ctk/element_ws/build/elementbot_gazebo/install.log --single-version-externally-managed install_data
