[0.416s] [34mcolcon[0m [1;30mDEBUG[0m [32mCommand line arguments: ['/usr/bin/colcon', 'build'][0m
[0.416s] [34mcolcon[0m [1;30mDEBUG[0m [32mParsed command line arguments: Namespace(log_base=None, log_level=None, verb_name='build', build_base='build', install_base='install', merge_install=False, symlink_install=False, test_result_base=None, continue_on_error=False, executor='parallel', parallel_workers=8, event_handlers=None, ignore_user_meta=False, metas=['./colcon.meta'], base_paths=['.'], packages_ignore=None, packages_ignore_regex=None, paths=None, packages_up_to=None, packages_up_to_regex=None, packages_above=None, packages_above_and_dependencies=None, packages_above_depth=None, packages_select_by_dep=None, packages_skip_by_dep=None, packages_skip_up_to=None, packages_select_build_failed=False, packages_skip_build_finished=False, packages_select_test_failures=False, packages_skip_test_passed=False, packages_select=None, packages_skip=None, packages_select_regex=None, packages_skip_regex=None, packages_start=None, packages_end=None, allow_overriding=[], cmake_args=None, cmake_target=None, cmake_target_skip_unavailable=False, cmake_clean_cache=False, cmake_clean_first=False, cmake_force_configure=False, ament_cmake_args=None, catkin_cmake_args=None, catkin_skip_building_tests=False, verb_parser=<colcon_defaults.argument_parser.defaults.DefaultArgumentsDecorator object at 0x71106ab086a0>, verb_extension=<colcon_core.verb.build.BuildVerb object at 0x71106ac09b10>, main=<bound method BuildVerb.main of <colcon_core.verb.build.BuildVerb object at 0x71106ac09b10>>)[0m
[0.555s] [34mcolcon.colcon_core.package_discovery[0m [1;30mLevel 1[0m discover_packages(colcon_meta) check parameters
[0.556s] [34mcolcon.colcon_core.package_discovery[0m [1;30mLevel 1[0m discover_packages(recursive) check parameters
[0.557s] [34mcolcon.colcon_core.package_discovery[0m [1;30mLevel 1[0m discover_packages(ignore) check parameters
[0.557s] [34mcolcon.colcon_core.package_discovery[0m [1;30mLevel 1[0m discover_packages(path) check parameters
[0.557s] [34mcolcon.colcon_core.package_discovery[0m [1;30mLevel 1[0m discover_packages(colcon_meta) discover
[0.557s] [34mcolcon.colcon_core.package_discovery[0m [1;30mLevel 1[0m discover_packages(recursive) discover
[0.558s] [34mcolcon.colcon_core.package_discovery[0m [1;30mINFO[0m Crawling recursively for packages in '/home/ctk/element_ws'
[0.558s] [34mcolcon.colcon_core.package_identification[0m [1;30mLevel 1[0m _identify(.) by extensions ['ignore', 'ignore_ament_install']
[0.558s] [34mcolcon.colcon_core.package_identification[0m [1;30mLevel 1[0m _identify(.) by extension 'ignore'
[0.559s] [34mcolcon.colcon_core.package_identification[0m [1;30mLevel 1[0m _identify(.) by extension 'ignore_ament_install'
[0.559s] [34mcolcon.colcon_core.package_identification[0m [1;30mLevel 1[0m _identify(.) by extensions ['colcon_pkg']
[0.559s] [34mcolcon.colcon_core.package_identification[0m [1;30mLevel 1[0m _identify(.) by extension 'colcon_pkg'
[0.559s] [34mcolcon.colcon_core.package_identification[0m [1;30mLevel 1[0m _identify(.) by extensions ['colcon_meta']
[0.559s] [34mcolcon.colcon_core.package_identification[0m [1;30mLevel 1[0m _identify(.) by extension 'colcon_meta'
[0.559s] [34mcolcon.colcon_core.package_identification[0m [1;30mLevel 1[0m _identify(.) by extensions ['ros']
[0.560s] [34mcolcon.colcon_core.package_identification[0m [1;30mLevel 1[0m _identify(.) by extension 'ros'
[0.611s] [34mcolcon.colcon_core.package_identification[0m [1;30mLevel 1[0m _identify(.) by extensions ['cmake', 'python']
[0.612s] [34mcolcon.colcon_core.package_identification[0m [1;30mLevel 1[0m _identify(.) by extension 'cmake'
[0.612s] [34mcolcon.colcon_core.package_identification[0m [1;30mLevel 1[0m _identify(.) by extension 'python'
[0.612s] [34mcolcon.colcon_core.package_identification[0m [1;30mLevel 1[0m _identify(.) by extensions ['python_setup_py']
[0.612s] [34mcolcon.colcon_core.package_identification[0m [1;30mLevel 1[0m _identify(.) by extension 'python_setup_py'
[0.612s] [34mcolcon.colcon_core.package_identification[0m [1;30mLevel 1[0m _identify(build) by extensions ['ignore', 'ignore_ament_install']
[0.613s] [34mcolcon.colcon_core.package_identification[0m [1;30mLevel 1[0m _identify(build) by extension 'ignore'
[0.613s] [34mcolcon.colcon_core.package_identification[0m [1;30mLevel 1[0m _identify(build) ignored
[0.613s] [34mcolcon.colcon_core.package_identification[0m [1;30mLevel 1[0m _identify(images) by extensions ['ignore', 'ignore_ament_install']
[0.613s] [34mcolcon.colcon_core.package_identification[0m [1;30mLevel 1[0m _identify(images) by extension 'ignore'
[0.613s] [34mcolcon.colcon_core.package_identification[0m [1;30mLevel 1[0m _identify(images) by extension 'ignore_ament_install'
[0.613s] [34mcolcon.colcon_core.package_identification[0m [1;30mLevel 1[0m _identify(images) by extensions ['colcon_pkg']
[0.613s] [34mcolcon.colcon_core.package_identification[0m [1;30mLevel 1[0m _identify(images) by extension 'colcon_pkg'
[0.613s] [34mcolcon.colcon_core.package_identification[0m [1;30mLevel 1[0m _identify(images) by extensions ['colcon_meta']
[0.613s] [34mcolcon.colcon_core.package_identification[0m [1;30mLevel 1[0m _identify(images) by extension 'colcon_meta'
[0.613s] [34mcolcon.colcon_core.package_identification[0m [1;30mLevel 1[0m _identify(images) by extensions ['ros']
[0.613s] [34mcolcon.colcon_core.package_identification[0m [1;30mLevel 1[0m _identify(images) by extension 'ros'
[0.613s] [34mcolcon.colcon_core.package_identification[0m [1;30mLevel 1[0m _identify(images) by extensions ['cmake', 'python']
[0.613s] [34mcolcon.colcon_core.package_identification[0m [1;30mLevel 1[0m _identify(images) by extension 'cmake'
[0.613s] [34mcolcon.colcon_core.package_identification[0m [1;30mLevel 1[0m _identify(images) by extension 'python'
[0.614s] [34mcolcon.colcon_core.package_identification[0m [1;30mLevel 1[0m _identify(images) by extensions ['python_setup_py']
[0.614s] [34mcolcon.colcon_core.package_identification[0m [1;30mLevel 1[0m _identify(images) by extension 'python_setup_py'
[0.614s] [34mcolcon.colcon_core.package_identification[0m [1;30mLevel 1[0m _identify(images/README) by extensions ['ignore', 'ignore_ament_install']
[0.614s] [34mcolcon.colcon_core.package_identification[0m [1;30mLevel 1[0m _identify(images/README) by extension 'ignore'
[0.614s] [34mcolcon.colcon_core.package_identification[0m [1;30mLevel 1[0m _identify(images/README) by extension 'ignore_ament_install'
[0.614s] [34mcolcon.colcon_core.package_identification[0m [1;30mLevel 1[0m _identify(images/README) by extensions ['colcon_pkg']
[0.614s] [34mcolcon.colcon_core.package_identification[0m [1;30mLevel 1[0m _identify(images/README) by extension 'colcon_pkg'
[0.614s] [34mcolcon.colcon_core.package_identification[0m [1;30mLevel 1[0m _identify(images/README) by extensions ['colcon_meta']
[0.614s] [34mcolcon.colcon_core.package_identification[0m [1;30mLevel 1[0m _identify(images/README) by extension 'colcon_meta'
[0.614s] [34mcolcon.colcon_core.package_identification[0m [1;30mLevel 1[0m _identify(images/README) by extensions ['ros']
[0.614s] [34mcolcon.colcon_core.package_identification[0m [1;30mLevel 1[0m _identify(images/README) by extension 'ros'
[0.614s] [34mcolcon.colcon_core.package_identification[0m [1;30mLevel 1[0m _identify(images/README) by extensions ['cmake', 'python']
[0.614s] [34mcolcon.colcon_core.package_identification[0m [1;30mLevel 1[0m _identify(images/README) by extension 'cmake'
[0.614s] [34mcolcon.colcon_core.package_identification[0m [1;30mLevel 1[0m _identify(images/README) by extension 'python'
[0.614s] [34mcolcon.colcon_core.package_identification[0m [1;30mLevel 1[0m _identify(images/README) by extensions ['python_setup_py']
[0.614s] [34mcolcon.colcon_core.package_identification[0m [1;30mLevel 1[0m _identify(images/README) by extension 'python_setup_py'
[0.614s] [34mcolcon.colcon_core.package_identification[0m [1;30mLevel 1[0m _identify(install) by extensions ['ignore', 'ignore_ament_install']
[0.614s] [34mcolcon.colcon_core.package_identification[0m [1;30mLevel 1[0m _identify(install) by extension 'ignore'
[0.614s] [34mcolcon.colcon_core.package_identification[0m [1;30mLevel 1[0m _identify(install) ignored
[0.615s] [34mcolcon.colcon_core.package_identification[0m [1;30mLevel 1[0m _identify(log) by extensions ['ignore', 'ignore_ament_install']
[0.615s] [34mcolcon.colcon_core.package_identification[0m [1;30mLevel 1[0m _identify(log) by extension 'ignore'
[0.615s] [34mcolcon.colcon_core.package_identification[0m [1;30mLevel 1[0m _identify(log) ignored
[0.615s] [34mcolcon.colcon_core.package_identification[0m [1;30mLevel 1[0m _identify(src) by extensions ['ignore', 'ignore_ament_install']
[0.615s] [34mcolcon.colcon_core.package_identification[0m [1;30mLevel 1[0m _identify(src) by extension 'ignore'
[0.615s] [34mcolcon.colcon_core.package_identification[0m [1;30mLevel 1[0m _identify(src) by extension 'ignore_ament_install'
[0.615s] [34mcolcon.colcon_core.package_identification[0m [1;30mLevel 1[0m _identify(src) by extensions ['colcon_pkg']
[0.615s] [34mcolcon.colcon_core.package_identification[0m [1;30mLevel 1[0m _identify(src) by extension 'colcon_pkg'
[0.615s] [34mcolcon.colcon_core.package_identification[0m [1;30mLevel 1[0m _identify(src) by extensions ['colcon_meta']
[0.615s] [34mcolcon.colcon_core.package_identification[0m [1;30mLevel 1[0m _identify(src) by extension 'colcon_meta'
[0.615s] [34mcolcon.colcon_core.package_identification[0m [1;30mLevel 1[0m _identify(src) by extensions ['ros']
[0.615s] [34mcolcon.colcon_core.package_identification[0m [1;30mLevel 1[0m _identify(src) by extension 'ros'
[0.615s] [34mcolcon.colcon_core.package_identification[0m [1;30mLevel 1[0m _identify(src) by extensions ['cmake', 'python']
[0.615s] [34mcolcon.colcon_core.package_identification[0m [1;30mLevel 1[0m _identify(src) by extension 'cmake'
[0.615s] [34mcolcon.colcon_core.package_identification[0m [1;30mLevel 1[0m _identify(src) by extension 'python'
[0.615s] [34mcolcon.colcon_core.package_identification[0m [1;30mLevel 1[0m _identify(src) by extensions ['python_setup_py']
[0.615s] [34mcolcon.colcon_core.package_identification[0m [1;30mLevel 1[0m _identify(src) by extension 'python_setup_py'
[0.615s] [34mcolcon.colcon_core.package_identification[0m [1;30mLevel 1[0m _identify(src/elementbot_gazebo) by extensions ['ignore', 'ignore_ament_install']
[0.616s] [34mcolcon.colcon_core.package_identification[0m [1;30mLevel 1[0m _identify(src/elementbot_gazebo) by extension 'ignore'
[0.616s] [34mcolcon.colcon_core.package_identification[0m [1;30mLevel 1[0m _identify(src/elementbot_gazebo) by extension 'ignore_ament_install'
[0.616s] [34mcolcon.colcon_core.package_identification[0m [1;30mLevel 1[0m _identify(src/elementbot_gazebo) by extensions ['colcon_pkg']
[0.616s] [34mcolcon.colcon_core.package_identification[0m [1;30mLevel 1[0m _identify(src/elementbot_gazebo) by extension 'colcon_pkg'
[0.616s] [34mcolcon.colcon_core.package_identification[0m [1;30mLevel 1[0m _identify(src/elementbot_gazebo) by extensions ['colcon_meta']
[0.616s] [34mcolcon.colcon_core.package_identification[0m [1;30mLevel 1[0m _identify(src/elementbot_gazebo) by extension 'colcon_meta'
[0.616s] [34mcolcon.colcon_core.package_identification[0m [1;30mLevel 1[0m _identify(src/elementbot_gazebo) by extensions ['ros']
[0.616s] [34mcolcon.colcon_core.package_identification[0m [1;30mLevel 1[0m _identify(src/elementbot_gazebo) by extension 'ros'
[0.622s] [34mcolcon.colcon_core.package_identification[0m [1;30mDEBUG[0m [32mPackage 'src/elementbot_gazebo' with type 'ros.ament_python' and name 'elementbot_gazebo'[0m
[0.623s] [34mcolcon.colcon_core.package_identification[0m [1;30mLevel 1[0m _identify(src/elementbot_navigation) by extensions ['ignore', 'ignore_ament_install']
[0.623s] [34mcolcon.colcon_core.package_identification[0m [1;30mLevel 1[0m _identify(src/elementbot_navigation) by extension 'ignore'
[0.623s] [34mcolcon.colcon_core.package_identification[0m [1;30mLevel 1[0m _identify(src/elementbot_navigation) by extension 'ignore_ament_install'
[0.624s] [34mcolcon.colcon_core.package_identification[0m [1;30mLevel 1[0m _identify(src/elementbot_navigation) by extensions ['colcon_pkg']
[0.624s] [34mcolcon.colcon_core.package_identification[0m [1;30mLevel 1[0m _identify(src/elementbot_navigation) by extension 'colcon_pkg'
[0.624s] [34mcolcon.colcon_core.package_identification[0m [1;30mLevel 1[0m _identify(src/elementbot_navigation) by extensions ['colcon_meta']
[0.624s] [34mcolcon.colcon_core.package_identification[0m [1;30mLevel 1[0m _identify(src/elementbot_navigation) by extension 'colcon_meta'
[0.624s] [34mcolcon.colcon_core.package_identification[0m [1;30mLevel 1[0m _identify(src/elementbot_navigation) by extensions ['ros']
[0.624s] [34mcolcon.colcon_core.package_identification[0m [1;30mLevel 1[0m _identify(src/elementbot_navigation) by extension 'ros'
[0.625s] [34mcolcon.colcon_core.package_identification[0m [1;30mDEBUG[0m [32mPackage 'src/elementbot_navigation' with type 'ros.ament_python' and name 'elementbot_navigation'[0m
[0.627s] [34mcolcon.colcon_core.package_identification[0m [1;30mLevel 1[0m _identify(src/elementbot_urdf) by extensions ['ignore', 'ignore_ament_install']
[0.627s] [34mcolcon.colcon_core.package_identification[0m [1;30mLevel 1[0m _identify(src/elementbot_urdf) by extension 'ignore'
[0.627s] [34mcolcon.colcon_core.package_identification[0m [1;30mLevel 1[0m _identify(src/elementbot_urdf) by extension 'ignore_ament_install'
[0.627s] [34mcolcon.colcon_core.package_identification[0m [1;30mLevel 1[0m _identify(src/elementbot_urdf) by extensions ['colcon_pkg']
[0.627s] [34mcolcon.colcon_core.package_identification[0m [1;30mLevel 1[0m _identify(src/elementbot_urdf) by extension 'colcon_pkg'
[0.627s] [34mcolcon.colcon_core.package_identification[0m [1;30mLevel 1[0m _identify(src/elementbot_urdf) by extensions ['colcon_meta']
[0.627s] [34mcolcon.colcon_core.package_identification[0m [1;30mLevel 1[0m _identify(src/elementbot_urdf) by extension 'colcon_meta'
[0.627s] [34mcolcon.colcon_core.package_identification[0m [1;30mLevel 1[0m _identify(src/elementbot_urdf) by extensions ['ros']
[0.627s] [34mcolcon.colcon_core.package_identification[0m [1;30mLevel 1[0m _identify(src/elementbot_urdf) by extension 'ros'
[0.628s] [34mcolcon.colcon_core.package_identification[0m [1;30mDEBUG[0m [32mPackage 'src/elementbot_urdf' with type 'ros.ament_python' and name 'elementbot_urdf'[0m
[0.629s] [34mcolcon.colcon_core.package_identification[0m [1;30mLevel 1[0m _identify(src/fall_down_yolov5) by extensions ['ignore', 'ignore_ament_install']
[0.629s] [34mcolcon.colcon_core.package_identification[0m [1;30mLevel 1[0m _identify(src/fall_down_yolov5) by extension 'ignore'
[0.629s] [34mcolcon.colcon_core.package_identification[0m [1;30mLevel 1[0m _identify(src/fall_down_yolov5) by extension 'ignore_ament_install'
[0.629s] [34mcolcon.colcon_core.package_identification[0m [1;30mLevel 1[0m _identify(src/fall_down_yolov5) by extensions ['colcon_pkg']
[0.629s] [34mcolcon.colcon_core.package_identification[0m [1;30mLevel 1[0m _identify(src/fall_down_yolov5) by extension 'colcon_pkg'
[0.629s] [34mcolcon.colcon_core.package_identification[0m [1;30mLevel 1[0m _identify(src/fall_down_yolov5) by extensions ['colcon_meta']
[0.629s] [34mcolcon.colcon_core.package_identification[0m [1;30mLevel 1[0m _identify(src/fall_down_yolov5) by extension 'colcon_meta'
[0.629s] [34mcolcon.colcon_core.package_identification[0m [1;30mLevel 1[0m _identify(src/fall_down_yolov5) by extensions ['ros']
[0.629s] [34mcolcon.colcon_core.package_identification[0m [1;30mLevel 1[0m _identify(src/fall_down_yolov5) by extension 'ros'
[0.630s] [34mcolcon.colcon_core.package_identification[0m [1;30mDEBUG[0m [32mPackage 'src/fall_down_yolov5' with type 'ros.ament_python' and name 'fall_down_yolov5'[0m
[0.631s] [34mcolcon.colcon_core.package_identification[0m [1;30mLevel 1[0m _identify(src/line_follower) by extensions ['ignore', 'ignore_ament_install']
[0.631s] [34mcolcon.colcon_core.package_identification[0m [1;30mLevel 1[0m _identify(src/line_follower) by extension 'ignore'
[0.631s] [34mcolcon.colcon_core.package_identification[0m [1;30mLevel 1[0m _identify(src/line_follower) by extension 'ignore_ament_install'
[0.631s] [34mcolcon.colcon_core.package_identification[0m [1;30mLevel 1[0m _identify(src/line_follower) by extensions ['colcon_pkg']
[0.631s] [34mcolcon.colcon_core.package_identification[0m [1;30mLevel 1[0m _identify(src/line_follower) by extension 'colcon_pkg'
[0.631s] [34mcolcon.colcon_core.package_identification[0m [1;30mLevel 1[0m _identify(src/line_follower) by extensions ['colcon_meta']
[0.631s] [34mcolcon.colcon_core.package_identification[0m [1;30mLevel 1[0m _identify(src/line_follower) by extension 'colcon_meta'
[0.631s] [34mcolcon.colcon_core.package_identification[0m [1;30mLevel 1[0m _identify(src/line_follower) by extensions ['ros']
[0.631s] [34mcolcon.colcon_core.package_identification[0m [1;30mLevel 1[0m _identify(src/line_follower) by extension 'ros'
[0.632s] [34mcolcon.colcon_core.package_identification[0m [1;30mDEBUG[0m [32mPackage 'src/line_follower' with type 'ros.ament_python' and name 'line_follower'[0m
[0.633s] [34mcolcon.colcon_core.package_identification[0m [1;30mLevel 1[0m _identify(src/yolo5_sim) by extensions ['ignore', 'ignore_ament_install']
[0.633s] [34mcolcon.colcon_core.package_identification[0m [1;30mLevel 1[0m _identify(src/yolo5_sim) by extension 'ignore'
[0.633s] [34mcolcon.colcon_core.package_identification[0m [1;30mLevel 1[0m _identify(src/yolo5_sim) by extension 'ignore_ament_install'
[0.633s] [34mcolcon.colcon_core.package_identification[0m [1;30mLevel 1[0m _identify(src/yolo5_sim) by extensions ['colcon_pkg']
[0.633s] [34mcolcon.colcon_core.package_identification[0m [1;30mLevel 1[0m _identify(src/yolo5_sim) by extension 'colcon_pkg'
[0.633s] [34mcolcon.colcon_core.package_identification[0m [1;30mLevel 1[0m _identify(src/yolo5_sim) by extensions ['colcon_meta']
[0.633s] [34mcolcon.colcon_core.package_identification[0m [1;30mLevel 1[0m _identify(src/yolo5_sim) by extension 'colcon_meta'
[0.633s] [34mcolcon.colcon_core.package_identification[0m [1;30mLevel 1[0m _identify(src/yolo5_sim) by extensions ['ros']
[0.633s] [34mcolcon.colcon_core.package_identification[0m [1;30mLevel 1[0m _identify(src/yolo5_sim) by extension 'ros'
[0.633s] [34mcolcon.colcon_core.package_identification[0m [1;30mLevel 1[0m _identify(src/yolo5_sim) by extensions ['cmake', 'python']
[0.633s] [34mcolcon.colcon_core.package_identification[0m [1;30mLevel 1[0m _identify(src/yolo5_sim) by extension 'cmake'
[0.633s] [34mcolcon.colcon_core.package_identification[0m [1;30mLevel 1[0m _identify(src/yolo5_sim) by extension 'python'
[0.633s] [34mcolcon.colcon_core.package_identification[0m [1;30mLevel 1[0m _identify(src/yolo5_sim) by extensions ['python_setup_py']
[0.633s] [34mcolcon.colcon_core.package_identification[0m [1;30mLevel 1[0m _identify(src/yolo5_sim) by extension 'python_setup_py'
[0.634s] [34mcolcon.colcon_core.package_identification[0m [1;30mLevel 1[0m _identify(src/yolo5_sim/yolov5_ros2) by extensions ['ignore', 'ignore_ament_install']
[0.634s] [34mcolcon.colcon_core.package_identification[0m [1;30mLevel 1[0m _identify(src/yolo5_sim/yolov5_ros2) by extension 'ignore'
[0.634s] [34mcolcon.colcon_core.package_identification[0m [1;30mLevel 1[0m _identify(src/yolo5_sim/yolov5_ros2) by extension 'ignore_ament_install'
[0.634s] [34mcolcon.colcon_core.package_identification[0m [1;30mLevel 1[0m _identify(src/yolo5_sim/yolov5_ros2) by extensions ['colcon_pkg']
[0.634s] [34mcolcon.colcon_core.package_identification[0m [1;30mLevel 1[0m _identify(src/yolo5_sim/yolov5_ros2) by extension 'colcon_pkg'
[0.634s] [34mcolcon.colcon_core.package_identification[0m [1;30mLevel 1[0m _identify(src/yolo5_sim/yolov5_ros2) by extensions ['colcon_meta']
[0.634s] [34mcolcon.colcon_core.package_identification[0m [1;30mLevel 1[0m _identify(src/yolo5_sim/yolov5_ros2) by extension 'colcon_meta'
[0.634s] [34mcolcon.colcon_core.package_identification[0m [1;30mLevel 1[0m _identify(src/yolo5_sim/yolov5_ros2) by extensions ['ros']
[0.635s] [34mcolcon.colcon_core.package_identification[0m [1;30mLevel 1[0m _identify(src/yolo5_sim/yolov5_ros2) by extension 'ros'
[0.637s] [34mcolcon.colcon_core.package_identification[0m [1;30mDEBUG[0m [32mPackage 'src/yolo5_sim/yolov5_ros2' with type 'ros.ament_python' and name 'yolov5_ros2'[0m
[0.638s] [34mcolcon.colcon_core.package_discovery[0m [1;30mLevel 1[0m discover_packages(recursive) using defaults
[0.639s] [34mcolcon.colcon_core.package_discovery[0m [1;30mLevel 1[0m discover_packages(ignore) discover
[0.639s] [34mcolcon.colcon_core.package_discovery[0m [1;30mLevel 1[0m discover_packages(ignore) using defaults
[0.639s] [34mcolcon.colcon_core.package_discovery[0m [1;30mLevel 1[0m discover_packages(path) discover
[0.639s] [34mcolcon.colcon_core.package_discovery[0m [1;30mLevel 1[0m discover_packages(path) using defaults
[0.699s] [34mcolcon.colcon_core.package_discovery[0m [1;30mLevel 1[0m discover_packages(prefix_path) check parameters
[0.699s] [34mcolcon.colcon_core.package_discovery[0m [1;30mLevel 1[0m discover_packages(prefix_path) discover
[0.707s] [34mcolcon.colcon_installed_package_information.package_discovery[0m [1;30mDEBUG[0m [32mFound 6 installed packages in /home/ctk/element_ws/install[0m
[0.710s] [34mcolcon.colcon_installed_package_information.package_discovery[0m [1;30mDEBUG[0m [32mFound 430 installed packages in /opt/ros/humble[0m
[0.714s] [34mcolcon.colcon_core.package_discovery[0m [1;30mLevel 1[0m discover_packages(prefix_path) using defaults
[0.836s] [34mcolcon.colcon_core.verb[0m [1;30mLevel 5[0m set package 'elementbot_gazebo' build argument 'cmake_args' from command line to 'None'
[0.837s] [34mcolcon.colcon_core.verb[0m [1;30mLevel 5[0m set package 'elementbot_gazebo' build argument 'cmake_target' from command line to 'None'
[0.837s] [34mcolcon.colcon_core.verb[0m [1;30mLevel 5[0m set package 'elementbot_gazebo' build argument 'cmake_target_skip_unavailable' from command line to 'False'
[0.837s] [34mcolcon.colcon_core.verb[0m [1;30mLevel 5[0m set package 'elementbot_gazebo' build argument 'cmake_clean_cache' from command line to 'False'
[0.837s] [34mcolcon.colcon_core.verb[0m [1;30mLevel 5[0m set package 'elementbot_gazebo' build argument 'cmake_clean_first' from command line to 'False'
[0.837s] [34mcolcon.colcon_core.verb[0m [1;30mLevel 5[0m set package 'elementbot_gazebo' build argument 'cmake_force_configure' from command line to 'False'
[0.837s] [34mcolcon.colcon_core.verb[0m [1;30mLevel 5[0m set package 'elementbot_gazebo' build argument 'ament_cmake_args' from command line to 'None'
[0.837s] [34mcolcon.colcon_core.verb[0m [1;30mLevel 5[0m set package 'elementbot_gazebo' build argument 'catkin_cmake_args' from command line to 'None'
[0.837s] [34mcolcon.colcon_core.verb[0m [1;30mLevel 5[0m set package 'elementbot_gazebo' build argument 'catkin_skip_building_tests' from command line to 'False'
[0.837s] [34mcolcon.colcon_core.verb[0m [1;30mDEBUG[0m [32mBuilding package 'elementbot_gazebo' with the following arguments: {'ament_cmake_args': None, 'build_base': '/home/ctk/element_ws/build/elementbot_gazebo', 'catkin_cmake_args': None, 'catkin_skip_building_tests': False, 'cmake_args': None, 'cmake_clean_cache': False, 'cmake_clean_first': False, 'cmake_force_configure': False, 'cmake_target': None, 'cmake_target_skip_unavailable': False, 'install_base': '/home/ctk/element_ws/install/elementbot_gazebo', 'merge_install': False, 'path': '/home/ctk/element_ws/src/elementbot_gazebo', 'symlink_install': False, 'test_result_base': None}[0m
[0.840s] [34mcolcon.colcon_core.verb[0m [1;30mLevel 5[0m set package 'elementbot_navigation' build argument 'cmake_args' from command line to 'None'
[0.841s] [34mcolcon.colcon_core.verb[0m [1;30mLevel 5[0m set package 'elementbot_navigation' build argument 'cmake_target' from command line to 'None'
[0.841s] [34mcolcon.colcon_core.verb[0m [1;30mLevel 5[0m set package 'elementbot_navigation' build argument 'cmake_target_skip_unavailable' from command line to 'False'
[0.841s] [34mcolcon.colcon_core.verb[0m [1;30mLevel 5[0m set package 'elementbot_navigation' build argument 'cmake_clean_cache' from command line to 'False'
[0.841s] [34mcolcon.colcon_core.verb[0m [1;30mLevel 5[0m set package 'elementbot_navigation' build argument 'cmake_clean_first' from command line to 'False'
[0.841s] [34mcolcon.colcon_core.verb[0m [1;30mLevel 5[0m set package 'elementbot_navigation' build argument 'cmake_force_configure' from command line to 'False'
[0.841s] [34mcolcon.colcon_core.verb[0m [1;30mLevel 5[0m set package 'elementbot_navigation' build argument 'ament_cmake_args' from command line to 'None'
[0.841s] [34mcolcon.colcon_core.verb[0m [1;30mLevel 5[0m set package 'elementbot_navigation' build argument 'catkin_cmake_args' from command line to 'None'
[0.841s] [34mcolcon.colcon_core.verb[0m [1;30mLevel 5[0m set package 'elementbot_navigation' build argument 'catkin_skip_building_tests' from command line to 'False'
[0.841s] [34mcolcon.colcon_core.verb[0m [1;30mDEBUG[0m [32mBuilding package 'elementbot_navigation' with the following arguments: {'ament_cmake_args': None, 'build_base': '/home/ctk/element_ws/build/elementbot_navigation', 'catkin_cmake_args': None, 'catkin_skip_building_tests': False, 'cmake_args': None, 'cmake_clean_cache': False, 'cmake_clean_first': False, 'cmake_force_configure': False, 'cmake_target': None, 'cmake_target_skip_unavailable': False, 'install_base': '/home/ctk/element_ws/install/elementbot_navigation', 'merge_install': False, 'path': '/home/ctk/element_ws/src/elementbot_navigation', 'symlink_install': False, 'test_result_base': None}[0m
[0.842s] [34mcolcon.colcon_core.verb[0m [1;30mLevel 5[0m set package 'elementbot_urdf' build argument 'cmake_args' from command line to 'None'
[0.843s] [34mcolcon.colcon_core.verb[0m [1;30mLevel 5[0m set package 'elementbot_urdf' build argument 'cmake_target' from command line to 'None'
[0.843s] [34mcolcon.colcon_core.verb[0m [1;30mLevel 5[0m set package 'elementbot_urdf' build argument 'cmake_target_skip_unavailable' from command line to 'False'
[0.843s] [34mcolcon.colcon_core.verb[0m [1;30mLevel 5[0m set package 'elementbot_urdf' build argument 'cmake_clean_cache' from command line to 'False'
[0.843s] [34mcolcon.colcon_core.verb[0m [1;30mLevel 5[0m set package 'elementbot_urdf' build argument 'cmake_clean_first' from command line to 'False'
[0.843s] [34mcolcon.colcon_core.verb[0m [1;30mLevel 5[0m set package 'elementbot_urdf' build argument 'cmake_force_configure' from command line to 'False'
[0.843s] [34mcolcon.colcon_core.verb[0m [1;30mLevel 5[0m set package 'elementbot_urdf' build argument 'ament_cmake_args' from command line to 'None'
[0.843s] [34mcolcon.colcon_core.verb[0m [1;30mLevel 5[0m set package 'elementbot_urdf' build argument 'catkin_cmake_args' from command line to 'None'
[0.843s] [34mcolcon.colcon_core.verb[0m [1;30mLevel 5[0m set package 'elementbot_urdf' build argument 'catkin_skip_building_tests' from command line to 'False'
[0.843s] [34mcolcon.colcon_core.verb[0m [1;30mDEBUG[0m [32mBuilding package 'elementbot_urdf' with the following arguments: {'ament_cmake_args': None, 'build_base': '/home/ctk/element_ws/build/elementbot_urdf', 'catkin_cmake_args': None, 'catkin_skip_building_tests': False, 'cmake_args': None, 'cmake_clean_cache': False, 'cmake_clean_first': False, 'cmake_force_configure': False, 'cmake_target': None, 'cmake_target_skip_unavailable': False, 'install_base': '/home/ctk/element_ws/install/elementbot_urdf', 'merge_install': False, 'path': '/home/ctk/element_ws/src/elementbot_urdf', 'symlink_install': False, 'test_result_base': None}[0m
[0.844s] [34mcolcon.colcon_core.verb[0m [1;30mLevel 5[0m set package 'fall_down_yolov5' build argument 'cmake_args' from command line to 'None'
[0.844s] [34mcolcon.colcon_core.verb[0m [1;30mLevel 5[0m set package 'fall_down_yolov5' build argument 'cmake_target' from command line to 'None'
[0.844s] [34mcolcon.colcon_core.verb[0m [1;30mLevel 5[0m set package 'fall_down_yolov5' build argument 'cmake_target_skip_unavailable' from command line to 'False'
[0.844s] [34mcolcon.colcon_core.verb[0m [1;30mLevel 5[0m set package 'fall_down_yolov5' build argument 'cmake_clean_cache' from command line to 'False'
[0.844s] [34mcolcon.colcon_core.verb[0m [1;30mLevel 5[0m set package 'fall_down_yolov5' build argument 'cmake_clean_first' from command line to 'False'
[0.844s] [34mcolcon.colcon_core.verb[0m [1;30mLevel 5[0m set package 'fall_down_yolov5' build argument 'cmake_force_configure' from command line to 'False'
[0.844s] [34mcolcon.colcon_core.verb[0m [1;30mLevel 5[0m set package 'fall_down_yolov5' build argument 'ament_cmake_args' from command line to 'None'
[0.844s] [34mcolcon.colcon_core.verb[0m [1;30mLevel 5[0m set package 'fall_down_yolov5' build argument 'catkin_cmake_args' from command line to 'None'
[0.844s] [34mcolcon.colcon_core.verb[0m [1;30mLevel 5[0m set package 'fall_down_yolov5' build argument 'catkin_skip_building_tests' from command line to 'False'
[0.844s] [34mcolcon.colcon_core.verb[0m [1;30mDEBUG[0m [32mBuilding package 'fall_down_yolov5' with the following arguments: {'ament_cmake_args': None, 'build_base': '/home/ctk/element_ws/build/fall_down_yolov5', 'catkin_cmake_args': None, 'catkin_skip_building_tests': False, 'cmake_args': None, 'cmake_clean_cache': False, 'cmake_clean_first': False, 'cmake_force_configure': False, 'cmake_target': None, 'cmake_target_skip_unavailable': False, 'install_base': '/home/ctk/element_ws/install/fall_down_yolov5', 'merge_install': False, 'path': '/home/ctk/element_ws/src/fall_down_yolov5', 'symlink_install': False, 'test_result_base': None}[0m
[0.845s] [34mcolcon.colcon_core.verb[0m [1;30mLevel 5[0m set package 'line_follower' build argument 'cmake_args' from command line to 'None'
[0.845s] [34mcolcon.colcon_core.verb[0m [1;30mLevel 5[0m set package 'line_follower' build argument 'cmake_target' from command line to 'None'
[0.845s] [34mcolcon.colcon_core.verb[0m [1;30mLevel 5[0m set package 'line_follower' build argument 'cmake_target_skip_unavailable' from command line to 'False'
[0.845s] [34mcolcon.colcon_core.verb[0m [1;30mLevel 5[0m set package 'line_follower' build argument 'cmake_clean_cache' from command line to 'False'
[0.845s] [34mcolcon.colcon_core.verb[0m [1;30mLevel 5[0m set package 'line_follower' build argument 'cmake_clean_first' from command line to 'False'
[0.845s] [34mcolcon.colcon_core.verb[0m [1;30mLevel 5[0m set package 'line_follower' build argument 'cmake_force_configure' from command line to 'False'
[0.845s] [34mcolcon.colcon_core.verb[0m [1;30mLevel 5[0m set package 'line_follower' build argument 'ament_cmake_args' from command line to 'None'
[0.845s] [34mcolcon.colcon_core.verb[0m [1;30mLevel 5[0m set package 'line_follower' build argument 'catkin_cmake_args' from command line to 'None'
[0.845s] [34mcolcon.colcon_core.verb[0m [1;30mLevel 5[0m set package 'line_follower' build argument 'catkin_skip_building_tests' from command line to 'False'
[0.845s] [34mcolcon.colcon_core.verb[0m [1;30mDEBUG[0m [32mBuilding package 'line_follower' with the following arguments: {'ament_cmake_args': None, 'build_base': '/home/ctk/element_ws/build/line_follower', 'catkin_cmake_args': None, 'catkin_skip_building_tests': False, 'cmake_args': None, 'cmake_clean_cache': False, 'cmake_clean_first': False, 'cmake_force_configure': False, 'cmake_target': None, 'cmake_target_skip_unavailable': False, 'install_base': '/home/ctk/element_ws/install/line_follower', 'merge_install': False, 'path': '/home/ctk/element_ws/src/line_follower', 'symlink_install': False, 'test_result_base': None}[0m
[0.847s] [34mcolcon.colcon_core.verb[0m [1;30mLevel 5[0m set package 'yolov5_ros2' build argument 'cmake_args' from command line to 'None'
[0.847s] [34mcolcon.colcon_core.verb[0m [1;30mLevel 5[0m set package 'yolov5_ros2' build argument 'cmake_target' from command line to 'None'
[0.847s] [34mcolcon.colcon_core.verb[0m [1;30mLevel 5[0m set package 'yolov5_ros2' build argument 'cmake_target_skip_unavailable' from command line to 'False'
[0.847s] [34mcolcon.colcon_core.verb[0m [1;30mLevel 5[0m set package 'yolov5_ros2' build argument 'cmake_clean_cache' from command line to 'False'
[0.848s] [34mcolcon.colcon_core.verb[0m [1;30mLevel 5[0m set package 'yolov5_ros2' build argument 'cmake_clean_first' from command line to 'False'
[0.848s] [34mcolcon.colcon_core.verb[0m [1;30mLevel 5[0m set package 'yolov5_ros2' build argument 'cmake_force_configure' from command line to 'False'
[0.848s] [34mcolcon.colcon_core.verb[0m [1;30mLevel 5[0m set package 'yolov5_ros2' build argument 'ament_cmake_args' from command line to 'None'
[0.848s] [34mcolcon.colcon_core.verb[0m [1;30mLevel 5[0m set package 'yolov5_ros2' build argument 'catkin_cmake_args' from command line to 'None'
[0.848s] [34mcolcon.colcon_core.verb[0m [1;30mLevel 5[0m set package 'yolov5_ros2' build argument 'catkin_skip_building_tests' from command line to 'False'
[0.848s] [34mcolcon.colcon_core.verb[0m [1;30mDEBUG[0m [32mBuilding package 'yolov5_ros2' with the following arguments: {'ament_cmake_args': None, 'build_base': '/home/ctk/element_ws/build/yolov5_ros2', 'catkin_cmake_args': None, 'catkin_skip_building_tests': False, 'cmake_args': None, 'cmake_clean_cache': False, 'cmake_clean_first': False, 'cmake_force_configure': False, 'cmake_target': None, 'cmake_target_skip_unavailable': False, 'install_base': '/home/ctk/element_ws/install/yolov5_ros2', 'merge_install': False, 'path': '/home/ctk/element_ws/src/yolo5_sim/yolov5_ros2', 'symlink_install': False, 'test_result_base': None}[0m
[0.849s] [34mcolcon.colcon_core.executor[0m [1;30mINFO[0m Executing jobs using 'parallel' executor
[0.857s] [34mcolcon.colcon_parallel_executor.executor.parallel[0m [1;30mDEBUG[0m [32mrun_until_complete[0m
[0.861s] [34mcolcon.colcon_ros.task.ament_python.build[0m [1;30mINFO[0m Building ROS package in '/home/ctk/element_ws/src/elementbot_gazebo' with build type 'ament_python'
[0.861s] [34mcolcon.colcon_core.shell[0m [1;30mLevel 1[0m create_environment_hook('elementbot_gazebo', 'ament_prefix_path')
[0.864s] [34mcolcon.colcon_core.plugin_system[0m [1;30mINFO[0m Skipping extension 'colcon_core.shell.bat': Not used on non-Windows systems
[0.865s] [34mcolcon.colcon_core.shell[0m [1;30mINFO[0m Creating environment hook '/home/ctk/element_ws/install/elementbot_gazebo/share/elementbot_gazebo/hook/ament_prefix_path.ps1'
[0.871s] [34mcolcon.colcon_core.shell[0m [1;30mINFO[0m Creating environment descriptor '/home/ctk/element_ws/install/elementbot_gazebo/share/elementbot_gazebo/hook/ament_prefix_path.dsv'
[0.874s] [34mcolcon.colcon_core.shell[0m [1;30mINFO[0m Creating environment hook '/home/ctk/element_ws/install/elementbot_gazebo/share/elementbot_gazebo/hook/ament_prefix_path.sh'
[0.878s] [34mcolcon.colcon_core.shell[0m [1;30mINFO[0m Skip shell extension 'powershell' for command environment: Not usable outside of PowerShell
[0.878s] [34mcolcon.colcon_core.shell[0m [1;30mDEBUG[0m [32mSkip shell extension 'dsv' for command environment[0m
[0.890s] [34mcolcon.colcon_ros.task.ament_python.build[0m [1;30mINFO[0m Building ROS package in '/home/ctk/element_ws/src/elementbot_navigation' with build type 'ament_python'
[0.890s] [34mcolcon.colcon_core.shell[0m [1;30mLevel 1[0m create_environment_hook('elementbot_navigation', 'ament_prefix_path')
[0.891s] [34mcolcon.colcon_core.shell[0m [1;30mINFO[0m Creating environment hook '/home/ctk/element_ws/install/elementbot_navigation/share/elementbot_navigation/hook/ament_prefix_path.ps1'
[0.892s] [34mcolcon.colcon_core.shell[0m [1;30mINFO[0m Creating environment descriptor '/home/ctk/element_ws/install/elementbot_navigation/share/elementbot_navigation/hook/ament_prefix_path.dsv'
[0.895s] [34mcolcon.colcon_core.shell[0m [1;30mINFO[0m Creating environment hook '/home/ctk/element_ws/install/elementbot_navigation/share/elementbot_navigation/hook/ament_prefix_path.sh'
[0.899s] [34mcolcon.colcon_core.shell[0m [1;30mINFO[0m Skip shell extension 'powershell' for command environment: Not usable outside of PowerShell
[0.899s] [34mcolcon.colcon_core.shell[0m [1;30mDEBUG[0m [32mSkip shell extension 'dsv' for command environment[0m
[0.910s] [34mcolcon.colcon_ros.task.ament_python.build[0m [1;30mINFO[0m Building ROS package in '/home/ctk/element_ws/src/elementbot_urdf' with build type 'ament_python'
[0.911s] [34mcolcon.colcon_core.shell[0m [1;30mLevel 1[0m create_environment_hook('elementbot_urdf', 'ament_prefix_path')
[0.914s] [34mcolcon.colcon_core.shell[0m [1;30mINFO[0m Creating environment hook '/home/ctk/element_ws/install/elementbot_urdf/share/elementbot_urdf/hook/ament_prefix_path.ps1'
[0.919s] [34mcolcon.colcon_core.shell[0m [1;30mINFO[0m Creating environment descriptor '/home/ctk/element_ws/install/elementbot_urdf/share/elementbot_urdf/hook/ament_prefix_path.dsv'
[0.924s] [34mcolcon.colcon_core.shell[0m [1;30mINFO[0m Creating environment hook '/home/ctk/element_ws/install/elementbot_urdf/share/elementbot_urdf/hook/ament_prefix_path.sh'
[0.929s] [34mcolcon.colcon_core.shell[0m [1;30mINFO[0m Skip shell extension 'powershell' for command environment: Not usable outside of PowerShell
[0.929s] [34mcolcon.colcon_core.shell[0m [1;30mDEBUG[0m [32mSkip shell extension 'dsv' for command environment[0m
[0.951s] [34mcolcon.colcon_ros.task.ament_python.build[0m [1;30mINFO[0m Building ROS package in '/home/ctk/element_ws/src/fall_down_yolov5' with build type 'ament_python'
[0.952s] [34mcolcon.colcon_core.shell[0m [1;30mLevel 1[0m create_environment_hook('fall_down_yolov5', 'ament_prefix_path')
[0.953s] [34mcolcon.colcon_core.shell[0m [1;30mINFO[0m Creating environment hook '/home/ctk/element_ws/install/fall_down_yolov5/share/fall_down_yolov5/hook/ament_prefix_path.ps1'
[0.961s] [34mcolcon.colcon_core.shell[0m [1;30mINFO[0m Creating environment descriptor '/home/ctk/element_ws/install/fall_down_yolov5/share/fall_down_yolov5/hook/ament_prefix_path.dsv'
[0.964s] [34mcolcon.colcon_core.shell[0m [1;30mINFO[0m Creating environment hook '/home/ctk/element_ws/install/fall_down_yolov5/share/fall_down_yolov5/hook/ament_prefix_path.sh'
[0.971s] [34mcolcon.colcon_core.shell[0m [1;30mINFO[0m Skip shell extension 'powershell' for command environment: Not usable outside of PowerShell
[0.974s] [34mcolcon.colcon_core.shell[0m [1;30mDEBUG[0m [32mSkip shell extension 'dsv' for command environment[0m
[0.998s] [34mcolcon.colcon_ros.task.ament_python.build[0m [1;30mINFO[0m Building ROS package in '/home/ctk/element_ws/src/line_follower' with build type 'ament_python'
[1.001s] [34mcolcon.colcon_core.shell[0m [1;30mLevel 1[0m create_environment_hook('line_follower', 'ament_prefix_path')
[1.003s] [34mcolcon.colcon_core.shell[0m [1;30mINFO[0m Creating environment hook '/home/ctk/element_ws/install/line_follower/share/line_follower/hook/ament_prefix_path.ps1'
[1.008s] [34mcolcon.colcon_core.shell[0m [1;30mINFO[0m Creating environment descriptor '/home/ctk/element_ws/install/line_follower/share/line_follower/hook/ament_prefix_path.dsv'
[1.011s] [34mcolcon.colcon_core.shell[0m [1;30mINFO[0m Creating environment hook '/home/ctk/element_ws/install/line_follower/share/line_follower/hook/ament_prefix_path.sh'
[1.016s] [34mcolcon.colcon_core.shell[0m [1;30mINFO[0m Skip shell extension 'powershell' for command environment: Not usable outside of PowerShell
[1.016s] [34mcolcon.colcon_core.shell[0m [1;30mDEBUG[0m [32mSkip shell extension 'dsv' for command environment[0m
[1.037s] [34mcolcon.colcon_ros.task.ament_python.build[0m [1;30mINFO[0m Building ROS package in '/home/ctk/element_ws/src/yolo5_sim/yolov5_ros2' with build type 'ament_python'
[1.038s] [34mcolcon.colcon_core.shell[0m [1;30mLevel 1[0m create_environment_hook('yolov5_ros2', 'ament_prefix_path')
[1.040s] [34mcolcon.colcon_core.shell[0m [1;30mINFO[0m Creating environment hook '/home/ctk/element_ws/install/yolov5_ros2/share/yolov5_ros2/hook/ament_prefix_path.ps1'
[1.044s] [34mcolcon.colcon_core.shell[0m [1;30mINFO[0m Creating environment descriptor '/home/ctk/element_ws/install/yolov5_ros2/share/yolov5_ros2/hook/ament_prefix_path.dsv'
[1.045s] [34mcolcon.colcon_core.shell[0m [1;30mINFO[0m Creating environment hook '/home/ctk/element_ws/install/yolov5_ros2/share/yolov5_ros2/hook/ament_prefix_path.sh'
[1.052s] [34mcolcon.colcon_core.shell[0m [1;30mINFO[0m Skip shell extension 'powershell' for command environment: Not usable outside of PowerShell
[1.053s] [34mcolcon.colcon_core.shell[0m [1;30mDEBUG[0m [32mSkip shell extension 'dsv' for command environment[0m
[2.207s] [34mcolcon.colcon_core.task.python.build[0m [1;30mINFO[0m Building Python package in '/home/ctk/element_ws/src/elementbot_gazebo'
[2.209s] [34mcolcon.colcon_core.shell[0m [1;30mINFO[0m Skip shell extension 'powershell' for command environment: Not usable outside of PowerShell
[2.209s] [34mcolcon.colcon_core.shell[0m [1;30mDEBUG[0m [32mSkip shell extension 'dsv' for command environment[0m
[3.279s] [34mcolcon.colcon_core.task.python.build[0m [1;30mINFO[0m Building Python package in '/home/ctk/element_ws/src/elementbot_navigation'
[3.280s] [34mcolcon.colcon_core.shell[0m [1;30mINFO[0m Skip shell extension 'powershell' for command environment: Not usable outside of PowerShell
[3.281s] [34mcolcon.colcon_core.shell[0m [1;30mDEBUG[0m [32mSkip shell extension 'dsv' for command environment[0m
[4.296s] [34mcolcon.colcon_core.task.python.build[0m [1;30mINFO[0m Building Python package in '/home/ctk/element_ws/src/elementbot_urdf'
[4.297s] [34mcolcon.colcon_core.shell[0m [1;30mINFO[0m Skip shell extension 'powershell' for command environment: Not usable outside of PowerShell
[4.297s] [34mcolcon.colcon_core.shell[0m [1;30mDEBUG[0m [32mSkip shell extension 'dsv' for command environment[0m
[5.338s] [34mcolcon.colcon_ros.task.ament_python.build[0m [1;30mWARNING[0m [33mPackage 'fall_down_yolov5' doesn't explicitly install a marker in the package index (colcon-ros currently does it implicitly but that fallback will be removed in the future)[0m
[5.339s] [34mcolcon.colcon_core.task.python.build[0m [1;30mINFO[0m Building Python package in '/home/ctk/element_ws/src/fall_down_yolov5'
[5.339s] [34mcolcon.colcon_core.shell[0m [1;30mINFO[0m Skip shell extension 'powershell' for command environment: Not usable outside of PowerShell
[5.340s] [34mcolcon.colcon_core.shell[0m [1;30mDEBUG[0m [32mSkip shell extension 'dsv' for command environment[0m
[6.410s] [34mcolcon.colcon_core.task.python.build[0m [1;30mINFO[0m Building Python package in '/home/ctk/element_ws/src/line_follower'
[6.413s] [34mcolcon.colcon_core.shell[0m [1;30mINFO[0m Skip shell extension 'powershell' for command environment: Not usable outside of PowerShell
[6.413s] [34mcolcon.colcon_core.shell[0m [1;30mDEBUG[0m [32mSkip shell extension 'dsv' for command environment[0m
[7.503s] [34mcolcon.colcon_ros.task.ament_python.build[0m [1;30mWARNING[0m [33mPackage 'yolov5_ros2' doesn't explicitly install a marker in the package index (colcon-ros currently does it implicitly but that fallback will be removed in the future)[0m
[7.506s] [34mcolcon.colcon_core.task.python.build[0m [1;30mINFO[0m Building Python package in '/home/ctk/element_ws/src/yolo5_sim/yolov5_ros2'
[7.510s] [34mcolcon.colcon_core.shell[0m [1;30mINFO[0m Skip shell extension 'powershell' for command environment: Not usable outside of PowerShell
[7.511s] [34mcolcon.colcon_core.shell[0m [1;30mDEBUG[0m [32mSkip shell extension 'dsv' for command environment[0m
[10.328s] [34mcolcon.colcon_core.event_handler.log_command[0m [1;30mDEBUG[0m [32mInvoking command in '/home/ctk/element_ws/src/elementbot_urdf': PYTHONPATH=/home/ctk/element_ws/build/elementbot_urdf/prefix_override:/usr/lib/python3/dist-packages/colcon_core/task/python/colcon_distutils_commands:/home/ctk/element_ws/install/elementbot_urdf/lib/python3.10/site-packages:${PYTHONPATH} /usr/bin/python3 -W ignore:setup.py install is deprecated -W ignore:easy_install command is deprecated setup.py egg_info --egg-base ../../build/elementbot_urdf build --build-base /home/ctk/element_ws/build/elementbot_urdf/build install --record /home/ctk/element_ws/build/elementbot_urdf/install.log --single-version-externally-managed install_data[0m
[11.227s] [34mcolcon.colcon_core.event_handler.log_command[0m [1;30mDEBUG[0m [32mInvoking command in '/home/ctk/element_ws/src/yolo5_sim/yolov5_ros2': PYTHONPATH=/home/ctk/element_ws/build/yolov5_ros2/prefix_override:/usr/lib/python3/dist-packages/colcon_core/task/python/colcon_distutils_commands:/home/ctk/element_ws/install/yolov5_ros2/lib/python3.10/site-packages:${PYTHONPATH} /usr/bin/python3 -W ignore:setup.py install is deprecated -W ignore:easy_install command is deprecated setup.py egg_info --egg-base ../../../build/yolov5_ros2 build --build-base /home/ctk/element_ws/build/yolov5_ros2/build install --record /home/ctk/element_ws/build/yolov5_ros2/install.log --single-version-externally-managed install_data[0m
[11.740s] [34mcolcon.colcon_core.event_handler.log_command[0m [1;30mDEBUG[0m [32mInvoking command in '/home/ctk/element_ws/src/elementbot_gazebo': PYTHONPATH=/home/ctk/element_ws/build/elementbot_gazebo/prefix_override:/usr/lib/python3/dist-packages/colcon_core/task/python/colcon_distutils_commands:/home/ctk/element_ws/install/elementbot_gazebo/lib/python3.10/site-packages:${PYTHONPATH} /usr/bin/python3 -W ignore:setup.py install is deprecated -W ignore:easy_install command is deprecated setup.py egg_info --egg-base ../../build/elementbot_gazebo build --build-base /home/ctk/element_ws/build/elementbot_gazebo/build install --record /home/ctk/element_ws/build/elementbot_gazebo/install.log --single-version-externally-managed install_data[0m
[11.821s] [34mcolcon.colcon_core.event_handler.log_command[0m [1;30mDEBUG[0m [32mInvoking command in '/home/ctk/element_ws/src/line_follower': PYTHONPATH=/home/ctk/element_ws/build/line_follower/prefix_override:/usr/lib/python3/dist-packages/colcon_core/task/python/colcon_distutils_commands:/home/ctk/element_ws/install/line_follower/lib/python3.10/site-packages:${PYTHONPATH} /usr/bin/python3 -W ignore:setup.py install is deprecated -W ignore:easy_install command is deprecated setup.py egg_info --egg-base ../../build/line_follower build --build-base /home/ctk/element_ws/build/line_follower/build install --record /home/ctk/element_ws/build/line_follower/install.log --single-version-externally-managed install_data[0m
[11.844s] [34mcolcon.colcon_core.event_handler.log_command[0m [1;30mDEBUG[0m [32mInvoking command in '/home/ctk/element_ws/src/elementbot_navigation': PYTHONPATH=/home/ctk/element_ws/build/elementbot_navigation/prefix_override:/usr/lib/python3/dist-packages/colcon_core/task/python/colcon_distutils_commands:/home/ctk/element_ws/install/elementbot_navigation/lib/python3.10/site-packages:${PYTHONPATH} /usr/bin/python3 -W ignore:setup.py install is deprecated -W ignore:easy_install command is deprecated setup.py egg_info --egg-base ../../build/elementbot_navigation build --build-base /home/ctk/element_ws/build/elementbot_navigation/build install --record /home/ctk/element_ws/build/elementbot_navigation/install.log --single-version-externally-managed install_data[0m
[12.587s] [34mcolcon.colcon_core.event_handler.log_command[0m [1;30mDEBUG[0m [32mInvoking command in '/home/ctk/element_ws/src/fall_down_yolov5': PYTHONPATH=/home/ctk/element_ws/build/fall_down_yolov5/prefix_override:/usr/lib/python3/dist-packages/colcon_core/task/python/colcon_distutils_commands:/home/ctk/element_ws/install/fall_down_yolov5/lib/python3.10/site-packages:${PYTHONPATH} /usr/bin/python3 -W ignore:setup.py install is deprecated -W ignore:easy_install command is deprecated setup.py egg_info --egg-base ../../build/fall_down_yolov5 build --build-base /home/ctk/element_ws/build/fall_down_yolov5/build install --record /home/ctk/element_ws/build/fall_down_yolov5/install.log --single-version-externally-managed install_data[0m
[12.631s] [34mcolcon.colcon_core.event_handler.log_command[0m [1;30mDEBUG[0m [32mInvoked command in '/home/ctk/element_ws/src/elementbot_urdf' returned '0': PYTHONPATH=/home/ctk/element_ws/build/elementbot_urdf/prefix_override:/usr/lib/python3/dist-packages/colcon_core/task/python/colcon_distutils_commands:/home/ctk/element_ws/install/elementbot_urdf/lib/python3.10/site-packages:${PYTHONPATH} /usr/bin/python3 -W ignore:setup.py install is deprecated -W ignore:easy_install command is deprecated setup.py egg_info --egg-base ../../build/elementbot_urdf build --build-base /home/ctk/element_ws/build/elementbot_urdf/build install --record /home/ctk/element_ws/build/elementbot_urdf/install.log --single-version-externally-managed install_data[0m
[12.660s] [34mcolcon.colcon_core.environment[0m [1;30mLevel 1[0m checking '/home/ctk/element_ws/install/elementbot_urdf' for CMake module files
[12.662s] [34mcolcon.colcon_core.environment[0m [1;30mLevel 1[0m checking '/home/ctk/element_ws/install/elementbot_urdf' for CMake config files
[12.664s] [34mcolcon.colcon_core.environment[0m [1;30mLevel 1[0m checking '/home/ctk/element_ws/install/elementbot_urdf/lib'
[12.665s] [34mcolcon.colcon_core.environment[0m [1;30mLevel 1[0m checking '/home/ctk/element_ws/install/elementbot_urdf/bin'
[12.667s] [34mcolcon.colcon_core.environment[0m [1;30mLevel 1[0m checking '/home/ctk/element_ws/install/elementbot_urdf/lib/pkgconfig/elementbot_urdf.pc'
[12.670s] [34mcolcon.colcon_core.environment[0m [1;30mLevel 1[0m checking '/home/ctk/element_ws/install/elementbot_urdf/lib/python3.10/site-packages'
[12.671s] [34mcolcon.colcon_core.shell[0m [1;30mLevel 1[0m create_environment_hook('elementbot_urdf', 'pythonpath')
[12.672s] [34mcolcon.colcon_core.shell[0m [1;30mINFO[0m Creating environment hook '/home/ctk/element_ws/install/elementbot_urdf/share/elementbot_urdf/hook/pythonpath.ps1'
[12.675s] [34mcolcon.colcon_core.shell[0m [1;30mINFO[0m Creating environment descriptor '/home/ctk/element_ws/install/elementbot_urdf/share/elementbot_urdf/hook/pythonpath.dsv'
[12.678s] [34mcolcon.colcon_core.shell[0m [1;30mINFO[0m Creating environment hook '/home/ctk/element_ws/install/elementbot_urdf/share/elementbot_urdf/hook/pythonpath.sh'
[12.681s] [34mcolcon.colcon_core.environment[0m [1;30mLevel 1[0m checking '/home/ctk/element_ws/install/elementbot_urdf/bin'
[12.682s] [34mcolcon.colcon_core.environment[0m [1;30mLevel 1[0m create_environment_scripts_only(elementbot_urdf)
[12.683s] [34mcolcon.colcon_core.shell[0m [1;30mINFO[0m Creating package script '/home/ctk/element_ws/install/elementbot_urdf/share/elementbot_urdf/package.ps1'
[12.690s] [34mcolcon.colcon_core.shell[0m [1;30mINFO[0m Creating package descriptor '/home/ctk/element_ws/install/elementbot_urdf/share/elementbot_urdf/package.dsv'
[12.696s] [34mcolcon.colcon_core.shell[0m [1;30mINFO[0m Creating package script '/home/ctk/element_ws/install/elementbot_urdf/share/elementbot_urdf/package.sh'
[12.709s] [34mcolcon.colcon_core.shell[0m [1;30mINFO[0m Creating package script '/home/ctk/element_ws/install/elementbot_urdf/share/elementbot_urdf/package.bash'
[12.720s] [34mcolcon.colcon_core.shell[0m [1;30mINFO[0m Creating package script '/home/ctk/element_ws/install/elementbot_urdf/share/elementbot_urdf/package.zsh'
[12.722s] [34mcolcon.colcon_core.environment[0m [1;30mLevel 1[0m create_file_with_runtime_dependencies(/home/ctk/element_ws/install/elementbot_urdf/share/colcon-core/packages/elementbot_urdf)
[14.719s] [34mcolcon.colcon_core.environment[0m [1;30mLevel 1[0m checking '/home/ctk/element_ws/install/elementbot_gazebo' for CMake module files
[14.721s] [34mcolcon.colcon_core.event_handler.log_command[0m [1;30mDEBUG[0m [32mInvoked command in '/home/ctk/element_ws/src/elementbot_gazebo' returned '0': PYTHONPATH=/home/ctk/element_ws/build/elementbot_gazebo/prefix_override:/usr/lib/python3/dist-packages/colcon_core/task/python/colcon_distutils_commands:/home/ctk/element_ws/install/elementbot_gazebo/lib/python3.10/site-packages:${PYTHONPATH} /usr/bin/python3 -W ignore:setup.py install is deprecated -W ignore:easy_install command is deprecated setup.py egg_info --egg-base ../../build/elementbot_gazebo build --build-base /home/ctk/element_ws/build/elementbot_gazebo/build install --record /home/ctk/element_ws/build/elementbot_gazebo/install.log --single-version-externally-managed install_data[0m
[14.728s] [34mcolcon.colcon_core.environment[0m [1;30mLevel 1[0m checking '/home/ctk/element_ws/install/elementbot_gazebo' for CMake config files
[14.731s] [34mcolcon.colcon_core.environment[0m [1;30mLevel 1[0m checking '/home/ctk/element_ws/install/elementbot_gazebo/lib'
[14.741s] [34mcolcon.colcon_core.environment[0m [1;30mLevel 1[0m checking '/home/ctk/element_ws/install/elementbot_gazebo/bin'
[14.742s] [34mcolcon.colcon_core.environment[0m [1;30mLevel 1[0m checking '/home/ctk/element_ws/install/elementbot_gazebo/lib/pkgconfig/elementbot_gazebo.pc'
[14.742s] [34mcolcon.colcon_core.environment[0m [1;30mLevel 1[0m checking '/home/ctk/element_ws/install/elementbot_gazebo/lib/python3.10/site-packages'
[14.742s] [34mcolcon.colcon_core.shell[0m [1;30mLevel 1[0m create_environment_hook('elementbot_gazebo', 'pythonpath')
[14.743s] [34mcolcon.colcon_core.shell[0m [1;30mINFO[0m Creating environment hook '/home/ctk/element_ws/install/elementbot_gazebo/share/elementbot_gazebo/hook/pythonpath.ps1'
[14.748s] [34mcolcon.colcon_core.shell[0m [1;30mINFO[0m Creating environment descriptor '/home/ctk/element_ws/install/elementbot_gazebo/share/elementbot_gazebo/hook/pythonpath.dsv'
[14.751s] [34mcolcon.colcon_core.shell[0m [1;30mINFO[0m Creating environment hook '/home/ctk/element_ws/install/elementbot_gazebo/share/elementbot_gazebo/hook/pythonpath.sh'
[14.752s] [34mcolcon.colcon_core.environment[0m [1;30mLevel 1[0m checking '/home/ctk/element_ws/install/elementbot_gazebo/bin'
[14.752s] [34mcolcon.colcon_core.environment[0m [1;30mLevel 1[0m create_environment_scripts_only(elementbot_gazebo)
[14.754s] [34mcolcon.colcon_core.shell[0m [1;30mINFO[0m Creating package script '/home/ctk/element_ws/install/elementbot_gazebo/share/elementbot_gazebo/package.ps1'
[14.759s] [34mcolcon.colcon_core.shell[0m [1;30mINFO[0m Creating package descriptor '/home/ctk/element_ws/install/elementbot_gazebo/share/elementbot_gazebo/package.dsv'
[14.761s] [34mcolcon.colcon_core.shell[0m [1;30mINFO[0m Creating package script '/home/ctk/element_ws/install/elementbot_gazebo/share/elementbot_gazebo/package.sh'
[14.772s] [34mcolcon.colcon_core.shell[0m [1;30mINFO[0m Creating package script '/home/ctk/element_ws/install/elementbot_gazebo/share/elementbot_gazebo/package.bash'
[14.778s] [34mcolcon.colcon_core.shell[0m [1;30mINFO[0m Creating package script '/home/ctk/element_ws/install/elementbot_gazebo/share/elementbot_gazebo/package.zsh'
[14.778s] [34mcolcon.colcon_core.environment[0m [1;30mLevel 1[0m create_file_with_runtime_dependencies(/home/ctk/element_ws/install/elementbot_gazebo/share/colcon-core/packages/elementbot_gazebo)
[14.802s] [34mcolcon.colcon_core.environment[0m [1;30mLevel 1[0m checking '/home/ctk/element_ws/install/fall_down_yolov5' for CMake module files
[14.804s] [34mcolcon.colcon_core.environment[0m [1;30mLevel 1[0m checking '/home/ctk/element_ws/install/fall_down_yolov5' for CMake config files
[14.806s] [34mcolcon.colcon_core.environment[0m [1;30mLevel 1[0m checking '/home/ctk/element_ws/install/fall_down_yolov5/lib'
[14.806s] [34mcolcon.colcon_core.environment[0m [1;30mLevel 1[0m checking '/home/ctk/element_ws/install/fall_down_yolov5/bin'
[14.806s] [34mcolcon.colcon_core.environment[0m [1;30mLevel 1[0m checking '/home/ctk/element_ws/install/fall_down_yolov5/lib/pkgconfig/fall_down_yolov5.pc'
[14.807s] [34mcolcon.colcon_core.environment[0m [1;30mLevel 1[0m checking '/home/ctk/element_ws/install/fall_down_yolov5/lib/python3.10/site-packages'
[14.814s] [34mcolcon.colcon_core.event_handler.log_command[0m [1;30mDEBUG[0m [32mInvoked command in '/home/ctk/element_ws/src/fall_down_yolov5' returned '0': PYTHONPATH=/home/ctk/element_ws/build/fall_down_yolov5/prefix_override:/usr/lib/python3/dist-packages/colcon_core/task/python/colcon_distutils_commands:/home/ctk/element_ws/install/fall_down_yolov5/lib/python3.10/site-packages:${PYTHONPATH} /usr/bin/python3 -W ignore:setup.py install is deprecated -W ignore:easy_install command is deprecated setup.py egg_info --egg-base ../../build/fall_down_yolov5 build --build-base /home/ctk/element_ws/build/fall_down_yolov5/build install --record /home/ctk/element_ws/build/fall_down_yolov5/install.log --single-version-externally-managed install_data[0m
[14.817s] [34mcolcon.colcon_core.shell[0m [1;30mLevel 1[0m create_environment_hook('fall_down_yolov5', 'pythonpath')
[14.818s] [34mcolcon.colcon_core.shell[0m [1;30mINFO[0m Creating environment hook '/home/ctk/element_ws/install/fall_down_yolov5/share/fall_down_yolov5/hook/pythonpath.ps1'
[14.827s] [34mcolcon.colcon_core.shell[0m [1;30mINFO[0m Creating environment descriptor '/home/ctk/element_ws/install/fall_down_yolov5/share/fall_down_yolov5/hook/pythonpath.dsv'
[14.828s] [34mcolcon.colcon_core.shell[0m [1;30mINFO[0m Creating environment hook '/home/ctk/element_ws/install/fall_down_yolov5/share/fall_down_yolov5/hook/pythonpath.sh'
[14.844s] [34mcolcon.colcon_core.environment[0m [1;30mLevel 1[0m checking '/home/ctk/element_ws/install/fall_down_yolov5/bin'
[14.849s] [34mcolcon.colcon_core.environment[0m [1;30mLevel 1[0m create_environment_scripts_only(fall_down_yolov5)
[14.851s] [34mcolcon.colcon_core.shell[0m [1;30mINFO[0m Creating package script '/home/ctk/element_ws/install/fall_down_yolov5/share/fall_down_yolov5/package.ps1'
[14.873s] [34mcolcon.colcon_core.shell[0m [1;30mINFO[0m Creating package descriptor '/home/ctk/element_ws/install/fall_down_yolov5/share/fall_down_yolov5/package.dsv'
[14.885s] [34mcolcon.colcon_core.shell[0m [1;30mINFO[0m Creating package script '/home/ctk/element_ws/install/fall_down_yolov5/share/fall_down_yolov5/package.sh'
[14.893s] [34mcolcon.colcon_core.shell[0m [1;30mINFO[0m Creating package script '/home/ctk/element_ws/install/fall_down_yolov5/share/fall_down_yolov5/package.bash'
[14.896s] [34mcolcon.colcon_core.shell[0m [1;30mINFO[0m Creating package script '/home/ctk/element_ws/install/fall_down_yolov5/share/fall_down_yolov5/package.zsh'
[14.904s] [34mcolcon.colcon_core.environment[0m [1;30mLevel 1[0m create_file_with_runtime_dependencies(/home/ctk/element_ws/install/fall_down_yolov5/share/colcon-core/packages/fall_down_yolov5)
[15.202s] [34mcolcon.colcon_core.environment[0m [1;30mLevel 1[0m checking '/home/ctk/element_ws/install/elementbot_navigation' for CMake module files
[15.204s] [34mcolcon.colcon_core.environment[0m [1;30mLevel 1[0m checking '/home/ctk/element_ws/install/elementbot_navigation' for CMake config files
[15.207s] [34mcolcon.colcon_core.event_handler.log_command[0m [1;30mDEBUG[0m [32mInvoked command in '/home/ctk/element_ws/src/elementbot_navigation' returned '0': PYTHONPATH=/home/ctk/element_ws/build/elementbot_navigation/prefix_override:/usr/lib/python3/dist-packages/colcon_core/task/python/colcon_distutils_commands:/home/ctk/element_ws/install/elementbot_navigation/lib/python3.10/site-packages:${PYTHONPATH} /usr/bin/python3 -W ignore:setup.py install is deprecated -W ignore:easy_install command is deprecated setup.py egg_info --egg-base ../../build/elementbot_navigation build --build-base /home/ctk/element_ws/build/elementbot_navigation/build install --record /home/ctk/element_ws/build/elementbot_navigation/install.log --single-version-externally-managed install_data[0m
[15.216s] [34mcolcon.colcon_core.environment[0m [1;30mLevel 1[0m checking '/home/ctk/element_ws/install/elementbot_navigation/lib'
[15.216s] [34mcolcon.colcon_core.environment[0m [1;30mLevel 1[0m checking '/home/ctk/element_ws/install/elementbot_navigation/bin'
[15.216s] [34mcolcon.colcon_core.environment[0m [1;30mLevel 1[0m checking '/home/ctk/element_ws/install/elementbot_navigation/lib/pkgconfig/elementbot_navigation.pc'
[15.217s] [34mcolcon.colcon_core.environment[0m [1;30mLevel 1[0m checking '/home/ctk/element_ws/install/elementbot_navigation/lib/python3.10/site-packages'
[15.217s] [34mcolcon.colcon_core.shell[0m [1;30mLevel 1[0m create_environment_hook('elementbot_navigation', 'pythonpath')
[15.223s] [34mcolcon.colcon_core.shell[0m [1;30mINFO[0m Creating environment hook '/home/ctk/element_ws/install/elementbot_navigation/share/elementbot_navigation/hook/pythonpath.ps1'
[15.229s] [34mcolcon.colcon_core.shell[0m [1;30mINFO[0m Creating environment descriptor '/home/ctk/element_ws/install/elementbot_navigation/share/elementbot_navigation/hook/pythonpath.dsv'
[15.233s] [34mcolcon.colcon_core.shell[0m [1;30mINFO[0m Creating environment hook '/home/ctk/element_ws/install/elementbot_navigation/share/elementbot_navigation/hook/pythonpath.sh'
[15.235s] [34mcolcon.colcon_core.environment[0m [1;30mLevel 1[0m checking '/home/ctk/element_ws/install/elementbot_navigation/bin'
[15.235s] [34mcolcon.colcon_core.environment[0m [1;30mLevel 1[0m create_environment_scripts_only(elementbot_navigation)
[15.237s] [34mcolcon.colcon_core.shell[0m [1;30mINFO[0m Creating package script '/home/ctk/element_ws/install/elementbot_navigation/share/elementbot_navigation/package.ps1'
[15.243s] [34mcolcon.colcon_core.shell[0m [1;30mINFO[0m Creating package descriptor '/home/ctk/element_ws/install/elementbot_navigation/share/elementbot_navigation/package.dsv'
[15.247s] [34mcolcon.colcon_core.shell[0m [1;30mINFO[0m Creating package script '/home/ctk/element_ws/install/elementbot_navigation/share/elementbot_navigation/package.sh'
[15.254s] [34mcolcon.colcon_core.shell[0m [1;30mINFO[0m Creating package script '/home/ctk/element_ws/install/elementbot_navigation/share/elementbot_navigation/package.bash'
[15.269s] [34mcolcon.colcon_core.shell[0m [1;30mINFO[0m Creating package script '/home/ctk/element_ws/install/elementbot_navigation/share/elementbot_navigation/package.zsh'
[15.274s] [34mcolcon.colcon_core.environment[0m [1;30mLevel 1[0m create_file_with_runtime_dependencies(/home/ctk/element_ws/install/elementbot_navigation/share/colcon-core/packages/elementbot_navigation)
[15.290s] [34mcolcon.colcon_core.environment[0m [1;30mLevel 1[0m checking '/home/ctk/element_ws/install/line_follower' for CMake module files
[15.293s] [34mcolcon.colcon_core.event_handler.log_command[0m [1;30mDEBUG[0m [32mInvoked command in '/home/ctk/element_ws/src/line_follower' returned '0': PYTHONPATH=/home/ctk/element_ws/build/line_follower/prefix_override:/usr/lib/python3/dist-packages/colcon_core/task/python/colcon_distutils_commands:/home/ctk/element_ws/install/line_follower/lib/python3.10/site-packages:${PYTHONPATH} /usr/bin/python3 -W ignore:setup.py install is deprecated -W ignore:easy_install command is deprecated setup.py egg_info --egg-base ../../build/line_follower build --build-base /home/ctk/element_ws/build/line_follower/build install --record /home/ctk/element_ws/build/line_follower/install.log --single-version-externally-managed install_data[0m
[15.297s] [34mcolcon.colcon_core.environment[0m [1;30mLevel 1[0m checking '/home/ctk/element_ws/install/line_follower' for CMake config files
[15.299s] [34mcolcon.colcon_core.environment[0m [1;30mLevel 1[0m checking '/home/ctk/element_ws/install/line_follower/lib'
[15.299s] [34mcolcon.colcon_core.environment[0m [1;30mLevel 1[0m checking '/home/ctk/element_ws/install/line_follower/bin'
[15.299s] [34mcolcon.colcon_core.environment[0m [1;30mLevel 1[0m checking '/home/ctk/element_ws/install/line_follower/lib/pkgconfig/line_follower.pc'
[15.310s] [34mcolcon.colcon_core.environment[0m [1;30mLevel 1[0m checking '/home/ctk/element_ws/install/line_follower/lib/python3.10/site-packages'
[15.310s] [34mcolcon.colcon_core.shell[0m [1;30mLevel 1[0m create_environment_hook('line_follower', 'pythonpath')
[15.312s] [34mcolcon.colcon_core.shell[0m [1;30mINFO[0m Creating environment hook '/home/ctk/element_ws/install/line_follower/share/line_follower/hook/pythonpath.ps1'
[15.335s] [34mcolcon.colcon_core.shell[0m [1;30mINFO[0m Creating environment descriptor '/home/ctk/element_ws/install/line_follower/share/line_follower/hook/pythonpath.dsv'
[15.343s] [34mcolcon.colcon_core.shell[0m [1;30mINFO[0m Creating environment hook '/home/ctk/element_ws/install/line_follower/share/line_follower/hook/pythonpath.sh'
[15.359s] [34mcolcon.colcon_core.environment[0m [1;30mLevel 1[0m checking '/home/ctk/element_ws/install/line_follower/bin'
[15.364s] [34mcolcon.colcon_core.environment[0m [1;30mLevel 1[0m create_environment_scripts_only(line_follower)
[15.370s] [34mcolcon.colcon_core.shell[0m [1;30mINFO[0m Creating package script '/home/ctk/element_ws/install/line_follower/share/line_follower/package.ps1'
[15.374s] [34mcolcon.colcon_core.shell[0m [1;30mINFO[0m Creating package descriptor '/home/ctk/element_ws/install/line_follower/share/line_follower/package.dsv'
[15.377s] [34mcolcon.colcon_core.shell[0m [1;30mINFO[0m Creating package script '/home/ctk/element_ws/install/line_follower/share/line_follower/package.sh'
[15.379s] [34mcolcon.colcon_core.shell[0m [1;30mINFO[0m Creating package script '/home/ctk/element_ws/install/line_follower/share/line_follower/package.bash'
[15.382s] [34mcolcon.colcon_core.shell[0m [1;30mINFO[0m Creating package script '/home/ctk/element_ws/install/line_follower/share/line_follower/package.zsh'
[15.386s] [34mcolcon.colcon_core.environment[0m [1;30mLevel 1[0m create_file_with_runtime_dependencies(/home/ctk/element_ws/install/line_follower/share/colcon-core/packages/line_follower)
[15.441s] [34mcolcon.colcon_core.event_handler.log_command[0m [1;30mDEBUG[0m [32mInvoked command in '/home/ctk/element_ws/src/yolo5_sim/yolov5_ros2' returned '0': PYTHONPATH=/home/ctk/element_ws/build/yolov5_ros2/prefix_override:/usr/lib/python3/dist-packages/colcon_core/task/python/colcon_distutils_commands:/home/ctk/element_ws/install/yolov5_ros2/lib/python3.10/site-packages:${PYTHONPATH} /usr/bin/python3 -W ignore:setup.py install is deprecated -W ignore:easy_install command is deprecated setup.py egg_info --egg-base ../../../build/yolov5_ros2 build --build-base /home/ctk/element_ws/build/yolov5_ros2/build install --record /home/ctk/element_ws/build/yolov5_ros2/install.log --single-version-externally-managed install_data[0m
[15.424s] [34mcolcon.colcon_core.environment[0m [1;30mLevel 1[0m checking '/home/ctk/element_ws/install/yolov5_ros2' for CMake module files
[15.443s] [34mcolcon.colcon_core.environment[0m [1;30mLevel 1[0m checking '/home/ctk/element_ws/install/yolov5_ros2' for CMake config files
[15.446s] [34mcolcon.colcon_core.environment[0m [1;30mLevel 1[0m checking '/home/ctk/element_ws/install/yolov5_ros2/lib'
[15.449s] [34mcolcon.colcon_core.environment[0m [1;30mLevel 1[0m checking '/home/ctk/element_ws/install/yolov5_ros2/bin'
[15.451s] [34mcolcon.colcon_core.environment[0m [1;30mLevel 1[0m checking '/home/ctk/element_ws/install/yolov5_ros2/lib/pkgconfig/yolov5_ros2.pc'
[15.453s] [34mcolcon.colcon_core.environment[0m [1;30mLevel 1[0m checking '/home/ctk/element_ws/install/yolov5_ros2/lib/python3.10/site-packages'
[15.454s] [34mcolcon.colcon_core.shell[0m [1;30mLevel 1[0m create_environment_hook('yolov5_ros2', 'pythonpath')
[15.459s] [34mcolcon.colcon_core.shell[0m [1;30mINFO[0m Creating environment hook '/home/ctk/element_ws/install/yolov5_ros2/share/yolov5_ros2/hook/pythonpath.ps1'
[15.470s] [34mcolcon.colcon_core.shell[0m [1;30mINFO[0m Creating environment descriptor '/home/ctk/element_ws/install/yolov5_ros2/share/yolov5_ros2/hook/pythonpath.dsv'
[15.476s] [34mcolcon.colcon_core.shell[0m [1;30mINFO[0m Creating environment hook '/home/ctk/element_ws/install/yolov5_ros2/share/yolov5_ros2/hook/pythonpath.sh'
[15.483s] [34mcolcon.colcon_core.environment[0m [1;30mLevel 1[0m checking '/home/ctk/element_ws/install/yolov5_ros2/bin'
[15.483s] [34mcolcon.colcon_core.environment[0m [1;30mLevel 1[0m create_environment_scripts_only(yolov5_ros2)
[15.484s] [34mcolcon.colcon_core.shell[0m [1;30mINFO[0m Creating package script '/home/ctk/element_ws/install/yolov5_ros2/share/yolov5_ros2/package.ps1'
[15.487s] [34mcolcon.colcon_core.shell[0m [1;30mINFO[0m Creating package descriptor '/home/ctk/element_ws/install/yolov5_ros2/share/yolov5_ros2/package.dsv'
[15.489s] [34mcolcon.colcon_core.shell[0m [1;30mINFO[0m Creating package script '/home/ctk/element_ws/install/yolov5_ros2/share/yolov5_ros2/package.sh'
[15.492s] [34mcolcon.colcon_core.shell[0m [1;30mINFO[0m Creating package script '/home/ctk/element_ws/install/yolov5_ros2/share/yolov5_ros2/package.bash'
[15.494s] [34mcolcon.colcon_core.shell[0m [1;30mINFO[0m Creating package script '/home/ctk/element_ws/install/yolov5_ros2/share/yolov5_ros2/package.zsh'
[15.496s] [34mcolcon.colcon_core.environment[0m [1;30mLevel 1[0m create_file_with_runtime_dependencies(/home/ctk/element_ws/install/yolov5_ros2/share/colcon-core/packages/yolov5_ros2)
[15.503s] [34mcolcon.colcon_parallel_executor.executor.parallel[0m [1;30mDEBUG[0m [32mclosing loop[0m
[15.518s] [34mcolcon.colcon_parallel_executor.executor.parallel[0m [1;30mDEBUG[0m [32mloop closed[0m
[15.519s] [34mcolcon.colcon_parallel_executor.executor.parallel[0m [1;30mDEBUG[0m [32mrun_until_complete finished with '0'[0m
[15.519s] [34mcolcon.colcon_core.event_reactor[0m [1;30mDEBUG[0m [32mjoining thread[0m
[15.563s] [34mcolcon.colcon_core.plugin_system[0m [1;30mINFO[0m Skipping extension 'colcon_notification.desktop_notification.terminal_notifier': Not used on non-Darwin systems
[15.564s] [34mcolcon.colcon_core.plugin_system[0m [1;30mINFO[0m Skipping extension 'colcon_notification.desktop_notification.win32': Not used on non-Windows systems
[15.564s] [34mcolcon.colcon_notification.desktop_notification[0m [1;30mINFO[0m Sending desktop notification using 'notify2'
[15.640s] [34mcolcon.colcon_core.event_reactor[0m [1;30mDEBUG[0m [32mjoined thread[0m
[15.642s] [34mcolcon.colcon_core.shell[0m [1;30mINFO[0m Creating prefix script '/home/ctk/element_ws/install/local_setup.ps1'
[15.648s] [34mcolcon.colcon_core.shell[0m [1;30mINFO[0m Creating prefix util module '/home/ctk/element_ws/install/_local_setup_util_ps1.py'
[15.656s] [34mcolcon.colcon_core.shell[0m [1;30mINFO[0m Creating prefix chain script '/home/ctk/element_ws/install/setup.ps1'
[15.662s] [34mcolcon.colcon_core.shell[0m [1;30mINFO[0m Creating prefix script '/home/ctk/element_ws/install/local_setup.sh'
[15.665s] [34mcolcon.colcon_core.shell[0m [1;30mINFO[0m Creating prefix util module '/home/ctk/element_ws/install/_local_setup_util_sh.py'
[15.670s] [34mcolcon.colcon_core.shell[0m [1;30mINFO[0m Creating prefix chain script '/home/ctk/element_ws/install/setup.sh'
[15.674s] [34mcolcon.colcon_core.shell[0m [1;30mINFO[0m Creating prefix script '/home/ctk/element_ws/install/local_setup.bash'
[15.677s] [34mcolcon.colcon_core.shell[0m [1;30mINFO[0m Creating prefix chain script '/home/ctk/element_ws/install/setup.bash'
[15.685s] [34mcolcon.colcon_core.shell[0m [1;30mINFO[0m Creating prefix script '/home/ctk/element_ws/install/local_setup.zsh'
[15.690s] [34mcolcon.colcon_core.shell[0m [1;30mINFO[0m Creating prefix chain script '/home/ctk/element_ws/install/setup.zsh'
