[0.299s] [34mcolcon[0m [1;30mDEBUG[0m [32mCommand line arguments: ['/usr/bin/colcon', 'build'][0m
[0.300s] [34mcolcon[0m [1;30mDEBUG[0m [32mParsed command line arguments: Namespace(log_base=None, log_level=None, verb_name='build', build_base='build', install_base='install', merge_install=False, symlink_install=False, test_result_base=None, continue_on_error=False, executor='parallel', parallel_workers=8, event_handlers=None, ignore_user_meta=False, metas=['./colcon.meta'], base_paths=['.'], packages_ignore=None, packages_ignore_regex=None, paths=None, packages_up_to=None, packages_up_to_regex=None, packages_above=None, packages_above_and_dependencies=None, packages_above_depth=None, packages_select_by_dep=None, packages_skip_by_dep=None, packages_skip_up_to=None, packages_select_build_failed=False, packages_skip_build_finished=False, packages_select_test_failures=False, packages_skip_test_passed=False, packages_select=None, packages_skip=None, packages_select_regex=None, packages_skip_regex=None, packages_start=None, packages_end=None, allow_overriding=[], cmake_args=None, cmake_target=None, cmake_target_skip_unavailable=False, cmake_clean_cache=False, cmake_clean_first=False, cmake_force_configure=False, ament_cmake_args=None, catkin_cmake_args=None, catkin_skip_building_tests=False, verb_parser=<colcon_defaults.argument_parser.defaults.DefaultArgumentsDecorator object at 0x7d3c41e042e0>, verb_extension=<colcon_core.verb.build.BuildVerb object at 0x7d3c41fdbcd0>, main=<bound method BuildVerb.main of <colcon_core.verb.build.BuildVerb object at 0x7d3c41fdbcd0>>)[0m
[0.392s] [34mcolcon.colcon_core.package_discovery[0m [1;30mLevel 1[0m discover_packages(colcon_meta) check parameters
[0.392s] [34mcolcon.colcon_core.package_discovery[0m [1;30mLevel 1[0m discover_packages(recursive) check parameters
[0.392s] [34mcolcon.colcon_core.package_discovery[0m [1;30mLevel 1[0m discover_packages(ignore) check parameters
[0.392s] [34mcolcon.colcon_core.package_discovery[0m [1;30mLevel 1[0m discover_packages(path) check parameters
[0.392s] [34mcolcon.colcon_core.package_discovery[0m [1;30mLevel 1[0m discover_packages(colcon_meta) discover
[0.392s] [34mcolcon.colcon_core.package_discovery[0m [1;30mLevel 1[0m discover_packages(recursive) discover
[0.393s] [34mcolcon.colcon_core.package_discovery[0m [1;30mINFO[0m Crawling recursively for packages in '/home/ctk/element_ws'
[0.393s] [34mcolcon.colcon_core.package_identification[0m [1;30mLevel 1[0m _identify(.) by extensions ['ignore', 'ignore_ament_install']
[0.393s] [34mcolcon.colcon_core.package_identification[0m [1;30mLevel 1[0m _identify(.) by extension 'ignore'
[0.393s] [34mcolcon.colcon_core.package_identification[0m [1;30mLevel 1[0m _identify(.) by extension 'ignore_ament_install'
[0.393s] [34mcolcon.colcon_core.package_identification[0m [1;30mLevel 1[0m _identify(.) by extensions ['colcon_pkg']
[0.393s] [34mcolcon.colcon_core.package_identification[0m [1;30mLevel 1[0m _identify(.) by extension 'colcon_pkg'
[0.393s] [34mcolcon.colcon_core.package_identification[0m [1;30mLevel 1[0m _identify(.) by extensions ['colcon_meta']
[0.393s] [34mcolcon.colcon_core.package_identification[0m [1;30mLevel 1[0m _identify(.) by extension 'colcon_meta'
[0.393s] [34mcolcon.colcon_core.package_identification[0m [1;30mLevel 1[0m _identify(.) by extensions ['ros']
[0.393s] [34mcolcon.colcon_core.package_identification[0m [1;30mLevel 1[0m _identify(.) by extension 'ros'
[0.420s] [34mcolcon.colcon_core.package_identification[0m [1;30mLevel 1[0m _identify(.) by extensions ['cmake', 'python']
[0.420s] [34mcolcon.colcon_core.package_identification[0m [1;30mLevel 1[0m _identify(.) by extension 'cmake'
[0.420s] [34mcolcon.colcon_core.package_identification[0m [1;30mLevel 1[0m _identify(.) by extension 'python'
[0.420s] [34mcolcon.colcon_core.package_identification[0m [1;30mLevel 1[0m _identify(.) by extensions ['python_setup_py']
[0.421s] [34mcolcon.colcon_core.package_identification[0m [1;30mLevel 1[0m _identify(.) by extension 'python_setup_py'
[0.421s] [34mcolcon.colcon_core.package_identification[0m [1;30mLevel 1[0m _identify(build) by extensions ['ignore', 'ignore_ament_install']
[0.421s] [34mcolcon.colcon_core.package_identification[0m [1;30mLevel 1[0m _identify(build) by extension 'ignore'
[0.421s] [34mcolcon.colcon_core.package_identification[0m [1;30mLevel 1[0m _identify(build) ignored
[0.421s] [34mcolcon.colcon_core.package_identification[0m [1;30mLevel 1[0m _identify(images) by extensions ['ignore', 'ignore_ament_install']
[0.421s] [34mcolcon.colcon_core.package_identification[0m [1;30mLevel 1[0m _identify(images) by extension 'ignore'
[0.421s] [34mcolcon.colcon_core.package_identification[0m [1;30mLevel 1[0m _identify(images) by extension 'ignore_ament_install'
[0.421s] [34mcolcon.colcon_core.package_identification[0m [1;30mLevel 1[0m _identify(images) by extensions ['colcon_pkg']
[0.421s] [34mcolcon.colcon_core.package_identification[0m [1;30mLevel 1[0m _identify(images) by extension 'colcon_pkg'
[0.421s] [34mcolcon.colcon_core.package_identification[0m [1;30mLevel 1[0m _identify(images) by extensions ['colcon_meta']
[0.421s] [34mcolcon.colcon_core.package_identification[0m [1;30mLevel 1[0m _identify(images) by extension 'colcon_meta'
[0.422s] [34mcolcon.colcon_core.package_identification[0m [1;30mLevel 1[0m _identify(images) by extensions ['ros']
[0.422s] [34mcolcon.colcon_core.package_identification[0m [1;30mLevel 1[0m _identify(images) by extension 'ros'
[0.422s] [34mcolcon.colcon_core.package_identification[0m [1;30mLevel 1[0m _identify(images) by extensions ['cmake', 'python']
[0.422s] [34mcolcon.colcon_core.package_identification[0m [1;30mLevel 1[0m _identify(images) by extension 'cmake'
[0.422s] [34mcolcon.colcon_core.package_identification[0m [1;30mLevel 1[0m _identify(images) by extension 'python'
[0.422s] [34mcolcon.colcon_core.package_identification[0m [1;30mLevel 1[0m _identify(images) by extensions ['python_setup_py']
[0.422s] [34mcolcon.colcon_core.package_identification[0m [1;30mLevel 1[0m _identify(images) by extension 'python_setup_py'
[0.422s] [34mcolcon.colcon_core.package_identification[0m [1;30mLevel 1[0m _identify(images/README) by extensions ['ignore', 'ignore_ament_install']
[0.422s] [34mcolcon.colcon_core.package_identification[0m [1;30mLevel 1[0m _identify(images/README) by extension 'ignore'
[0.423s] [34mcolcon.colcon_core.package_identification[0m [1;30mLevel 1[0m _identify(images/README) by extension 'ignore_ament_install'
[0.423s] [34mcolcon.colcon_core.package_identification[0m [1;30mLevel 1[0m _identify(images/README) by extensions ['colcon_pkg']
[0.423s] [34mcolcon.colcon_core.package_identification[0m [1;30mLevel 1[0m _identify(images/README) by extension 'colcon_pkg'
[0.423s] [34mcolcon.colcon_core.package_identification[0m [1;30mLevel 1[0m _identify(images/README) by extensions ['colcon_meta']
[0.423s] [34mcolcon.colcon_core.package_identification[0m [1;30mLevel 1[0m _identify(images/README) by extension 'colcon_meta'
[0.423s] [34mcolcon.colcon_core.package_identification[0m [1;30mLevel 1[0m _identify(images/README) by extensions ['ros']
[0.423s] [34mcolcon.colcon_core.package_identification[0m [1;30mLevel 1[0m _identify(images/README) by extension 'ros'
[0.423s] [34mcolcon.colcon_core.package_identification[0m [1;30mLevel 1[0m _identify(images/README) by extensions ['cmake', 'python']
[0.423s] [34mcolcon.colcon_core.package_identification[0m [1;30mLevel 1[0m _identify(images/README) by extension 'cmake'
[0.423s] [34mcolcon.colcon_core.package_identification[0m [1;30mLevel 1[0m _identify(images/README) by extension 'python'
[0.423s] [34mcolcon.colcon_core.package_identification[0m [1;30mLevel 1[0m _identify(images/README) by extensions ['python_setup_py']
[0.423s] [34mcolcon.colcon_core.package_identification[0m [1;30mLevel 1[0m _identify(images/README) by extension 'python_setup_py'
[0.423s] [34mcolcon.colcon_core.package_identification[0m [1;30mLevel 1[0m _identify(install) by extensions ['ignore', 'ignore_ament_install']
[0.424s] [34mcolcon.colcon_core.package_identification[0m [1;30mLevel 1[0m _identify(install) by extension 'ignore'
[0.424s] [34mcolcon.colcon_core.package_identification[0m [1;30mLevel 1[0m _identify(install) ignored
[0.424s] [34mcolcon.colcon_core.package_identification[0m [1;30mLevel 1[0m _identify(log) by extensions ['ignore', 'ignore_ament_install']
[0.424s] [34mcolcon.colcon_core.package_identification[0m [1;30mLevel 1[0m _identify(log) by extension 'ignore'
[0.424s] [34mcolcon.colcon_core.package_identification[0m [1;30mLevel 1[0m _identify(log) ignored
[0.424s] [34mcolcon.colcon_core.package_identification[0m [1;30mLevel 1[0m _identify(src) by extensions ['ignore', 'ignore_ament_install']
[0.424s] [34mcolcon.colcon_core.package_identification[0m [1;30mLevel 1[0m _identify(src) by extension 'ignore'
[0.424s] [34mcolcon.colcon_core.package_identification[0m [1;30mLevel 1[0m _identify(src) by extension 'ignore_ament_install'
[0.424s] [34mcolcon.colcon_core.package_identification[0m [1;30mLevel 1[0m _identify(src) by extensions ['colcon_pkg']
[0.424s] [34mcolcon.colcon_core.package_identification[0m [1;30mLevel 1[0m _identify(src) by extension 'colcon_pkg'
[0.424s] [34mcolcon.colcon_core.package_identification[0m [1;30mLevel 1[0m _identify(src) by extensions ['colcon_meta']
[0.424s] [34mcolcon.colcon_core.package_identification[0m [1;30mLevel 1[0m _identify(src) by extension 'colcon_meta'
[0.424s] [34mcolcon.colcon_core.package_identification[0m [1;30mLevel 1[0m _identify(src) by extensions ['ros']
[0.424s] [34mcolcon.colcon_core.package_identification[0m [1;30mLevel 1[0m _identify(src) by extension 'ros'
[0.424s] [34mcolcon.colcon_core.package_identification[0m [1;30mLevel 1[0m _identify(src) by extensions ['cmake', 'python']
[0.424s] [34mcolcon.colcon_core.package_identification[0m [1;30mLevel 1[0m _identify(src) by extension 'cmake'
[0.425s] [34mcolcon.colcon_core.package_identification[0m [1;30mLevel 1[0m _identify(src) by extension 'python'
[0.425s] [34mcolcon.colcon_core.package_identification[0m [1;30mLevel 1[0m _identify(src) by extensions ['python_setup_py']
[0.425s] [34mcolcon.colcon_core.package_identification[0m [1;30mLevel 1[0m _identify(src) by extension 'python_setup_py'
[0.425s] [34mcolcon.colcon_core.package_identification[0m [1;30mLevel 1[0m _identify(src/elementbot_gazebo) by extensions ['ignore', 'ignore_ament_install']
[0.425s] [34mcolcon.colcon_core.package_identification[0m [1;30mLevel 1[0m _identify(src/elementbot_gazebo) by extension 'ignore'
[0.425s] [34mcolcon.colcon_core.package_identification[0m [1;30mLevel 1[0m _identify(src/elementbot_gazebo) by extension 'ignore_ament_install'
[0.425s] [34mcolcon.colcon_core.package_identification[0m [1;30mLevel 1[0m _identify(src/elementbot_gazebo) by extensions ['colcon_pkg']
[0.425s] [34mcolcon.colcon_core.package_identification[0m [1;30mLevel 1[0m _identify(src/elementbot_gazebo) by extension 'colcon_pkg'
[0.425s] [34mcolcon.colcon_core.package_identification[0m [1;30mLevel 1[0m _identify(src/elementbot_gazebo) by extensions ['colcon_meta']
[0.425s] [34mcolcon.colcon_core.package_identification[0m [1;30mLevel 1[0m _identify(src/elementbot_gazebo) by extension 'colcon_meta'
[0.425s] [34mcolcon.colcon_core.package_identification[0m [1;30mLevel 1[0m _identify(src/elementbot_gazebo) by extensions ['ros']
[0.425s] [34mcolcon.colcon_core.package_identification[0m [1;30mLevel 1[0m _identify(src/elementbot_gazebo) by extension 'ros'
[0.428s] [34mcolcon.colcon_core.package_identification[0m [1;30mDEBUG[0m [32mPackage 'src/elementbot_gazebo' with type 'ros.ament_python' and name 'elementbot_gazebo'[0m
[0.428s] [34mcolcon.colcon_core.package_identification[0m [1;30mLevel 1[0m _identify(src/elementbot_navigation) by extensions ['ignore', 'ignore_ament_install']
[0.428s] [34mcolcon.colcon_core.package_identification[0m [1;30mLevel 1[0m _identify(src/elementbot_navigation) by extension 'ignore'
[0.428s] [34mcolcon.colcon_core.package_identification[0m [1;30mLevel 1[0m _identify(src/elementbot_navigation) by extension 'ignore_ament_install'
[0.428s] [34mcolcon.colcon_core.package_identification[0m [1;30mLevel 1[0m _identify(src/elementbot_navigation) by extensions ['colcon_pkg']
[0.428s] [34mcolcon.colcon_core.package_identification[0m [1;30mLevel 1[0m _identify(src/elementbot_navigation) by extension 'colcon_pkg'
[0.428s] [34mcolcon.colcon_core.package_identification[0m [1;30mLevel 1[0m _identify(src/elementbot_navigation) by extensions ['colcon_meta']
[0.428s] [34mcolcon.colcon_core.package_identification[0m [1;30mLevel 1[0m _identify(src/elementbot_navigation) by extension 'colcon_meta'
[0.428s] [34mcolcon.colcon_core.package_identification[0m [1;30mLevel 1[0m _identify(src/elementbot_navigation) by extensions ['ros']
[0.428s] [34mcolcon.colcon_core.package_identification[0m [1;30mLevel 1[0m _identify(src/elementbot_navigation) by extension 'ros'
[0.429s] [34mcolcon.colcon_core.package_identification[0m [1;30mDEBUG[0m [32mPackage 'src/elementbot_navigation' with type 'ros.ament_python' and name 'elementbot_navigation'[0m
[0.429s] [34mcolcon.colcon_core.package_identification[0m [1;30mLevel 1[0m _identify(src/elementbot_urdf) by extensions ['ignore', 'ignore_ament_install']
[0.429s] [34mcolcon.colcon_core.package_identification[0m [1;30mLevel 1[0m _identify(src/elementbot_urdf) by extension 'ignore'
[0.429s] [34mcolcon.colcon_core.package_identification[0m [1;30mLevel 1[0m _identify(src/elementbot_urdf) by extension 'ignore_ament_install'
[0.429s] [34mcolcon.colcon_core.package_identification[0m [1;30mLevel 1[0m _identify(src/elementbot_urdf) by extensions ['colcon_pkg']
[0.429s] [34mcolcon.colcon_core.package_identification[0m [1;30mLevel 1[0m _identify(src/elementbot_urdf) by extension 'colcon_pkg'
[0.429s] [34mcolcon.colcon_core.package_identification[0m [1;30mLevel 1[0m _identify(src/elementbot_urdf) by extensions ['colcon_meta']
[0.429s] [34mcolcon.colcon_core.package_identification[0m [1;30mLevel 1[0m _identify(src/elementbot_urdf) by extension 'colcon_meta'
[0.429s] [34mcolcon.colcon_core.package_identification[0m [1;30mLevel 1[0m _identify(src/elementbot_urdf) by extensions ['ros']
[0.429s] [34mcolcon.colcon_core.package_identification[0m [1;30mLevel 1[0m _identify(src/elementbot_urdf) by extension 'ros'
[0.430s] [34mcolcon.colcon_core.package_identification[0m [1;30mDEBUG[0m [32mPackage 'src/elementbot_urdf' with type 'ros.ament_python' and name 'elementbot_urdf'[0m
[0.430s] [34mcolcon.colcon_core.package_identification[0m [1;30mLevel 1[0m _identify(src/line_follower) by extensions ['ignore', 'ignore_ament_install']
[0.430s] [34mcolcon.colcon_core.package_identification[0m [1;30mLevel 1[0m _identify(src/line_follower) by extension 'ignore'
[0.430s] [34mcolcon.colcon_core.package_identification[0m [1;30mLevel 1[0m _identify(src/line_follower) by extension 'ignore_ament_install'
[0.431s] [34mcolcon.colcon_core.package_identification[0m [1;30mLevel 1[0m _identify(src/line_follower) by extensions ['colcon_pkg']
[0.431s] [34mcolcon.colcon_core.package_identification[0m [1;30mLevel 1[0m _identify(src/line_follower) by extension 'colcon_pkg'
[0.431s] [34mcolcon.colcon_core.package_identification[0m [1;30mLevel 1[0m _identify(src/line_follower) by extensions ['colcon_meta']
[0.431s] [34mcolcon.colcon_core.package_identification[0m [1;30mLevel 1[0m _identify(src/line_follower) by extension 'colcon_meta'
[0.431s] [34mcolcon.colcon_core.package_identification[0m [1;30mLevel 1[0m _identify(src/line_follower) by extensions ['ros']
[0.431s] [34mcolcon.colcon_core.package_identification[0m [1;30mLevel 1[0m _identify(src/line_follower) by extension 'ros'
[0.432s] [34mcolcon.colcon_core.package_identification[0m [1;30mDEBUG[0m [32mPackage 'src/line_follower' with type 'ros.ament_python' and name 'line_follower'[0m
[0.432s] [34mcolcon.colcon_core.package_identification[0m [1;30mLevel 1[0m _identify(src/yolo5_sim) by extensions ['ignore', 'ignore_ament_install']
[0.432s] [34mcolcon.colcon_core.package_identification[0m [1;30mLevel 1[0m _identify(src/yolo5_sim) by extension 'ignore'
[0.432s] [34mcolcon.colcon_core.package_identification[0m [1;30mLevel 1[0m _identify(src/yolo5_sim) by extension 'ignore_ament_install'
[0.432s] [34mcolcon.colcon_core.package_identification[0m [1;30mLevel 1[0m _identify(src/yolo5_sim) by extensions ['colcon_pkg']
[0.432s] [34mcolcon.colcon_core.package_identification[0m [1;30mLevel 1[0m _identify(src/yolo5_sim) by extension 'colcon_pkg'
[0.432s] [34mcolcon.colcon_core.package_identification[0m [1;30mLevel 1[0m _identify(src/yolo5_sim) by extensions ['colcon_meta']
[0.432s] [34mcolcon.colcon_core.package_identification[0m [1;30mLevel 1[0m _identify(src/yolo5_sim) by extension 'colcon_meta'
[0.432s] [34mcolcon.colcon_core.package_identification[0m [1;30mLevel 1[0m _identify(src/yolo5_sim) by extensions ['ros']
[0.432s] [34mcolcon.colcon_core.package_identification[0m [1;30mLevel 1[0m _identify(src/yolo5_sim) by extension 'ros'
[0.432s] [34mcolcon.colcon_core.package_identification[0m [1;30mLevel 1[0m _identify(src/yolo5_sim) by extensions ['cmake', 'python']
[0.433s] [34mcolcon.colcon_core.package_identification[0m [1;30mLevel 1[0m _identify(src/yolo5_sim) by extension 'cmake'
[0.433s] [34mcolcon.colcon_core.package_identification[0m [1;30mLevel 1[0m _identify(src/yolo5_sim) by extension 'python'
[0.433s] [34mcolcon.colcon_core.package_identification[0m [1;30mLevel 1[0m _identify(src/yolo5_sim) by extensions ['python_setup_py']
[0.433s] [34mcolcon.colcon_core.package_identification[0m [1;30mLevel 1[0m _identify(src/yolo5_sim) by extension 'python_setup_py'
[0.433s] [34mcolcon.colcon_core.package_identification[0m [1;30mLevel 1[0m _identify(src/yolo5_sim/yolov5_ros2) by extensions ['ignore', 'ignore_ament_install']
[0.433s] [34mcolcon.colcon_core.package_identification[0m [1;30mLevel 1[0m _identify(src/yolo5_sim/yolov5_ros2) by extension 'ignore'
[0.433s] [34mcolcon.colcon_core.package_identification[0m [1;30mLevel 1[0m _identify(src/yolo5_sim/yolov5_ros2) by extension 'ignore_ament_install'
[0.433s] [34mcolcon.colcon_core.package_identification[0m [1;30mLevel 1[0m _identify(src/yolo5_sim/yolov5_ros2) by extensions ['colcon_pkg']
[0.433s] [34mcolcon.colcon_core.package_identification[0m [1;30mLevel 1[0m _identify(src/yolo5_sim/yolov5_ros2) by extension 'colcon_pkg'
[0.433s] [34mcolcon.colcon_core.package_identification[0m [1;30mLevel 1[0m _identify(src/yolo5_sim/yolov5_ros2) by extensions ['colcon_meta']
[0.433s] [34mcolcon.colcon_core.package_identification[0m [1;30mLevel 1[0m _identify(src/yolo5_sim/yolov5_ros2) by extension 'colcon_meta'
[0.433s] [34mcolcon.colcon_core.package_identification[0m [1;30mLevel 1[0m _identify(src/yolo5_sim/yolov5_ros2) by extensions ['ros']
[0.433s] [34mcolcon.colcon_core.package_identification[0m [1;30mLevel 1[0m _identify(src/yolo5_sim/yolov5_ros2) by extension 'ros'
[0.434s] [34mcolcon.colcon_core.package_identification[0m [1;30mDEBUG[0m [32mPackage 'src/yolo5_sim/yolov5_ros2' with type 'ros.ament_python' and name 'yolov5_ros2'[0m
[0.434s] [34mcolcon.colcon_core.package_discovery[0m [1;30mLevel 1[0m discover_packages(recursive) using defaults
[0.434s] [34mcolcon.colcon_core.package_discovery[0m [1;30mLevel 1[0m discover_packages(ignore) discover
[0.434s] [34mcolcon.colcon_core.package_discovery[0m [1;30mLevel 1[0m discover_packages(ignore) using defaults
[0.434s] [34mcolcon.colcon_core.package_discovery[0m [1;30mLevel 1[0m discover_packages(path) discover
[0.434s] [34mcolcon.colcon_core.package_discovery[0m [1;30mLevel 1[0m discover_packages(path) using defaults
[0.488s] [34mcolcon.colcon_core.package_discovery[0m [1;30mLevel 1[0m discover_packages(prefix_path) check parameters
[0.488s] [34mcolcon.colcon_core.package_discovery[0m [1;30mLevel 1[0m discover_packages(prefix_path) discover
[0.494s] [34mcolcon.colcon_installed_package_information.package_discovery[0m [1;30mDEBUG[0m [32mFound 5 installed packages in /home/ctk/element_ws/install[0m
[0.498s] [34mcolcon.colcon_installed_package_information.package_discovery[0m [1;30mDEBUG[0m [32mFound 430 installed packages in /opt/ros/humble[0m
[0.503s] [34mcolcon.colcon_core.package_discovery[0m [1;30mLevel 1[0m discover_packages(prefix_path) using defaults
[0.586s] [34mcolcon.colcon_core.verb[0m [1;30mLevel 5[0m set package 'elementbot_gazebo' build argument 'cmake_args' from command line to 'None'
[0.586s] [34mcolcon.colcon_core.verb[0m [1;30mLevel 5[0m set package 'elementbot_gazebo' build argument 'cmake_target' from command line to 'None'
[0.586s] [34mcolcon.colcon_core.verb[0m [1;30mLevel 5[0m set package 'elementbot_gazebo' build argument 'cmake_target_skip_unavailable' from command line to 'False'
[0.586s] [34mcolcon.colcon_core.verb[0m [1;30mLevel 5[0m set package 'elementbot_gazebo' build argument 'cmake_clean_cache' from command line to 'False'
[0.586s] [34mcolcon.colcon_core.verb[0m [1;30mLevel 5[0m set package 'elementbot_gazebo' build argument 'cmake_clean_first' from command line to 'False'
[0.586s] [34mcolcon.colcon_core.verb[0m [1;30mLevel 5[0m set package 'elementbot_gazebo' build argument 'cmake_force_configure' from command line to 'False'
[0.587s] [34mcolcon.colcon_core.verb[0m [1;30mLevel 5[0m set package 'elementbot_gazebo' build argument 'ament_cmake_args' from command line to 'None'
[0.587s] [34mcolcon.colcon_core.verb[0m [1;30mLevel 5[0m set package 'elementbot_gazebo' build argument 'catkin_cmake_args' from command line to 'None'
[0.587s] [34mcolcon.colcon_core.verb[0m [1;30mLevel 5[0m set package 'elementbot_gazebo' build argument 'catkin_skip_building_tests' from command line to 'False'
[0.587s] [34mcolcon.colcon_core.verb[0m [1;30mDEBUG[0m [32mBuilding package 'elementbot_gazebo' with the following arguments: {'ament_cmake_args': None, 'build_base': '/home/ctk/element_ws/build/elementbot_gazebo', 'catkin_cmake_args': None, 'catkin_skip_building_tests': False, 'cmake_args': None, 'cmake_clean_cache': False, 'cmake_clean_first': False, 'cmake_force_configure': False, 'cmake_target': None, 'cmake_target_skip_unavailable': False, 'install_base': '/home/ctk/element_ws/install/elementbot_gazebo', 'merge_install': False, 'path': '/home/ctk/element_ws/src/elementbot_gazebo', 'symlink_install': False, 'test_result_base': None}[0m
[0.588s] [34mcolcon.colcon_core.verb[0m [1;30mLevel 5[0m set package 'elementbot_navigation' build argument 'cmake_args' from command line to 'None'
[0.588s] [34mcolcon.colcon_core.verb[0m [1;30mLevel 5[0m set package 'elementbot_navigation' build argument 'cmake_target' from command line to 'None'
[0.588s] [34mcolcon.colcon_core.verb[0m [1;30mLevel 5[0m set package 'elementbot_navigation' build argument 'cmake_target_skip_unavailable' from command line to 'False'
[0.588s] [34mcolcon.colcon_core.verb[0m [1;30mLevel 5[0m set package 'elementbot_navigation' build argument 'cmake_clean_cache' from command line to 'False'
[0.588s] [34mcolcon.colcon_core.verb[0m [1;30mLevel 5[0m set package 'elementbot_navigation' build argument 'cmake_clean_first' from command line to 'False'
[0.588s] [34mcolcon.colcon_core.verb[0m [1;30mLevel 5[0m set package 'elementbot_navigation' build argument 'cmake_force_configure' from command line to 'False'
[0.588s] [34mcolcon.colcon_core.verb[0m [1;30mLevel 5[0m set package 'elementbot_navigation' build argument 'ament_cmake_args' from command line to 'None'
[0.588s] [34mcolcon.colcon_core.verb[0m [1;30mLevel 5[0m set package 'elementbot_navigation' build argument 'catkin_cmake_args' from command line to 'None'
[0.588s] [34mcolcon.colcon_core.verb[0m [1;30mLevel 5[0m set package 'elementbot_navigation' build argument 'catkin_skip_building_tests' from command line to 'False'
[0.588s] [34mcolcon.colcon_core.verb[0m [1;30mDEBUG[0m [32mBuilding package 'elementbot_navigation' with the following arguments: {'ament_cmake_args': None, 'build_base': '/home/ctk/element_ws/build/elementbot_navigation', 'catkin_cmake_args': None, 'catkin_skip_building_tests': False, 'cmake_args': None, 'cmake_clean_cache': False, 'cmake_clean_first': False, 'cmake_force_configure': False, 'cmake_target': None, 'cmake_target_skip_unavailable': False, 'install_base': '/home/ctk/element_ws/install/elementbot_navigation', 'merge_install': False, 'path': '/home/ctk/element_ws/src/elementbot_navigation', 'symlink_install': False, 'test_result_base': None}[0m
[0.590s] [34mcolcon.colcon_core.verb[0m [1;30mLevel 5[0m set package 'elementbot_urdf' build argument 'cmake_args' from command line to 'None'
[0.590s] [34mcolcon.colcon_core.verb[0m [1;30mLevel 5[0m set package 'elementbot_urdf' build argument 'cmake_target' from command line to 'None'
[0.590s] [34mcolcon.colcon_core.verb[0m [1;30mLevel 5[0m set package 'elementbot_urdf' build argument 'cmake_target_skip_unavailable' from command line to 'False'
[0.590s] [34mcolcon.colcon_core.verb[0m [1;30mLevel 5[0m set package 'elementbot_urdf' build argument 'cmake_clean_cache' from command line to 'False'
[0.590s] [34mcolcon.colcon_core.verb[0m [1;30mLevel 5[0m set package 'elementbot_urdf' build argument 'cmake_clean_first' from command line to 'False'
[0.590s] [34mcolcon.colcon_core.verb[0m [1;30mLevel 5[0m set package 'elementbot_urdf' build argument 'cmake_force_configure' from command line to 'False'
[0.590s] [34mcolcon.colcon_core.verb[0m [1;30mLevel 5[0m set package 'elementbot_urdf' build argument 'ament_cmake_args' from command line to 'None'
[0.590s] [34mcolcon.colcon_core.verb[0m [1;30mLevel 5[0m set package 'elementbot_urdf' build argument 'catkin_cmake_args' from command line to 'None'
[0.590s] [34mcolcon.colcon_core.verb[0m [1;30mLevel 5[0m set package 'elementbot_urdf' build argument 'catkin_skip_building_tests' from command line to 'False'
[0.590s] [34mcolcon.colcon_core.verb[0m [1;30mDEBUG[0m [32mBuilding package 'elementbot_urdf' with the following arguments: {'ament_cmake_args': None, 'build_base': '/home/ctk/element_ws/build/elementbot_urdf', 'catkin_cmake_args': None, 'catkin_skip_building_tests': False, 'cmake_args': None, 'cmake_clean_cache': False, 'cmake_clean_first': False, 'cmake_force_configure': False, 'cmake_target': None, 'cmake_target_skip_unavailable': False, 'install_base': '/home/ctk/element_ws/install/elementbot_urdf', 'merge_install': False, 'path': '/home/ctk/element_ws/src/elementbot_urdf', 'symlink_install': False, 'test_result_base': None}[0m
[0.591s] [34mcolcon.colcon_core.verb[0m [1;30mLevel 5[0m set package 'line_follower' build argument 'cmake_args' from command line to 'None'
[0.591s] [34mcolcon.colcon_core.verb[0m [1;30mLevel 5[0m set package 'line_follower' build argument 'cmake_target' from command line to 'None'
[0.591s] [34mcolcon.colcon_core.verb[0m [1;30mLevel 5[0m set package 'line_follower' build argument 'cmake_target_skip_unavailable' from command line to 'False'
[0.591s] [34mcolcon.colcon_core.verb[0m [1;30mLevel 5[0m set package 'line_follower' build argument 'cmake_clean_cache' from command line to 'False'
[0.591s] [34mcolcon.colcon_core.verb[0m [1;30mLevel 5[0m set package 'line_follower' build argument 'cmake_clean_first' from command line to 'False'
[0.591s] [34mcolcon.colcon_core.verb[0m [1;30mLevel 5[0m set package 'line_follower' build argument 'cmake_force_configure' from command line to 'False'
[0.591s] [34mcolcon.colcon_core.verb[0m [1;30mLevel 5[0m set package 'line_follower' build argument 'ament_cmake_args' from command line to 'None'
[0.591s] [34mcolcon.colcon_core.verb[0m [1;30mLevel 5[0m set package 'line_follower' build argument 'catkin_cmake_args' from command line to 'None'
[0.591s] [34mcolcon.colcon_core.verb[0m [1;30mLevel 5[0m set package 'line_follower' build argument 'catkin_skip_building_tests' from command line to 'False'
[0.591s] [34mcolcon.colcon_core.verb[0m [1;30mDEBUG[0m [32mBuilding package 'line_follower' with the following arguments: {'ament_cmake_args': None, 'build_base': '/home/ctk/element_ws/build/line_follower', 'catkin_cmake_args': None, 'catkin_skip_building_tests': False, 'cmake_args': None, 'cmake_clean_cache': False, 'cmake_clean_first': False, 'cmake_force_configure': False, 'cmake_target': None, 'cmake_target_skip_unavailable': False, 'install_base': '/home/ctk/element_ws/install/line_follower', 'merge_install': False, 'path': '/home/ctk/element_ws/src/line_follower', 'symlink_install': False, 'test_result_base': None}[0m
[0.592s] [34mcolcon.colcon_core.verb[0m [1;30mLevel 5[0m set package 'yolov5_ros2' build argument 'cmake_args' from command line to 'None'
[0.592s] [34mcolcon.colcon_core.verb[0m [1;30mLevel 5[0m set package 'yolov5_ros2' build argument 'cmake_target' from command line to 'None'
[0.592s] [34mcolcon.colcon_core.verb[0m [1;30mLevel 5[0m set package 'yolov5_ros2' build argument 'cmake_target_skip_unavailable' from command line to 'False'
[0.592s] [34mcolcon.colcon_core.verb[0m [1;30mLevel 5[0m set package 'yolov5_ros2' build argument 'cmake_clean_cache' from command line to 'False'
[0.592s] [34mcolcon.colcon_core.verb[0m [1;30mLevel 5[0m set package 'yolov5_ros2' build argument 'cmake_clean_first' from command line to 'False'
[0.592s] [34mcolcon.colcon_core.verb[0m [1;30mLevel 5[0m set package 'yolov5_ros2' build argument 'cmake_force_configure' from command line to 'False'
[0.592s] [34mcolcon.colcon_core.verb[0m [1;30mLevel 5[0m set package 'yolov5_ros2' build argument 'ament_cmake_args' from command line to 'None'
[0.592s] [34mcolcon.colcon_core.verb[0m [1;30mLevel 5[0m set package 'yolov5_ros2' build argument 'catkin_cmake_args' from command line to 'None'
[0.592s] [34mcolcon.colcon_core.verb[0m [1;30mLevel 5[0m set package 'yolov5_ros2' build argument 'catkin_skip_building_tests' from command line to 'False'
[0.592s] [34mcolcon.colcon_core.verb[0m [1;30mDEBUG[0m [32mBuilding package 'yolov5_ros2' with the following arguments: {'ament_cmake_args': None, 'build_base': '/home/ctk/element_ws/build/yolov5_ros2', 'catkin_cmake_args': None, 'catkin_skip_building_tests': False, 'cmake_args': None, 'cmake_clean_cache': False, 'cmake_clean_first': False, 'cmake_force_configure': False, 'cmake_target': None, 'cmake_target_skip_unavailable': False, 'install_base': '/home/ctk/element_ws/install/yolov5_ros2', 'merge_install': False, 'path': '/home/ctk/element_ws/src/yolo5_sim/yolov5_ros2', 'symlink_install': False, 'test_result_base': None}[0m
[0.592s] [34mcolcon.colcon_core.executor[0m [1;30mINFO[0m Executing jobs using 'parallel' executor
[0.594s] [34mcolcon.colcon_parallel_executor.executor.parallel[0m [1;30mDEBUG[0m [32mrun_until_complete[0m
[0.595s] [34mcolcon.colcon_ros.task.ament_python.build[0m [1;30mINFO[0m Building ROS package in '/home/ctk/element_ws/src/elementbot_gazebo' with build type 'ament_python'
[0.595s] [34mcolcon.colcon_core.shell[0m [1;30mLevel 1[0m create_environment_hook('elementbot_gazebo', 'ament_prefix_path')
[0.606s] [34mcolcon.colcon_core.plugin_system[0m [1;30mINFO[0m Skipping extension 'colcon_core.shell.bat': Not used on non-Windows systems
[0.606s] [34mcolcon.colcon_core.shell[0m [1;30mINFO[0m Creating environment hook '/home/ctk/element_ws/install/elementbot_gazebo/share/elementbot_gazebo/hook/ament_prefix_path.ps1'
[0.610s] [34mcolcon.colcon_core.shell[0m [1;30mINFO[0m Creating environment descriptor '/home/ctk/element_ws/install/elementbot_gazebo/share/elementbot_gazebo/hook/ament_prefix_path.dsv'
[0.610s] [34mcolcon.colcon_core.shell[0m [1;30mINFO[0m Creating environment hook '/home/ctk/element_ws/install/elementbot_gazebo/share/elementbot_gazebo/hook/ament_prefix_path.sh'
[0.612s] [34mcolcon.colcon_core.shell[0m [1;30mINFO[0m Skip shell extension 'powershell' for command environment: Not usable outside of PowerShell
[0.612s] [34mcolcon.colcon_core.shell[0m [1;30mDEBUG[0m [32mSkip shell extension 'dsv' for command environment[0m
[0.630s] [34mcolcon.colcon_ros.task.ament_python.build[0m [1;30mINFO[0m Building ROS package in '/home/ctk/element_ws/src/elementbot_navigation' with build type 'ament_python'
[0.632s] [34mcolcon.colcon_core.shell[0m [1;30mLevel 1[0m create_environment_hook('elementbot_navigation', 'ament_prefix_path')
[0.634s] [34mcolcon.colcon_core.shell[0m [1;30mINFO[0m Creating environment hook '/home/ctk/element_ws/install/elementbot_navigation/share/elementbot_navigation/hook/ament_prefix_path.ps1'
[0.638s] [34mcolcon.colcon_core.shell[0m [1;30mINFO[0m Creating environment descriptor '/home/ctk/element_ws/install/elementbot_navigation/share/elementbot_navigation/hook/ament_prefix_path.dsv'
[0.639s] [34mcolcon.colcon_core.shell[0m [1;30mINFO[0m Creating environment hook '/home/ctk/element_ws/install/elementbot_navigation/share/elementbot_navigation/hook/ament_prefix_path.sh'
[0.641s] [34mcolcon.colcon_core.shell[0m [1;30mINFO[0m Skip shell extension 'powershell' for command environment: Not usable outside of PowerShell
[0.641s] [34mcolcon.colcon_core.shell[0m [1;30mDEBUG[0m [32mSkip shell extension 'dsv' for command environment[0m
[0.657s] [34mcolcon.colcon_ros.task.ament_python.build[0m [1;30mINFO[0m Building ROS package in '/home/ctk/element_ws/src/elementbot_urdf' with build type 'ament_python'
[0.658s] [34mcolcon.colcon_core.shell[0m [1;30mLevel 1[0m create_environment_hook('elementbot_urdf', 'ament_prefix_path')
[0.660s] [34mcolcon.colcon_core.shell[0m [1;30mINFO[0m Creating environment hook '/home/ctk/element_ws/install/elementbot_urdf/share/elementbot_urdf/hook/ament_prefix_path.ps1'
[0.665s] [34mcolcon.colcon_core.shell[0m [1;30mINFO[0m Creating environment descriptor '/home/ctk/element_ws/install/elementbot_urdf/share/elementbot_urdf/hook/ament_prefix_path.dsv'
[0.669s] [34mcolcon.colcon_core.shell[0m [1;30mINFO[0m Creating environment hook '/home/ctk/element_ws/install/elementbot_urdf/share/elementbot_urdf/hook/ament_prefix_path.sh'
[0.678s] [34mcolcon.colcon_core.shell[0m [1;30mINFO[0m Skip shell extension 'powershell' for command environment: Not usable outside of PowerShell
[0.678s] [34mcolcon.colcon_core.shell[0m [1;30mDEBUG[0m [32mSkip shell extension 'dsv' for command environment[0m
[0.700s] [34mcolcon.colcon_ros.task.ament_python.build[0m [1;30mINFO[0m Building ROS package in '/home/ctk/element_ws/src/line_follower' with build type 'ament_python'
[0.701s] [34mcolcon.colcon_core.shell[0m [1;30mLevel 1[0m create_environment_hook('line_follower', 'ament_prefix_path')
[0.702s] [34mcolcon.colcon_core.shell[0m [1;30mINFO[0m Creating environment hook '/home/ctk/element_ws/install/line_follower/share/line_follower/hook/ament_prefix_path.ps1'
[0.706s] [34mcolcon.colcon_core.shell[0m [1;30mINFO[0m Creating environment descriptor '/home/ctk/element_ws/install/line_follower/share/line_follower/hook/ament_prefix_path.dsv'
[0.707s] [34mcolcon.colcon_core.shell[0m [1;30mINFO[0m Creating environment hook '/home/ctk/element_ws/install/line_follower/share/line_follower/hook/ament_prefix_path.sh'
[0.714s] [34mcolcon.colcon_core.shell[0m [1;30mINFO[0m Skip shell extension 'powershell' for command environment: Not usable outside of PowerShell
[0.715s] [34mcolcon.colcon_core.shell[0m [1;30mDEBUG[0m [32mSkip shell extension 'dsv' for command environment[0m
[0.729s] [34mcolcon.colcon_ros.task.ament_python.build[0m [1;30mINFO[0m Building ROS package in '/home/ctk/element_ws/src/yolo5_sim/yolov5_ros2' with build type 'ament_python'
[0.730s] [34mcolcon.colcon_core.shell[0m [1;30mLevel 1[0m create_environment_hook('yolov5_ros2', 'ament_prefix_path')
[0.731s] [34mcolcon.colcon_core.shell[0m [1;30mINFO[0m Creating environment hook '/home/ctk/element_ws/install/yolov5_ros2/share/yolov5_ros2/hook/ament_prefix_path.ps1'
[0.740s] [34mcolcon.colcon_core.shell[0m [1;30mINFO[0m Creating environment descriptor '/home/ctk/element_ws/install/yolov5_ros2/share/yolov5_ros2/hook/ament_prefix_path.dsv'
[0.743s] [34mcolcon.colcon_core.shell[0m [1;30mINFO[0m Creating environment hook '/home/ctk/element_ws/install/yolov5_ros2/share/yolov5_ros2/hook/ament_prefix_path.sh'
[0.747s] [34mcolcon.colcon_core.shell[0m [1;30mINFO[0m Skip shell extension 'powershell' for command environment: Not usable outside of PowerShell
[0.747s] [34mcolcon.colcon_core.shell[0m [1;30mDEBUG[0m [32mSkip shell extension 'dsv' for command environment[0m
[1.609s] [34mcolcon.colcon_core.task.python.build[0m [1;30mINFO[0m Building Python package in '/home/ctk/element_ws/src/elementbot_gazebo'
[1.611s] [34mcolcon.colcon_core.shell[0m [1;30mINFO[0m Skip shell extension 'powershell' for command environment: Not usable outside of PowerShell
[1.611s] [34mcolcon.colcon_core.shell[0m [1;30mDEBUG[0m [32mSkip shell extension 'dsv' for command environment[0m
[2.461s] [34mcolcon.colcon_core.task.python.build[0m [1;30mINFO[0m Building Python package in '/home/ctk/element_ws/src/elementbot_navigation'
[2.463s] [34mcolcon.colcon_core.shell[0m [1;30mINFO[0m Skip shell extension 'powershell' for command environment: Not usable outside of PowerShell
[2.463s] [34mcolcon.colcon_core.shell[0m [1;30mDEBUG[0m [32mSkip shell extension 'dsv' for command environment[0m
[3.177s] [34mcolcon.colcon_core.task.python.build[0m [1;30mINFO[0m Building Python package in '/home/ctk/element_ws/src/elementbot_urdf'
[3.178s] [34mcolcon.colcon_core.shell[0m [1;30mINFO[0m Skip shell extension 'powershell' for command environment: Not usable outside of PowerShell
[3.178s] [34mcolcon.colcon_core.shell[0m [1;30mDEBUG[0m [32mSkip shell extension 'dsv' for command environment[0m
[3.927s] [34mcolcon.colcon_core.task.python.build[0m [1;30mINFO[0m Building Python package in '/home/ctk/element_ws/src/line_follower'
[3.929s] [34mcolcon.colcon_core.shell[0m [1;30mINFO[0m Skip shell extension 'powershell' for command environment: Not usable outside of PowerShell
[3.930s] [34mcolcon.colcon_core.shell[0m [1;30mDEBUG[0m [32mSkip shell extension 'dsv' for command environment[0m
[4.687s] [34mcolcon.colcon_ros.task.ament_python.build[0m [1;30mWARNING[0m [33mPackage 'yolov5_ros2' doesn't explicitly install a marker in the package index (colcon-ros currently does it implicitly but that fallback will be removed in the future)[0m
[4.688s] [34mcolcon.colcon_core.task.python.build[0m [1;30mINFO[0m Building Python package in '/home/ctk/element_ws/src/yolo5_sim/yolov5_ros2'
[4.688s] [34mcolcon.colcon_core.shell[0m [1;30mINFO[0m Skip shell extension 'powershell' for command environment: Not usable outside of PowerShell
[4.688s] [34mcolcon.colcon_core.shell[0m [1;30mDEBUG[0m [32mSkip shell extension 'dsv' for command environment[0m
[6.742s] [34mcolcon.colcon_core.event_handler.log_command[0m [1;30mDEBUG[0m [32mInvoking command in '/home/ctk/element_ws/src/line_follower': PYTHONPATH=/home/ctk/element_ws/build/line_follower/prefix_override:/usr/lib/python3/dist-packages/colcon_core/task/python/colcon_distutils_commands:/home/ctk/element_ws/install/line_follower/lib/python3.10/site-packages:${PYTHONPATH} /usr/bin/python3 -W ignore:setup.py install is deprecated -W ignore:easy_install command is deprecated setup.py egg_info --egg-base ../../build/line_follower build --build-base /home/ctk/element_ws/build/line_follower/build install --record /home/ctk/element_ws/build/line_follower/install.log --single-version-externally-managed install_data[0m
[6.784s] [34mcolcon.colcon_core.event_handler.log_command[0m [1;30mDEBUG[0m [32mInvoking command in '/home/ctk/element_ws/src/elementbot_gazebo': PYTHONPATH=/home/ctk/element_ws/build/elementbot_gazebo/prefix_override:/usr/lib/python3/dist-packages/colcon_core/task/python/colcon_distutils_commands:/home/ctk/element_ws/install/elementbot_gazebo/lib/python3.10/site-packages:${PYTHONPATH} /usr/bin/python3 -W ignore:setup.py install is deprecated -W ignore:easy_install command is deprecated setup.py egg_info --egg-base ../../build/elementbot_gazebo build --build-base /home/ctk/element_ws/build/elementbot_gazebo/build install --record /home/ctk/element_ws/build/elementbot_gazebo/install.log --single-version-externally-managed install_data[0m
[7.018s] [34mcolcon.colcon_core.event_handler.log_command[0m [1;30mDEBUG[0m [32mInvoking command in '/home/ctk/element_ws/src/elementbot_navigation': PYTHONPATH=/home/ctk/element_ws/build/elementbot_navigation/prefix_override:/usr/lib/python3/dist-packages/colcon_core/task/python/colcon_distutils_commands:/home/ctk/element_ws/install/elementbot_navigation/lib/python3.10/site-packages:${PYTHONPATH} /usr/bin/python3 -W ignore:setup.py install is deprecated -W ignore:easy_install command is deprecated setup.py egg_info --egg-base ../../build/elementbot_navigation build --build-base /home/ctk/element_ws/build/elementbot_navigation/build install --record /home/ctk/element_ws/build/elementbot_navigation/install.log --single-version-externally-managed install_data[0m
[7.046s] [34mcolcon.colcon_core.event_handler.log_command[0m [1;30mDEBUG[0m [32mInvoking command in '/home/ctk/element_ws/src/elementbot_urdf': PYTHONPATH=/home/ctk/element_ws/build/elementbot_urdf/prefix_override:/usr/lib/python3/dist-packages/colcon_core/task/python/colcon_distutils_commands:/home/ctk/element_ws/install/elementbot_urdf/lib/python3.10/site-packages:${PYTHONPATH} /usr/bin/python3 -W ignore:setup.py install is deprecated -W ignore:easy_install command is deprecated setup.py egg_info --egg-base ../../build/elementbot_urdf build --build-base /home/ctk/element_ws/build/elementbot_urdf/build install --record /home/ctk/element_ws/build/elementbot_urdf/install.log --single-version-externally-managed install_data[0m
[7.345s] [34mcolcon.colcon_core.event_handler.log_command[0m [1;30mDEBUG[0m [32mInvoking command in '/home/ctk/element_ws/src/yolo5_sim/yolov5_ros2': PYTHONPATH=/home/ctk/element_ws/build/yolov5_ros2/prefix_override:/usr/lib/python3/dist-packages/colcon_core/task/python/colcon_distutils_commands:/home/ctk/element_ws/install/yolov5_ros2/lib/python3.10/site-packages:${PYTHONPATH} /usr/bin/python3 -W ignore:setup.py install is deprecated -W ignore:easy_install command is deprecated setup.py egg_info --egg-base ../../../build/yolov5_ros2 build --build-base /home/ctk/element_ws/build/yolov5_ros2/build install --record /home/ctk/element_ws/build/yolov5_ros2/install.log --single-version-externally-managed install_data[0m
[8.511s] [34mcolcon.colcon_core.event_handler.log_command[0m [1;30mDEBUG[0m [32mInvoked command in '/home/ctk/element_ws/src/elementbot_gazebo' returned '0': PYTHONPATH=/home/ctk/element_ws/build/elementbot_gazebo/prefix_override:/usr/lib/python3/dist-packages/colcon_core/task/python/colcon_distutils_commands:/home/ctk/element_ws/install/elementbot_gazebo/lib/python3.10/site-packages:${PYTHONPATH} /usr/bin/python3 -W ignore:setup.py install is deprecated -W ignore:easy_install command is deprecated setup.py egg_info --egg-base ../../build/elementbot_gazebo build --build-base /home/ctk/element_ws/build/elementbot_gazebo/build install --record /home/ctk/element_ws/build/elementbot_gazebo/install.log --single-version-externally-managed install_data[0m
[8.517s] [34mcolcon.colcon_core.environment[0m [1;30mLevel 1[0m checking '/home/ctk/element_ws/install/elementbot_gazebo' for CMake module files
[8.519s] [34mcolcon.colcon_core.environment[0m [1;30mLevel 1[0m checking '/home/ctk/element_ws/install/elementbot_gazebo' for CMake config files
[8.521s] [34mcolcon.colcon_core.environment[0m [1;30mLevel 1[0m checking '/home/ctk/element_ws/install/elementbot_gazebo/lib'
[8.523s] [34mcolcon.colcon_core.environment[0m [1;30mLevel 1[0m checking '/home/ctk/element_ws/install/elementbot_gazebo/bin'
[8.523s] [34mcolcon.colcon_core.environment[0m [1;30mLevel 1[0m checking '/home/ctk/element_ws/install/elementbot_gazebo/lib/pkgconfig/elementbot_gazebo.pc'
[8.525s] [34mcolcon.colcon_core.environment[0m [1;30mLevel 1[0m checking '/home/ctk/element_ws/install/elementbot_gazebo/lib/python3.10/site-packages'
[8.526s] [34mcolcon.colcon_core.shell[0m [1;30mLevel 1[0m create_environment_hook('elementbot_gazebo', 'pythonpath')
[8.527s] [34mcolcon.colcon_core.shell[0m [1;30mINFO[0m Creating environment hook '/home/ctk/element_ws/install/elementbot_gazebo/share/elementbot_gazebo/hook/pythonpath.ps1'
[8.528s] [34mcolcon.colcon_core.shell[0m [1;30mINFO[0m Creating environment descriptor '/home/ctk/element_ws/install/elementbot_gazebo/share/elementbot_gazebo/hook/pythonpath.dsv'
[8.536s] [34mcolcon.colcon_core.shell[0m [1;30mINFO[0m Creating environment hook '/home/ctk/element_ws/install/elementbot_gazebo/share/elementbot_gazebo/hook/pythonpath.sh'
[8.541s] [34mcolcon.colcon_core.environment[0m [1;30mLevel 1[0m checking '/home/ctk/element_ws/install/elementbot_gazebo/bin'
[8.541s] [34mcolcon.colcon_core.environment[0m [1;30mLevel 1[0m create_environment_scripts_only(elementbot_gazebo)
[8.547s] [34mcolcon.colcon_core.shell[0m [1;30mINFO[0m Creating package script '/home/ctk/element_ws/install/elementbot_gazebo/share/elementbot_gazebo/package.ps1'
[8.551s] [34mcolcon.colcon_core.shell[0m [1;30mINFO[0m Creating package descriptor '/home/ctk/element_ws/install/elementbot_gazebo/share/elementbot_gazebo/package.dsv'
[8.556s] [34mcolcon.colcon_core.shell[0m [1;30mINFO[0m Creating package script '/home/ctk/element_ws/install/elementbot_gazebo/share/elementbot_gazebo/package.sh'
[8.577s] [34mcolcon.colcon_core.shell[0m [1;30mINFO[0m Creating package script '/home/ctk/element_ws/install/elementbot_gazebo/share/elementbot_gazebo/package.bash'
[8.588s] [34mcolcon.colcon_core.shell[0m [1;30mINFO[0m Creating package script '/home/ctk/element_ws/install/elementbot_gazebo/share/elementbot_gazebo/package.zsh'
[8.596s] [34mcolcon.colcon_core.environment[0m [1;30mLevel 1[0m create_file_with_runtime_dependencies(/home/ctk/element_ws/install/elementbot_gazebo/share/colcon-core/packages/elementbot_gazebo)
[8.711s] [34mcolcon.colcon_core.environment[0m [1;30mLevel 1[0m checking '/home/ctk/element_ws/install/elementbot_urdf' for CMake module files
[8.713s] [34mcolcon.colcon_core.environment[0m [1;30mLevel 1[0m checking '/home/ctk/element_ws/install/elementbot_urdf' for CMake config files
[8.717s] [34mcolcon.colcon_core.environment[0m [1;30mLevel 1[0m checking '/home/ctk/element_ws/install/elementbot_urdf/lib'
[8.714s] [34mcolcon.colcon_core.event_handler.log_command[0m [1;30mDEBUG[0m [32mInvoked command in '/home/ctk/element_ws/src/elementbot_urdf' returned '0': PYTHONPATH=/home/ctk/element_ws/build/elementbot_urdf/prefix_override:/usr/lib/python3/dist-packages/colcon_core/task/python/colcon_distutils_commands:/home/ctk/element_ws/install/elementbot_urdf/lib/python3.10/site-packages:${PYTHONPATH} /usr/bin/python3 -W ignore:setup.py install is deprecated -W ignore:easy_install command is deprecated setup.py egg_info --egg-base ../../build/elementbot_urdf build --build-base /home/ctk/element_ws/build/elementbot_urdf/build install --record /home/ctk/element_ws/build/elementbot_urdf/install.log --single-version-externally-managed install_data[0m
[8.719s] [34mcolcon.colcon_core.environment[0m [1;30mLevel 1[0m checking '/home/ctk/element_ws/install/elementbot_urdf/bin'
[8.719s] [34mcolcon.colcon_core.environment[0m [1;30mLevel 1[0m checking '/home/ctk/element_ws/install/elementbot_urdf/lib/pkgconfig/elementbot_urdf.pc'
[8.720s] [34mcolcon.colcon_core.environment[0m [1;30mLevel 1[0m checking '/home/ctk/element_ws/install/elementbot_urdf/lib/python3.10/site-packages'
[8.720s] [34mcolcon.colcon_core.shell[0m [1;30mLevel 1[0m create_environment_hook('elementbot_urdf', 'pythonpath')
[8.721s] [34mcolcon.colcon_core.shell[0m [1;30mINFO[0m Creating environment hook '/home/ctk/element_ws/install/elementbot_urdf/share/elementbot_urdf/hook/pythonpath.ps1'
[8.725s] [34mcolcon.colcon_core.shell[0m [1;30mINFO[0m Creating environment descriptor '/home/ctk/element_ws/install/elementbot_urdf/share/elementbot_urdf/hook/pythonpath.dsv'
[8.726s] [34mcolcon.colcon_core.shell[0m [1;30mINFO[0m Creating environment hook '/home/ctk/element_ws/install/elementbot_urdf/share/elementbot_urdf/hook/pythonpath.sh'
[8.730s] [34mcolcon.colcon_core.environment[0m [1;30mLevel 1[0m checking '/home/ctk/element_ws/install/elementbot_urdf/bin'
[8.731s] [34mcolcon.colcon_core.environment[0m [1;30mLevel 1[0m create_environment_scripts_only(elementbot_urdf)
[8.736s] [34mcolcon.colcon_core.shell[0m [1;30mINFO[0m Creating package script '/home/ctk/element_ws/install/elementbot_urdf/share/elementbot_urdf/package.ps1'
[8.741s] [34mcolcon.colcon_core.shell[0m [1;30mINFO[0m Creating package descriptor '/home/ctk/element_ws/install/elementbot_urdf/share/elementbot_urdf/package.dsv'
[8.743s] [34mcolcon.colcon_core.shell[0m [1;30mINFO[0m Creating package script '/home/ctk/element_ws/install/elementbot_urdf/share/elementbot_urdf/package.sh'
[8.746s] [34mcolcon.colcon_core.shell[0m [1;30mINFO[0m Creating package script '/home/ctk/element_ws/install/elementbot_urdf/share/elementbot_urdf/package.bash'
[8.748s] [34mcolcon.colcon_core.shell[0m [1;30mINFO[0m Creating package script '/home/ctk/element_ws/install/elementbot_urdf/share/elementbot_urdf/package.zsh'
[8.750s] [34mcolcon.colcon_core.environment[0m [1;30mLevel 1[0m create_file_with_runtime_dependencies(/home/ctk/element_ws/install/elementbot_urdf/share/colcon-core/packages/elementbot_urdf)
[8.791s] [34mcolcon.colcon_core.environment[0m [1;30mLevel 1[0m checking '/home/ctk/element_ws/install/elementbot_navigation' for CMake module files
[8.792s] [34mcolcon.colcon_core.environment[0m [1;30mLevel 1[0m checking '/home/ctk/element_ws/install/elementbot_navigation' for CMake config files
[8.795s] [34mcolcon.colcon_core.environment[0m [1;30mLevel 1[0m checking '/home/ctk/element_ws/install/elementbot_navigation/lib'
[8.795s] [34mcolcon.colcon_core.environment[0m [1;30mLevel 1[0m checking '/home/ctk/element_ws/install/elementbot_navigation/bin'
[8.796s] [34mcolcon.colcon_core.event_handler.log_command[0m [1;30mDEBUG[0m [32mInvoked command in '/home/ctk/element_ws/src/elementbot_navigation' returned '0': PYTHONPATH=/home/ctk/element_ws/build/elementbot_navigation/prefix_override:/usr/lib/python3/dist-packages/colcon_core/task/python/colcon_distutils_commands:/home/ctk/element_ws/install/elementbot_navigation/lib/python3.10/site-packages:${PYTHONPATH} /usr/bin/python3 -W ignore:setup.py install is deprecated -W ignore:easy_install command is deprecated setup.py egg_info --egg-base ../../build/elementbot_navigation build --build-base /home/ctk/element_ws/build/elementbot_navigation/build install --record /home/ctk/element_ws/build/elementbot_navigation/install.log --single-version-externally-managed install_data[0m
[8.797s] [34mcolcon.colcon_core.environment[0m [1;30mLevel 1[0m checking '/home/ctk/element_ws/install/elementbot_navigation/lib/pkgconfig/elementbot_navigation.pc'
[8.798s] [34mcolcon.colcon_core.environment[0m [1;30mLevel 1[0m checking '/home/ctk/element_ws/install/elementbot_navigation/lib/python3.10/site-packages'
[8.798s] [34mcolcon.colcon_core.shell[0m [1;30mLevel 1[0m create_environment_hook('elementbot_navigation', 'pythonpath')
[8.799s] [34mcolcon.colcon_core.shell[0m [1;30mINFO[0m Creating environment hook '/home/ctk/element_ws/install/elementbot_navigation/share/elementbot_navigation/hook/pythonpath.ps1'
[8.807s] [34mcolcon.colcon_core.shell[0m [1;30mINFO[0m Creating environment descriptor '/home/ctk/element_ws/install/elementbot_navigation/share/elementbot_navigation/hook/pythonpath.dsv'
[8.812s] [34mcolcon.colcon_core.shell[0m [1;30mINFO[0m Creating environment hook '/home/ctk/element_ws/install/elementbot_navigation/share/elementbot_navigation/hook/pythonpath.sh'
[8.828s] [34mcolcon.colcon_core.environment[0m [1;30mLevel 1[0m checking '/home/ctk/element_ws/install/elementbot_navigation/bin'
[8.829s] [34mcolcon.colcon_core.environment[0m [1;30mLevel 1[0m create_environment_scripts_only(elementbot_navigation)
[8.830s] [34mcolcon.colcon_core.shell[0m [1;30mINFO[0m Creating package script '/home/ctk/element_ws/install/elementbot_navigation/share/elementbot_navigation/package.ps1'
[8.836s] [34mcolcon.colcon_core.shell[0m [1;30mINFO[0m Creating package descriptor '/home/ctk/element_ws/install/elementbot_navigation/share/elementbot_navigation/package.dsv'
[8.840s] [34mcolcon.colcon_core.shell[0m [1;30mINFO[0m Creating package script '/home/ctk/element_ws/install/elementbot_navigation/share/elementbot_navigation/package.sh'
[8.842s] [34mcolcon.colcon_core.shell[0m [1;30mINFO[0m Creating package script '/home/ctk/element_ws/install/elementbot_navigation/share/elementbot_navigation/package.bash'
[8.843s] [34mcolcon.colcon_core.shell[0m [1;30mINFO[0m Creating package script '/home/ctk/element_ws/install/elementbot_navigation/share/elementbot_navigation/package.zsh'
[8.843s] [34mcolcon.colcon_core.environment[0m [1;30mLevel 1[0m create_file_with_runtime_dependencies(/home/ctk/element_ws/install/elementbot_navigation/share/colcon-core/packages/elementbot_navigation)
[8.931s] [34mcolcon.colcon_core.environment[0m [1;30mLevel 1[0m checking '/home/ctk/element_ws/install/line_follower' for CMake module files
[8.932s] [34mcolcon.colcon_core.event_handler.log_command[0m [1;30mDEBUG[0m [32mInvoked command in '/home/ctk/element_ws/src/line_follower' returned '0': PYTHONPATH=/home/ctk/element_ws/build/line_follower/prefix_override:/usr/lib/python3/dist-packages/colcon_core/task/python/colcon_distutils_commands:/home/ctk/element_ws/install/line_follower/lib/python3.10/site-packages:${PYTHONPATH} /usr/bin/python3 -W ignore:setup.py install is deprecated -W ignore:easy_install command is deprecated setup.py egg_info --egg-base ../../build/line_follower build --build-base /home/ctk/element_ws/build/line_follower/build install --record /home/ctk/element_ws/build/line_follower/install.log --single-version-externally-managed install_data[0m
[8.933s] [34mcolcon.colcon_core.environment[0m [1;30mLevel 1[0m checking '/home/ctk/element_ws/install/line_follower' for CMake config files
[8.935s] [34mcolcon.colcon_core.environment[0m [1;30mLevel 1[0m checking '/home/ctk/element_ws/install/line_follower/lib'
[8.936s] [34mcolcon.colcon_core.environment[0m [1;30mLevel 1[0m checking '/home/ctk/element_ws/install/line_follower/bin'
[8.936s] [34mcolcon.colcon_core.environment[0m [1;30mLevel 1[0m checking '/home/ctk/element_ws/install/line_follower/lib/pkgconfig/line_follower.pc'
[8.937s] [34mcolcon.colcon_core.environment[0m [1;30mLevel 1[0m checking '/home/ctk/element_ws/install/line_follower/lib/python3.10/site-packages'
[8.937s] [34mcolcon.colcon_core.shell[0m [1;30mLevel 1[0m create_environment_hook('line_follower', 'pythonpath')
[8.940s] [34mcolcon.colcon_core.shell[0m [1;30mINFO[0m Creating environment hook '/home/ctk/element_ws/install/line_follower/share/line_follower/hook/pythonpath.ps1'
[8.946s] [34mcolcon.colcon_core.shell[0m [1;30mINFO[0m Creating environment descriptor '/home/ctk/element_ws/install/line_follower/share/line_follower/hook/pythonpath.dsv'
[8.948s] [34mcolcon.colcon_core.shell[0m [1;30mINFO[0m Creating environment hook '/home/ctk/element_ws/install/line_follower/share/line_follower/hook/pythonpath.sh'
[8.949s] [34mcolcon.colcon_core.environment[0m [1;30mLevel 1[0m checking '/home/ctk/element_ws/install/line_follower/bin'
[8.950s] [34mcolcon.colcon_core.environment[0m [1;30mLevel 1[0m create_environment_scripts_only(line_follower)
[8.954s] [34mcolcon.colcon_core.shell[0m [1;30mINFO[0m Creating package script '/home/ctk/element_ws/install/line_follower/share/line_follower/package.ps1'
[8.958s] [34mcolcon.colcon_core.shell[0m [1;30mINFO[0m Creating package descriptor '/home/ctk/element_ws/install/line_follower/share/line_follower/package.dsv'
[8.962s] [34mcolcon.colcon_core.shell[0m [1;30mINFO[0m Creating package script '/home/ctk/element_ws/install/line_follower/share/line_follower/package.sh'
[8.963s] [34mcolcon.colcon_core.shell[0m [1;30mINFO[0m Creating package script '/home/ctk/element_ws/install/line_follower/share/line_follower/package.bash'
[8.964s] [34mcolcon.colcon_core.shell[0m [1;30mINFO[0m Creating package script '/home/ctk/element_ws/install/line_follower/share/line_follower/package.zsh'
[8.965s] [34mcolcon.colcon_core.environment[0m [1;30mLevel 1[0m create_file_with_runtime_dependencies(/home/ctk/element_ws/install/line_follower/share/colcon-core/packages/line_follower)
[9.219s] [34mcolcon.colcon_core.environment[0m [1;30mLevel 1[0m checking '/home/ctk/element_ws/install/yolov5_ros2' for CMake module files
[9.221s] [34mcolcon.colcon_core.event_handler.log_command[0m [1;30mDEBUG[0m [32mInvoked command in '/home/ctk/element_ws/src/yolo5_sim/yolov5_ros2' returned '0': PYTHONPATH=/home/ctk/element_ws/build/yolov5_ros2/prefix_override:/usr/lib/python3/dist-packages/colcon_core/task/python/colcon_distutils_commands:/home/ctk/element_ws/install/yolov5_ros2/lib/python3.10/site-packages:${PYTHONPATH} /usr/bin/python3 -W ignore:setup.py install is deprecated -W ignore:easy_install command is deprecated setup.py egg_info --egg-base ../../../build/yolov5_ros2 build --build-base /home/ctk/element_ws/build/yolov5_ros2/build install --record /home/ctk/element_ws/build/yolov5_ros2/install.log --single-version-externally-managed install_data[0m
[9.225s] [34mcolcon.colcon_core.environment[0m [1;30mLevel 1[0m checking '/home/ctk/element_ws/install/yolov5_ros2' for CMake config files
[9.227s] [34mcolcon.colcon_core.environment[0m [1;30mLevel 1[0m checking '/home/ctk/element_ws/install/yolov5_ros2/lib'
[9.228s] [34mcolcon.colcon_core.environment[0m [1;30mLevel 1[0m checking '/home/ctk/element_ws/install/yolov5_ros2/bin'
[9.229s] [34mcolcon.colcon_core.environment[0m [1;30mLevel 1[0m checking '/home/ctk/element_ws/install/yolov5_ros2/lib/pkgconfig/yolov5_ros2.pc'
[9.230s] [34mcolcon.colcon_core.environment[0m [1;30mLevel 1[0m checking '/home/ctk/element_ws/install/yolov5_ros2/lib/python3.10/site-packages'
[9.230s] [34mcolcon.colcon_core.shell[0m [1;30mLevel 1[0m create_environment_hook('yolov5_ros2', 'pythonpath')
[9.231s] [34mcolcon.colcon_core.shell[0m [1;30mINFO[0m Creating environment hook '/home/ctk/element_ws/install/yolov5_ros2/share/yolov5_ros2/hook/pythonpath.ps1'
[9.232s] [34mcolcon.colcon_core.shell[0m [1;30mINFO[0m Creating environment descriptor '/home/ctk/element_ws/install/yolov5_ros2/share/yolov5_ros2/hook/pythonpath.dsv'
[9.232s] [34mcolcon.colcon_core.shell[0m [1;30mINFO[0m Creating environment hook '/home/ctk/element_ws/install/yolov5_ros2/share/yolov5_ros2/hook/pythonpath.sh'
[9.233s] [34mcolcon.colcon_core.environment[0m [1;30mLevel 1[0m checking '/home/ctk/element_ws/install/yolov5_ros2/bin'
[9.233s] [34mcolcon.colcon_core.environment[0m [1;30mLevel 1[0m create_environment_scripts_only(yolov5_ros2)
[9.234s] [34mcolcon.colcon_core.shell[0m [1;30mINFO[0m Creating package script '/home/ctk/element_ws/install/yolov5_ros2/share/yolov5_ros2/package.ps1'
[9.235s] [34mcolcon.colcon_core.shell[0m [1;30mINFO[0m Creating package descriptor '/home/ctk/element_ws/install/yolov5_ros2/share/yolov5_ros2/package.dsv'
[9.236s] [34mcolcon.colcon_core.shell[0m [1;30mINFO[0m Creating package script '/home/ctk/element_ws/install/yolov5_ros2/share/yolov5_ros2/package.sh'
[9.236s] [34mcolcon.colcon_core.shell[0m [1;30mINFO[0m Creating package script '/home/ctk/element_ws/install/yolov5_ros2/share/yolov5_ros2/package.bash'
[9.236s] [34mcolcon.colcon_core.shell[0m [1;30mINFO[0m Creating package script '/home/ctk/element_ws/install/yolov5_ros2/share/yolov5_ros2/package.zsh'
[9.237s] [34mcolcon.colcon_core.environment[0m [1;30mLevel 1[0m create_file_with_runtime_dependencies(/home/ctk/element_ws/install/yolov5_ros2/share/colcon-core/packages/yolov5_ros2)
[9.239s] [34mcolcon.colcon_parallel_executor.executor.parallel[0m [1;30mDEBUG[0m [32mclosing loop[0m
[9.243s] [34mcolcon.colcon_parallel_executor.executor.parallel[0m [1;30mDEBUG[0m [32mloop closed[0m
[9.244s] [34mcolcon.colcon_parallel_executor.executor.parallel[0m [1;30mDEBUG[0m [32mrun_until_complete finished with '0'[0m
[9.245s] [34mcolcon.colcon_core.event_reactor[0m [1;30mDEBUG[0m [32mjoining thread[0m
[9.267s] [34mcolcon.colcon_core.plugin_system[0m [1;30mINFO[0m Skipping extension 'colcon_notification.desktop_notification.terminal_notifier': Not used on non-Darwin systems
[9.269s] [34mcolcon.colcon_core.plugin_system[0m [1;30mINFO[0m Skipping extension 'colcon_notification.desktop_notification.win32': Not used on non-Windows systems
[9.269s] [34mcolcon.colcon_notification.desktop_notification[0m [1;30mINFO[0m Sending desktop notification using 'notify2'
[9.315s] [34mcolcon.colcon_core.event_reactor[0m [1;30mDEBUG[0m [32mjoined thread[0m
[9.316s] [34mcolcon.colcon_core.shell[0m [1;30mINFO[0m Creating prefix script '/home/ctk/element_ws/install/local_setup.ps1'
[9.321s] [34mcolcon.colcon_core.shell[0m [1;30mINFO[0m Creating prefix util module '/home/ctk/element_ws/install/_local_setup_util_ps1.py'
[9.326s] [34mcolcon.colcon_core.shell[0m [1;30mINFO[0m Creating prefix chain script '/home/ctk/element_ws/install/setup.ps1'
[9.334s] [34mcolcon.colcon_core.shell[0m [1;30mINFO[0m Creating prefix script '/home/ctk/element_ws/install/local_setup.sh'
[9.337s] [34mcolcon.colcon_core.shell[0m [1;30mINFO[0m Creating prefix util module '/home/ctk/element_ws/install/_local_setup_util_sh.py'
[9.338s] [34mcolcon.colcon_core.shell[0m [1;30mINFO[0m Creating prefix chain script '/home/ctk/element_ws/install/setup.sh'
[9.339s] [34mcolcon.colcon_core.shell[0m [1;30mINFO[0m Creating prefix script '/home/ctk/element_ws/install/local_setup.bash'
[9.340s] [34mcolcon.colcon_core.shell[0m [1;30mINFO[0m Creating prefix chain script '/home/ctk/element_ws/install/setup.bash'
[9.342s] [34mcolcon.colcon_core.shell[0m [1;30mINFO[0m Creating prefix script '/home/ctk/element_ws/install/local_setup.zsh'
[9.345s] [34mcolcon.colcon_core.shell[0m [1;30mINFO[0m Creating prefix chain script '/home/ctk/element_ws/install/setup.zsh'
