[7.610s] Invoking command in '/home/ctk/element_ws/src/elementbot_urdf': PYTHONPATH=/home/ctk/element_ws/build/elementbot_urdf/prefix_override:/usr/lib/python3/dist-packages/colcon_core/task/python/colcon_distutils_commands:/home/ctk/element_ws/install/elementbot_urdf/lib/python3.10/site-packages:${PYTHONPATH} /usr/bin/python3 -W ignore:setup.py install is deprecated -W ignore:easy_install command is deprecated setup.py egg_info --egg-base ../../build/elementbot_urdf build --build-base /home/ctk/element_ws/build/elementbot_urdf/build install --record /home/ctk/element_ws/build/elementbot_urdf/install.log --single-version-externally-managed install_data
[8.572s] running egg_info
[8.630s] writing ../../build/elementbot_urdf/elementbot_urdf.egg-info/PKG-INFO
[8.633s] writing dependency_links to ../../build/elementbot_urdf/elementbot_urdf.egg-info/dependency_links.txt
[8.633s] writing requirements to ../../build/elementbot_urdf/elementbot_urdf.egg-info/requires.txt
[8.634s] writing top-level names to ../../build/elementbot_urdf/elementbot_urdf.egg-info/top_level.txt
[8.759s] reading manifest file '../../build/elementbot_urdf/elementbot_urdf.egg-info/SOURCES.txt'
[8.763s] writing manifest file '../../build/elementbot_urdf/elementbot_urdf.egg-info/SOURCES.txt'
[8.768s] running build
[8.768s] running build_py
[8.768s] copying elementbot_urdf/__init__.py -> /home/ctk/element_ws/build/elementbot_urdf/build/lib/elementbot_urdf
[8.771s] running install
[8.789s] running install_lib
[8.869s] running install_data
[8.870s] copying resource/elementbot_urdf -> /home/ctk/element_ws/install/elementbot_urdf/share/ament_index/resource_index/packages
[8.870s] copying package.xml -> /home/ctk/element_ws/install/elementbot_urdf/share/elementbot_urdf
[8.870s] copying launch/display_xacro.launch.py -> /home/ctk/element_ws/install/elementbot_urdf/share/elementbot_urdf/launch
[8.870s] copying launch/display.launch.py -> /home/ctk/element_ws/install/elementbot_urdf/share/elementbot_urdf/launch
[8.870s] copying urdf/elementbot_4w_diff.urdf -> /home/ctk/element_ws/install/elementbot_urdf/share/elementbot_urdf/urdf
[8.870s] copying urdf/elementbot_base.xacro -> /home/ctk/element_ws/install/elementbot_urdf/share/elementbot_urdf/urdf
[8.870s] copying urdf/elementbot_4w_diff.xacro -> /home/ctk/element_ws/install/elementbot_urdf/share/elementbot_urdf/urdf
[8.870s] copying urdf/elementbot_base.urdf -> /home/ctk/element_ws/install/elementbot_urdf/share/elementbot_urdf/urdf
[8.871s] copying meshes/kinect.tga -> /home/ctk/element_ws/install/elementbot_urdf/share/elementbot_urdf/meshes
[8.881s] copying meshes/kinect.dae -> /home/ctk/element_ws/install/elementbot_urdf/share/elementbot_urdf/meshes
[8.887s] copying meshes/kinect.jpg -> /home/ctk/element_ws/install/elementbot_urdf/share/elementbot_urdf/meshes
[8.887s] running install_egg_info
[8.990s] removing '/home/ctk/element_ws/install/elementbot_urdf/lib/python3.10/site-packages/elementbot_urdf-0.0.0-py3.10.egg-info' (and everything under it)
[8.996s] Copying ../../build/elementbot_urdf/elementbot_urdf.egg-info to /home/ctk/element_ws/install/elementbot_urdf/lib/python3.10/site-packages/elementbot_urdf-0.0.0-py3.10.egg-info
[8.996s] running install_scripts
[9.659s] writing list of installed files to '/home/ctk/element_ws/build/elementbot_urdf/install.log'
[10.071s] Invoked command in '/home/ctk/element_ws/src/elementbot_urdf' returned '0': PYTHONPATH=/home/ctk/element_ws/build/elementbot_urdf/prefix_override:/usr/lib/python3/dist-packages/colcon_core/task/python/colcon_distutils_commands:/home/ctk/element_ws/install/elementbot_urdf/lib/python3.10/site-packages:${PYTHONPATH} /usr/bin/python3 -W ignore:setup.py install is deprecated -W ignore:easy_install command is deprecated setup.py egg_info --egg-base ../../build/elementbot_urdf build --build-base /home/ctk/element_ws/build/elementbot_urdf/build install --record /home/ctk/element_ws/build/elementbot_urdf/install.log --single-version-externally-managed install_data
