[5.660s] Invoking command in '/home/ctk/element_ws/src/line_follower': PYTHONPATH=/home/ctk/element_ws/build/line_follower/prefix_override:/usr/lib/python3/dist-packages/colcon_core/task/python/colcon_distutils_commands:/home/ctk/element_ws/install/line_follower/lib/python3.10/site-packages:${PYTHONPATH} /usr/bin/python3 -W ignore:setup.py install is deprecated -W ignore:easy_install command is deprecated setup.py egg_info --egg-base ../../build/line_follower build --build-base /home/ctk/element_ws/build/line_follower/build install --record /home/ctk/element_ws/build/line_follower/install.log --single-version-externally-managed install_data
[6.426s] running egg_info
[6.469s] writing ../../build/line_follower/line_follower.egg-info/PKG-INFO
[6.473s] writing dependency_links to ../../build/line_follower/line_follower.egg-info/dependency_links.txt
[6.476s] writing entry points to ../../build/line_follower/line_follower.egg-info/entry_points.txt
[6.477s] writing requirements to ../../build/line_follower/line_follower.egg-info/requires.txt
[6.478s] writing top-level names to ../../build/line_follower/line_follower.egg-info/top_level.txt
[6.569s] reading manifest file '../../build/line_follower/line_follower.egg-info/SOURCES.txt'
[6.576s] writing manifest file '../../build/line_follower/line_follower.egg-info/SOURCES.txt'
[6.576s] running build
[6.577s] running build_py
[6.578s] copying line_follower/__init__.py -> /home/ctk/element_ws/build/line_follower/build/lib/line_follower
[6.579s] copying line_follower/line_follower.py -> /home/ctk/element_ws/build/line_follower/build/lib/line_follower
[6.589s] running install
[6.612s] running install_lib
[6.698s] running install_data
[6.698s] copying resource/line_follower -> /home/ctk/element_ws/install/line_follower/share/ament_index/resource_index/packages
[6.701s] copying package.xml -> /home/ctk/element_ws/install/line_follower/share/line_follower
[6.708s] copying launch/elementbot_gz_line_follower.launch.py -> /home/ctk/element_ws/install/line_follower/share/line_follower/launch
[6.715s] running install_egg_info
[6.792s] removing '/home/ctk/element_ws/install/line_follower/lib/python3.10/site-packages/line_follower-0.0.0-py3.10.egg-info' (and everything under it)
[6.792s] Copying ../../build/line_follower/line_follower.egg-info to /home/ctk/element_ws/install/line_follower/lib/python3.10/site-packages/line_follower-0.0.0-py3.10.egg-info
[6.793s] running install_scripts
[7.325s] Installing line_follower script to /home/ctk/element_ws/install/line_follower/lib/line_follower
[7.328s] writing list of installed files to '/home/ctk/element_ws/build/line_follower/install.log'
[7.520s] Invoked command in '/home/ctk/element_ws/src/line_follower' returned '0': PYTHONPATH=/home/ctk/element_ws/build/line_follower/prefix_override:/usr/lib/python3/dist-packages/colcon_core/task/python/colcon_distutils_commands:/home/ctk/element_ws/install/line_follower/lib/python3.10/site-packages:${PYTHONPATH} /usr/bin/python3 -W ignore:setup.py install is deprecated -W ignore:easy_install command is deprecated setup.py egg_info --egg-base ../../build/line_follower build --build-base /home/ctk/element_ws/build/line_follower/build install --record /home/ctk/element_ws/build/line_follower/install.log --single-version-externally-managed install_data
