[8.943s] Invoking command in '/home/ctk/element_ws/src/line_follower': PYTHONPATH=/home/ctk/element_ws/build/line_follower/prefix_override:/usr/lib/python3/dist-packages/colcon_core/task/python/colcon_distutils_commands:/home/ctk/element_ws/install/line_follower/lib/python3.10/site-packages:${PYTHONPATH} /usr/bin/python3 -W ignore:setup.py install is deprecated -W ignore:easy_install command is deprecated setup.py egg_info --egg-base ../../build/line_follower build --build-base /home/ctk/element_ws/build/line_follower/build install --record /home/ctk/element_ws/build/line_follower/install.log --single-version-externally-managed install_data
[10.147s] running egg_info
[10.194s] writing ../../build/line_follower/line_follower.egg-info/PKG-INFO
[10.196s] writing dependency_links to ../../build/line_follower/line_follower.egg-info/dependency_links.txt
[10.196s] writing entry points to ../../build/line_follower/line_follower.egg-info/entry_points.txt
[10.197s] writing requirements to ../../build/line_follower/line_follower.egg-info/requires.txt
[10.197s] writing top-level names to ../../build/line_follower/line_follower.egg-info/top_level.txt
[10.322s] reading manifest file '../../build/line_follower/line_follower.egg-info/SOURCES.txt'
[10.325s] writing manifest file '../../build/line_follower/line_follower.egg-info/SOURCES.txt'
[10.326s] running build
[10.328s] running build_py
[10.330s] copying line_follower/__init__.py -> /home/ctk/element_ws/build/line_follower/build/lib/line_follower
[10.330s] copying line_follower/line_follower.py -> /home/ctk/element_ws/build/line_follower/build/lib/line_follower
[10.334s] running install
[10.360s] running install_lib
[10.442s] running install_data
[10.444s] copying resource/line_follower -> /home/ctk/element_ws/install/line_follower/share/ament_index/resource_index/packages
[10.447s] copying package.xml -> /home/ctk/element_ws/install/line_follower/share/line_follower
[10.447s] copying launch/elementbot_gz_line_follower.launch.py -> /home/ctk/element_ws/install/line_follower/share/line_follower/launch
[10.448s] running install_egg_info
[10.532s] removing '/home/ctk/element_ws/install/line_follower/lib/python3.10/site-packages/line_follower-0.0.0-py3.10.egg-info' (and everything under it)
[10.540s] Copying ../../build/line_follower/line_follower.egg-info to /home/ctk/element_ws/install/line_follower/lib/python3.10/site-packages/line_follower-0.0.0-py3.10.egg-info
[10.545s] running install_scripts
[11.677s] Installing line_follower script to /home/ctk/element_ws/install/line_follower/lib/line_follower
[11.677s] writing list of installed files to '/home/ctk/element_ws/build/line_follower/install.log'
[11.926s] Invoked command in '/home/ctk/element_ws/src/line_follower' returned '0': PYTHONPATH=/home/ctk/element_ws/build/line_follower/prefix_override:/usr/lib/python3/dist-packages/colcon_core/task/python/colcon_distutils_commands:/home/ctk/element_ws/install/line_follower/lib/python3.10/site-packages:${PYTHONPATH} /usr/bin/python3 -W ignore:setup.py install is deprecated -W ignore:easy_install command is deprecated setup.py egg_info --egg-base ../../build/line_follower build --build-base /home/ctk/element_ws/build/line_follower/build install --record /home/ctk/element_ws/build/line_follower/install.log --single-version-externally-managed install_data
