[7.710s] Invoking command in '/home/ctk/element_ws/src/elementbot_navigation': PYTHONPATH=/home/ctk/element_ws/build/elementbot_navigation/prefix_override:/usr/lib/python3/dist-packages/colcon_core/task/python/colcon_distutils_commands:/home/ctk/element_ws/install/elementbot_navigation/lib/python3.10/site-packages:${PYTHONPATH} /usr/bin/python3 -W ignore:setup.py install is deprecated -W ignore:easy_install command is deprecated setup.py egg_info --egg-base ../../build/elementbot_navigation build --build-base /home/ctk/element_ws/build/elementbot_navigation/build install --record /home/ctk/element_ws/build/elementbot_navigation/install.log --single-version-externally-managed install_data
[9.039s] running egg_info
[9.116s] writing ../../build/elementbot_navigation/elementbot_navigation.egg-info/PKG-INFO
[9.116s] writing dependency_links to ../../build/elementbot_navigation/elementbot_navigation.egg-info/dependency_links.txt
[9.126s] writing requirements to ../../build/elementbot_navigation/elementbot_navigation.egg-info/requires.txt
[9.127s] writing top-level names to ../../build/elementbot_navigation/elementbot_navigation.egg-info/top_level.txt
[9.264s] reading manifest file '../../build/elementbot_navigation/elementbot_navigation.egg-info/SOURCES.txt'
[9.267s] writing manifest file '../../build/elementbot_navigation/elementbot_navigation.egg-info/SOURCES.txt'
[9.269s] running build
[9.270s] running build_py
[9.271s] copying elementbot_navigation/__init__.py -> /home/ctk/element_ws/build/elementbot_navigation/build/lib/elementbot_navigation
[9.278s] running install
[9.314s] running install_lib
[9.404s] running install_data
[9.408s] copying resource/elementbot_navigation -> /home/ctk/element_ws/install/elementbot_navigation/share/ament_index/resource_index/packages
[9.408s] copying package.xml -> /home/ctk/element_ws/install/elementbot_navigation/share/elementbot_navigation
[9.408s] copying launch/cartograph_gz.launch.py -> /home/ctk/element_ws/install/elementbot_navigation/share/elementbot_navigation/launch
[9.408s] copying launch/rtab_rgbd_gz.launch.py -> /home/ctk/element_ws/install/elementbot_navigation/share/elementbot_navigation/launch
[9.408s] copying launch/rtab_scan_gz.launch.py -> /home/ctk/element_ws/install/elementbot_navigation/share/elementbot_navigation/launch
[9.408s] copying launch/nav2_bringup_gz.launch.py -> /home/ctk/element_ws/install/elementbot_navigation/share/elementbot_navigation/launch
[9.410s] copying maps/cloister.yaml -> /home/ctk/element_ws/install/elementbot_navigation/share/elementbot_navigation/maps
[9.410s] copying param/elementbot_nav2.yaml -> /home/ctk/element_ws/install/elementbot_navigation/share/elementbot_navigation/param
[9.411s] running install_egg_info
[9.508s] removing '/home/ctk/element_ws/install/elementbot_navigation/lib/python3.10/site-packages/elementbot_navigation-0.0.0-py3.10.egg-info' (and everything under it)
[9.522s] Copying ../../build/elementbot_navigation/elementbot_navigation.egg-info to /home/ctk/element_ws/install/elementbot_navigation/lib/python3.10/site-packages/elementbot_navigation-0.0.0-py3.10.egg-info
[9.529s] running install_scripts
[10.117s] writing list of installed files to '/home/ctk/element_ws/build/elementbot_navigation/install.log'
[10.325s] Invoked command in '/home/ctk/element_ws/src/elementbot_navigation' returned '0': PYTHONPATH=/home/ctk/element_ws/build/elementbot_navigation/prefix_override:/usr/lib/python3/dist-packages/colcon_core/task/python/colcon_distutils_commands:/home/ctk/element_ws/install/elementbot_navigation/lib/python3.10/site-packages:${PYTHONPATH} /usr/bin/python3 -W ignore:setup.py install is deprecated -W ignore:easy_install command is deprecated setup.py egg_info --egg-base ../../build/elementbot_navigation build --build-base /home/ctk/element_ws/build/elementbot_navigation/build install --record /home/ctk/element_ws/build/elementbot_navigation/install.log --single-version-externally-managed install_data
