running egg_info
creating ../../build/elementbot_gazebo/elementbot_gazebo.egg-info
writing ../../build/elementbot_gazebo/elementbot_gazebo.egg-info/PKG-INFO
writing dependency_links to ../../build/elementbot_gazebo/elementbot_gazebo.egg-info/dependency_links.txt
writing requirements to ../../build/elementbot_gazebo/elementbot_gazebo.egg-info/requires.txt
writing top-level names to ../../build/elementbot_gazebo/elementbot_gazebo.egg-info/top_level.txt
writing manifest file '../../build/elementbot_gazebo/elementbot_gazebo.egg-info/SOURCES.txt'
reading manifest file '../../build/elementbot_gazebo/elementbot_gazebo.egg-info/SOURCES.txt'
writing manifest file '../../build/elementbot_gazebo/elementbot_gazebo.egg-info/SOURCES.txt'
running build
running build_py
creating /home/ctk/element_ws/build/elementbot_gazebo/build
creating /home/ctk/element_ws/build/elementbot_gazebo/build/lib
creating /home/ctk/element_ws/build/elementbot_gazebo/build/lib/elementbot_gazebo
copying elementbot_gazebo/__init__.py -> /home/ctk/element_ws/build/elementbot_gazebo/build/lib/elementbot_gazebo
running install
running install_lib
creating /home/ctk/element_ws/install/elementbot_gazebo/lib/python3.10/site-packages/elementbot_gazebo
copying /home/ctk/element_ws/build/elementbot_gazebo/build/lib/elementbot_gazebo/__init__.py -> /home/ctk/element_ws/install/elementbot_gazebo/lib/python3.10/site-packages/elementbot_gazebo
byte-compiling /home/ctk/element_ws/install/elementbot_gazebo/lib/python3.10/site-packages/elementbot_gazebo/__init__.py to __init__.cpython-310.pyc
running install_data
creating /home/ctk/element_ws/install/elementbot_gazebo/share/ament_index
creating /home/ctk/element_ws/install/elementbot_gazebo/share/ament_index/resource_index
creating /home/ctk/element_ws/install/elementbot_gazebo/share/ament_index/resource_index/packages
copying resource/elementbot_gazebo -> /home/ctk/element_ws/install/elementbot_gazebo/share/ament_index/resource_index/packages
copying package.xml -> /home/ctk/element_ws/install/elementbot_gazebo/share/elementbot_gazebo
creating /home/ctk/element_ws/install/elementbot_gazebo/share/elementbot_gazebo/launch
copying launch/display_2w_diff_urdf_into_gz.launch.py -> /home/ctk/element_ws/install/elementbot_gazebo/share/elementbot_gazebo/launch
copying launch/display_4w_diff_urdf_into_gz.launch.py -> /home/ctk/element_ws/install/elementbot_gazebo/share/elementbot_gazebo/launch
copying launch/yolo_4w_diff_urdf_into_gz.launch.py -> /home/ctk/element_ws/install/elementbot_gazebo/share/elementbot_gazebo/launch
creating /home/ctk/element_ws/install/elementbot_gazebo/share/elementbot_gazebo/urdf
copying urdf/elementbot_base.xacro -> /home/ctk/element_ws/install/elementbot_gazebo/share/elementbot_gazebo/urdf
copying urdf/elementbot_4w_diff.xacro -> /home/ctk/element_ws/install/elementbot_gazebo/share/elementbot_gazebo/urdf
copying urdf/elementbot_base.urdf -> /home/ctk/element_ws/install/elementbot_gazebo/share/elementbot_gazebo/urdf
creating /home/ctk/element_ws/install/elementbot_gazebo/share/elementbot_gazebo/urdf/sensors
copying urdf/sensors/rgbd_gazebo_harmonic.xacro -> /home/ctk/element_ws/install/elementbot_gazebo/share/elementbot_gazebo/urdf/sensors
copying urdf/sensors/lidar_gazebo_harmonic.xacro -> /home/ctk/element_ws/install/elementbot_gazebo/share/elementbot_gazebo/urdf/sensors
creating /home/ctk/element_ws/install/elementbot_gazebo/share/elementbot_gazebo/config
copying config/ros_gz_bridge_mbot.yaml -> /home/ctk/element_ws/install/elementbot_gazebo/share/elementbot_gazebo/config
copying config/ros_gz_bridge_mbot_lidar.yaml -> /home/ctk/element_ws/install/elementbot_gazebo/share/elementbot_gazebo/config
copying config/ros_gz_bridge_mbot_camera.yaml -> /home/ctk/element_ws/install/elementbot_gazebo/share/elementbot_gazebo/config
copying config/ros_gz_bridge_elementbot_integrate.yaml -> /home/ctk/element_ws/install/elementbot_gazebo/share/elementbot_gazebo/config
copying config/ros_gz_bridge_mbot_rgbd.yaml -> /home/ctk/element_ws/install/elementbot_gazebo/share/elementbot_gazebo/config
copying config/ros_gz_bridge_elementbot_4w_integrate.yaml -> /home/ctk/element_ws/install/elementbot_gazebo/share/elementbot_gazebo/config
creating /home/ctk/element_ws/install/elementbot_gazebo/share/elementbot_gazebo/world
copying world/empty.sdf -> /home/ctk/element_ws/install/elementbot_gazebo/share/elementbot_gazebo/world
copying world/depot.sdf -> /home/ctk/element_ws/install/elementbot_gazebo/share/elementbot_gazebo/world
copying world/actor_demo.sdf -> /home/ctk/element_ws/install/elementbot_gazebo/share/elementbot_gazebo/world
copying world/maze.sdf -> /home/ctk/element_ws/install/elementbot_gazebo/share/elementbot_gazebo/world
copying world/line_follower.sdf -> /home/ctk/element_ws/install/elementbot_gazebo/share/elementbot_gazebo/world
running install_egg_info
Copying ../../build/elementbot_gazebo/elementbot_gazebo.egg-info to /home/ctk/element_ws/install/elementbot_gazebo/lib/python3.10/site-packages/elementbot_gazebo-0.0.0-py3.10.egg-info
running install_scripts
writing list of installed files to '/home/ctk/element_ws/build/elementbot_gazebo/install.log'
