[2.654s] Invoking command in '/home/ctk/element_ws/src/fall_down_yolov5': PYTHONPATH=/home/ctk/element_ws/build/fall_down_yolov5/prefix_override:/usr/lib/python3/dist-packages/colcon_core/task/python/colcon_distutils_commands:/home/ctk/element_ws/install/fall_down_yolov5/lib/python3.10/site-packages:${PYTHONPATH} /usr/bin/python3 -W ignore:setup.py install is deprecated -W ignore:easy_install command is deprecated setup.py egg_info --egg-base ../../build/fall_down_yolov5 build --build-base /home/ctk/element_ws/build/fall_down_yolov5/build install --record /home/ctk/element_ws/build/fall_down_yolov5/install.log --single-version-externally-managed install_data
[3.188s] running egg_info
[3.220s] writing ../../build/fall_down_yolov5/fall_down_yolov5.egg-info/PKG-INFO
[3.220s] writing dependency_links to ../../build/fall_down_yolov5/fall_down_yolov5.egg-info/dependency_links.txt
[3.221s] writing entry points to ../../build/fall_down_yolov5/fall_down_yolov5.egg-info/entry_points.txt
[3.221s] writing requirements to ../../build/fall_down_yolov5/fall_down_yolov5.egg-info/requires.txt
[3.221s] writing top-level names to ../../build/fall_down_yolov5/fall_down_yolov5.egg-info/top_level.txt
[3.297s] reading manifest file '../../build/fall_down_yolov5/fall_down_yolov5.egg-info/SOURCES.txt'
[3.298s] writing manifest file '../../build/fall_down_yolov5/fall_down_yolov5.egg-info/SOURCES.txt'
[3.298s] running build
[3.298s] running build_py
[3.298s] copying fall_down_yolov5/fall_down_detect_yolov5.py -> /home/ctk/element_ws/build/fall_down_yolov5/build/lib/fall_down_yolov5
[3.298s] copying fall_down_yolov5/__init__.py -> /home/ctk/element_ws/build/fall_down_yolov5/build/lib/fall_down_yolov5
[3.298s] copying fall_down_yolov5/cv_tool.py -> /home/ctk/element_ws/build/fall_down_yolov5/build/lib/fall_down_yolov5
[3.298s] running install
[3.304s] running install_lib
[3.343s] running install_data
[3.343s] copying package.xml -> /home/ctk/element_ws/install/fall_down_yolov5/share/fall_down_yolov5
[3.343s] copying config/best.pt -> /home/ctk/element_ws/install/fall_down_yolov5/share/fall_down_yolov5/config
[3.378s] copying config/camera_info.yaml -> /home/ctk/element_ws/install/fall_down_yolov5/share/fall_down_yolov5/config
[3.380s] copying config/yolov5s.pt -> /home/ctk/element_ws/install/fall_down_yolov5/share/fall_down_yolov5/config
[3.415s] copying resource/fall_down_yolov5 -> /home/ctk/element_ws/install/fall_down_yolov5/share/fall_down_yolov5/resource
[3.416s] running install_egg_info
[3.471s] removing '/home/ctk/element_ws/install/fall_down_yolov5/lib/python3.10/site-packages/fall_down_yolov5-0.0.0-py3.10.egg-info' (and everything under it)
[3.472s] Copying ../../build/fall_down_yolov5/fall_down_yolov5.egg-info to /home/ctk/element_ws/install/fall_down_yolov5/lib/python3.10/site-packages/fall_down_yolov5-0.0.0-py3.10.egg-info
[3.476s] running install_scripts
[3.998s] Installing fall_down_detect_yolov5 script to /home/ctk/element_ws/install/fall_down_yolov5/lib/fall_down_yolov5
[3.999s] writing list of installed files to '/home/ctk/element_ws/build/fall_down_yolov5/install.log'
[4.144s] Invoked command in '/home/ctk/element_ws/src/fall_down_yolov5' returned '0': PYTHONPATH=/home/ctk/element_ws/build/fall_down_yolov5/prefix_override:/usr/lib/python3/dist-packages/colcon_core/task/python/colcon_distutils_commands:/home/ctk/element_ws/install/fall_down_yolov5/lib/python3.10/site-packages:${PYTHONPATH} /usr/bin/python3 -W ignore:setup.py install is deprecated -W ignore:easy_install command is deprecated setup.py egg_info --egg-base ../../build/fall_down_yolov5 build --build-base /home/ctk/element_ws/build/fall_down_yolov5/build install --record /home/ctk/element_ws/build/fall_down_yolov5/install.log --single-version-externally-managed install_data
