[8.781s] Invoking command in '/home/ctk/element_ws/src/fall_down_yolov5': PYTHONPATH=/home/ctk/element_ws/build/fall_down_yolov5/prefix_override:/usr/lib/python3/dist-packages/colcon_core/task/python/colcon_distutils_commands:/home/ctk/element_ws/install/fall_down_yolov5/lib/python3.10/site-packages:${PYTHONPATH} /usr/bin/python3 -W ignore:setup.py install is deprecated -W ignore:easy_install command is deprecated setup.py egg_info --egg-base ../../build/fall_down_yolov5 build --build-base /home/ctk/element_ws/build/fall_down_yolov5/build install --record /home/ctk/element_ws/build/fall_down_yolov5/install.log --single-version-externally-managed install_data
[10.024s] running egg_info
[10.114s] writing ../../build/fall_down_yolov5/fall_down_yolov5.egg-info/PKG-INFO
[10.123s] writing dependency_links to ../../build/fall_down_yolov5/fall_down_yolov5.egg-info/dependency_links.txt
[10.126s] writing entry points to ../../build/fall_down_yolov5/fall_down_yolov5.egg-info/entry_points.txt
[10.127s] writing requirements to ../../build/fall_down_yolov5/fall_down_yolov5.egg-info/requires.txt
[10.127s] writing top-level names to ../../build/fall_down_yolov5/fall_down_yolov5.egg-info/top_level.txt
[10.277s] reading manifest file '../../build/fall_down_yolov5/fall_down_yolov5.egg-info/SOURCES.txt'
[10.279s] writing manifest file '../../build/fall_down_yolov5/fall_down_yolov5.egg-info/SOURCES.txt'
[10.282s] running build
[10.285s] running build_py
[10.286s] copying fall_down_yolov5/fall_down_detect_yolov5.py -> /home/ctk/element_ws/build/fall_down_yolov5/build/lib/fall_down_yolov5
[10.287s] copying fall_down_yolov5/__init__.py -> /home/ctk/element_ws/build/fall_down_yolov5/build/lib/fall_down_yolov5
[10.287s] copying fall_down_yolov5/cv_tool.py -> /home/ctk/element_ws/build/fall_down_yolov5/build/lib/fall_down_yolov5
[10.287s] running install
[10.321s] running install_lib
[10.432s] running install_data
[10.437s] copying package.xml -> /home/ctk/element_ws/install/fall_down_yolov5/share/fall_down_yolov5
[10.440s] copying config/best.pt -> /home/ctk/element_ws/install/fall_down_yolov5/share/fall_down_yolov5/config
[10.581s] copying config/camera_info.yaml -> /home/ctk/element_ws/install/fall_down_yolov5/share/fall_down_yolov5/config
[10.582s] copying config/yolov5s.pt -> /home/ctk/element_ws/install/fall_down_yolov5/share/fall_down_yolov5/config
[10.672s] copying resource/fall_down_yolov5 -> /home/ctk/element_ws/install/fall_down_yolov5/share/fall_down_yolov5/resource
[10.672s] running install_egg_info
[10.759s] removing '/home/ctk/element_ws/install/fall_down_yolov5/lib/python3.10/site-packages/fall_down_yolov5-0.0.0-py3.10.egg-info' (and everything under it)
[10.760s] Copying ../../build/fall_down_yolov5/fall_down_yolov5.egg-info to /home/ctk/element_ws/install/fall_down_yolov5/lib/python3.10/site-packages/fall_down_yolov5-0.0.0-py3.10.egg-info
[10.768s] running install_scripts
[11.544s] Installing fall_down_detect_yolov5 script to /home/ctk/element_ws/install/fall_down_yolov5/lib/fall_down_yolov5
[11.546s] writing list of installed files to '/home/ctk/element_ws/build/fall_down_yolov5/install.log'
[11.842s] Invoked command in '/home/ctk/element_ws/src/fall_down_yolov5' returned '0': PYTHONPATH=/home/ctk/element_ws/build/fall_down_yolov5/prefix_override:/usr/lib/python3/dist-packages/colcon_core/task/python/colcon_distutils_commands:/home/ctk/element_ws/install/fall_down_yolov5/lib/python3.10/site-packages:${PYTHONPATH} /usr/bin/python3 -W ignore:setup.py install is deprecated -W ignore:easy_install command is deprecated setup.py egg_info --egg-base ../../build/fall_down_yolov5 build --build-base /home/ctk/element_ws/build/fall_down_yolov5/build install --record /home/ctk/element_ws/build/fall_down_yolov5/install.log --single-version-externally-managed install_data
