[3.295s] Invoking command in '/home/ctk/element_ws/src/elementbot_gazebo': PYTHONPATH=/home/ctk/element_ws/build/elementbot_gazebo/prefix_override:/usr/lib/python3/dist-packages/colcon_core/task/python/colcon_distutils_commands:/home/ctk/element_ws/install/elementbot_gazebo/lib/python3.10/site-packages:${PYTHONPATH} /usr/bin/python3 -W ignore:setup.py install is deprecated -W ignore:easy_install command is deprecated setup.py egg_info --egg-base ../../build/elementbot_gazebo build --build-base /home/ctk/element_ws/build/elementbot_gazebo/build install --record /home/ctk/element_ws/build/elementbot_gazebo/install.log --single-version-externally-managed install_data
[3.938s] running egg_info
[3.987s] writing ../../build/elementbot_gazebo/elementbot_gazebo.egg-info/PKG-INFO
[3.988s] writing dependency_links to ../../build/elementbot_gazebo/elementbot_gazebo.egg-info/dependency_links.txt
[3.988s] writing requirements to ../../build/elementbot_gazebo/elementbot_gazebo.egg-info/requires.txt
[3.989s] writing top-level names to ../../build/elementbot_gazebo/elementbot_gazebo.egg-info/top_level.txt
[4.079s] reading manifest file '../../build/elementbot_gazebo/elementbot_gazebo.egg-info/SOURCES.txt'
[4.092s] writing manifest file '../../build/elementbot_gazebo/elementbot_gazebo.egg-info/SOURCES.txt'
[4.092s] running build
[4.093s] running build_py
[4.093s] copying elementbot_gazebo/__init__.py -> /home/ctk/element_ws/build/elementbot_gazebo/build/lib/elementbot_gazebo
[4.093s] running install
[4.103s] running install_lib
[4.140s] running install_data
[4.140s] copying resource/elementbot_gazebo -> /home/ctk/element_ws/install/elementbot_gazebo/share/ament_index/resource_index/packages
[4.140s] copying package.xml -> /home/ctk/element_ws/install/elementbot_gazebo/share/elementbot_gazebo
[4.140s] copying launch/cartograph_4w_diff_urdf.launch.py -> /home/ctk/element_ws/install/elementbot_gazebo/share/elementbot_gazebo/launch
[4.142s] copying launch/slamtoolbox_4w_diff_urdf_gz.launch.py -> /home/ctk/element_ws/install/elementbot_gazebo/share/elementbot_gazebo/launch
[4.142s] copying launch/display_2w_diff_urdf_into_gz.launch.py -> /home/ctk/element_ws/install/elementbot_gazebo/share/elementbot_gazebo/launch
[4.143s] copying launch/display_4w_diff_urdf_into_gz.launch.py -> /home/ctk/element_ws/install/elementbot_gazebo/share/elementbot_gazebo/launch
[4.143s] copying launch/yolo_4w_diff_urdf_into_gz.launch.py -> /home/ctk/element_ws/install/elementbot_gazebo/share/elementbot_gazebo/launch
[4.143s] copying launch/yolo_falldown_4w_diff_urdf_into_gz.launch.py -> /home/ctk/element_ws/install/elementbot_gazebo/share/elementbot_gazebo/launch
[4.143s] copying urdf/elementbot_base.xacro -> /home/ctk/element_ws/install/elementbot_gazebo/share/elementbot_gazebo/urdf
[4.143s] copying urdf/elementbot_4w_diff.xacro -> /home/ctk/element_ws/install/elementbot_gazebo/share/elementbot_gazebo/urdf
[4.144s] copying urdf/elementbot_base.urdf -> /home/ctk/element_ws/install/elementbot_gazebo/share/elementbot_gazebo/urdf
[4.144s] copying urdf/sensors/lidar_gazebo_harmonic.xacro -> /home/ctk/element_ws/install/elementbot_gazebo/share/elementbot_gazebo/urdf/sensors
[4.148s] copying config/ros_gz_bridge_mbot.yaml -> /home/ctk/element_ws/install/elementbot_gazebo/share/elementbot_gazebo/config
[4.149s] copying config/ros_gz_bridge_elementbot_integrate.yaml -> /home/ctk/element_ws/install/elementbot_gazebo/share/elementbot_gazebo/config
[4.150s] copying config/ros_gz_bridge_elementbot_4w_integrate.yaml -> /home/ctk/element_ws/install/elementbot_gazebo/share/elementbot_gazebo/config
[4.150s] copying world/actor_falldown.sdf -> /home/ctk/element_ws/install/elementbot_gazebo/share/elementbot_gazebo/world
[4.152s] copying world/empty.sdf -> /home/ctk/element_ws/install/elementbot_gazebo/share/elementbot_gazebo/world
[4.153s] copying world/depot.sdf -> /home/ctk/element_ws/install/elementbot_gazebo/share/elementbot_gazebo/world
[4.156s] copying world/actor_demo.sdf -> /home/ctk/element_ws/install/elementbot_gazebo/share/elementbot_gazebo/world
[4.157s] copying world/line_follower.sdf -> /home/ctk/element_ws/install/elementbot_gazebo/share/elementbot_gazebo/world
[4.159s] running install_egg_info
[4.219s] removing '/home/ctk/element_ws/install/elementbot_gazebo/lib/python3.10/site-packages/elementbot_gazebo-0.0.0-py3.10.egg-info' (and everything under it)
[4.219s] Copying ../../build/elementbot_gazebo/elementbot_gazebo.egg-info to /home/ctk/element_ws/install/elementbot_gazebo/lib/python3.10/site-packages/elementbot_gazebo-0.0.0-py3.10.egg-info
[4.219s] running install_scripts
[4.582s] writing list of installed files to '/home/ctk/element_ws/build/elementbot_gazebo/install.log'
[4.711s] Invoked command in '/home/ctk/element_ws/src/elementbot_gazebo' returned '0': PYTHONPATH=/home/ctk/element_ws/build/elementbot_gazebo/prefix_override:/usr/lib/python3/dist-packages/colcon_core/task/python/colcon_distutils_commands:/home/ctk/element_ws/install/elementbot_gazebo/lib/python3.10/site-packages:${PYTHONPATH} /usr/bin/python3 -W ignore:setup.py install is deprecated -W ignore:easy_install command is deprecated setup.py egg_info --egg-base ../../build/elementbot_gazebo build --build-base /home/ctk/element_ws/build/elementbot_gazebo/build install --record /home/ctk/element_ws/build/elementbot_gazebo/install.log --single-version-externally-managed install_data
