[3.275s] Invoking command in '/home/ctk/element_ws/src/elementbot_navigation': PYTHONPATH=/home/ctk/element_ws/build/elementbot_navigation/prefix_override:/usr/lib/python3/dist-packages/colcon_core/task/python/colcon_distutils_commands:/home/ctk/element_ws/install/elementbot_navigation/lib/python3.10/site-packages:${PYTHONPATH} /usr/bin/python3 -W ignore:setup.py install is deprecated -W ignore:easy_install command is deprecated setup.py egg_info --egg-base ../../build/elementbot_navigation build --build-base /home/ctk/element_ws/build/elementbot_navigation/build install --record /home/ctk/element_ws/build/elementbot_navigation/install.log --single-version-externally-managed install_data
[3.913s] running egg_info
[3.949s] writing ../../build/elementbot_navigation/elementbot_navigation.egg-info/PKG-INFO
[3.950s] writing dependency_links to ../../build/elementbot_navigation/elementbot_navigation.egg-info/dependency_links.txt
[3.953s] writing entry points to ../../build/elementbot_navigation/elementbot_navigation.egg-info/entry_points.txt
[3.953s] writing requirements to ../../build/elementbot_navigation/elementbot_navigation.egg-info/requires.txt
[3.953s] writing top-level names to ../../build/elementbot_navigation/elementbot_navigation.egg-info/top_level.txt
[4.036s] reading manifest file '../../build/elementbot_navigation/elementbot_navigation.egg-info/SOURCES.txt'
[4.036s] writing manifest file '../../build/elementbot_navigation/elementbot_navigation.egg-info/SOURCES.txt'
[4.036s] running build
[4.036s] running build_py
[4.036s] copying elementbot_navigation/depth_filter.py -> /home/ctk/element_ws/build/elementbot_navigation/build/lib/elementbot_navigation
[4.036s] copying elementbot_navigation/__init__.py -> /home/ctk/element_ws/build/elementbot_navigation/build/lib/elementbot_navigation
[4.037s] copying elementbot_navigation/check_depth.py -> /home/ctk/element_ws/build/elementbot_navigation/build/lib/elementbot_navigation
[4.037s] running install
[4.049s] running install_lib
[4.101s] running install_data
[4.101s] copying resource/elementbot_navigation -> /home/ctk/element_ws/install/elementbot_navigation/share/ament_index/resource_index/packages
[4.101s] copying package.xml -> /home/ctk/element_ws/install/elementbot_navigation/share/elementbot_navigation
[4.101s] copying launch/cartograph_gz.launch.py -> /home/ctk/element_ws/install/elementbot_navigation/share/elementbot_navigation/launch
[4.101s] copying launch/rtab_rgbd_gz.launch.py -> /home/ctk/element_ws/install/elementbot_navigation/share/elementbot_navigation/launch
[4.101s] copying launch/rtab_scan_gz.launch.py -> /home/ctk/element_ws/install/elementbot_navigation/share/elementbot_navigation/launch
[4.102s] copying launch/nav2_bringup_gz.launch.py -> /home/ctk/element_ws/install/elementbot_navigation/share/elementbot_navigation/launch
[4.102s] copying maps/cloister.yaml -> /home/ctk/element_ws/install/elementbot_navigation/share/elementbot_navigation/maps
[4.102s] copying param/elementbot_nav2.yaml -> /home/ctk/element_ws/install/elementbot_navigation/share/elementbot_navigation/param
[4.102s] running install_egg_info
[4.139s] removing '/home/ctk/element_ws/install/elementbot_navigation/lib/python3.10/site-packages/elementbot_navigation-0.0.0-py3.10.egg-info' (and everything under it)
[4.139s] Copying ../../build/elementbot_navigation/elementbot_navigation.egg-info to /home/ctk/element_ws/install/elementbot_navigation/lib/python3.10/site-packages/elementbot_navigation-0.0.0-py3.10.egg-info
[4.141s] running install_scripts
[4.478s] Installing check_depth script to /home/ctk/element_ws/install/elementbot_navigation/lib/elementbot_navigation
[4.478s] Installing depth_filter script to /home/ctk/element_ws/install/elementbot_navigation/lib/elementbot_navigation
[4.478s] writing list of installed files to '/home/ctk/element_ws/build/elementbot_navigation/install.log'
[4.710s] Invoked command in '/home/ctk/element_ws/src/elementbot_navigation' returned '0': PYTHONPATH=/home/ctk/element_ws/build/elementbot_navigation/prefix_override:/usr/lib/python3/dist-packages/colcon_core/task/python/colcon_distutils_commands:/home/ctk/element_ws/install/elementbot_navigation/lib/python3.10/site-packages:${PYTHONPATH} /usr/bin/python3 -W ignore:setup.py install is deprecated -W ignore:easy_install command is deprecated setup.py egg_info --egg-base ../../build/elementbot_navigation build --build-base /home/ctk/element_ws/build/elementbot_navigation/build install --record /home/ctk/element_ws/build/elementbot_navigation/install.log --single-version-externally-managed install_data
