[7.723s] Invoking command in '/home/ctk/element_ws/src/elementbot_navigation': PYTHONPATH=/home/ctk/element_ws/build/elementbot_navigation/prefix_override:/usr/lib/python3/dist-packages/colcon_core/task/python/colcon_distutils_commands:/home/ctk/element_ws/install/elementbot_navigation/lib/python3.10/site-packages:${PYTHONPATH} /usr/bin/python3 -W ignore:setup.py install is deprecated -W ignore:easy_install command is deprecated setup.py egg_info --egg-base ../../build/elementbot_navigation build --build-base /home/ctk/element_ws/build/elementbot_navigation/build install --record /home/ctk/element_ws/build/elementbot_navigation/install.log --single-version-externally-managed install_data
[8.768s] running egg_info
[8.807s] writing ../../build/elementbot_navigation/elementbot_navigation.egg-info/PKG-INFO
[8.811s] writing dependency_links to ../../build/elementbot_navigation/elementbot_navigation.egg-info/dependency_links.txt
[8.812s] writing entry points to ../../build/elementbot_navigation/elementbot_navigation.egg-info/entry_points.txt
[8.814s] writing requirements to ../../build/elementbot_navigation/elementbot_navigation.egg-info/requires.txt
[8.814s] writing top-level names to ../../build/elementbot_navigation/elementbot_navigation.egg-info/top_level.txt
[8.924s] reading manifest file '../../build/elementbot_navigation/elementbot_navigation.egg-info/SOURCES.txt'
[8.927s] writing manifest file '../../build/elementbot_navigation/elementbot_navigation.egg-info/SOURCES.txt'
[8.928s] running build
[8.928s] running build_py
[8.929s] copying elementbot_navigation/depth_filter.py -> /home/ctk/element_ws/build/elementbot_navigation/build/lib/elementbot_navigation
[8.931s] copying elementbot_navigation/__init__.py -> /home/ctk/element_ws/build/elementbot_navigation/build/lib/elementbot_navigation
[8.932s] copying elementbot_navigation/check_depth.py -> /home/ctk/element_ws/build/elementbot_navigation/build/lib/elementbot_navigation
[8.932s] running install
[8.944s] running install_lib
[9.014s] running install_data
[9.016s] copying resource/elementbot_navigation -> /home/ctk/element_ws/install/elementbot_navigation/share/ament_index/resource_index/packages
[9.016s] copying package.xml -> /home/ctk/element_ws/install/elementbot_navigation/share/elementbot_navigation
[9.016s] copying launch/cartograph_gz.launch.py -> /home/ctk/element_ws/install/elementbot_navigation/share/elementbot_navigation/launch
[9.017s] copying launch/rtab_rgbd_gz.launch.py -> /home/ctk/element_ws/install/elementbot_navigation/share/elementbot_navigation/launch
[9.017s] copying launch/rtab_scan_gz.launch.py -> /home/ctk/element_ws/install/elementbot_navigation/share/elementbot_navigation/launch
[9.017s] copying launch/nav2_bringup_gz.launch.py -> /home/ctk/element_ws/install/elementbot_navigation/share/elementbot_navigation/launch
[9.021s] copying launch/nav2_carto.launch.py -> /home/ctk/element_ws/install/elementbot_navigation/share/elementbot_navigation/launch
[9.021s] copying maps/cloister.yaml -> /home/ctk/element_ws/install/elementbot_navigation/share/elementbot_navigation/maps
[9.021s] copying param/elementbot_nav2.yaml -> /home/ctk/element_ws/install/elementbot_navigation/share/elementbot_navigation/param
[9.021s] running install_egg_info
[9.077s] removing '/home/ctk/element_ws/install/elementbot_navigation/lib/python3.10/site-packages/elementbot_navigation-0.0.0-py3.10.egg-info' (and everything under it)
[9.089s] Copying ../../build/elementbot_navigation/elementbot_navigation.egg-info to /home/ctk/element_ws/install/elementbot_navigation/lib/python3.10/site-packages/elementbot_navigation-0.0.0-py3.10.egg-info
[9.090s] running install_scripts
[9.600s] Installing check_depth script to /home/ctk/element_ws/install/elementbot_navigation/lib/elementbot_navigation
[9.601s] Installing depth_filter script to /home/ctk/element_ws/install/elementbot_navigation/lib/elementbot_navigation
[9.605s] writing list of installed files to '/home/ctk/element_ws/build/elementbot_navigation/install.log'
[9.778s] Invoked command in '/home/ctk/element_ws/src/elementbot_navigation' returned '0': PYTHONPATH=/home/ctk/element_ws/build/elementbot_navigation/prefix_override:/usr/lib/python3/dist-packages/colcon_core/task/python/colcon_distutils_commands:/home/ctk/element_ws/install/elementbot_navigation/lib/python3.10/site-packages:${PYTHONPATH} /usr/bin/python3 -W ignore:setup.py install is deprecated -W ignore:easy_install command is deprecated setup.py egg_info --egg-base ../../build/elementbot_navigation build --build-base /home/ctk/element_ws/build/elementbot_navigation/build install --record /home/ctk/element_ws/build/elementbot_navigation/install.log --single-version-externally-managed install_data
