[1.631s] Invoking command in '/home/ctk/element_ws/src/line_follower': PYTHONPATH=/home/ctk/element_ws/build/line_follower/prefix_override:/usr/lib/python3/dist-packages/colcon_core/task/python/colcon_distutils_commands:/home/ctk/element_ws/install/line_follower/lib/python3.10/site-packages:${PYTHONPATH} /usr/bin/python3 -W ignore:setup.py install is deprecated -W ignore:easy_install command is deprecated setup.py egg_info --egg-base ../../build/line_follower build --build-base /home/ctk/element_ws/build/line_follower/build install --record /home/ctk/element_ws/build/line_follower/install.log --single-version-externally-managed install_data
[1.884s] running egg_info
[1.899s] writing ../../build/line_follower/line_follower.egg-info/PKG-INFO
[1.900s] writing dependency_links to ../../build/line_follower/line_follower.egg-info/dependency_links.txt
[1.901s] writing entry points to ../../build/line_follower/line_follower.egg-info/entry_points.txt
[1.901s] writing requirements to ../../build/line_follower/line_follower.egg-info/requires.txt
[1.901s] writing top-level names to ../../build/line_follower/line_follower.egg-info/top_level.txt
[1.937s] reading manifest file '../../build/line_follower/line_follower.egg-info/SOURCES.txt'
[1.939s] writing manifest file '../../build/line_follower/line_follower.egg-info/SOURCES.txt'
[1.939s] running build
[1.939s] running build_py
[1.939s] copying line_follower/__init__.py -> /home/ctk/element_ws/build/line_follower/build/lib/line_follower
[1.940s] copying line_follower/line_follower.py -> /home/ctk/element_ws/build/line_follower/build/lib/line_follower
[1.940s] running install
[1.944s] running install_lib
[1.958s] running install_data
[1.958s] copying resource/line_follower -> /home/ctk/element_ws/install/line_follower/share/ament_index/resource_index/packages
[1.958s] copying package.xml -> /home/ctk/element_ws/install/line_follower/share/line_follower
[1.959s] copying launch/elementbot_gz_line_follower.launch.py -> /home/ctk/element_ws/install/line_follower/share/line_follower/launch
[1.959s] running install_egg_info
[1.973s] removing '/home/ctk/element_ws/install/line_follower/lib/python3.10/site-packages/line_follower-0.0.0-py3.10.egg-info' (and everything under it)
[1.973s] Copying ../../build/line_follower/line_follower.egg-info to /home/ctk/element_ws/install/line_follower/lib/python3.10/site-packages/line_follower-0.0.0-py3.10.egg-info
[1.974s] running install_scripts
[2.120s] Installing line_follower script to /home/ctk/element_ws/install/line_follower/lib/line_follower
[2.121s] writing list of installed files to '/home/ctk/element_ws/build/line_follower/install.log'
[2.154s] Invoked command in '/home/ctk/element_ws/src/line_follower' returned '0': PYTHONPATH=/home/ctk/element_ws/build/line_follower/prefix_override:/usr/lib/python3/dist-packages/colcon_core/task/python/colcon_distutils_commands:/home/ctk/element_ws/install/line_follower/lib/python3.10/site-packages:${PYTHONPATH} /usr/bin/python3 -W ignore:setup.py install is deprecated -W ignore:easy_install command is deprecated setup.py egg_info --egg-base ../../build/line_follower build --build-base /home/ctk/element_ws/build/line_follower/build install --record /home/ctk/element_ws/build/line_follower/install.log --single-version-externally-managed install_data
