[5.513s] Invoking command in '/home/ctk/element_ws/src/yolo5_sim/yolov5_ros2': PYTHONPATH=/home/ctk/element_ws/build/yolov5_ros2/prefix_override:/usr/lib/python3/dist-packages/colcon_core/task/python/colcon_distutils_commands:/home/ctk/element_ws/install/yolov5_ros2/lib/python3.10/site-packages:${PYTHONPATH} /usr/bin/python3 -W ignore:setup.py install is deprecated -W ignore:easy_install command is deprecated setup.py egg_info --egg-base ../../../build/yolov5_ros2 build --build-base /home/ctk/element_ws/build/yolov5_ros2/build install --record /home/ctk/element_ws/build/yolov5_ros2/install.log --single-version-externally-managed install_data
[6.506s] running egg_info
[6.584s] writing ../../../build/yolov5_ros2/yolov5_ros2.egg-info/PKG-INFO
[6.588s] writing dependency_links to ../../../build/yolov5_ros2/yolov5_ros2.egg-info/dependency_links.txt
[6.591s] writing entry points to ../../../build/yolov5_ros2/yolov5_ros2.egg-info/entry_points.txt
[6.591s] writing requirements to ../../../build/yolov5_ros2/yolov5_ros2.egg-info/requires.txt
[6.592s] writing top-level names to ../../../build/yolov5_ros2/yolov5_ros2.egg-info/top_level.txt
[6.741s] reading manifest file '../../../build/yolov5_ros2/yolov5_ros2.egg-info/SOURCES.txt'
[6.741s] writing manifest file '../../../build/yolov5_ros2/yolov5_ros2.egg-info/SOURCES.txt'
[6.741s] running build
[6.741s] running build_py
[6.741s] copying yolov5_ros2/__init__.py -> /home/ctk/element_ws/build/yolov5_ros2/build/lib/yolov5_ros2
[6.747s] copying yolov5_ros2/fall_down_yolov8.py -> /home/ctk/element_ws/build/yolov5_ros2/build/lib/yolov5_ros2
[6.748s] copying yolov5_ros2/yolo_detect_2d.py -> /home/ctk/element_ws/build/yolov5_ros2/build/lib/yolov5_ros2
[6.748s] copying yolov5_ros2/cv_tool.py -> /home/ctk/element_ws/build/yolov5_ros2/build/lib/yolov5_ros2
[6.748s] running install
[6.775s] running install_lib
[6.863s] running install_data
[6.863s] copying package.xml -> /home/ctk/element_ws/install/yolov5_ros2/share/yolov5_ros2
[6.864s] copying launch/fall_down_yolov8.launch.py -> /home/ctk/element_ws/install/yolov5_ros2/share/yolov5_ros2/launch
[6.865s] copying launch/yolov5_ros2.launch.py -> /home/ctk/element_ws/install/yolov5_ros2/share/yolov5_ros2/launch
[6.867s] copying config/best.pt -> /home/ctk/element_ws/install/yolov5_ros2/share/yolov5_ros2/config
[6.913s] copying config/camera_info.yaml -> /home/ctk/element_ws/install/yolov5_ros2/share/yolov5_ros2/config
[6.915s] copying config/yolov5s.pt -> /home/ctk/element_ws/install/yolov5_ros2/share/yolov5_ros2/config
[6.958s] copying resource/mouse.png -> /home/ctk/element_ws/install/yolov5_ros2/share/yolov5_ros2/resource
[6.959s] copying resource/fish.jpg -> /home/ctk/element_ws/install/yolov5_ros2/share/yolov5_ros2/resource
[6.959s] copying resource/yolov5_ros2 -> /home/ctk/element_ws/install/yolov5_ros2/share/yolov5_ros2/resource
[6.959s] running install_egg_info
[7.010s] removing '/home/ctk/element_ws/install/yolov5_ros2/lib/python3.10/site-packages/yolov5_ros2-0.0.0-py3.10.egg-info' (and everything under it)
[7.021s] Copying ../../../build/yolov5_ros2/yolov5_ros2.egg-info to /home/ctk/element_ws/install/yolov5_ros2/lib/python3.10/site-packages/yolov5_ros2-0.0.0-py3.10.egg-info
[7.021s] running install_scripts
[7.521s] Installing fall_down_yolov8 script to /home/ctk/element_ws/install/yolov5_ros2/lib/yolov5_ros2
[7.521s] Installing yolo_detect_2d script to /home/ctk/element_ws/install/yolov5_ros2/lib/yolov5_ros2
[7.537s] writing list of installed files to '/home/ctk/element_ws/build/yolov5_ros2/install.log'
[7.739s] Invoked command in '/home/ctk/element_ws/src/yolo5_sim/yolov5_ros2' returned '0': PYTHONPATH=/home/ctk/element_ws/build/yolov5_ros2/prefix_override:/usr/lib/python3/dist-packages/colcon_core/task/python/colcon_distutils_commands:/home/ctk/element_ws/install/yolov5_ros2/lib/python3.10/site-packages:${PYTHONPATH} /usr/bin/python3 -W ignore:setup.py install is deprecated -W ignore:easy_install command is deprecated setup.py egg_info --egg-base ../../../build/yolov5_ros2 build --build-base /home/ctk/element_ws/build/yolov5_ros2/build install --record /home/ctk/element_ws/build/yolov5_ros2/install.log --single-version-externally-managed install_data
