[2.978s] Invoking command in '/home/ctk/element_ws/src/line_follower': PYTHONPATH=/home/ctk/element_ws/build/line_follower/prefix_override:/usr/lib/python3/dist-packages/colcon_core/task/python/colcon_distutils_commands:/home/ctk/element_ws/install/line_follower/lib/python3.10/site-packages:${PYTHONPATH} /usr/bin/python3 -W ignore:setup.py install is deprecated -W ignore:easy_install command is deprecated setup.py egg_info --egg-base ../../build/line_follower build --build-base /home/ctk/element_ws/build/line_follower/build install --record /home/ctk/element_ws/build/line_follower/install.log --single-version-externally-managed install_data
[3.429s] running egg_info
[3.453s] writing ../../build/line_follower/line_follower.egg-info/PKG-INFO
[3.454s] writing dependency_links to ../../build/line_follower/line_follower.egg-info/dependency_links.txt
[3.454s] writing entry points to ../../build/line_follower/line_follower.egg-info/entry_points.txt
[3.455s] writing requirements to ../../build/line_follower/line_follower.egg-info/requires.txt
[3.458s] writing top-level names to ../../build/line_follower/line_follower.egg-info/top_level.txt
[3.510s] reading manifest file '../../build/line_follower/line_follower.egg-info/SOURCES.txt'
[3.512s] writing manifest file '../../build/line_follower/line_follower.egg-info/SOURCES.txt'
[3.513s] running build
[3.514s] running build_py
[3.514s] copying line_follower/__init__.py -> /home/ctk/element_ws/build/line_follower/build/lib/line_follower
[3.514s] copying line_follower/line_follower.py -> /home/ctk/element_ws/build/line_follower/build/lib/line_follower
[3.514s] running install
[3.522s] running install_lib
[3.554s] running install_data
[3.554s] copying resource/line_follower -> /home/ctk/element_ws/install/line_follower/share/ament_index/resource_index/packages
[3.554s] copying package.xml -> /home/ctk/element_ws/install/line_follower/share/line_follower
[3.555s] copying launch/elementbot_gz_line_follower.launch.py -> /home/ctk/element_ws/install/line_follower/share/line_follower/launch
[3.555s] running install_egg_info
[3.585s] removing '/home/ctk/element_ws/install/line_follower/lib/python3.10/site-packages/line_follower-0.0.0-py3.10.egg-info' (and everything under it)
[3.585s] Copying ../../build/line_follower/line_follower.egg-info to /home/ctk/element_ws/install/line_follower/lib/python3.10/site-packages/line_follower-0.0.0-py3.10.egg-info
[3.586s] running install_scripts
[3.854s] Installing line_follower script to /home/ctk/element_ws/install/line_follower/lib/line_follower
[3.854s] writing list of installed files to '/home/ctk/element_ws/build/line_follower/install.log'
[4.036s] Invoked command in '/home/ctk/element_ws/src/line_follower' returned '0': PYTHONPATH=/home/ctk/element_ws/build/line_follower/prefix_override:/usr/lib/python3/dist-packages/colcon_core/task/python/colcon_distutils_commands:/home/ctk/element_ws/install/line_follower/lib/python3.10/site-packages:${PYTHONPATH} /usr/bin/python3 -W ignore:setup.py install is deprecated -W ignore:easy_install command is deprecated setup.py egg_info --egg-base ../../build/line_follower build --build-base /home/ctk/element_ws/build/line_follower/build install --record /home/ctk/element_ws/build/line_follower/install.log --single-version-externally-managed install_data
