[11.250s] Invoking command in '/home/ctk/element_ws/src/elementbot_gazebo': PYTHONPATH=/home/ctk/element_ws/build/elementbot_gazebo/prefix_override:/usr/lib/python3/dist-packages/colcon_core/task/python/colcon_distutils_commands:/home/ctk/element_ws/install/elementbot_gazebo/lib/python3.10/site-packages:${PYTHONPATH} /usr/bin/python3 -W ignore:setup.py install is deprecated -W ignore:easy_install command is deprecated setup.py egg_info --egg-base ../../build/elementbot_gazebo build --build-base /home/ctk/element_ws/build/elementbot_gazebo/build install --record /home/ctk/element_ws/build/elementbot_gazebo/install.log --single-version-externally-managed install_data
[13.060s] running egg_info
[13.196s] writing ../../build/elementbot_gazebo/elementbot_gazebo.egg-info/PKG-INFO
[13.207s] writing dependency_links to ../../build/elementbot_gazebo/elementbot_gazebo.egg-info/dependency_links.txt
[13.207s] writing requirements to ../../build/elementbot_gazebo/elementbot_gazebo.egg-info/requires.txt
[13.207s] writing top-level names to ../../build/elementbot_gazebo/elementbot_gazebo.egg-info/top_level.txt
[13.683s] reading manifest file '../../build/elementbot_gazebo/elementbot_gazebo.egg-info/SOURCES.txt'
[13.694s] writing manifest file '../../build/elementbot_gazebo/elementbot_gazebo.egg-info/SOURCES.txt'
[13.695s] running build
[13.695s] running build_py
[13.695s] copying elementbot_gazebo/__init__.py -> /home/ctk/element_ws/build/elementbot_gazebo/build/lib/elementbot_gazebo
[13.696s] running install
[13.729s] running install_lib
[13.832s] running install_data
[13.840s] copying resource/elementbot_gazebo -> /home/ctk/element_ws/install/elementbot_gazebo/share/ament_index/resource_index/packages
[13.841s] copying package.xml -> /home/ctk/element_ws/install/elementbot_gazebo/share/elementbot_gazebo
[13.857s] copying launch/cartograph_4w_diff_urdf.launch.py -> /home/ctk/element_ws/install/elementbot_gazebo/share/elementbot_gazebo/launch
[13.857s] copying launch/slamtoolbox_4w_diff_urdf_gz.launch.py -> /home/ctk/element_ws/install/elementbot_gazebo/share/elementbot_gazebo/launch
[13.858s] copying launch/display_2w_diff_urdf_into_gz.launch.py -> /home/ctk/element_ws/install/elementbot_gazebo/share/elementbot_gazebo/launch
[13.858s] copying launch/display_4w_diff_urdf_into_gz.launch.py -> /home/ctk/element_ws/install/elementbot_gazebo/share/elementbot_gazebo/launch
[13.858s] copying launch/yolo_4w_diff_urdf_into_gz.launch.py -> /home/ctk/element_ws/install/elementbot_gazebo/share/elementbot_gazebo/launch
[13.858s] copying launch/yolo_falldown_4w_diff_urdf_into_gz.launch.py -> /home/ctk/element_ws/install/elementbot_gazebo/share/elementbot_gazebo/launch
[13.858s] copying urdf/elementbot_base.xacro -> /home/ctk/element_ws/install/elementbot_gazebo/share/elementbot_gazebo/urdf
[13.858s] copying urdf/elementbot_4w_diff.xacro -> /home/ctk/element_ws/install/elementbot_gazebo/share/elementbot_gazebo/urdf
[13.858s] copying urdf/elementbot_base.urdf -> /home/ctk/element_ws/install/elementbot_gazebo/share/elementbot_gazebo/urdf
[13.858s] copying urdf/sensors/rgbd_gazebo_harmonic.xacro -> /home/ctk/element_ws/install/elementbot_gazebo/share/elementbot_gazebo/urdf/sensors
[13.861s] copying urdf/sensors/lidar_gazebo_harmonic.xacro -> /home/ctk/element_ws/install/elementbot_gazebo/share/elementbot_gazebo/urdf/sensors
[13.862s] copying config/ros_gz_bridge_mbot.yaml -> /home/ctk/element_ws/install/elementbot_gazebo/share/elementbot_gazebo/config
[13.868s] copying config/ros_gz_bridge_elementbot_integrate.yaml -> /home/ctk/element_ws/install/elementbot_gazebo/share/elementbot_gazebo/config
[13.868s] copying config/ros_gz_bridge_elementbot_4w_integrate.yaml -> /home/ctk/element_ws/install/elementbot_gazebo/share/elementbot_gazebo/config
[13.869s] copying world/actor_falldown.sdf -> /home/ctk/element_ws/install/elementbot_gazebo/share/elementbot_gazebo/world
[13.878s] copying world/empty.sdf -> /home/ctk/element_ws/install/elementbot_gazebo/share/elementbot_gazebo/world
[13.896s] copying world/depot.sdf -> /home/ctk/element_ws/install/elementbot_gazebo/share/elementbot_gazebo/world
[13.903s] copying world/actor_demo.sdf -> /home/ctk/element_ws/install/elementbot_gazebo/share/elementbot_gazebo/world
[13.904s] copying world/line_follower.sdf -> /home/ctk/element_ws/install/elementbot_gazebo/share/elementbot_gazebo/world
[13.909s] running install_egg_info
[14.088s] removing '/home/ctk/element_ws/install/elementbot_gazebo/lib/python3.10/site-packages/elementbot_gazebo-0.0.0-py3.10.egg-info' (and everything under it)
[14.088s] Copying ../../build/elementbot_gazebo/elementbot_gazebo.egg-info to /home/ctk/element_ws/install/elementbot_gazebo/lib/python3.10/site-packages/elementbot_gazebo-0.0.0-py3.10.egg-info
[14.088s] running install_scripts
[14.947s] writing list of installed files to '/home/ctk/element_ws/build/elementbot_gazebo/install.log'
[15.311s] Invoked command in '/home/ctk/element_ws/src/elementbot_gazebo' returned '0': PYTHONPATH=/home/ctk/element_ws/build/elementbot_gazebo/prefix_override:/usr/lib/python3/dist-packages/colcon_core/task/python/colcon_distutils_commands:/home/ctk/element_ws/install/elementbot_gazebo/lib/python3.10/site-packages:${PYTHONPATH} /usr/bin/python3 -W ignore:setup.py install is deprecated -W ignore:easy_install command is deprecated setup.py egg_info --egg-base ../../build/elementbot_gazebo build --build-base /home/ctk/element_ws/build/elementbot_gazebo/build install --record /home/ctk/element_ws/build/elementbot_gazebo/install.log --single-version-externally-managed install_data
