[0.439s] [34mcolcon[0m [1;30mDEBUG[0m [32mCommand line arguments: ['/usr/bin/colcon', 'build'][0m
[0.440s] [34mcolcon[0m [1;30mDEBUG[0m [32mParsed command line arguments: Namespace(log_base=None, log_level=None, verb_name='build', build_base='build', install_base='install', merge_install=False, symlink_install=False, test_result_base=None, continue_on_error=False, executor='parallel', parallel_workers=8, event_handlers=None, ignore_user_meta=False, metas=['./colcon.meta'], base_paths=['.'], packages_ignore=None, packages_ignore_regex=None, paths=None, packages_up_to=None, packages_up_to_regex=None, packages_above=None, packages_above_and_dependencies=None, packages_above_depth=None, packages_select_by_dep=None, packages_skip_by_dep=None, packages_skip_up_to=None, packages_select_build_failed=False, packages_skip_build_finished=False, packages_select_test_failures=False, packages_skip_test_passed=False, packages_select=None, packages_skip=None, packages_select_regex=None, packages_skip_regex=None, packages_start=None, packages_end=None, allow_overriding=[], cmake_args=None, cmake_target=None, cmake_target_skip_unavailable=False, cmake_clean_cache=False, cmake_clean_first=False, cmake_force_configure=False, ament_cmake_args=None, catkin_cmake_args=None, catkin_skip_building_tests=False, verb_parser=<colcon_defaults.argument_parser.defaults.DefaultArgumentsDecorator object at 0x7b9c033cc6a0>, verb_extension=<colcon_core.verb.build.BuildVerb object at 0x7b9c03529b10>, main=<bound method BuildVerb.main of <colcon_core.verb.build.BuildVerb object at 0x7b9c03529b10>>)[0m
[0.609s] [34mcolcon.colcon_core.package_discovery[0m [1;30mLevel 1[0m discover_packages(colcon_meta) check parameters
[0.609s] [34mcolcon.colcon_core.package_discovery[0m [1;30mLevel 1[0m discover_packages(recursive) check parameters
[0.609s] [34mcolcon.colcon_core.package_discovery[0m [1;30mLevel 1[0m discover_packages(ignore) check parameters
[0.610s] [34mcolcon.colcon_core.package_discovery[0m [1;30mLevel 1[0m discover_packages(path) check parameters
[0.610s] [34mcolcon.colcon_core.package_discovery[0m [1;30mLevel 1[0m discover_packages(colcon_meta) discover
[0.610s] [34mcolcon.colcon_core.package_discovery[0m [1;30mLevel 1[0m discover_packages(recursive) discover
[0.611s] [34mcolcon.colcon_core.package_discovery[0m [1;30mINFO[0m Crawling recursively for packages in '/home/ctk/element_ws'
[0.612s] [34mcolcon.colcon_core.package_identification[0m [1;30mLevel 1[0m _identify(.) by extensions ['ignore', 'ignore_ament_install']
[0.612s] [34mcolcon.colcon_core.package_identification[0m [1;30mLevel 1[0m _identify(.) by extension 'ignore'
[0.612s] [34mcolcon.colcon_core.package_identification[0m [1;30mLevel 1[0m _identify(.) by extension 'ignore_ament_install'
[0.612s] [34mcolcon.colcon_core.package_identification[0m [1;30mLevel 1[0m _identify(.) by extensions ['colcon_pkg']
[0.612s] [34mcolcon.colcon_core.package_identification[0m [1;30mLevel 1[0m _identify(.) by extension 'colcon_pkg'
[0.612s] [34mcolcon.colcon_core.package_identification[0m [1;30mLevel 1[0m _identify(.) by extensions ['colcon_meta']
[0.613s] [34mcolcon.colcon_core.package_identification[0m [1;30mLevel 1[0m _identify(.) by extension 'colcon_meta'
[0.613s] [34mcolcon.colcon_core.package_identification[0m [1;30mLevel 1[0m _identify(.) by extensions ['ros']
[0.613s] [34mcolcon.colcon_core.package_identification[0m [1;30mLevel 1[0m _identify(.) by extension 'ros'
[0.666s] [34mcolcon.colcon_core.package_identification[0m [1;30mLevel 1[0m _identify(.) by extensions ['cmake', 'python']
[0.667s] [34mcolcon.colcon_core.package_identification[0m [1;30mLevel 1[0m _identify(.) by extension 'cmake'
[0.667s] [34mcolcon.colcon_core.package_identification[0m [1;30mLevel 1[0m _identify(.) by extension 'python'
[0.667s] [34mcolcon.colcon_core.package_identification[0m [1;30mLevel 1[0m _identify(.) by extensions ['python_setup_py']
[0.667s] [34mcolcon.colcon_core.package_identification[0m [1;30mLevel 1[0m _identify(.) by extension 'python_setup_py'
[0.669s] [34mcolcon.colcon_core.package_identification[0m [1;30mLevel 1[0m _identify(build) by extensions ['ignore', 'ignore_ament_install']
[0.671s] [34mcolcon.colcon_core.package_identification[0m [1;30mLevel 1[0m _identify(build) by extension 'ignore'
[0.671s] [34mcolcon.colcon_core.package_identification[0m [1;30mLevel 1[0m _identify(build) ignored
[0.673s] [34mcolcon.colcon_core.package_identification[0m [1;30mLevel 1[0m _identify(images) by extensions ['ignore', 'ignore_ament_install']
[0.673s] [34mcolcon.colcon_core.package_identification[0m [1;30mLevel 1[0m _identify(images) by extension 'ignore'
[0.673s] [34mcolcon.colcon_core.package_identification[0m [1;30mLevel 1[0m _identify(images) by extension 'ignore_ament_install'
[0.673s] [34mcolcon.colcon_core.package_identification[0m [1;30mLevel 1[0m _identify(images) by extensions ['colcon_pkg']
[0.673s] [34mcolcon.colcon_core.package_identification[0m [1;30mLevel 1[0m _identify(images) by extension 'colcon_pkg'
[0.673s] [34mcolcon.colcon_core.package_identification[0m [1;30mLevel 1[0m _identify(images) by extensions ['colcon_meta']
[0.673s] [34mcolcon.colcon_core.package_identification[0m [1;30mLevel 1[0m _identify(images) by extension 'colcon_meta'
[0.674s] [34mcolcon.colcon_core.package_identification[0m [1;30mLevel 1[0m _identify(images) by extensions ['ros']
[0.674s] [34mcolcon.colcon_core.package_identification[0m [1;30mLevel 1[0m _identify(images) by extension 'ros'
[0.674s] [34mcolcon.colcon_core.package_identification[0m [1;30mLevel 1[0m _identify(images) by extensions ['cmake', 'python']
[0.674s] [34mcolcon.colcon_core.package_identification[0m [1;30mLevel 1[0m _identify(images) by extension 'cmake'
[0.674s] [34mcolcon.colcon_core.package_identification[0m [1;30mLevel 1[0m _identify(images) by extension 'python'
[0.674s] [34mcolcon.colcon_core.package_identification[0m [1;30mLevel 1[0m _identify(images) by extensions ['python_setup_py']
[0.674s] [34mcolcon.colcon_core.package_identification[0m [1;30mLevel 1[0m _identify(images) by extension 'python_setup_py'
[0.675s] [34mcolcon.colcon_core.package_identification[0m [1;30mLevel 1[0m _identify(images/README) by extensions ['ignore', 'ignore_ament_install']
[0.675s] [34mcolcon.colcon_core.package_identification[0m [1;30mLevel 1[0m _identify(images/README) by extension 'ignore'
[0.675s] [34mcolcon.colcon_core.package_identification[0m [1;30mLevel 1[0m _identify(images/README) by extension 'ignore_ament_install'
[0.675s] [34mcolcon.colcon_core.package_identification[0m [1;30mLevel 1[0m _identify(images/README) by extensions ['colcon_pkg']
[0.675s] [34mcolcon.colcon_core.package_identification[0m [1;30mLevel 1[0m _identify(images/README) by extension 'colcon_pkg'
[0.676s] [34mcolcon.colcon_core.package_identification[0m [1;30mLevel 1[0m _identify(images/README) by extensions ['colcon_meta']
[0.676s] [34mcolcon.colcon_core.package_identification[0m [1;30mLevel 1[0m _identify(images/README) by extension 'colcon_meta'
[0.676s] [34mcolcon.colcon_core.package_identification[0m [1;30mLevel 1[0m _identify(images/README) by extensions ['ros']
[0.676s] [34mcolcon.colcon_core.package_identification[0m [1;30mLevel 1[0m _identify(images/README) by extension 'ros'
[0.676s] [34mcolcon.colcon_core.package_identification[0m [1;30mLevel 1[0m _identify(images/README) by extensions ['cmake', 'python']
[0.676s] [34mcolcon.colcon_core.package_identification[0m [1;30mLevel 1[0m _identify(images/README) by extension 'cmake'
[0.676s] [34mcolcon.colcon_core.package_identification[0m [1;30mLevel 1[0m _identify(images/README) by extension 'python'
[0.676s] [34mcolcon.colcon_core.package_identification[0m [1;30mLevel 1[0m _identify(images/README) by extensions ['python_setup_py']
[0.677s] [34mcolcon.colcon_core.package_identification[0m [1;30mLevel 1[0m _identify(images/README) by extension 'python_setup_py'
[0.677s] [34mcolcon.colcon_core.package_identification[0m [1;30mLevel 1[0m _identify(install) by extensions ['ignore', 'ignore_ament_install']
[0.677s] [34mcolcon.colcon_core.package_identification[0m [1;30mLevel 1[0m _identify(install) by extension 'ignore'
[0.677s] [34mcolcon.colcon_core.package_identification[0m [1;30mLevel 1[0m _identify(install) ignored
[0.679s] [34mcolcon.colcon_core.package_identification[0m [1;30mLevel 1[0m _identify(log) by extensions ['ignore', 'ignore_ament_install']
[0.680s] [34mcolcon.colcon_core.package_identification[0m [1;30mLevel 1[0m _identify(log) by extension 'ignore'
[0.680s] [34mcolcon.colcon_core.package_identification[0m [1;30mLevel 1[0m _identify(log) ignored
[0.681s] [34mcolcon.colcon_core.package_identification[0m [1;30mLevel 1[0m _identify(src) by extensions ['ignore', 'ignore_ament_install']
[0.681s] [34mcolcon.colcon_core.package_identification[0m [1;30mLevel 1[0m _identify(src) by extension 'ignore'
[0.681s] [34mcolcon.colcon_core.package_identification[0m [1;30mLevel 1[0m _identify(src) by extension 'ignore_ament_install'
[0.682s] [34mcolcon.colcon_core.package_identification[0m [1;30mLevel 1[0m _identify(src) by extensions ['colcon_pkg']
[0.682s] [34mcolcon.colcon_core.package_identification[0m [1;30mLevel 1[0m _identify(src) by extension 'colcon_pkg'
[0.682s] [34mcolcon.colcon_core.package_identification[0m [1;30mLevel 1[0m _identify(src) by extensions ['colcon_meta']
[0.682s] [34mcolcon.colcon_core.package_identification[0m [1;30mLevel 1[0m _identify(src) by extension 'colcon_meta'
[0.682s] [34mcolcon.colcon_core.package_identification[0m [1;30mLevel 1[0m _identify(src) by extensions ['ros']
[0.682s] [34mcolcon.colcon_core.package_identification[0m [1;30mLevel 1[0m _identify(src) by extension 'ros'
[0.682s] [34mcolcon.colcon_core.package_identification[0m [1;30mLevel 1[0m _identify(src) by extensions ['cmake', 'python']
[0.682s] [34mcolcon.colcon_core.package_identification[0m [1;30mLevel 1[0m _identify(src) by extension 'cmake'
[0.682s] [34mcolcon.colcon_core.package_identification[0m [1;30mLevel 1[0m _identify(src) by extension 'python'
[0.683s] [34mcolcon.colcon_core.package_identification[0m [1;30mLevel 1[0m _identify(src) by extensions ['python_setup_py']
[0.683s] [34mcolcon.colcon_core.package_identification[0m [1;30mLevel 1[0m _identify(src) by extension 'python_setup_py'
[0.683s] [34mcolcon.colcon_core.package_identification[0m [1;30mLevel 1[0m _identify(src/elementbot_gazebo) by extensions ['ignore', 'ignore_ament_install']
[0.683s] [34mcolcon.colcon_core.package_identification[0m [1;30mLevel 1[0m _identify(src/elementbot_gazebo) by extension 'ignore'
[0.683s] [34mcolcon.colcon_core.package_identification[0m [1;30mLevel 1[0m _identify(src/elementbot_gazebo) by extension 'ignore_ament_install'
[0.684s] [34mcolcon.colcon_core.package_identification[0m [1;30mLevel 1[0m _identify(src/elementbot_gazebo) by extensions ['colcon_pkg']
[0.684s] [34mcolcon.colcon_core.package_identification[0m [1;30mLevel 1[0m _identify(src/elementbot_gazebo) by extension 'colcon_pkg'
[0.684s] [34mcolcon.colcon_core.package_identification[0m [1;30mLevel 1[0m _identify(src/elementbot_gazebo) by extensions ['colcon_meta']
[0.684s] [34mcolcon.colcon_core.package_identification[0m [1;30mLevel 1[0m _identify(src/elementbot_gazebo) by extension 'colcon_meta'
[0.684s] [34mcolcon.colcon_core.package_identification[0m [1;30mLevel 1[0m _identify(src/elementbot_gazebo) by extensions ['ros']
[0.684s] [34mcolcon.colcon_core.package_identification[0m [1;30mLevel 1[0m _identify(src/elementbot_gazebo) by extension 'ros'
[0.696s] [34mcolcon.colcon_core.package_identification[0m [1;30mDEBUG[0m [32mPackage 'src/elementbot_gazebo' with type 'ros.ament_python' and name 'elementbot_gazebo'[0m
[0.697s] [34mcolcon.colcon_core.package_identification[0m [1;30mLevel 1[0m _identify(src/elementbot_navigation) by extensions ['ignore', 'ignore_ament_install']
[0.697s] [34mcolcon.colcon_core.package_identification[0m [1;30mLevel 1[0m _identify(src/elementbot_navigation) by extension 'ignore'
[0.698s] [34mcolcon.colcon_core.package_identification[0m [1;30mLevel 1[0m _identify(src/elementbot_navigation) by extension 'ignore_ament_install'
[0.698s] [34mcolcon.colcon_core.package_identification[0m [1;30mLevel 1[0m _identify(src/elementbot_navigation) by extensions ['colcon_pkg']
[0.698s] [34mcolcon.colcon_core.package_identification[0m [1;30mLevel 1[0m _identify(src/elementbot_navigation) by extension 'colcon_pkg'
[0.698s] [34mcolcon.colcon_core.package_identification[0m [1;30mLevel 1[0m _identify(src/elementbot_navigation) by extensions ['colcon_meta']
[0.698s] [34mcolcon.colcon_core.package_identification[0m [1;30mLevel 1[0m _identify(src/elementbot_navigation) by extension 'colcon_meta'
[0.698s] [34mcolcon.colcon_core.package_identification[0m [1;30mLevel 1[0m _identify(src/elementbot_navigation) by extensions ['ros']
[0.698s] [34mcolcon.colcon_core.package_identification[0m [1;30mLevel 1[0m _identify(src/elementbot_navigation) by extension 'ros'
[0.702s] [34mcolcon.colcon_core.package_identification[0m [1;30mDEBUG[0m [32mPackage 'src/elementbot_navigation' with type 'ros.ament_python' and name 'elementbot_navigation'[0m
[0.702s] [34mcolcon.colcon_core.package_identification[0m [1;30mLevel 1[0m _identify(src/elementbot_urdf) by extensions ['ignore', 'ignore_ament_install']
[0.703s] [34mcolcon.colcon_core.package_identification[0m [1;30mLevel 1[0m _identify(src/elementbot_urdf) by extension 'ignore'
[0.703s] [34mcolcon.colcon_core.package_identification[0m [1;30mLevel 1[0m _identify(src/elementbot_urdf) by extension 'ignore_ament_install'
[0.704s] [34mcolcon.colcon_core.package_identification[0m [1;30mLevel 1[0m _identify(src/elementbot_urdf) by extensions ['colcon_pkg']
[0.704s] [34mcolcon.colcon_core.package_identification[0m [1;30mLevel 1[0m _identify(src/elementbot_urdf) by extension 'colcon_pkg'
[0.704s] [34mcolcon.colcon_core.package_identification[0m [1;30mLevel 1[0m _identify(src/elementbot_urdf) by extensions ['colcon_meta']
[0.704s] [34mcolcon.colcon_core.package_identification[0m [1;30mLevel 1[0m _identify(src/elementbot_urdf) by extension 'colcon_meta'
[0.704s] [34mcolcon.colcon_core.package_identification[0m [1;30mLevel 1[0m _identify(src/elementbot_urdf) by extensions ['ros']
[0.704s] [34mcolcon.colcon_core.package_identification[0m [1;30mLevel 1[0m _identify(src/elementbot_urdf) by extension 'ros'
[0.706s] [34mcolcon.colcon_core.package_identification[0m [1;30mDEBUG[0m [32mPackage 'src/elementbot_urdf' with type 'ros.ament_python' and name 'elementbot_urdf'[0m
[0.707s] [34mcolcon.colcon_core.package_identification[0m [1;30mLevel 1[0m _identify(src/fall_down_yolov5) by extensions ['ignore', 'ignore_ament_install']
[0.708s] [34mcolcon.colcon_core.package_identification[0m [1;30mLevel 1[0m _identify(src/fall_down_yolov5) by extension 'ignore'
[0.709s] [34mcolcon.colcon_core.package_identification[0m [1;30mLevel 1[0m _identify(src/fall_down_yolov5) by extension 'ignore_ament_install'
[0.709s] [34mcolcon.colcon_core.package_identification[0m [1;30mLevel 1[0m _identify(src/fall_down_yolov5) by extensions ['colcon_pkg']
[0.709s] [34mcolcon.colcon_core.package_identification[0m [1;30mLevel 1[0m _identify(src/fall_down_yolov5) by extension 'colcon_pkg'
[0.709s] [34mcolcon.colcon_core.package_identification[0m [1;30mLevel 1[0m _identify(src/fall_down_yolov5) by extensions ['colcon_meta']
[0.709s] [34mcolcon.colcon_core.package_identification[0m [1;30mLevel 1[0m _identify(src/fall_down_yolov5) by extension 'colcon_meta'
[0.710s] [34mcolcon.colcon_core.package_identification[0m [1;30mLevel 1[0m _identify(src/fall_down_yolov5) by extensions ['ros']
[0.710s] [34mcolcon.colcon_core.package_identification[0m [1;30mLevel 1[0m _identify(src/fall_down_yolov5) by extension 'ros'
[0.714s] [34mcolcon.colcon_core.package_identification[0m [1;30mDEBUG[0m [32mPackage 'src/fall_down_yolov5' with type 'ros.ament_python' and name 'fall_down_yolov5'[0m
[0.715s] [34mcolcon.colcon_core.package_identification[0m [1;30mLevel 1[0m _identify(src/line_follower) by extensions ['ignore', 'ignore_ament_install']
[0.716s] [34mcolcon.colcon_core.package_identification[0m [1;30mLevel 1[0m _identify(src/line_follower) by extension 'ignore'
[0.716s] [34mcolcon.colcon_core.package_identification[0m [1;30mLevel 1[0m _identify(src/line_follower) by extension 'ignore_ament_install'
[0.716s] [34mcolcon.colcon_core.package_identification[0m [1;30mLevel 1[0m _identify(src/line_follower) by extensions ['colcon_pkg']
[0.716s] [34mcolcon.colcon_core.package_identification[0m [1;30mLevel 1[0m _identify(src/line_follower) by extension 'colcon_pkg'
[0.716s] [34mcolcon.colcon_core.package_identification[0m [1;30mLevel 1[0m _identify(src/line_follower) by extensions ['colcon_meta']
[0.716s] [34mcolcon.colcon_core.package_identification[0m [1;30mLevel 1[0m _identify(src/line_follower) by extension 'colcon_meta'
[0.716s] [34mcolcon.colcon_core.package_identification[0m [1;30mLevel 1[0m _identify(src/line_follower) by extensions ['ros']
[0.716s] [34mcolcon.colcon_core.package_identification[0m [1;30mLevel 1[0m _identify(src/line_follower) by extension 'ros'
[0.717s] [34mcolcon.colcon_core.package_identification[0m [1;30mDEBUG[0m [32mPackage 'src/line_follower' with type 'ros.ament_python' and name 'line_follower'[0m
[0.718s] [34mcolcon.colcon_core.package_identification[0m [1;30mLevel 1[0m _identify(src/yolo5_sim) by extensions ['ignore', 'ignore_ament_install']
[0.718s] [34mcolcon.colcon_core.package_identification[0m [1;30mLevel 1[0m _identify(src/yolo5_sim) by extension 'ignore'
[0.719s] [34mcolcon.colcon_core.package_identification[0m [1;30mLevel 1[0m _identify(src/yolo5_sim) by extension 'ignore_ament_install'
[0.719s] [34mcolcon.colcon_core.package_identification[0m [1;30mLevel 1[0m _identify(src/yolo5_sim) by extensions ['colcon_pkg']
[0.719s] [34mcolcon.colcon_core.package_identification[0m [1;30mLevel 1[0m _identify(src/yolo5_sim) by extension 'colcon_pkg'
[0.719s] [34mcolcon.colcon_core.package_identification[0m [1;30mLevel 1[0m _identify(src/yolo5_sim) by extensions ['colcon_meta']
[0.719s] [34mcolcon.colcon_core.package_identification[0m [1;30mLevel 1[0m _identify(src/yolo5_sim) by extension 'colcon_meta'
[0.719s] [34mcolcon.colcon_core.package_identification[0m [1;30mLevel 1[0m _identify(src/yolo5_sim) by extensions ['ros']
[0.719s] [34mcolcon.colcon_core.package_identification[0m [1;30mLevel 1[0m _identify(src/yolo5_sim) by extension 'ros'
[0.719s] [34mcolcon.colcon_core.package_identification[0m [1;30mLevel 1[0m _identify(src/yolo5_sim) by extensions ['cmake', 'python']
[0.720s] [34mcolcon.colcon_core.package_identification[0m [1;30mLevel 1[0m _identify(src/yolo5_sim) by extension 'cmake'
[0.720s] [34mcolcon.colcon_core.package_identification[0m [1;30mLevel 1[0m _identify(src/yolo5_sim) by extension 'python'
[0.720s] [34mcolcon.colcon_core.package_identification[0m [1;30mLevel 1[0m _identify(src/yolo5_sim) by extensions ['python_setup_py']
[0.720s] [34mcolcon.colcon_core.package_identification[0m [1;30mLevel 1[0m _identify(src/yolo5_sim) by extension 'python_setup_py'
[0.720s] [34mcolcon.colcon_core.package_identification[0m [1;30mLevel 1[0m _identify(src/yolo5_sim/yolov5_ros2) by extensions ['ignore', 'ignore_ament_install']
[0.720s] [34mcolcon.colcon_core.package_identification[0m [1;30mLevel 1[0m _identify(src/yolo5_sim/yolov5_ros2) by extension 'ignore'
[0.720s] [34mcolcon.colcon_core.package_identification[0m [1;30mLevel 1[0m _identify(src/yolo5_sim/yolov5_ros2) by extension 'ignore_ament_install'
[0.720s] [34mcolcon.colcon_core.package_identification[0m [1;30mLevel 1[0m _identify(src/yolo5_sim/yolov5_ros2) by extensions ['colcon_pkg']
[0.720s] [34mcolcon.colcon_core.package_identification[0m [1;30mLevel 1[0m _identify(src/yolo5_sim/yolov5_ros2) by extension 'colcon_pkg'
[0.721s] [34mcolcon.colcon_core.package_identification[0m [1;30mLevel 1[0m _identify(src/yolo5_sim/yolov5_ros2) by extensions ['colcon_meta']
[0.721s] [34mcolcon.colcon_core.package_identification[0m [1;30mLevel 1[0m _identify(src/yolo5_sim/yolov5_ros2) by extension 'colcon_meta'
[0.721s] [34mcolcon.colcon_core.package_identification[0m [1;30mLevel 1[0m _identify(src/yolo5_sim/yolov5_ros2) by extensions ['ros']
[0.721s] [34mcolcon.colcon_core.package_identification[0m [1;30mLevel 1[0m _identify(src/yolo5_sim/yolov5_ros2) by extension 'ros'
[0.723s] [34mcolcon.colcon_core.package_identification[0m [1;30mDEBUG[0m [32mPackage 'src/yolo5_sim/yolov5_ros2' with type 'ros.ament_python' and name 'yolov5_ros2'[0m
[0.723s] [34mcolcon.colcon_core.package_discovery[0m [1;30mLevel 1[0m discover_packages(recursive) using defaults
[0.723s] [34mcolcon.colcon_core.package_discovery[0m [1;30mLevel 1[0m discover_packages(ignore) discover
[0.723s] [34mcolcon.colcon_core.package_discovery[0m [1;30mLevel 1[0m discover_packages(ignore) using defaults
[0.723s] [34mcolcon.colcon_core.package_discovery[0m [1;30mLevel 1[0m discover_packages(path) discover
[0.724s] [34mcolcon.colcon_core.package_discovery[0m [1;30mLevel 1[0m discover_packages(path) using defaults
[0.788s] [34mcolcon.colcon_core.package_discovery[0m [1;30mLevel 1[0m discover_packages(prefix_path) check parameters
[0.788s] [34mcolcon.colcon_core.package_discovery[0m [1;30mLevel 1[0m discover_packages(prefix_path) discover
[0.795s] [34mcolcon.colcon_installed_package_information.package_discovery[0m [1;30mDEBUG[0m [32mFound 6 installed packages in /home/ctk/element_ws/install[0m
[0.799s] [34mcolcon.colcon_installed_package_information.package_discovery[0m [1;30mDEBUG[0m [32mFound 430 installed packages in /opt/ros/humble[0m
[0.806s] [34mcolcon.colcon_core.package_discovery[0m [1;30mLevel 1[0m discover_packages(prefix_path) using defaults
[0.925s] [34mcolcon.colcon_core.verb[0m [1;30mLevel 5[0m set package 'elementbot_gazebo' build argument 'cmake_args' from command line to 'None'
[0.925s] [34mcolcon.colcon_core.verb[0m [1;30mLevel 5[0m set package 'elementbot_gazebo' build argument 'cmake_target' from command line to 'None'
[0.925s] [34mcolcon.colcon_core.verb[0m [1;30mLevel 5[0m set package 'elementbot_gazebo' build argument 'cmake_target_skip_unavailable' from command line to 'False'
[0.925s] [34mcolcon.colcon_core.verb[0m [1;30mLevel 5[0m set package 'elementbot_gazebo' build argument 'cmake_clean_cache' from command line to 'False'
[0.925s] [34mcolcon.colcon_core.verb[0m [1;30mLevel 5[0m set package 'elementbot_gazebo' build argument 'cmake_clean_first' from command line to 'False'
[0.925s] [34mcolcon.colcon_core.verb[0m [1;30mLevel 5[0m set package 'elementbot_gazebo' build argument 'cmake_force_configure' from command line to 'False'
[0.925s] [34mcolcon.colcon_core.verb[0m [1;30mLevel 5[0m set package 'elementbot_gazebo' build argument 'ament_cmake_args' from command line to 'None'
[0.925s] [34mcolcon.colcon_core.verb[0m [1;30mLevel 5[0m set package 'elementbot_gazebo' build argument 'catkin_cmake_args' from command line to 'None'
[0.925s] [34mcolcon.colcon_core.verb[0m [1;30mLevel 5[0m set package 'elementbot_gazebo' build argument 'catkin_skip_building_tests' from command line to 'False'
[0.925s] [34mcolcon.colcon_core.verb[0m [1;30mDEBUG[0m [32mBuilding package 'elementbot_gazebo' with the following arguments: {'ament_cmake_args': None, 'build_base': '/home/ctk/element_ws/build/elementbot_gazebo', 'catkin_cmake_args': None, 'catkin_skip_building_tests': False, 'cmake_args': None, 'cmake_clean_cache': False, 'cmake_clean_first': False, 'cmake_force_configure': False, 'cmake_target': None, 'cmake_target_skip_unavailable': False, 'install_base': '/home/ctk/element_ws/install/elementbot_gazebo', 'merge_install': False, 'path': '/home/ctk/element_ws/src/elementbot_gazebo', 'symlink_install': False, 'test_result_base': None}[0m
[0.926s] [34mcolcon.colcon_core.verb[0m [1;30mLevel 5[0m set package 'elementbot_navigation' build argument 'cmake_args' from command line to 'None'
[0.926s] [34mcolcon.colcon_core.verb[0m [1;30mLevel 5[0m set package 'elementbot_navigation' build argument 'cmake_target' from command line to 'None'
[0.927s] [34mcolcon.colcon_core.verb[0m [1;30mLevel 5[0m set package 'elementbot_navigation' build argument 'cmake_target_skip_unavailable' from command line to 'False'
[0.927s] [34mcolcon.colcon_core.verb[0m [1;30mLevel 5[0m set package 'elementbot_navigation' build argument 'cmake_clean_cache' from command line to 'False'
[0.927s] [34mcolcon.colcon_core.verb[0m [1;30mLevel 5[0m set package 'elementbot_navigation' build argument 'cmake_clean_first' from command line to 'False'
[0.927s] [34mcolcon.colcon_core.verb[0m [1;30mLevel 5[0m set package 'elementbot_navigation' build argument 'cmake_force_configure' from command line to 'False'
[0.927s] [34mcolcon.colcon_core.verb[0m [1;30mLevel 5[0m set package 'elementbot_navigation' build argument 'ament_cmake_args' from command line to 'None'
[0.927s] [34mcolcon.colcon_core.verb[0m [1;30mLevel 5[0m set package 'elementbot_navigation' build argument 'catkin_cmake_args' from command line to 'None'
[0.927s] [34mcolcon.colcon_core.verb[0m [1;30mLevel 5[0m set package 'elementbot_navigation' build argument 'catkin_skip_building_tests' from command line to 'False'
[0.927s] [34mcolcon.colcon_core.verb[0m [1;30mDEBUG[0m [32mBuilding package 'elementbot_navigation' with the following arguments: {'ament_cmake_args': None, 'build_base': '/home/ctk/element_ws/build/elementbot_navigation', 'catkin_cmake_args': None, 'catkin_skip_building_tests': False, 'cmake_args': None, 'cmake_clean_cache': False, 'cmake_clean_first': False, 'cmake_force_configure': False, 'cmake_target': None, 'cmake_target_skip_unavailable': False, 'install_base': '/home/ctk/element_ws/install/elementbot_navigation', 'merge_install': False, 'path': '/home/ctk/element_ws/src/elementbot_navigation', 'symlink_install': False, 'test_result_base': None}[0m
[0.928s] [34mcolcon.colcon_core.verb[0m [1;30mLevel 5[0m set package 'elementbot_urdf' build argument 'cmake_args' from command line to 'None'
[0.928s] [34mcolcon.colcon_core.verb[0m [1;30mLevel 5[0m set package 'elementbot_urdf' build argument 'cmake_target' from command line to 'None'
[0.928s] [34mcolcon.colcon_core.verb[0m [1;30mLevel 5[0m set package 'elementbot_urdf' build argument 'cmake_target_skip_unavailable' from command line to 'False'
[0.928s] [34mcolcon.colcon_core.verb[0m [1;30mLevel 5[0m set package 'elementbot_urdf' build argument 'cmake_clean_cache' from command line to 'False'
[0.928s] [34mcolcon.colcon_core.verb[0m [1;30mLevel 5[0m set package 'elementbot_urdf' build argument 'cmake_clean_first' from command line to 'False'
[0.929s] [34mcolcon.colcon_core.verb[0m [1;30mLevel 5[0m set package 'elementbot_urdf' build argument 'cmake_force_configure' from command line to 'False'
[0.929s] [34mcolcon.colcon_core.verb[0m [1;30mLevel 5[0m set package 'elementbot_urdf' build argument 'ament_cmake_args' from command line to 'None'
[0.929s] [34mcolcon.colcon_core.verb[0m [1;30mLevel 5[0m set package 'elementbot_urdf' build argument 'catkin_cmake_args' from command line to 'None'
[0.929s] [34mcolcon.colcon_core.verb[0m [1;30mLevel 5[0m set package 'elementbot_urdf' build argument 'catkin_skip_building_tests' from command line to 'False'
[0.929s] [34mcolcon.colcon_core.verb[0m [1;30mDEBUG[0m [32mBuilding package 'elementbot_urdf' with the following arguments: {'ament_cmake_args': None, 'build_base': '/home/ctk/element_ws/build/elementbot_urdf', 'catkin_cmake_args': None, 'catkin_skip_building_tests': False, 'cmake_args': None, 'cmake_clean_cache': False, 'cmake_clean_first': False, 'cmake_force_configure': False, 'cmake_target': None, 'cmake_target_skip_unavailable': False, 'install_base': '/home/ctk/element_ws/install/elementbot_urdf', 'merge_install': False, 'path': '/home/ctk/element_ws/src/elementbot_urdf', 'symlink_install': False, 'test_result_base': None}[0m
[0.930s] [34mcolcon.colcon_core.verb[0m [1;30mLevel 5[0m set package 'fall_down_yolov5' build argument 'cmake_args' from command line to 'None'
[0.931s] [34mcolcon.colcon_core.verb[0m [1;30mLevel 5[0m set package 'fall_down_yolov5' build argument 'cmake_target' from command line to 'None'
[0.931s] [34mcolcon.colcon_core.verb[0m [1;30mLevel 5[0m set package 'fall_down_yolov5' build argument 'cmake_target_skip_unavailable' from command line to 'False'
[0.931s] [34mcolcon.colcon_core.verb[0m [1;30mLevel 5[0m set package 'fall_down_yolov5' build argument 'cmake_clean_cache' from command line to 'False'
[0.931s] [34mcolcon.colcon_core.verb[0m [1;30mLevel 5[0m set package 'fall_down_yolov5' build argument 'cmake_clean_first' from command line to 'False'
[0.931s] [34mcolcon.colcon_core.verb[0m [1;30mLevel 5[0m set package 'fall_down_yolov5' build argument 'cmake_force_configure' from command line to 'False'
[0.931s] [34mcolcon.colcon_core.verb[0m [1;30mLevel 5[0m set package 'fall_down_yolov5' build argument 'ament_cmake_args' from command line to 'None'
[0.931s] [34mcolcon.colcon_core.verb[0m [1;30mLevel 5[0m set package 'fall_down_yolov5' build argument 'catkin_cmake_args' from command line to 'None'
[0.931s] [34mcolcon.colcon_core.verb[0m [1;30mLevel 5[0m set package 'fall_down_yolov5' build argument 'catkin_skip_building_tests' from command line to 'False'
[0.932s] [34mcolcon.colcon_core.verb[0m [1;30mDEBUG[0m [32mBuilding package 'fall_down_yolov5' with the following arguments: {'ament_cmake_args': None, 'build_base': '/home/ctk/element_ws/build/fall_down_yolov5', 'catkin_cmake_args': None, 'catkin_skip_building_tests': False, 'cmake_args': None, 'cmake_clean_cache': False, 'cmake_clean_first': False, 'cmake_force_configure': False, 'cmake_target': None, 'cmake_target_skip_unavailable': False, 'install_base': '/home/ctk/element_ws/install/fall_down_yolov5', 'merge_install': False, 'path': '/home/ctk/element_ws/src/fall_down_yolov5', 'symlink_install': False, 'test_result_base': None}[0m
[0.933s] [34mcolcon.colcon_core.verb[0m [1;30mLevel 5[0m set package 'line_follower' build argument 'cmake_args' from command line to 'None'
[0.933s] [34mcolcon.colcon_core.verb[0m [1;30mLevel 5[0m set package 'line_follower' build argument 'cmake_target' from command line to 'None'
[0.933s] [34mcolcon.colcon_core.verb[0m [1;30mLevel 5[0m set package 'line_follower' build argument 'cmake_target_skip_unavailable' from command line to 'False'
[0.933s] [34mcolcon.colcon_core.verb[0m [1;30mLevel 5[0m set package 'line_follower' build argument 'cmake_clean_cache' from command line to 'False'
[0.933s] [34mcolcon.colcon_core.verb[0m [1;30mLevel 5[0m set package 'line_follower' build argument 'cmake_clean_first' from command line to 'False'
[0.933s] [34mcolcon.colcon_core.verb[0m [1;30mLevel 5[0m set package 'line_follower' build argument 'cmake_force_configure' from command line to 'False'
[0.933s] [34mcolcon.colcon_core.verb[0m [1;30mLevel 5[0m set package 'line_follower' build argument 'ament_cmake_args' from command line to 'None'
[0.933s] [34mcolcon.colcon_core.verb[0m [1;30mLevel 5[0m set package 'line_follower' build argument 'catkin_cmake_args' from command line to 'None'
[0.933s] [34mcolcon.colcon_core.verb[0m [1;30mLevel 5[0m set package 'line_follower' build argument 'catkin_skip_building_tests' from command line to 'False'
[0.934s] [34mcolcon.colcon_core.verb[0m [1;30mDEBUG[0m [32mBuilding package 'line_follower' with the following arguments: {'ament_cmake_args': None, 'build_base': '/home/ctk/element_ws/build/line_follower', 'catkin_cmake_args': None, 'catkin_skip_building_tests': False, 'cmake_args': None, 'cmake_clean_cache': False, 'cmake_clean_first': False, 'cmake_force_configure': False, 'cmake_target': None, 'cmake_target_skip_unavailable': False, 'install_base': '/home/ctk/element_ws/install/line_follower', 'merge_install': False, 'path': '/home/ctk/element_ws/src/line_follower', 'symlink_install': False, 'test_result_base': None}[0m
[0.934s] [34mcolcon.colcon_core.verb[0m [1;30mLevel 5[0m set package 'yolov5_ros2' build argument 'cmake_args' from command line to 'None'
[0.935s] [34mcolcon.colcon_core.verb[0m [1;30mLevel 5[0m set package 'yolov5_ros2' build argument 'cmake_target' from command line to 'None'
[0.935s] [34mcolcon.colcon_core.verb[0m [1;30mLevel 5[0m set package 'yolov5_ros2' build argument 'cmake_target_skip_unavailable' from command line to 'False'
[0.935s] [34mcolcon.colcon_core.verb[0m [1;30mLevel 5[0m set package 'yolov5_ros2' build argument 'cmake_clean_cache' from command line to 'False'
[0.935s] [34mcolcon.colcon_core.verb[0m [1;30mLevel 5[0m set package 'yolov5_ros2' build argument 'cmake_clean_first' from command line to 'False'
[0.935s] [34mcolcon.colcon_core.verb[0m [1;30mLevel 5[0m set package 'yolov5_ros2' build argument 'cmake_force_configure' from command line to 'False'
[0.935s] [34mcolcon.colcon_core.verb[0m [1;30mLevel 5[0m set package 'yolov5_ros2' build argument 'ament_cmake_args' from command line to 'None'
[0.935s] [34mcolcon.colcon_core.verb[0m [1;30mLevel 5[0m set package 'yolov5_ros2' build argument 'catkin_cmake_args' from command line to 'None'
[0.935s] [34mcolcon.colcon_core.verb[0m [1;30mLevel 5[0m set package 'yolov5_ros2' build argument 'catkin_skip_building_tests' from command line to 'False'
[0.935s] [34mcolcon.colcon_core.verb[0m [1;30mDEBUG[0m [32mBuilding package 'yolov5_ros2' with the following arguments: {'ament_cmake_args': None, 'build_base': '/home/ctk/element_ws/build/yolov5_ros2', 'catkin_cmake_args': None, 'catkin_skip_building_tests': False, 'cmake_args': None, 'cmake_clean_cache': False, 'cmake_clean_first': False, 'cmake_force_configure': False, 'cmake_target': None, 'cmake_target_skip_unavailable': False, 'install_base': '/home/ctk/element_ws/install/yolov5_ros2', 'merge_install': False, 'path': '/home/ctk/element_ws/src/yolo5_sim/yolov5_ros2', 'symlink_install': False, 'test_result_base': None}[0m
[0.936s] [34mcolcon.colcon_core.executor[0m [1;30mINFO[0m Executing jobs using 'parallel' executor
[0.940s] [34mcolcon.colcon_parallel_executor.executor.parallel[0m [1;30mDEBUG[0m [32mrun_until_complete[0m
[0.940s] [34mcolcon.colcon_ros.task.ament_python.build[0m [1;30mINFO[0m Building ROS package in '/home/ctk/element_ws/src/elementbot_gazebo' with build type 'ament_python'
[0.941s] [34mcolcon.colcon_core.shell[0m [1;30mLevel 1[0m create_environment_hook('elementbot_gazebo', 'ament_prefix_path')
[0.946s] [34mcolcon.colcon_core.plugin_system[0m [1;30mINFO[0m Skipping extension 'colcon_core.shell.bat': Not used on non-Windows systems
[0.947s] [34mcolcon.colcon_core.shell[0m [1;30mINFO[0m Creating environment hook '/home/ctk/element_ws/install/elementbot_gazebo/share/elementbot_gazebo/hook/ament_prefix_path.ps1'
[0.951s] [34mcolcon.colcon_core.shell[0m [1;30mINFO[0m Creating environment descriptor '/home/ctk/element_ws/install/elementbot_gazebo/share/elementbot_gazebo/hook/ament_prefix_path.dsv'
[0.956s] [34mcolcon.colcon_core.shell[0m [1;30mINFO[0m Creating environment hook '/home/ctk/element_ws/install/elementbot_gazebo/share/elementbot_gazebo/hook/ament_prefix_path.sh'
[0.961s] [34mcolcon.colcon_core.shell[0m [1;30mINFO[0m Skip shell extension 'powershell' for command environment: Not usable outside of PowerShell
[0.963s] [34mcolcon.colcon_core.shell[0m [1;30mDEBUG[0m [32mSkip shell extension 'dsv' for command environment[0m
[0.979s] [34mcolcon.colcon_ros.task.ament_python.build[0m [1;30mINFO[0m Building ROS package in '/home/ctk/element_ws/src/elementbot_navigation' with build type 'ament_python'
[0.980s] [34mcolcon.colcon_core.shell[0m [1;30mLevel 1[0m create_environment_hook('elementbot_navigation', 'ament_prefix_path')
[0.981s] [34mcolcon.colcon_core.shell[0m [1;30mINFO[0m Creating environment hook '/home/ctk/element_ws/install/elementbot_navigation/share/elementbot_navigation/hook/ament_prefix_path.ps1'
[0.984s] [34mcolcon.colcon_core.shell[0m [1;30mINFO[0m Creating environment descriptor '/home/ctk/element_ws/install/elementbot_navigation/share/elementbot_navigation/hook/ament_prefix_path.dsv'
[0.987s] [34mcolcon.colcon_core.shell[0m [1;30mINFO[0m Creating environment hook '/home/ctk/element_ws/install/elementbot_navigation/share/elementbot_navigation/hook/ament_prefix_path.sh'
[0.988s] [34mcolcon.colcon_core.shell[0m [1;30mINFO[0m Skip shell extension 'powershell' for command environment: Not usable outside of PowerShell
[0.989s] [34mcolcon.colcon_core.shell[0m [1;30mDEBUG[0m [32mSkip shell extension 'dsv' for command environment[0m
[1.006s] [34mcolcon.colcon_ros.task.ament_python.build[0m [1;30mINFO[0m Building ROS package in '/home/ctk/element_ws/src/elementbot_urdf' with build type 'ament_python'
[1.009s] [34mcolcon.colcon_core.shell[0m [1;30mLevel 1[0m create_environment_hook('elementbot_urdf', 'ament_prefix_path')
[1.014s] [34mcolcon.colcon_core.shell[0m [1;30mINFO[0m Creating environment hook '/home/ctk/element_ws/install/elementbot_urdf/share/elementbot_urdf/hook/ament_prefix_path.ps1'
[1.016s] [34mcolcon.colcon_core.shell[0m [1;30mINFO[0m Creating environment descriptor '/home/ctk/element_ws/install/elementbot_urdf/share/elementbot_urdf/hook/ament_prefix_path.dsv'
[1.018s] [34mcolcon.colcon_core.shell[0m [1;30mINFO[0m Creating environment hook '/home/ctk/element_ws/install/elementbot_urdf/share/elementbot_urdf/hook/ament_prefix_path.sh'
[1.025s] [34mcolcon.colcon_core.shell[0m [1;30mINFO[0m Skip shell extension 'powershell' for command environment: Not usable outside of PowerShell
[1.027s] [34mcolcon.colcon_core.shell[0m [1;30mDEBUG[0m [32mSkip shell extension 'dsv' for command environment[0m
[1.053s] [34mcolcon.colcon_ros.task.ament_python.build[0m [1;30mINFO[0m Building ROS package in '/home/ctk/element_ws/src/fall_down_yolov5' with build type 'ament_python'
[1.056s] [34mcolcon.colcon_core.shell[0m [1;30mLevel 1[0m create_environment_hook('fall_down_yolov5', 'ament_prefix_path')
[1.058s] [34mcolcon.colcon_core.shell[0m [1;30mINFO[0m Creating environment hook '/home/ctk/element_ws/install/fall_down_yolov5/share/fall_down_yolov5/hook/ament_prefix_path.ps1'
[1.059s] [34mcolcon.colcon_core.shell[0m [1;30mINFO[0m Creating environment descriptor '/home/ctk/element_ws/install/fall_down_yolov5/share/fall_down_yolov5/hook/ament_prefix_path.dsv'
[1.062s] [34mcolcon.colcon_core.shell[0m [1;30mINFO[0m Creating environment hook '/home/ctk/element_ws/install/fall_down_yolov5/share/fall_down_yolov5/hook/ament_prefix_path.sh'
[1.069s] [34mcolcon.colcon_core.shell[0m [1;30mINFO[0m Skip shell extension 'powershell' for command environment: Not usable outside of PowerShell
[1.069s] [34mcolcon.colcon_core.shell[0m [1;30mDEBUG[0m [32mSkip shell extension 'dsv' for command environment[0m
[1.083s] [34mcolcon.colcon_ros.task.ament_python.build[0m [1;30mINFO[0m Building ROS package in '/home/ctk/element_ws/src/line_follower' with build type 'ament_python'
[1.086s] [34mcolcon.colcon_core.shell[0m [1;30mLevel 1[0m create_environment_hook('line_follower', 'ament_prefix_path')
[1.089s] [34mcolcon.colcon_core.shell[0m [1;30mINFO[0m Creating environment hook '/home/ctk/element_ws/install/line_follower/share/line_follower/hook/ament_prefix_path.ps1'
[1.094s] [34mcolcon.colcon_core.shell[0m [1;30mINFO[0m Creating environment descriptor '/home/ctk/element_ws/install/line_follower/share/line_follower/hook/ament_prefix_path.dsv'
[1.097s] [34mcolcon.colcon_core.shell[0m [1;30mINFO[0m Creating environment hook '/home/ctk/element_ws/install/line_follower/share/line_follower/hook/ament_prefix_path.sh'
[1.104s] [34mcolcon.colcon_core.shell[0m [1;30mINFO[0m Skip shell extension 'powershell' for command environment: Not usable outside of PowerShell
[1.106s] [34mcolcon.colcon_core.shell[0m [1;30mDEBUG[0m [32mSkip shell extension 'dsv' for command environment[0m
[1.120s] [34mcolcon.colcon_ros.task.ament_python.build[0m [1;30mINFO[0m Building ROS package in '/home/ctk/element_ws/src/yolo5_sim/yolov5_ros2' with build type 'ament_python'
[1.122s] [34mcolcon.colcon_core.shell[0m [1;30mLevel 1[0m create_environment_hook('yolov5_ros2', 'ament_prefix_path')
[1.123s] [34mcolcon.colcon_core.shell[0m [1;30mINFO[0m Creating environment hook '/home/ctk/element_ws/install/yolov5_ros2/share/yolov5_ros2/hook/ament_prefix_path.ps1'
[1.125s] [34mcolcon.colcon_core.shell[0m [1;30mINFO[0m Creating environment descriptor '/home/ctk/element_ws/install/yolov5_ros2/share/yolov5_ros2/hook/ament_prefix_path.dsv'
[1.126s] [34mcolcon.colcon_core.shell[0m [1;30mINFO[0m Creating environment hook '/home/ctk/element_ws/install/yolov5_ros2/share/yolov5_ros2/hook/ament_prefix_path.sh'
[1.129s] [34mcolcon.colcon_core.shell[0m [1;30mINFO[0m Skip shell extension 'powershell' for command environment: Not usable outside of PowerShell
[1.129s] [34mcolcon.colcon_core.shell[0m [1;30mDEBUG[0m [32mSkip shell extension 'dsv' for command environment[0m
[2.400s] [34mcolcon.colcon_core.task.python.build[0m [1;30mINFO[0m Building Python package in '/home/ctk/element_ws/src/elementbot_gazebo'
[2.401s] [34mcolcon.colcon_core.shell[0m [1;30mINFO[0m Skip shell extension 'powershell' for command environment: Not usable outside of PowerShell
[2.402s] [34mcolcon.colcon_core.shell[0m [1;30mDEBUG[0m [32mSkip shell extension 'dsv' for command environment[0m
[3.549s] [34mcolcon.colcon_core.task.python.build[0m [1;30mINFO[0m Building Python package in '/home/ctk/element_ws/src/elementbot_navigation'
[3.552s] [34mcolcon.colcon_core.shell[0m [1;30mINFO[0m Skip shell extension 'powershell' for command environment: Not usable outside of PowerShell
[3.552s] [34mcolcon.colcon_core.shell[0m [1;30mDEBUG[0m [32mSkip shell extension 'dsv' for command environment[0m
[4.763s] [34mcolcon.colcon_core.task.python.build[0m [1;30mINFO[0m Building Python package in '/home/ctk/element_ws/src/elementbot_urdf'
[4.767s] [34mcolcon.colcon_core.shell[0m [1;30mINFO[0m Skip shell extension 'powershell' for command environment: Not usable outside of PowerShell
[4.769s] [34mcolcon.colcon_core.shell[0m [1;30mDEBUG[0m [32mSkip shell extension 'dsv' for command environment[0m
[5.915s] [34mcolcon.colcon_ros.task.ament_python.build[0m [1;30mWARNING[0m [33mPackage 'fall_down_yolov5' doesn't explicitly install a marker in the package index (colcon-ros currently does it implicitly but that fallback will be removed in the future)[0m
[5.917s] [34mcolcon.colcon_core.task.python.build[0m [1;30mINFO[0m Building Python package in '/home/ctk/element_ws/src/fall_down_yolov5'
[5.920s] [34mcolcon.colcon_core.shell[0m [1;30mINFO[0m Skip shell extension 'powershell' for command environment: Not usable outside of PowerShell
[5.920s] [34mcolcon.colcon_core.shell[0m [1;30mDEBUG[0m [32mSkip shell extension 'dsv' for command environment[0m
[7.158s] [34mcolcon.colcon_core.task.python.build[0m [1;30mINFO[0m Building Python package in '/home/ctk/element_ws/src/line_follower'
[7.164s] [34mcolcon.colcon_core.shell[0m [1;30mINFO[0m Skip shell extension 'powershell' for command environment: Not usable outside of PowerShell
[7.165s] [34mcolcon.colcon_core.shell[0m [1;30mDEBUG[0m [32mSkip shell extension 'dsv' for command environment[0m
[8.331s] [34mcolcon.colcon_ros.task.ament_python.build[0m [1;30mWARNING[0m [33mPackage 'yolov5_ros2' doesn't explicitly install a marker in the package index (colcon-ros currently does it implicitly but that fallback will be removed in the future)[0m
[8.336s] [34mcolcon.colcon_core.task.python.build[0m [1;30mINFO[0m Building Python package in '/home/ctk/element_ws/src/yolo5_sim/yolov5_ros2'
[8.337s] [34mcolcon.colcon_core.shell[0m [1;30mINFO[0m Skip shell extension 'powershell' for command environment: Not usable outside of PowerShell
[8.338s] [34mcolcon.colcon_core.shell[0m [1;30mDEBUG[0m [32mSkip shell extension 'dsv' for command environment[0m
[12.047s] [34mcolcon.colcon_core.event_handler.log_command[0m [1;30mDEBUG[0m [32mInvoking command in '/home/ctk/element_ws/src/elementbot_urdf': PYTHONPATH=/home/ctk/element_ws/build/elementbot_urdf/prefix_override:/usr/lib/python3/dist-packages/colcon_core/task/python/colcon_distutils_commands:/home/ctk/element_ws/install/elementbot_urdf/lib/python3.10/site-packages:${PYTHONPATH} /usr/bin/python3 -W ignore:setup.py install is deprecated -W ignore:easy_install command is deprecated setup.py egg_info --egg-base ../../build/elementbot_urdf build --build-base /home/ctk/element_ws/build/elementbot_urdf/build install --record /home/ctk/element_ws/build/elementbot_urdf/install.log --single-version-externally-managed install_data[0m
[12.216s] [34mcolcon.colcon_core.event_handler.log_command[0m [1;30mDEBUG[0m [32mInvoking command in '/home/ctk/element_ws/src/line_follower': PYTHONPATH=/home/ctk/element_ws/build/line_follower/prefix_override:/usr/lib/python3/dist-packages/colcon_core/task/python/colcon_distutils_commands:/home/ctk/element_ws/install/line_follower/lib/python3.10/site-packages:${PYTHONPATH} /usr/bin/python3 -W ignore:setup.py install is deprecated -W ignore:easy_install command is deprecated setup.py egg_info --egg-base ../../build/line_follower build --build-base /home/ctk/element_ws/build/line_follower/build install --record /home/ctk/element_ws/build/line_follower/install.log --single-version-externally-managed install_data[0m
[12.386s] [34mcolcon.colcon_core.event_handler.log_command[0m [1;30mDEBUG[0m [32mInvoking command in '/home/ctk/element_ws/src/elementbot_navigation': PYTHONPATH=/home/ctk/element_ws/build/elementbot_navigation/prefix_override:/usr/lib/python3/dist-packages/colcon_core/task/python/colcon_distutils_commands:/home/ctk/element_ws/install/elementbot_navigation/lib/python3.10/site-packages:${PYTHONPATH} /usr/bin/python3 -W ignore:setup.py install is deprecated -W ignore:easy_install command is deprecated setup.py egg_info --egg-base ../../build/elementbot_navigation build --build-base /home/ctk/element_ws/build/elementbot_navigation/build install --record /home/ctk/element_ws/build/elementbot_navigation/install.log --single-version-externally-managed install_data[0m
[12.499s] [34mcolcon.colcon_core.event_handler.log_command[0m [1;30mDEBUG[0m [32mInvoking command in '/home/ctk/element_ws/src/fall_down_yolov5': PYTHONPATH=/home/ctk/element_ws/build/fall_down_yolov5/prefix_override:/usr/lib/python3/dist-packages/colcon_core/task/python/colcon_distutils_commands:/home/ctk/element_ws/install/fall_down_yolov5/lib/python3.10/site-packages:${PYTHONPATH} /usr/bin/python3 -W ignore:setup.py install is deprecated -W ignore:easy_install command is deprecated setup.py egg_info --egg-base ../../build/fall_down_yolov5 build --build-base /home/ctk/element_ws/build/fall_down_yolov5/build install --record /home/ctk/element_ws/build/fall_down_yolov5/install.log --single-version-externally-managed install_data[0m
[12.770s] [34mcolcon.colcon_core.event_handler.log_command[0m [1;30mDEBUG[0m [32mInvoking command in '/home/ctk/element_ws/src/yolo5_sim/yolov5_ros2': PYTHONPATH=/home/ctk/element_ws/build/yolov5_ros2/prefix_override:/usr/lib/python3/dist-packages/colcon_core/task/python/colcon_distutils_commands:/home/ctk/element_ws/install/yolov5_ros2/lib/python3.10/site-packages:${PYTHONPATH} /usr/bin/python3 -W ignore:setup.py install is deprecated -W ignore:easy_install command is deprecated setup.py egg_info --egg-base ../../../build/yolov5_ros2 build --build-base /home/ctk/element_ws/build/yolov5_ros2/build install --record /home/ctk/element_ws/build/yolov5_ros2/install.log --single-version-externally-managed install_data[0m
[13.923s] [34mcolcon.colcon_core.event_handler.log_command[0m [1;30mDEBUG[0m [32mInvoking command in '/home/ctk/element_ws/src/elementbot_gazebo': PYTHONPATH=/home/ctk/element_ws/build/elementbot_gazebo/prefix_override:/usr/lib/python3/dist-packages/colcon_core/task/python/colcon_distutils_commands:/home/ctk/element_ws/install/elementbot_gazebo/lib/python3.10/site-packages:${PYTHONPATH} /usr/bin/python3 -W ignore:setup.py install is deprecated -W ignore:easy_install command is deprecated setup.py egg_info --egg-base ../../build/elementbot_gazebo build --build-base /home/ctk/element_ws/build/elementbot_gazebo/build install --record /home/ctk/element_ws/build/elementbot_gazebo/install.log --single-version-externally-managed install_data[0m
[14.502s] [34mcolcon.colcon_core.event_handler.log_command[0m [1;30mDEBUG[0m [32mInvoked command in '/home/ctk/element_ws/src/line_follower' returned '0': PYTHONPATH=/home/ctk/element_ws/build/line_follower/prefix_override:/usr/lib/python3/dist-packages/colcon_core/task/python/colcon_distutils_commands:/home/ctk/element_ws/install/line_follower/lib/python3.10/site-packages:${PYTHONPATH} /usr/bin/python3 -W ignore:setup.py install is deprecated -W ignore:easy_install command is deprecated setup.py egg_info --egg-base ../../build/line_follower build --build-base /home/ctk/element_ws/build/line_follower/build install --record /home/ctk/element_ws/build/line_follower/install.log --single-version-externally-managed install_data[0m
[14.506s] [34mcolcon.colcon_core.environment[0m [1;30mLevel 1[0m checking '/home/ctk/element_ws/install/line_follower' for CMake module files
[14.516s] [34mcolcon.colcon_core.environment[0m [1;30mLevel 1[0m checking '/home/ctk/element_ws/install/line_follower' for CMake config files
[14.518s] [34mcolcon.colcon_core.environment[0m [1;30mLevel 1[0m checking '/home/ctk/element_ws/install/line_follower/lib'
[14.519s] [34mcolcon.colcon_core.environment[0m [1;30mLevel 1[0m checking '/home/ctk/element_ws/install/line_follower/bin'
[14.529s] [34mcolcon.colcon_core.environment[0m [1;30mLevel 1[0m checking '/home/ctk/element_ws/install/line_follower/lib/pkgconfig/line_follower.pc'
[14.530s] [34mcolcon.colcon_core.environment[0m [1;30mLevel 1[0m checking '/home/ctk/element_ws/install/line_follower/lib/python3.10/site-packages'
[14.530s] [34mcolcon.colcon_core.shell[0m [1;30mLevel 1[0m create_environment_hook('line_follower', 'pythonpath')
[14.536s] [34mcolcon.colcon_core.shell[0m [1;30mINFO[0m Creating environment hook '/home/ctk/element_ws/install/line_follower/share/line_follower/hook/pythonpath.ps1'
[14.541s] [34mcolcon.colcon_core.shell[0m [1;30mINFO[0m Creating environment descriptor '/home/ctk/element_ws/install/line_follower/share/line_follower/hook/pythonpath.dsv'
[14.545s] [34mcolcon.colcon_core.shell[0m [1;30mINFO[0m Creating environment hook '/home/ctk/element_ws/install/line_follower/share/line_follower/hook/pythonpath.sh'
[14.558s] [34mcolcon.colcon_core.environment[0m [1;30mLevel 1[0m checking '/home/ctk/element_ws/install/line_follower/bin'
[14.559s] [34mcolcon.colcon_core.environment[0m [1;30mLevel 1[0m create_environment_scripts_only(line_follower)
[14.560s] [34mcolcon.colcon_core.shell[0m [1;30mINFO[0m Creating package script '/home/ctk/element_ws/install/line_follower/share/line_follower/package.ps1'
[14.583s] [34mcolcon.colcon_core.shell[0m [1;30mINFO[0m Creating package descriptor '/home/ctk/element_ws/install/line_follower/share/line_follower/package.dsv'
[14.588s] [34mcolcon.colcon_core.shell[0m [1;30mINFO[0m Creating package script '/home/ctk/element_ws/install/line_follower/share/line_follower/package.sh'
[14.601s] [34mcolcon.colcon_core.shell[0m [1;30mINFO[0m Creating package script '/home/ctk/element_ws/install/line_follower/share/line_follower/package.bash'
[14.611s] [34mcolcon.colcon_core.shell[0m [1;30mINFO[0m Creating package script '/home/ctk/element_ws/install/line_follower/share/line_follower/package.zsh'
[14.620s] [34mcolcon.colcon_core.environment[0m [1;30mLevel 1[0m create_file_with_runtime_dependencies(/home/ctk/element_ws/install/line_follower/share/colcon-core/packages/line_follower)
[15.395s] [34mcolcon.colcon_core.environment[0m [1;30mLevel 1[0m checking '/home/ctk/element_ws/install/elementbot_urdf' for CMake module files
[15.398s] [34mcolcon.colcon_core.environment[0m [1;30mLevel 1[0m checking '/home/ctk/element_ws/install/elementbot_urdf' for CMake config files
[15.410s] [34mcolcon.colcon_core.environment[0m [1;30mLevel 1[0m checking '/home/ctk/element_ws/install/elementbot_urdf/lib'
[15.411s] [34mcolcon.colcon_core.environment[0m [1;30mLevel 1[0m checking '/home/ctk/element_ws/install/elementbot_urdf/bin'
[15.411s] [34mcolcon.colcon_core.environment[0m [1;30mLevel 1[0m checking '/home/ctk/element_ws/install/elementbot_urdf/lib/pkgconfig/elementbot_urdf.pc'
[15.412s] [34mcolcon.colcon_core.environment[0m [1;30mLevel 1[0m checking '/home/ctk/element_ws/install/elementbot_urdf/lib/python3.10/site-packages'
[15.412s] [34mcolcon.colcon_core.shell[0m [1;30mLevel 1[0m create_environment_hook('elementbot_urdf', 'pythonpath')
[15.416s] [34mcolcon.colcon_core.shell[0m [1;30mINFO[0m Creating environment hook '/home/ctk/element_ws/install/elementbot_urdf/share/elementbot_urdf/hook/pythonpath.ps1'
[15.419s] [34mcolcon.colcon_core.event_handler.log_command[0m [1;30mDEBUG[0m [32mInvoked command in '/home/ctk/element_ws/src/elementbot_urdf' returned '0': PYTHONPATH=/home/ctk/element_ws/build/elementbot_urdf/prefix_override:/usr/lib/python3/dist-packages/colcon_core/task/python/colcon_distutils_commands:/home/ctk/element_ws/install/elementbot_urdf/lib/python3.10/site-packages:${PYTHONPATH} /usr/bin/python3 -W ignore:setup.py install is deprecated -W ignore:easy_install command is deprecated setup.py egg_info --egg-base ../../build/elementbot_urdf build --build-base /home/ctk/element_ws/build/elementbot_urdf/build install --record /home/ctk/element_ws/build/elementbot_urdf/install.log --single-version-externally-managed install_data[0m
[15.423s] [34mcolcon.colcon_core.shell[0m [1;30mINFO[0m Creating environment descriptor '/home/ctk/element_ws/install/elementbot_urdf/share/elementbot_urdf/hook/pythonpath.dsv'
[15.433s] [34mcolcon.colcon_core.shell[0m [1;30mINFO[0m Creating environment hook '/home/ctk/element_ws/install/elementbot_urdf/share/elementbot_urdf/hook/pythonpath.sh'
[15.434s] [34mcolcon.colcon_core.environment[0m [1;30mLevel 1[0m checking '/home/ctk/element_ws/install/elementbot_urdf/bin'
[15.435s] [34mcolcon.colcon_core.environment[0m [1;30mLevel 1[0m create_environment_scripts_only(elementbot_urdf)
[15.439s] [34mcolcon.colcon_core.shell[0m [1;30mINFO[0m Creating package script '/home/ctk/element_ws/install/elementbot_urdf/share/elementbot_urdf/package.ps1'
[15.445s] [34mcolcon.colcon_core.shell[0m [1;30mINFO[0m Creating package descriptor '/home/ctk/element_ws/install/elementbot_urdf/share/elementbot_urdf/package.dsv'
[15.457s] [34mcolcon.colcon_core.shell[0m [1;30mINFO[0m Creating package script '/home/ctk/element_ws/install/elementbot_urdf/share/elementbot_urdf/package.sh'
[15.458s] [34mcolcon.colcon_core.shell[0m [1;30mINFO[0m Creating package script '/home/ctk/element_ws/install/elementbot_urdf/share/elementbot_urdf/package.bash'
[15.459s] [34mcolcon.colcon_core.shell[0m [1;30mINFO[0m Creating package script '/home/ctk/element_ws/install/elementbot_urdf/share/elementbot_urdf/package.zsh'
[15.468s] [34mcolcon.colcon_core.environment[0m [1;30mLevel 1[0m create_file_with_runtime_dependencies(/home/ctk/element_ws/install/elementbot_urdf/share/colcon-core/packages/elementbot_urdf)
[15.681s] [34mcolcon.colcon_core.environment[0m [1;30mLevel 1[0m checking '/home/ctk/element_ws/install/elementbot_navigation' for CMake module files
[15.682s] [34mcolcon.colcon_core.environment[0m [1;30mLevel 1[0m checking '/home/ctk/element_ws/install/elementbot_navigation' for CMake config files
[15.712s] [34mcolcon.colcon_core.environment[0m [1;30mLevel 1[0m checking '/home/ctk/element_ws/install/elementbot_navigation/lib'
[15.712s] [34mcolcon.colcon_core.environment[0m [1;30mLevel 1[0m checking '/home/ctk/element_ws/install/elementbot_navigation/bin'
[15.713s] [34mcolcon.colcon_core.environment[0m [1;30mLevel 1[0m checking '/home/ctk/element_ws/install/elementbot_navigation/lib/pkgconfig/elementbot_navigation.pc'
[15.713s] [34mcolcon.colcon_core.environment[0m [1;30mLevel 1[0m checking '/home/ctk/element_ws/install/elementbot_navigation/lib/python3.10/site-packages'
[15.713s] [34mcolcon.colcon_core.shell[0m [1;30mLevel 1[0m create_environment_hook('elementbot_navigation', 'pythonpath')
[15.714s] [34mcolcon.colcon_core.shell[0m [1;30mINFO[0m Creating environment hook '/home/ctk/element_ws/install/elementbot_navigation/share/elementbot_navigation/hook/pythonpath.ps1'
[15.689s] [34mcolcon.colcon_core.event_handler.log_command[0m [1;30mDEBUG[0m [32mInvoked command in '/home/ctk/element_ws/src/elementbot_navigation' returned '0': PYTHONPATH=/home/ctk/element_ws/build/elementbot_navigation/prefix_override:/usr/lib/python3/dist-packages/colcon_core/task/python/colcon_distutils_commands:/home/ctk/element_ws/install/elementbot_navigation/lib/python3.10/site-packages:${PYTHONPATH} /usr/bin/python3 -W ignore:setup.py install is deprecated -W ignore:easy_install command is deprecated setup.py egg_info --egg-base ../../build/elementbot_navigation build --build-base /home/ctk/element_ws/build/elementbot_navigation/build install --record /home/ctk/element_ws/build/elementbot_navigation/install.log --single-version-externally-managed install_data[0m
[15.727s] [34mcolcon.colcon_core.shell[0m [1;30mINFO[0m Creating environment descriptor '/home/ctk/element_ws/install/elementbot_navigation/share/elementbot_navigation/hook/pythonpath.dsv'
[15.728s] [34mcolcon.colcon_core.shell[0m [1;30mINFO[0m Creating environment hook '/home/ctk/element_ws/install/elementbot_navigation/share/elementbot_navigation/hook/pythonpath.sh'
[15.733s] [34mcolcon.colcon_core.environment[0m [1;30mLevel 1[0m checking '/home/ctk/element_ws/install/elementbot_navigation/bin'
[15.733s] [34mcolcon.colcon_core.environment[0m [1;30mLevel 1[0m create_environment_scripts_only(elementbot_navigation)
[15.734s] [34mcolcon.colcon_core.shell[0m [1;30mINFO[0m Creating package script '/home/ctk/element_ws/install/elementbot_navigation/share/elementbot_navigation/package.ps1'
[15.735s] [34mcolcon.colcon_core.shell[0m [1;30mINFO[0m Creating package descriptor '/home/ctk/element_ws/install/elementbot_navigation/share/elementbot_navigation/package.dsv'
[15.748s] [34mcolcon.colcon_core.shell[0m [1;30mINFO[0m Creating package script '/home/ctk/element_ws/install/elementbot_navigation/share/elementbot_navigation/package.sh'
[15.750s] [34mcolcon.colcon_core.shell[0m [1;30mINFO[0m Creating package script '/home/ctk/element_ws/install/elementbot_navigation/share/elementbot_navigation/package.bash'
[15.763s] [34mcolcon.colcon_core.shell[0m [1;30mINFO[0m Creating package script '/home/ctk/element_ws/install/elementbot_navigation/share/elementbot_navigation/package.zsh'
[15.764s] [34mcolcon.colcon_core.environment[0m [1;30mLevel 1[0m create_file_with_runtime_dependencies(/home/ctk/element_ws/install/elementbot_navigation/share/colcon-core/packages/elementbot_navigation)
[16.875s] [34mcolcon.colcon_core.environment[0m [1;30mLevel 1[0m checking '/home/ctk/element_ws/install/yolov5_ros2' for CMake module files
[16.879s] [34mcolcon.colcon_core.environment[0m [1;30mLevel 1[0m checking '/home/ctk/element_ws/install/yolov5_ros2' for CMake config files
[16.882s] [34mcolcon.colcon_core.event_handler.log_command[0m [1;30mDEBUG[0m [32mInvoked command in '/home/ctk/element_ws/src/yolo5_sim/yolov5_ros2' returned '0': PYTHONPATH=/home/ctk/element_ws/build/yolov5_ros2/prefix_override:/usr/lib/python3/dist-packages/colcon_core/task/python/colcon_distutils_commands:/home/ctk/element_ws/install/yolov5_ros2/lib/python3.10/site-packages:${PYTHONPATH} /usr/bin/python3 -W ignore:setup.py install is deprecated -W ignore:easy_install command is deprecated setup.py egg_info --egg-base ../../../build/yolov5_ros2 build --build-base /home/ctk/element_ws/build/yolov5_ros2/build install --record /home/ctk/element_ws/build/yolov5_ros2/install.log --single-version-externally-managed install_data[0m
[16.885s] [34mcolcon.colcon_core.environment[0m [1;30mLevel 1[0m checking '/home/ctk/element_ws/install/yolov5_ros2/lib'
[16.886s] [34mcolcon.colcon_core.environment[0m [1;30mLevel 1[0m checking '/home/ctk/element_ws/install/yolov5_ros2/bin'
[16.886s] [34mcolcon.colcon_core.environment[0m [1;30mLevel 1[0m checking '/home/ctk/element_ws/install/yolov5_ros2/lib/pkgconfig/yolov5_ros2.pc'
[16.886s] [34mcolcon.colcon_core.environment[0m [1;30mLevel 1[0m checking '/home/ctk/element_ws/install/yolov5_ros2/lib/python3.10/site-packages'
[16.887s] [34mcolcon.colcon_core.shell[0m [1;30mLevel 1[0m create_environment_hook('yolov5_ros2', 'pythonpath')
[16.888s] [34mcolcon.colcon_core.shell[0m [1;30mINFO[0m Creating environment hook '/home/ctk/element_ws/install/yolov5_ros2/share/yolov5_ros2/hook/pythonpath.ps1'
[16.890s] [34mcolcon.colcon_core.shell[0m [1;30mINFO[0m Creating environment descriptor '/home/ctk/element_ws/install/yolov5_ros2/share/yolov5_ros2/hook/pythonpath.dsv'
[16.894s] [34mcolcon.colcon_core.shell[0m [1;30mINFO[0m Creating environment hook '/home/ctk/element_ws/install/yolov5_ros2/share/yolov5_ros2/hook/pythonpath.sh'
[16.895s] [34mcolcon.colcon_core.environment[0m [1;30mLevel 1[0m checking '/home/ctk/element_ws/install/yolov5_ros2/bin'
[16.895s] [34mcolcon.colcon_core.environment[0m [1;30mLevel 1[0m create_environment_scripts_only(yolov5_ros2)
[16.898s] [34mcolcon.colcon_core.shell[0m [1;30mINFO[0m Creating package script '/home/ctk/element_ws/install/yolov5_ros2/share/yolov5_ros2/package.ps1'
[16.901s] [34mcolcon.colcon_core.shell[0m [1;30mINFO[0m Creating package descriptor '/home/ctk/element_ws/install/yolov5_ros2/share/yolov5_ros2/package.dsv'
[16.907s] [34mcolcon.colcon_core.shell[0m [1;30mINFO[0m Creating package script '/home/ctk/element_ws/install/yolov5_ros2/share/yolov5_ros2/package.sh'
[16.914s] [34mcolcon.colcon_core.shell[0m [1;30mINFO[0m Creating package script '/home/ctk/element_ws/install/yolov5_ros2/share/yolov5_ros2/package.bash'
[16.916s] [34mcolcon.colcon_core.shell[0m [1;30mINFO[0m Creating package script '/home/ctk/element_ws/install/yolov5_ros2/share/yolov5_ros2/package.zsh'
[16.918s] [34mcolcon.colcon_core.environment[0m [1;30mLevel 1[0m create_file_with_runtime_dependencies(/home/ctk/element_ws/install/yolov5_ros2/share/colcon-core/packages/yolov5_ros2)
[17.068s] [34mcolcon.colcon_core.environment[0m [1;30mLevel 1[0m checking '/home/ctk/element_ws/install/fall_down_yolov5' for CMake module files
[17.073s] [34mcolcon.colcon_core.event_handler.log_command[0m [1;30mDEBUG[0m [32mInvoked command in '/home/ctk/element_ws/src/fall_down_yolov5' returned '0': PYTHONPATH=/home/ctk/element_ws/build/fall_down_yolov5/prefix_override:/usr/lib/python3/dist-packages/colcon_core/task/python/colcon_distutils_commands:/home/ctk/element_ws/install/fall_down_yolov5/lib/python3.10/site-packages:${PYTHONPATH} /usr/bin/python3 -W ignore:setup.py install is deprecated -W ignore:easy_install command is deprecated setup.py egg_info --egg-base ../../build/fall_down_yolov5 build --build-base /home/ctk/element_ws/build/fall_down_yolov5/build install --record /home/ctk/element_ws/build/fall_down_yolov5/install.log --single-version-externally-managed install_data[0m
[17.074s] [34mcolcon.colcon_core.environment[0m [1;30mLevel 1[0m checking '/home/ctk/element_ws/install/fall_down_yolov5' for CMake config files
[17.077s] [34mcolcon.colcon_core.environment[0m [1;30mLevel 1[0m checking '/home/ctk/element_ws/install/fall_down_yolov5/lib'
[17.078s] [34mcolcon.colcon_core.environment[0m [1;30mLevel 1[0m checking '/home/ctk/element_ws/install/fall_down_yolov5/bin'
[17.078s] [34mcolcon.colcon_core.environment[0m [1;30mLevel 1[0m checking '/home/ctk/element_ws/install/fall_down_yolov5/lib/pkgconfig/fall_down_yolov5.pc'
[17.078s] [34mcolcon.colcon_core.environment[0m [1;30mLevel 1[0m checking '/home/ctk/element_ws/install/fall_down_yolov5/lib/python3.10/site-packages'
[17.079s] [34mcolcon.colcon_core.shell[0m [1;30mLevel 1[0m create_environment_hook('fall_down_yolov5', 'pythonpath')
[17.081s] [34mcolcon.colcon_core.shell[0m [1;30mINFO[0m Creating environment hook '/home/ctk/element_ws/install/fall_down_yolov5/share/fall_down_yolov5/hook/pythonpath.ps1'
[17.084s] [34mcolcon.colcon_core.shell[0m [1;30mINFO[0m Creating environment descriptor '/home/ctk/element_ws/install/fall_down_yolov5/share/fall_down_yolov5/hook/pythonpath.dsv'
[17.085s] [34mcolcon.colcon_core.shell[0m [1;30mINFO[0m Creating environment hook '/home/ctk/element_ws/install/fall_down_yolov5/share/fall_down_yolov5/hook/pythonpath.sh'
[17.087s] [34mcolcon.colcon_core.environment[0m [1;30mLevel 1[0m checking '/home/ctk/element_ws/install/fall_down_yolov5/bin'
[17.088s] [34mcolcon.colcon_core.environment[0m [1;30mLevel 1[0m create_environment_scripts_only(fall_down_yolov5)
[17.091s] [34mcolcon.colcon_core.shell[0m [1;30mINFO[0m Creating package script '/home/ctk/element_ws/install/fall_down_yolov5/share/fall_down_yolov5/package.ps1'
[17.100s] [34mcolcon.colcon_core.shell[0m [1;30mINFO[0m Creating package descriptor '/home/ctk/element_ws/install/fall_down_yolov5/share/fall_down_yolov5/package.dsv'
[17.110s] [34mcolcon.colcon_core.shell[0m [1;30mINFO[0m Creating package script '/home/ctk/element_ws/install/fall_down_yolov5/share/fall_down_yolov5/package.sh'
[17.119s] [34mcolcon.colcon_core.shell[0m [1;30mINFO[0m Creating package script '/home/ctk/element_ws/install/fall_down_yolov5/share/fall_down_yolov5/package.bash'
[17.122s] [34mcolcon.colcon_core.shell[0m [1;30mINFO[0m Creating package script '/home/ctk/element_ws/install/fall_down_yolov5/share/fall_down_yolov5/package.zsh'
[17.127s] [34mcolcon.colcon_core.environment[0m [1;30mLevel 1[0m create_file_with_runtime_dependencies(/home/ctk/element_ws/install/fall_down_yolov5/share/colcon-core/packages/fall_down_yolov5)
[18.077s] [34mcolcon.colcon_core.environment[0m [1;30mLevel 1[0m checking '/home/ctk/element_ws/install/elementbot_gazebo' for CMake module files
[18.081s] [34mcolcon.colcon_core.event_handler.log_command[0m [1;30mDEBUG[0m [32mInvoked command in '/home/ctk/element_ws/src/elementbot_gazebo' returned '0': PYTHONPATH=/home/ctk/element_ws/build/elementbot_gazebo/prefix_override:/usr/lib/python3/dist-packages/colcon_core/task/python/colcon_distutils_commands:/home/ctk/element_ws/install/elementbot_gazebo/lib/python3.10/site-packages:${PYTHONPATH} /usr/bin/python3 -W ignore:setup.py install is deprecated -W ignore:easy_install command is deprecated setup.py egg_info --egg-base ../../build/elementbot_gazebo build --build-base /home/ctk/element_ws/build/elementbot_gazebo/build install --record /home/ctk/element_ws/build/elementbot_gazebo/install.log --single-version-externally-managed install_data[0m
[18.081s] [34mcolcon.colcon_core.environment[0m [1;30mLevel 1[0m checking '/home/ctk/element_ws/install/elementbot_gazebo' for CMake config files
[18.085s] [34mcolcon.colcon_core.environment[0m [1;30mLevel 1[0m checking '/home/ctk/element_ws/install/elementbot_gazebo/lib'
[18.085s] [34mcolcon.colcon_core.environment[0m [1;30mLevel 1[0m checking '/home/ctk/element_ws/install/elementbot_gazebo/bin'
[18.086s] [34mcolcon.colcon_core.environment[0m [1;30mLevel 1[0m checking '/home/ctk/element_ws/install/elementbot_gazebo/lib/pkgconfig/elementbot_gazebo.pc'
[18.086s] [34mcolcon.colcon_core.environment[0m [1;30mLevel 1[0m checking '/home/ctk/element_ws/install/elementbot_gazebo/lib/python3.10/site-packages'
[18.087s] [34mcolcon.colcon_core.shell[0m [1;30mLevel 1[0m create_environment_hook('elementbot_gazebo', 'pythonpath')
[18.090s] [34mcolcon.colcon_core.shell[0m [1;30mINFO[0m Creating environment hook '/home/ctk/element_ws/install/elementbot_gazebo/share/elementbot_gazebo/hook/pythonpath.ps1'
[18.096s] [34mcolcon.colcon_core.shell[0m [1;30mINFO[0m Creating environment descriptor '/home/ctk/element_ws/install/elementbot_gazebo/share/elementbot_gazebo/hook/pythonpath.dsv'
[18.101s] [34mcolcon.colcon_core.shell[0m [1;30mINFO[0m Creating environment hook '/home/ctk/element_ws/install/elementbot_gazebo/share/elementbot_gazebo/hook/pythonpath.sh'
[18.105s] [34mcolcon.colcon_core.environment[0m [1;30mLevel 1[0m checking '/home/ctk/element_ws/install/elementbot_gazebo/bin'
[18.106s] [34mcolcon.colcon_core.environment[0m [1;30mLevel 1[0m create_environment_scripts_only(elementbot_gazebo)
[18.107s] [34mcolcon.colcon_core.shell[0m [1;30mINFO[0m Creating package script '/home/ctk/element_ws/install/elementbot_gazebo/share/elementbot_gazebo/package.ps1'
[18.110s] [34mcolcon.colcon_core.shell[0m [1;30mINFO[0m Creating package descriptor '/home/ctk/element_ws/install/elementbot_gazebo/share/elementbot_gazebo/package.dsv'
[18.119s] [34mcolcon.colcon_core.shell[0m [1;30mINFO[0m Creating package script '/home/ctk/element_ws/install/elementbot_gazebo/share/elementbot_gazebo/package.sh'
[18.128s] [34mcolcon.colcon_core.shell[0m [1;30mINFO[0m Creating package script '/home/ctk/element_ws/install/elementbot_gazebo/share/elementbot_gazebo/package.bash'
[18.134s] [34mcolcon.colcon_core.shell[0m [1;30mINFO[0m Creating package script '/home/ctk/element_ws/install/elementbot_gazebo/share/elementbot_gazebo/package.zsh'
[18.139s] [34mcolcon.colcon_core.environment[0m [1;30mLevel 1[0m create_file_with_runtime_dependencies(/home/ctk/element_ws/install/elementbot_gazebo/share/colcon-core/packages/elementbot_gazebo)
[18.143s] [34mcolcon.colcon_parallel_executor.executor.parallel[0m [1;30mDEBUG[0m [32mclosing loop[0m
[18.152s] [34mcolcon.colcon_parallel_executor.executor.parallel[0m [1;30mDEBUG[0m [32mloop closed[0m
[18.154s] [34mcolcon.colcon_parallel_executor.executor.parallel[0m [1;30mDEBUG[0m [32mrun_until_complete finished with '0'[0m
[18.154s] [34mcolcon.colcon_core.event_reactor[0m [1;30mDEBUG[0m [32mjoining thread[0m
[18.196s] [34mcolcon.colcon_core.plugin_system[0m [1;30mINFO[0m Skipping extension 'colcon_notification.desktop_notification.terminal_notifier': Not used on non-Darwin systems
[18.196s] [34mcolcon.colcon_core.plugin_system[0m [1;30mINFO[0m Skipping extension 'colcon_notification.desktop_notification.win32': Not used on non-Windows systems
[18.196s] [34mcolcon.colcon_notification.desktop_notification[0m [1;30mINFO[0m Sending desktop notification using 'notify2'
[18.253s] [34mcolcon.colcon_core.event_reactor[0m [1;30mDEBUG[0m [32mjoined thread[0m
[18.257s] [34mcolcon.colcon_core.shell[0m [1;30mINFO[0m Creating prefix script '/home/ctk/element_ws/install/local_setup.ps1'
[18.268s] [34mcolcon.colcon_core.shell[0m [1;30mINFO[0m Creating prefix util module '/home/ctk/element_ws/install/_local_setup_util_ps1.py'
[18.278s] [34mcolcon.colcon_core.shell[0m [1;30mINFO[0m Creating prefix chain script '/home/ctk/element_ws/install/setup.ps1'
[18.285s] [34mcolcon.colcon_core.shell[0m [1;30mINFO[0m Creating prefix script '/home/ctk/element_ws/install/local_setup.sh'
[18.291s] [34mcolcon.colcon_core.shell[0m [1;30mINFO[0m Creating prefix util module '/home/ctk/element_ws/install/_local_setup_util_sh.py'
[18.292s] [34mcolcon.colcon_core.shell[0m [1;30mINFO[0m Creating prefix chain script '/home/ctk/element_ws/install/setup.sh'
[18.297s] [34mcolcon.colcon_core.shell[0m [1;30mINFO[0m Creating prefix script '/home/ctk/element_ws/install/local_setup.bash'
[18.300s] [34mcolcon.colcon_core.shell[0m [1;30mINFO[0m Creating prefix chain script '/home/ctk/element_ws/install/setup.bash'
[18.307s] [34mcolcon.colcon_core.shell[0m [1;30mINFO[0m Creating prefix script '/home/ctk/element_ws/install/local_setup.zsh'
[18.309s] [34mcolcon.colcon_core.shell[0m [1;30mINFO[0m Creating prefix chain script '/home/ctk/element_ws/install/setup.zsh'
