[6.282s] Invoking command in '/home/ctk/element_ws/src/line_follower': PYTHONPATH=/home/ctk/element_ws/build/line_follower/prefix_override:/usr/lib/python3/dist-packages/colcon_core/task/python/colcon_distutils_commands:/home/ctk/element_ws/install/line_follower/lib/python3.10/site-packages:${PYTHONPATH} /usr/bin/python3 -W ignore:setup.py install is deprecated -W ignore:easy_install command is deprecated setup.py egg_info --egg-base ../../build/line_follower build --build-base /home/ctk/element_ws/build/line_follower/build install --record /home/ctk/element_ws/build/line_follower/install.log --single-version-externally-managed install_data
[7.540s] running egg_info
[7.646s] writing ../../build/line_follower/line_follower.egg-info/PKG-INFO
[7.648s] writing dependency_links to ../../build/line_follower/line_follower.egg-info/dependency_links.txt
[7.655s] writing entry points to ../../build/line_follower/line_follower.egg-info/entry_points.txt
[7.656s] writing requirements to ../../build/line_follower/line_follower.egg-info/requires.txt
[7.656s] writing top-level names to ../../build/line_follower/line_follower.egg-info/top_level.txt
[7.831s] reading manifest file '../../build/line_follower/line_follower.egg-info/SOURCES.txt'
[7.837s] writing manifest file '../../build/line_follower/line_follower.egg-info/SOURCES.txt'
[7.838s] running build
[7.838s] running build_py
[7.840s] copying line_follower/__init__.py -> /home/ctk/element_ws/build/line_follower/build/lib/line_follower
[7.843s] copying line_follower/line_follower.py -> /home/ctk/element_ws/build/line_follower/build/lib/line_follower
[7.843s] running install
[7.869s] running install_lib
[7.965s] running install_data
[7.967s] copying resource/line_follower -> /home/ctk/element_ws/install/line_follower/share/ament_index/resource_index/packages
[7.972s] copying package.xml -> /home/ctk/element_ws/install/line_follower/share/line_follower
[7.973s] copying launch/elementbot_gz_line_follower.launch.py -> /home/ctk/element_ws/install/line_follower/share/line_follower/launch
[7.979s] running install_egg_info
[8.029s] removing '/home/ctk/element_ws/install/line_follower/lib/python3.10/site-packages/line_follower-0.0.0-py3.10.egg-info' (and everything under it)
[8.030s] Copying ../../build/line_follower/line_follower.egg-info to /home/ctk/element_ws/install/line_follower/lib/python3.10/site-packages/line_follower-0.0.0-py3.10.egg-info
[8.038s] running install_scripts
[8.577s] Installing line_follower script to /home/ctk/element_ws/install/line_follower/lib/line_follower
[8.589s] writing list of installed files to '/home/ctk/element_ws/build/line_follower/install.log'
[8.834s] Invoked command in '/home/ctk/element_ws/src/line_follower' returned '0': PYTHONPATH=/home/ctk/element_ws/build/line_follower/prefix_override:/usr/lib/python3/dist-packages/colcon_core/task/python/colcon_distutils_commands:/home/ctk/element_ws/install/line_follower/lib/python3.10/site-packages:${PYTHONPATH} /usr/bin/python3 -W ignore:setup.py install is deprecated -W ignore:easy_install command is deprecated setup.py egg_info --egg-base ../../build/line_follower build --build-base /home/ctk/element_ws/build/line_follower/build install --record /home/ctk/element_ws/build/line_follower/install.log --single-version-externally-managed install_data
