running egg_info
creating ../../build/elementbot_navigation/elementbot_navigation.egg-info
writing ../../build/elementbot_navigation/elementbot_navigation.egg-info/PKG-INFO
writing dependency_links to ../../build/elementbot_navigation/elementbot_navigation.egg-info/dependency_links.txt
writing requirements to ../../build/elementbot_navigation/elementbot_navigation.egg-info/requires.txt
writing top-level names to ../../build/elementbot_navigation/elementbot_navigation.egg-info/top_level.txt
writing manifest file '../../build/elementbot_navigation/elementbot_navigation.egg-info/SOURCES.txt'
reading manifest file '../../build/elementbot_navigation/elementbot_navigation.egg-info/SOURCES.txt'
writing manifest file '../../build/elementbot_navigation/elementbot_navigation.egg-info/SOURCES.txt'
running build
running build_py
creating /home/ctk/element_ws/build/elementbot_navigation/build
creating /home/ctk/element_ws/build/elementbot_navigation/build/lib
creating /home/ctk/element_ws/build/elementbot_navigation/build/lib/elementbot_navigation
copying elementbot_navigation/__init__.py -> /home/ctk/element_ws/build/elementbot_navigation/build/lib/elementbot_navigation
running install
running install_lib
creating /home/ctk/element_ws/install/elementbot_navigation/lib/python3.10/site-packages/elementbot_navigation
copying /home/ctk/element_ws/build/elementbot_navigation/build/lib/elementbot_navigation/__init__.py -> /home/ctk/element_ws/install/elementbot_navigation/lib/python3.10/site-packages/elementbot_navigation
byte-compiling /home/ctk/element_ws/install/elementbot_navigation/lib/python3.10/site-packages/elementbot_navigation/__init__.py to __init__.cpython-310.pyc
running install_data
creating /home/ctk/element_ws/install/elementbot_navigation/share/ament_index
creating /home/ctk/element_ws/install/elementbot_navigation/share/ament_index/resource_index
creating /home/ctk/element_ws/install/elementbot_navigation/share/ament_index/resource_index/packages
copying resource/elementbot_navigation -> /home/ctk/element_ws/install/elementbot_navigation/share/ament_index/resource_index/packages
copying package.xml -> /home/ctk/element_ws/install/elementbot_navigation/share/elementbot_navigation
running install_egg_info
Copying ../../build/elementbot_navigation/elementbot_navigation.egg-info to /home/ctk/element_ws/install/elementbot_navigation/lib/python3.10/site-packages/elementbot_navigation-0.0.0-py3.10.egg-info
running install_scripts
writing list of installed files to '/home/ctk/element_ws/build/elementbot_navigation/install.log'
