/home/ctk/element_ws/install/yolov5_ros2/lib/python3.10/site-packages/yolov5_ros2/__init__.py
/home/ctk/element_ws/install/yolov5_ros2/lib/python3.10/site-packages/yolov5_ros2/fall_down_yolov8.py
/home/ctk/element_ws/install/yolov5_ros2/lib/python3.10/site-packages/yolov5_ros2/yolo_detect_2d.py
/home/ctk/element_ws/install/yolov5_ros2/lib/python3.10/site-packages/yolov5_ros2/cv_tool.py
/home/ctk/element_ws/install/yolov5_ros2/lib/python3.10/site-packages/yolov5_ros2/__pycache__/__init__.cpython-310.pyc
/home/ctk/element_ws/install/yolov5_ros2/lib/python3.10/site-packages/yolov5_ros2/__pycache__/fall_down_yolov8.cpython-310.pyc
/home/ctk/element_ws/install/yolov5_ros2/lib/python3.10/site-packages/yolov5_ros2/__pycache__/yolo_detect_2d.cpython-310.pyc
/home/ctk/element_ws/install/yolov5_ros2/lib/python3.10/site-packages/yolov5_ros2/__pycache__/cv_tool.cpython-310.pyc
/home/ctk/element_ws/install/yolov5_ros2/share/ament_index/resource_index/packages/yolov5_ros2
/home/ctk/element_ws/install/yolov5_ros2/share/yolov5_ros2/package.xml
/home/ctk/element_ws/install/yolov5_ros2/share/yolov5_ros2/launch/fall_down_yolov8.launch.py
/home/ctk/element_ws/install/yolov5_ros2/share/yolov5_ros2/launch/yolov5_ros2.launch.py
/home/ctk/element_ws/install/yolov5_ros2/share/yolov5_ros2/config/best.pt
/home/ctk/element_ws/install/yolov5_ros2/share/yolov5_ros2/config/camera_info.yaml
/home/ctk/element_ws/install/yolov5_ros2/share/yolov5_ros2/config/yolov5s.pt
/home/ctk/element_ws/install/yolov5_ros2/share/yolov5_ros2/resource/mouse.png
/home/ctk/element_ws/install/yolov5_ros2/share/yolov5_ros2/resource/fish.jpg
/home/ctk/element_ws/install/yolov5_ros2/share/yolov5_ros2/resource/yolov5_ros2
/home/ctk/element_ws/install/yolov5_ros2/lib/python3.10/site-packages/yolov5_ros2-0.0.0-py3.10.egg-info/zip-safe
/home/ctk/element_ws/install/yolov5_ros2/lib/python3.10/site-packages/yolov5_ros2-0.0.0-py3.10.egg-info/entry_points.txt
/home/ctk/element_ws/install/yolov5_ros2/lib/python3.10/site-packages/yolov5_ros2-0.0.0-py3.10.egg-info/top_level.txt
/home/ctk/element_ws/install/yolov5_ros2/lib/python3.10/site-packages/yolov5_ros2-0.0.0-py3.10.egg-info/SOURCES.txt
/home/ctk/element_ws/install/yolov5_ros2/lib/python3.10/site-packages/yolov5_ros2-0.0.0-py3.10.egg-info/PKG-INFO
/home/ctk/element_ws/install/yolov5_ros2/lib/python3.10/site-packages/yolov5_ros2-0.0.0-py3.10.egg-info/dependency_links.txt
/home/ctk/element_ws/install/yolov5_ros2/lib/python3.10/site-packages/yolov5_ros2-0.0.0-py3.10.egg-info/requires.txt
/home/ctk/element_ws/install/yolov5_ros2/lib/yolov5_ros2/fall_down_yolov8
/home/ctk/element_ws/install/yolov5_ros2/lib/yolov5_ros2/yolo_detect_2d
