/home/ctk/element_ws/install/fall_down_yolov5/lib/python3.10/site-packages/fall_down_yolov5/fall_down_detect_yolov5.py
/home/ctk/element_ws/install/fall_down_yolov5/lib/python3.10/site-packages/fall_down_yolov5/__init__.py
/home/ctk/element_ws/install/fall_down_yolov5/lib/python3.10/site-packages/fall_down_yolov5/cv_tool.py
/home/ctk/element_ws/install/fall_down_yolov5/lib/python3.10/site-packages/fall_down_yolov5/__pycache__/fall_down_detect_yolov5.cpython-310.pyc
/home/ctk/element_ws/install/fall_down_yolov5/lib/python3.10/site-packages/fall_down_yolov5/__pycache__/__init__.cpython-310.pyc
/home/ctk/element_ws/install/fall_down_yolov5/lib/python3.10/site-packages/fall_down_yolov5/__pycache__/cv_tool.cpython-310.pyc
/home/ctk/element_ws/install/fall_down_yolov5/share/ament_index/resource_index/packages/fall_down_yolov5
/home/ctk/element_ws/install/fall_down_yolov5/share/fall_down_yolov5/package.xml
/home/ctk/element_ws/install/fall_down_yolov5/share/fall_down_yolov5/launch
/home/ctk/element_ws/install/fall_down_yolov5/share/fall_down_yolov5/config/best.pt
/home/ctk/element_ws/install/fall_down_yolov5/share/fall_down_yolov5/config/camera_info.yaml
/home/ctk/element_ws/install/fall_down_yolov5/share/fall_down_yolov5/config/yolov5s.pt
/home/ctk/element_ws/install/fall_down_yolov5/share/fall_down_yolov5/resource/fall_down_yolov5
/home/ctk/element_ws/install/fall_down_yolov5/lib/python3.10/site-packages/fall_down_yolov5-0.0.0-py3.10.egg-info/zip-safe
/home/ctk/element_ws/install/fall_down_yolov5/lib/python3.10/site-packages/fall_down_yolov5-0.0.0-py3.10.egg-info/entry_points.txt
/home/ctk/element_ws/install/fall_down_yolov5/lib/python3.10/site-packages/fall_down_yolov5-0.0.0-py3.10.egg-info/top_level.txt
/home/ctk/element_ws/install/fall_down_yolov5/lib/python3.10/site-packages/fall_down_yolov5-0.0.0-py3.10.egg-info/SOURCES.txt
/home/ctk/element_ws/install/fall_down_yolov5/lib/python3.10/site-packages/fall_down_yolov5-0.0.0-py3.10.egg-info/PKG-INFO
/home/ctk/element_ws/install/fall_down_yolov5/lib/python3.10/site-packages/fall_down_yolov5-0.0.0-py3.10.egg-info/dependency_links.txt
/home/ctk/element_ws/install/fall_down_yolov5/lib/python3.10/site-packages/fall_down_yolov5-0.0.0-py3.10.egg-info/requires.txt
/home/ctk/element_ws/install/fall_down_yolov5/lib/fall_down_yolov5/fall_down_detect_yolov5
