[7.783s] Invoking command in '/home/ctk/element_ws/src/fall_down_yolov5': PYTHONPATH=/home/ctk/element_ws/build/fall_down_yolov5/prefix_override:/usr/lib/python3/dist-packages/colcon_core/task/python/colcon_distutils_commands:/home/ctk/element_ws/install/fall_down_yolov5/lib/python3.10/site-packages:${PYTHONPATH} /usr/bin/python3 -W ignore:setup.py install is deprecated -W ignore:easy_install command is deprecated setup.py egg_info --egg-base ../../build/fall_down_yolov5 build --build-base /home/ctk/element_ws/build/fall_down_yolov5/build install --record /home/ctk/element_ws/build/fall_down_yolov5/install.log --single-version-externally-managed install_data
[8.884s] running egg_info
[8.931s] writing ../../build/fall_down_yolov5/fall_down_yolov5.egg-info/PKG-INFO
[8.931s] writing dependency_links to ../../build/fall_down_yolov5/fall_down_yolov5.egg-info/dependency_links.txt
[8.931s] writing entry points to ../../build/fall_down_yolov5/fall_down_yolov5.egg-info/entry_points.txt
[8.931s] writing requirements to ../../build/fall_down_yolov5/fall_down_yolov5.egg-info/requires.txt
[8.931s] writing top-level names to ../../build/fall_down_yolov5/fall_down_yolov5.egg-info/top_level.txt
[9.025s] reading manifest file '../../build/fall_down_yolov5/fall_down_yolov5.egg-info/SOURCES.txt'
[9.030s] writing manifest file '../../build/fall_down_yolov5/fall_down_yolov5.egg-info/SOURCES.txt'
[9.030s] running build
[9.030s] running build_py
[9.038s] copying fall_down_yolov5/fall_down_detect_yolov5.py -> /home/ctk/element_ws/build/fall_down_yolov5/build/lib/fall_down_yolov5
[9.038s] copying fall_down_yolov5/__init__.py -> /home/ctk/element_ws/build/fall_down_yolov5/build/lib/fall_down_yolov5
[9.038s] copying fall_down_yolov5/cv_tool.py -> /home/ctk/element_ws/build/fall_down_yolov5/build/lib/fall_down_yolov5
[9.038s] running install
[9.048s] running install_lib
[9.096s] running install_data
[9.096s] copying package.xml -> /home/ctk/element_ws/install/fall_down_yolov5/share/fall_down_yolov5
[9.097s] copying config/best.pt -> /home/ctk/element_ws/install/fall_down_yolov5/share/fall_down_yolov5/config
[9.137s] copying config/camera_info.yaml -> /home/ctk/element_ws/install/fall_down_yolov5/share/fall_down_yolov5/config
[9.138s] copying config/yolov5s.pt -> /home/ctk/element_ws/install/fall_down_yolov5/share/fall_down_yolov5/config
[9.186s] copying resource/fall_down_yolov5 -> /home/ctk/element_ws/install/fall_down_yolov5/share/fall_down_yolov5/resource
[9.194s] running install_egg_info
[9.271s] removing '/home/ctk/element_ws/install/fall_down_yolov5/lib/python3.10/site-packages/fall_down_yolov5-0.0.0-py3.10.egg-info' (and everything under it)
[9.272s] Copying ../../build/fall_down_yolov5/fall_down_yolov5.egg-info to /home/ctk/element_ws/install/fall_down_yolov5/lib/python3.10/site-packages/fall_down_yolov5-0.0.0-py3.10.egg-info
[9.275s] running install_scripts
[10.158s] Installing fall_down_detect_yolov5 script to /home/ctk/element_ws/install/fall_down_yolov5/lib/fall_down_yolov5
[10.159s] writing list of installed files to '/home/ctk/element_ws/build/fall_down_yolov5/install.log'
[10.518s] Invoked command in '/home/ctk/element_ws/src/fall_down_yolov5' returned '0': PYTHONPATH=/home/ctk/element_ws/build/fall_down_yolov5/prefix_override:/usr/lib/python3/dist-packages/colcon_core/task/python/colcon_distutils_commands:/home/ctk/element_ws/install/fall_down_yolov5/lib/python3.10/site-packages:${PYTHONPATH} /usr/bin/python3 -W ignore:setup.py install is deprecated -W ignore:easy_install command is deprecated setup.py egg_info --egg-base ../../build/fall_down_yolov5 build --build-base /home/ctk/element_ws/build/fall_down_yolov5/build install --record /home/ctk/element_ws/build/fall_down_yolov5/install.log --single-version-externally-managed install_data
