[6.481s] Invoking command in '/home/ctk/element_ws/src/line_follower': PYTHONPATH=/home/ctk/element_ws/build/line_follower/prefix_override:/usr/lib/python3/dist-packages/colcon_core/task/python/colcon_distutils_commands:/home/ctk/element_ws/install/line_follower/lib/python3.10/site-packages:${PYTHONPATH} /usr/bin/python3 -W ignore:setup.py install is deprecated -W ignore:easy_install command is deprecated setup.py egg_info --egg-base ../../build/line_follower build --build-base /home/ctk/element_ws/build/line_follower/build install --record /home/ctk/element_ws/build/line_follower/install.log --single-version-externally-managed install_data
[7.718s] running egg_info
[7.772s] writing ../../build/line_follower/line_follower.egg-info/PKG-INFO
[7.778s] writing dependency_links to ../../build/line_follower/line_follower.egg-info/dependency_links.txt
[7.782s] writing entry points to ../../build/line_follower/line_follower.egg-info/entry_points.txt
[7.789s] writing requirements to ../../build/line_follower/line_follower.egg-info/requires.txt
[7.789s] writing top-level names to ../../build/line_follower/line_follower.egg-info/top_level.txt
[7.981s] reading manifest file '../../build/line_follower/line_follower.egg-info/SOURCES.txt'
[7.984s] writing manifest file '../../build/line_follower/line_follower.egg-info/SOURCES.txt'
[7.984s] running build
[7.988s] running build_py
[7.992s] copying line_follower/__init__.py -> /home/ctk/element_ws/build/line_follower/build/lib/line_follower
[7.993s] copying line_follower/line_follower.py -> /home/ctk/element_ws/build/line_follower/build/lib/line_follower
[7.998s] running install
[8.027s] running install_lib
[8.079s] running install_data
[8.085s] copying resource/line_follower -> /home/ctk/element_ws/install/line_follower/share/ament_index/resource_index/packages
[8.089s] copying package.xml -> /home/ctk/element_ws/install/line_follower/share/line_follower
[8.089s] copying launch/elementbot_gz_line_follower.launch.py -> /home/ctk/element_ws/install/line_follower/share/line_follower/launch
[8.093s] running install_egg_info
[8.162s] removing '/home/ctk/element_ws/install/line_follower/lib/python3.10/site-packages/line_follower-0.0.0-py3.10.egg-info' (and everything under it)
[8.169s] Copying ../../build/line_follower/line_follower.egg-info to /home/ctk/element_ws/install/line_follower/lib/python3.10/site-packages/line_follower-0.0.0-py3.10.egg-info
[8.172s] running install_scripts
[8.747s] Installing line_follower script to /home/ctk/element_ws/install/line_follower/lib/line_follower
[8.747s] writing list of installed files to '/home/ctk/element_ws/build/line_follower/install.log'
[8.993s] Invoked command in '/home/ctk/element_ws/src/line_follower' returned '0': PYTHONPATH=/home/ctk/element_ws/build/line_follower/prefix_override:/usr/lib/python3/dist-packages/colcon_core/task/python/colcon_distutils_commands:/home/ctk/element_ws/install/line_follower/lib/python3.10/site-packages:${PYTHONPATH} /usr/bin/python3 -W ignore:setup.py install is deprecated -W ignore:easy_install command is deprecated setup.py egg_info --egg-base ../../build/line_follower build --build-base /home/ctk/element_ws/build/line_follower/build install --record /home/ctk/element_ws/build/line_follower/install.log --single-version-externally-managed install_data
