[10.120s] Invoking command in '/home/ctk/element_ws/src/yolo5_sim/yolov5_ros2': PYTHONPATH=/home/ctk/element_ws/build/yolov5_ros2/prefix_override:/usr/lib/python3/dist-packages/colcon_core/task/python/colcon_distutils_commands:/home/ctk/element_ws/install/yolov5_ros2/lib/python3.10/site-packages:${PYTHONPATH} /usr/bin/python3 -W ignore:setup.py install is deprecated -W ignore:easy_install command is deprecated setup.py egg_info --egg-base ../../../build/yolov5_ros2 build --build-base /home/ctk/element_ws/build/yolov5_ros2/build install --record /home/ctk/element_ws/build/yolov5_ros2/install.log --single-version-externally-managed install_data
[11.581s] running egg_info
[11.695s] writing ../../../build/yolov5_ros2/yolov5_ros2.egg-info/PKG-INFO
[11.695s] writing dependency_links to ../../../build/yolov5_ros2/yolov5_ros2.egg-info/dependency_links.txt
[11.695s] writing entry points to ../../../build/yolov5_ros2/yolov5_ros2.egg-info/entry_points.txt
[11.695s] writing requirements to ../../../build/yolov5_ros2/yolov5_ros2.egg-info/requires.txt
[11.695s] writing top-level names to ../../../build/yolov5_ros2/yolov5_ros2.egg-info/top_level.txt
[11.898s] reading manifest file '../../../build/yolov5_ros2/yolov5_ros2.egg-info/SOURCES.txt'
[11.906s] writing manifest file '../../../build/yolov5_ros2/yolov5_ros2.egg-info/SOURCES.txt'
[11.911s] running build
[11.914s] running build_py
[11.916s] copying yolov5_ros2/__init__.py -> /home/ctk/element_ws/build/yolov5_ros2/build/lib/yolov5_ros2
[11.917s] copying yolov5_ros2/fall_down_yolov8.py -> /home/ctk/element_ws/build/yolov5_ros2/build/lib/yolov5_ros2
[11.923s] copying yolov5_ros2/yolo_detect_2d.py -> /home/ctk/element_ws/build/yolov5_ros2/build/lib/yolov5_ros2
[11.923s] copying yolov5_ros2/cv_tool.py -> /home/ctk/element_ws/build/yolov5_ros2/build/lib/yolov5_ros2
[11.930s] running install
[11.953s] running install_lib
[12.110s] running install_data
[12.129s] copying package.xml -> /home/ctk/element_ws/install/yolov5_ros2/share/yolov5_ros2
[12.129s] copying launch/fall_down_yolov8.launch.py -> /home/ctk/element_ws/install/yolov5_ros2/share/yolov5_ros2/launch
[12.135s] copying launch/yolov5_ros2.launch.py -> /home/ctk/element_ws/install/yolov5_ros2/share/yolov5_ros2/launch
[12.136s] copying config/best.pt -> /home/ctk/element_ws/install/yolov5_ros2/share/yolov5_ros2/config
[12.235s] copying config/camera_info.yaml -> /home/ctk/element_ws/install/yolov5_ros2/share/yolov5_ros2/config
[12.248s] copying config/yolov5s.pt -> /home/ctk/element_ws/install/yolov5_ros2/share/yolov5_ros2/config
[12.328s] copying resource/mouse.png -> /home/ctk/element_ws/install/yolov5_ros2/share/yolov5_ros2/resource
[12.332s] copying resource/fish.jpg -> /home/ctk/element_ws/install/yolov5_ros2/share/yolov5_ros2/resource
[12.341s] copying resource/yolov5_ros2 -> /home/ctk/element_ws/install/yolov5_ros2/share/yolov5_ros2/resource
[12.341s] running install_egg_info
[12.461s] removing '/home/ctk/element_ws/install/yolov5_ros2/lib/python3.10/site-packages/yolov5_ros2-0.0.0-py3.10.egg-info' (and everything under it)
[12.480s] Copying ../../../build/yolov5_ros2/yolov5_ros2.egg-info to /home/ctk/element_ws/install/yolov5_ros2/lib/python3.10/site-packages/yolov5_ros2-0.0.0-py3.10.egg-info
[12.487s] running install_scripts
[13.250s] Installing fall_down_yolov8 script to /home/ctk/element_ws/install/yolov5_ros2/lib/yolov5_ros2
[13.250s] Installing yolo_detect_2d script to /home/ctk/element_ws/install/yolov5_ros2/lib/yolov5_ros2
[13.251s] writing list of installed files to '/home/ctk/element_ws/build/yolov5_ros2/install.log'
[13.448s] Invoked command in '/home/ctk/element_ws/src/yolo5_sim/yolov5_ros2' returned '0': PYTHONPATH=/home/ctk/element_ws/build/yolov5_ros2/prefix_override:/usr/lib/python3/dist-packages/colcon_core/task/python/colcon_distutils_commands:/home/ctk/element_ws/install/yolov5_ros2/lib/python3.10/site-packages:${PYTHONPATH} /usr/bin/python3 -W ignore:setup.py install is deprecated -W ignore:easy_install command is deprecated setup.py egg_info --egg-base ../../../build/yolov5_ros2 build --build-base /home/ctk/element_ws/build/yolov5_ros2/build install --record /home/ctk/element_ws/build/yolov5_ros2/install.log --single-version-externally-managed install_data
