[10.225s] Invoking command in '/home/ctk/element_ws/src/yolo5_sim/yolov5_ros2': PYTHONPATH=/home/ctk/element_ws/build/yolov5_ros2/prefix_override:/usr/lib/python3/dist-packages/colcon_core/task/python/colcon_distutils_commands:/home/ctk/element_ws/install/yolov5_ros2/lib/python3.10/site-packages:${PYTHONPATH} /usr/bin/python3 -W ignore:setup.py install is deprecated -W ignore:easy_install command is deprecated setup.py egg_info --egg-base ../../../build/yolov5_ros2 build --build-base /home/ctk/element_ws/build/yolov5_ros2/build install --record /home/ctk/element_ws/build/yolov5_ros2/install.log --single-version-externally-managed install_data
[11.252s] running egg_info
[11.289s] writing ../../../build/yolov5_ros2/yolov5_ros2.egg-info/PKG-INFO
[11.290s] writing dependency_links to ../../../build/yolov5_ros2/yolov5_ros2.egg-info/dependency_links.txt
[11.290s] writing entry points to ../../../build/yolov5_ros2/yolov5_ros2.egg-info/entry_points.txt
[11.290s] writing requirements to ../../../build/yolov5_ros2/yolov5_ros2.egg-info/requires.txt
[11.291s] writing top-level names to ../../../build/yolov5_ros2/yolov5_ros2.egg-info/top_level.txt
[11.638s] reading manifest file '../../../build/yolov5_ros2/yolov5_ros2.egg-info/SOURCES.txt'
[11.651s] writing manifest file '../../../build/yolov5_ros2/yolov5_ros2.egg-info/SOURCES.txt'
[11.655s] running build
[11.659s] running build_py
[11.659s] copying yolov5_ros2/__init__.py -> /home/ctk/element_ws/build/yolov5_ros2/build/lib/yolov5_ros2
[11.659s] copying yolov5_ros2/fall_down_yolov8.py -> /home/ctk/element_ws/build/yolov5_ros2/build/lib/yolov5_ros2
[11.661s] copying yolov5_ros2/yolo_detect_2d.py -> /home/ctk/element_ws/build/yolov5_ros2/build/lib/yolov5_ros2
[11.663s] copying yolov5_ros2/cv_tool.py -> /home/ctk/element_ws/build/yolov5_ros2/build/lib/yolov5_ros2
[11.663s] running install
[11.697s] running install_lib
[11.740s] running install_data
[11.741s] copying package.xml -> /home/ctk/element_ws/install/yolov5_ros2/share/yolov5_ros2
[11.743s] copying launch/fall_down_yolov8.launch.py -> /home/ctk/element_ws/install/yolov5_ros2/share/yolov5_ros2/launch
[11.743s] copying launch/yolov5_ros2.launch.py -> /home/ctk/element_ws/install/yolov5_ros2/share/yolov5_ros2/launch
[11.749s] copying config/best.pt -> /home/ctk/element_ws/install/yolov5_ros2/share/yolov5_ros2/config
[11.898s] copying config/camera_info.yaml -> /home/ctk/element_ws/install/yolov5_ros2/share/yolov5_ros2/config
[11.903s] copying config/yolov5s.pt -> /home/ctk/element_ws/install/yolov5_ros2/share/yolov5_ros2/config
[11.982s] copying resource/mouse.png -> /home/ctk/element_ws/install/yolov5_ros2/share/yolov5_ros2/resource
[11.984s] copying resource/fish.jpg -> /home/ctk/element_ws/install/yolov5_ros2/share/yolov5_ros2/resource
[11.994s] copying resource/yolov5_ros2 -> /home/ctk/element_ws/install/yolov5_ros2/share/yolov5_ros2/resource
[11.996s] running install_egg_info
[12.063s] removing '/home/ctk/element_ws/install/yolov5_ros2/lib/python3.10/site-packages/yolov5_ros2-0.0.0-py3.10.egg-info' (and everything under it)
[12.064s] Copying ../../../build/yolov5_ros2/yolov5_ros2.egg-info to /home/ctk/element_ws/install/yolov5_ros2/lib/python3.10/site-packages/yolov5_ros2-0.0.0-py3.10.egg-info
[12.068s] running install_scripts
[12.831s] Installing fall_down_yolov8 script to /home/ctk/element_ws/install/yolov5_ros2/lib/yolov5_ros2
[12.831s] Installing yolo_detect_2d script to /home/ctk/element_ws/install/yolov5_ros2/lib/yolov5_ros2
[12.831s] writing list of installed files to '/home/ctk/element_ws/build/yolov5_ros2/install.log'
[12.989s] Invoked command in '/home/ctk/element_ws/src/yolo5_sim/yolov5_ros2' returned '0': PYTHONPATH=/home/ctk/element_ws/build/yolov5_ros2/prefix_override:/usr/lib/python3/dist-packages/colcon_core/task/python/colcon_distutils_commands:/home/ctk/element_ws/install/yolov5_ros2/lib/python3.10/site-packages:${PYTHONPATH} /usr/bin/python3 -W ignore:setup.py install is deprecated -W ignore:easy_install command is deprecated setup.py egg_info --egg-base ../../../build/yolov5_ros2 build --build-base /home/ctk/element_ws/build/yolov5_ros2/build install --record /home/ctk/element_ws/build/yolov5_ros2/install.log --single-version-externally-managed install_data
