[2.557s] Invoking command in '/home/ctk/element_ws/src/elementbot_gazebo': PYTHONPATH=/home/ctk/element_ws/build/elementbot_gazebo/prefix_override:/usr/lib/python3/dist-packages/colcon_core/task/python/colcon_distutils_commands:/home/ctk/element_ws/install/elementbot_gazebo/lib/python3.10/site-packages:${PYTHONPATH} /usr/bin/python3 -W ignore:setup.py install is deprecated -W ignore:easy_install command is deprecated setup.py egg_info --egg-base ../../build/elementbot_gazebo build --build-base /home/ctk/element_ws/build/elementbot_gazebo/build install --record /home/ctk/element_ws/build/elementbot_gazebo/install.log --single-version-externally-managed install_data
[3.070s] running egg_info
[3.095s] writing ../../build/elementbot_gazebo/elementbot_gazebo.egg-info/PKG-INFO
[3.096s] writing dependency_links to ../../build/elementbot_gazebo/elementbot_gazebo.egg-info/dependency_links.txt
[3.097s] writing requirements to ../../build/elementbot_gazebo/elementbot_gazebo.egg-info/requires.txt
[3.097s] writing top-level names to ../../build/elementbot_gazebo/elementbot_gazebo.egg-info/top_level.txt
[3.180s] reading manifest file '../../build/elementbot_gazebo/elementbot_gazebo.egg-info/SOURCES.txt'
[3.183s] writing manifest file '../../build/elementbot_gazebo/elementbot_gazebo.egg-info/SOURCES.txt'
[3.183s] running build
[3.183s] running build_py
[3.183s] copying elementbot_gazebo/__init__.py -> /home/ctk/element_ws/build/elementbot_gazebo/build/lib/elementbot_gazebo
[3.185s] running install
[3.195s] running install_lib
[3.231s] running install_data
[3.232s] copying resource/elementbot_gazebo -> /home/ctk/element_ws/install/elementbot_gazebo/share/ament_index/resource_index/packages
[3.232s] copying package.xml -> /home/ctk/element_ws/install/elementbot_gazebo/share/elementbot_gazebo
[3.232s] copying launch/cartograph_4w_diff_urdf.launch.py -> /home/ctk/element_ws/install/elementbot_gazebo/share/elementbot_gazebo/launch
[3.234s] copying launch/slamtoolbox_4w_diff_urdf_gz.launch.py -> /home/ctk/element_ws/install/elementbot_gazebo/share/elementbot_gazebo/launch
[3.237s] copying launch/display_2w_diff_urdf_into_gz.launch.py -> /home/ctk/element_ws/install/elementbot_gazebo/share/elementbot_gazebo/launch
[3.238s] copying launch/display_4w_diff_urdf_into_gz.launch.py -> /home/ctk/element_ws/install/elementbot_gazebo/share/elementbot_gazebo/launch
[3.238s] copying launch/yolo_4w_diff_urdf_into_gz.launch.py -> /home/ctk/element_ws/install/elementbot_gazebo/share/elementbot_gazebo/launch
[3.239s] copying launch/yolo_falldown_4w_diff_urdf_into_gz.launch.py -> /home/ctk/element_ws/install/elementbot_gazebo/share/elementbot_gazebo/launch
[3.240s] copying urdf/elementbot_base.xacro -> /home/ctk/element_ws/install/elementbot_gazebo/share/elementbot_gazebo/urdf
[3.241s] copying urdf/elementbot_4w_diff.xacro -> /home/ctk/element_ws/install/elementbot_gazebo/share/elementbot_gazebo/urdf
[3.242s] copying urdf/elementbot_base.urdf -> /home/ctk/element_ws/install/elementbot_gazebo/share/elementbot_gazebo/urdf
[3.243s] copying urdf/sensors/rgbd_gazebo_harmonic.xacro -> /home/ctk/element_ws/install/elementbot_gazebo/share/elementbot_gazebo/urdf/sensors
[3.244s] copying urdf/sensors/lidar_gazebo_harmonic.xacro -> /home/ctk/element_ws/install/elementbot_gazebo/share/elementbot_gazebo/urdf/sensors
[3.245s] copying config/ros_gz_bridge_mbot.yaml -> /home/ctk/element_ws/install/elementbot_gazebo/share/elementbot_gazebo/config
[3.246s] copying config/ros_gz_bridge_elementbot_integrate.yaml -> /home/ctk/element_ws/install/elementbot_gazebo/share/elementbot_gazebo/config
[3.246s] copying config/ros_gz_bridge_elementbot_4w_integrate.yaml -> /home/ctk/element_ws/install/elementbot_gazebo/share/elementbot_gazebo/config
[3.246s] copying world/actor_falldown.sdf -> /home/ctk/element_ws/install/elementbot_gazebo/share/elementbot_gazebo/world
[3.249s] copying world/empty.sdf -> /home/ctk/element_ws/install/elementbot_gazebo/share/elementbot_gazebo/world
[3.249s] copying world/depot.sdf -> /home/ctk/element_ws/install/elementbot_gazebo/share/elementbot_gazebo/world
[3.249s] copying world/actor_demo.sdf -> /home/ctk/element_ws/install/elementbot_gazebo/share/elementbot_gazebo/world
[3.249s] copying world/line_follower.sdf -> /home/ctk/element_ws/install/elementbot_gazebo/share/elementbot_gazebo/world
[3.250s] running install_egg_info
[3.290s] removing '/home/ctk/element_ws/install/elementbot_gazebo/lib/python3.10/site-packages/elementbot_gazebo-0.0.0-py3.10.egg-info' (and everything under it)
[3.291s] Copying ../../build/elementbot_gazebo/elementbot_gazebo.egg-info to /home/ctk/element_ws/install/elementbot_gazebo/lib/python3.10/site-packages/elementbot_gazebo-0.0.0-py3.10.egg-info
[3.292s] running install_scripts
[3.634s] writing list of installed files to '/home/ctk/element_ws/build/elementbot_gazebo/install.log'
[3.764s] Invoked command in '/home/ctk/element_ws/src/elementbot_gazebo' returned '0': PYTHONPATH=/home/ctk/element_ws/build/elementbot_gazebo/prefix_override:/usr/lib/python3/dist-packages/colcon_core/task/python/colcon_distutils_commands:/home/ctk/element_ws/install/elementbot_gazebo/lib/python3.10/site-packages:${PYTHONPATH} /usr/bin/python3 -W ignore:setup.py install is deprecated -W ignore:easy_install command is deprecated setup.py egg_info --egg-base ../../build/elementbot_gazebo build --build-base /home/ctk/element_ws/build/elementbot_gazebo/build install --record /home/ctk/element_ws/build/elementbot_gazebo/install.log --single-version-externally-managed install_data
