[6.035s] Invoking command in '/home/ctk/element_ws/src/elementbot_urdf': PYTHONPATH=/home/ctk/element_ws/build/elementbot_urdf/prefix_override:/usr/lib/python3/dist-packages/colcon_core/task/python/colcon_distutils_commands:/home/ctk/element_ws/install/elementbot_urdf/lib/python3.10/site-packages:${PYTHONPATH} /usr/bin/python3 -W ignore:setup.py install is deprecated -W ignore:easy_install command is deprecated setup.py egg_info --egg-base ../../build/elementbot_urdf build --build-base /home/ctk/element_ws/build/elementbot_urdf/build install --record /home/ctk/element_ws/build/elementbot_urdf/install.log --single-version-externally-managed install_data
[7.004s] running egg_info
[7.051s] writing ../../build/elementbot_urdf/elementbot_urdf.egg-info/PKG-INFO
[7.054s] writing dependency_links to ../../build/elementbot_urdf/elementbot_urdf.egg-info/dependency_links.txt
[7.055s] writing requirements to ../../build/elementbot_urdf/elementbot_urdf.egg-info/requires.txt
[7.055s] writing top-level names to ../../build/elementbot_urdf/elementbot_urdf.egg-info/top_level.txt
[7.165s] reading manifest file '../../build/elementbot_urdf/elementbot_urdf.egg-info/SOURCES.txt'
[7.168s] writing manifest file '../../build/elementbot_urdf/elementbot_urdf.egg-info/SOURCES.txt'
[7.172s] running build
[7.173s] running build_py
[7.174s] copying elementbot_urdf/__init__.py -> /home/ctk/element_ws/build/elementbot_urdf/build/lib/elementbot_urdf
[7.175s] running install
[7.191s] running install_lib
[7.240s] running install_data
[7.243s] copying resource/elementbot_urdf -> /home/ctk/element_ws/install/elementbot_urdf/share/ament_index/resource_index/packages
[7.246s] copying package.xml -> /home/ctk/element_ws/install/elementbot_urdf/share/elementbot_urdf
[7.246s] copying launch/display_xacro.launch.py -> /home/ctk/element_ws/install/elementbot_urdf/share/elementbot_urdf/launch
[7.247s] copying launch/display.launch.py -> /home/ctk/element_ws/install/elementbot_urdf/share/elementbot_urdf/launch
[7.247s] copying urdf/elementbot_4w_diff.urdf -> /home/ctk/element_ws/install/elementbot_urdf/share/elementbot_urdf/urdf
[7.247s] copying urdf/elementbot_base.xacro -> /home/ctk/element_ws/install/elementbot_urdf/share/elementbot_urdf/urdf
[7.250s] copying urdf/elementbot_4w_diff.xacro -> /home/ctk/element_ws/install/elementbot_urdf/share/elementbot_urdf/urdf
[7.253s] copying urdf/elementbot_base.urdf -> /home/ctk/element_ws/install/elementbot_urdf/share/elementbot_urdf/urdf
[7.263s] copying meshes/kinect.tga -> /home/ctk/element_ws/install/elementbot_urdf/share/elementbot_urdf/meshes
[7.263s] copying meshes/kinect.dae -> /home/ctk/element_ws/install/elementbot_urdf/share/elementbot_urdf/meshes
[7.268s] copying meshes/kinect.jpg -> /home/ctk/element_ws/install/elementbot_urdf/share/elementbot_urdf/meshes
[7.268s] running install_egg_info
[7.318s] removing '/home/ctk/element_ws/install/elementbot_urdf/lib/python3.10/site-packages/elementbot_urdf-0.0.0-py3.10.egg-info' (and everything under it)
[7.321s] Copying ../../build/elementbot_urdf/elementbot_urdf.egg-info to /home/ctk/element_ws/install/elementbot_urdf/lib/python3.10/site-packages/elementbot_urdf-0.0.0-py3.10.egg-info
[7.324s] running install_scripts
[7.971s] writing list of installed files to '/home/ctk/element_ws/build/elementbot_urdf/install.log'
[8.233s] Invoked command in '/home/ctk/element_ws/src/elementbot_urdf' returned '0': PYTHONPATH=/home/ctk/element_ws/build/elementbot_urdf/prefix_override:/usr/lib/python3/dist-packages/colcon_core/task/python/colcon_distutils_commands:/home/ctk/element_ws/install/elementbot_urdf/lib/python3.10/site-packages:${PYTHONPATH} /usr/bin/python3 -W ignore:setup.py install is deprecated -W ignore:easy_install command is deprecated setup.py egg_info --egg-base ../../build/elementbot_urdf build --build-base /home/ctk/element_ws/build/elementbot_urdf/build install --record /home/ctk/element_ws/build/elementbot_urdf/install.log --single-version-externally-managed install_data
